06-12 17:25:41.817  7974  8069 D ProfileInstaller: Installing profile for com.dazong.driver
06-12 17:25:41.821   891   891 D StatusBarIconController: ignoring old pipeline callback because the new wifi icon is enabled
06-12 17:25:41.885  1869  3847 I IPCThreadState: oneway function results for code 2 on binder at 0xb400007a01959800 will be dropped but finished with status UNKNOWN_TRANSACTION
06-12 17:25:42.521  7974  8032 D EGL_emulation: app_time_stats: avg=1168.88ms min=9.41ms max=5169.29ms count=5
06-12 17:25:42.558  8051  8051 W AccessibilityNodeInfoDumper: Fetch time: 51ms
06-12 17:25:42.562   537   550 W WindowMagnificationMgr: requestConnection duplicated request: connect=false, mConnectionState=DISCONNECTED
06-12 17:25:42.562   537   550 D AccessibilityManagerService: restoreCurrentUserForTestAutomationIfNeededLocked(): ignoring because device doesn't support visible background users
06-12 17:25:42.562  1714  1730 I AiAiEcho: Settings changed for uri: content://settings/secure/accessibility_enabled
06-12 17:25:42.562  1714  1818 I AiAiEcho: Predicting[0]: 
06-12 17:25:42.562  1714  1818 I AiAiEcho: EchoTargets: 
06-12 17:25:42.562  1714  1818 I AiAiEcho: Filtered by AiAi flag check: 
06-12 17:25:42.563  1714  1818 I AiAiEcho: Ranked targets strategy: SORT, count: 0, ranking metadata: 
06-12 17:25:42.563  1714  1818 I AiAiEcho: Predicting[0]: 
06-12 17:25:42.563  1714  1818 I AiAiEcho: EchoTargets: 
06-12 17:25:42.563  1714  1818 I AiAiEcho: Filtered by AiAi flag check: 
06-12 17:25:42.563  1714  1818 I AiAiEcho: Ranked targets strategy: SORT, count: 0, ranking metadata: 
06-12 17:25:42.563  1729  2098 I A11yListener: (REDACTED) #onAccessibilityStateChanged enabled: %s
06-12 17:25:42.564  1729  2189 I A11yListener: #onChange
06-12 17:25:42.564   537   537 D BatterySaverPolicy: accessibility changed to false, updating policy.
06-12 17:25:42.564  8051  8051 D AndroidRuntime: Shutting down VM
06-12 17:25:42.565  1729  2189 E TraceManager: Duplicate trace
06-12 17:25:42.565  1729  2189 E TraceManager: com.google.apps.tiktok.tracing.w: Starting new trace A11yEventListener_onChange when already associated with a trace: . For more help, see http://go/tiktok-tracing#fixing-duplicate-trace-issues
06-12 17:25:42.565  1729  2189 E TraceManager: 	at com.google.apps.tiktok.tracing.el.f(PG:6)
06-12 17:25:42.565  1729  2189 E TraceManager: 	at com.google.apps.tiktok.tracing.el.g(PG:2)
06-12 17:25:42.565  1729  2189 E TraceManager: 	at com.google.apps.tiktok.tracing.dv.d(PG:1)
06-12 17:25:42.565  1729  2189 E TraceManager: 	at com.google.android.libraries.search.assistant.a.g.a(PG:7)
06-12 17:25:42.565  1729  2189 E TraceManager: 	at com.google.android.libraries.search.assistant.a.b.b(PG:2)
06-12 17:25:42.565  1729  2189 E TraceManager: 	at i.c.b.a.a.h(PG:4)
06-12 17:25:42.565  1729  2189 E TraceManager: 	at kotlinx.coroutines.bk.run(PG:14)
06-12 17:25:42.565  1729  2189 E TraceManager: 	at com.google.apps.tiktok.coroutines.g.run(PG:1)
06-12 17:25:42.565  1729  2189 E TraceManager: 	at com.google.android.libraries.i.z.run(PG:1)
06-12 17:25:42.565  1729  2189 E TraceManager: 	at java.util.concurrent.ThreadPoolExecutor.runWorker(ThreadPoolExecutor.java:1145)
06-12 17:25:42.565  1729  2189 E TraceManager: 	at java.util.concurrent.ThreadPoolExecutor$Worker.run(ThreadPoolExecutor.java:644)
06-12 17:25:42.565  1729  2189 E TraceManager: 	at com.google.android.libraries.i.h.run(PG:2)
06-12 17:25:42.565  1729  2189 E TraceManager: 	at java.lang.Thread.run(Thread.java:1012)
06-12 17:25:42.565  1729  2189 E TraceManager: 	at com.google.android.libraries.i.ai.run(PG:5)
06-12 17:25:42.565  1729  2189 E TraceManager: 	Suppressed: com.google.apps.tiktok.tracing.fv: 
06-12 17:25:42.565  1729  2189 E TraceManager: 		at tk_trace.(Unknown Source:0)
06-12 17:25:42.565  1729  2189 E TraceManager: 		at tk_trace.Missing root trace(Unknown Source:0)
06-12 17:25:42.565  1729  2189 E TraceManager: Caused by: com.google.apps.tiktok.tracing.aa
06-12 17:25:42.566  1729  2189 I Ma-Fcf-A11yChangeNotifier: #FCF: onChange
06-12 17:25:42.566  1714  1818 I AiAiEcho: #postPredictionTargets: Sending updates to UISurface lockscreen with targets# 0 (types=[])
06-12 17:25:42.566  1714  1818 I AiAiEcho: #postPredictionTargets: Sending updates to UISurface home with targets# 0 (types=[])
06-12 17:25:42.567  1729  2189 I A       : FCF A11y Checker - readyForTngMa
06-12 17:25:42.568  1729  2254 I A       : (REDACTED) #FCF: Continued Conversation Mode Enabled: %s
06-12 17:25:42.578  1729  2254 I A       : (REDACTED) #FCF: Headset Connected Status: %s
06-12 17:25:42.578  1729  2254 I A       : (REDACTED) #FCF: Assistant primary locale : %s
06-12 17:25:42.578  1729  2254 I A       : (REDACTED) #FCF: Assistant Primary locale check status : %s
06-12 17:25:42.579  1729  2254 W A       : Unable to check for productivity accounts. Assuming there are none.
06-12 17:25:42.579  1729  2254 W A       : com.google.android.libraries.geller.portable.GellerException: Code: INVALID_ARGUMENT, Message: Account name is null.
06-12 17:25:42.579  1729  2254 W A       : 	at com.google.android.libraries.search.h.k.a(PG:6)
06-12 17:25:42.579  1729  2254 W A       : 	at com.google.apps.tiktok.tracing.es.a(PG:3)
06-12 17:25:42.579  1729  2254 W A       : 	at com.google.common.w.a.bc.a(PG:1)
06-12 17:25:42.579  1729  2254 W A       : 	at com.google.common.w.a.cw.run(PG:4)
06-12 17:25:42.579  1729  2254 W A       : 	at com.google.android.libraries.i.z.run(PG:1)
06-12 17:25:42.579  1729  2254 W A       : 	at java.util.concurrent.ThreadPoolExecutor.runWorker(ThreadPoolExecutor.java:1145)
06-12 17:25:42.579  1729  2254 W A       : 	at java.util.concurrent.ThreadPoolExecutor$Worker.run(ThreadPoolExecutor.java:644)
06-12 17:25:42.579  1729  2254 W A       : 	at com.google.android.libraries.i.h.run(PG:2)
06-12 17:25:42.579  1729  2254 W A       : 	at java.lang.Thread.run(Thread.java:1012)
06-12 17:25:42.579  1729  2254 W A       : 	at com.google.android.libraries.i.ai.run(PG:5)
06-12 17:25:42.580  1729  2189 I A       : (REDACTED) #FCF evaluate: %s
06-12 17:25:42.581  1729  2189 I A       : (REDACTED) TngMaStatusChecker#evaluateInternal completed in %s millis
06-12 17:25:42.581  1729  2189 I Ma-Entry-Triggering: (REDACTED) TNG:MA status updated: %s
06-12 17:25:42.581  1729  2189 I Ma-Entry-Triggering: TNG:MA became ineligible, client should disconnect
06-12 17:25:42.582  1729  2189 I Ma-Entry-Triggering: #disconnectAndStop - preventing double stop
06-12 17:25:42.582  1729  2189 I A       : #invalidationSource: adding headset checker
06-12 17:25:42.582  1869  2340 I A       : NGA disabled due to not being eligible.
06-12 17:25:42.583  1729  2189 I A       : #invalidationSource : adding a11y checker
06-12 17:25:42.594   891   891 W PageIndicator: Total number of pages invalid: 0. Assuming 1 page.
06-12 17:25:43.013  1095  1425 D BtGatt.ScanManager: uid 10128 isForeground true scanMode -1
06-12 17:25:43.013  1095  1425 D BtGatt.ScanManager: uid 10128 isForeground true scanMode -1
06-12 17:25:44.825   891   891 D StatusBarIconController: ignoring old pipeline callback because the new wifi icon is enabled
06-12 17:25:44.890   537   871 D OomAdjuster: Not killing cached processes
06-12 17:25:44.935   537   624 D ActivityManager: freezing 5320 com.google.android.settings.intelligence
06-12 17:25:45.426   175  7963 I keystore2: system/security/keystore2/src/watchdog.rs:319 - Watchdog thread idle -> terminating. Have a great day.
06-12 17:25:46.501   537   550 W ProcessStats: Tracking association SourceState{8c321e1 com.google.android.gms.persistent/10128 BFgs #11624} whose proc state 4 is better than process ProcessState{4b4c14a com.google.android.gms/10128 pkg=com.google.android.gms} proc state 8 (138 skipped)
06-12 17:25:46.675   876   876 I wpa_supplicant: wlan0: CTRL-EVENT-BEACON-LOSS 
06-12 17:25:46.835  1588  1788 I ProtoXDBBufferWrapper: ProtoXDBBufferWrapper.flushToStorage():153 Flushed 13 data item(s) to storage.
06-12 17:25:47.837   891   891 D StatusBarIconController: ignoring old pipeline callback because the new wifi icon is enabled
06-12 17:25:48.147   891   891 D StatusBarIconController: ignoring old pipeline callbacks, because the new mobile icons are enabled
06-12 17:25:50.688   537   550 D OomAdjuster: Not killing cached processes
06-12 17:25:51.139  5550  5550 D BoundBrokerSvc: onUnbind: Intent { act=com.google.android.gms.nearby.exposurenotification.START dat=chimera-action:/... cmp=com.google.android.gms/.chimera.PersistentApiServiceNoInstantApps }
06-12 17:25:51.187  5549  5549 D BoundBrokerSvc: onUnbind: Intent { act=com.google.android.gms.feedback.internal.IFeedbackService dat=chimera-action:/... cmp=com.google.android.gms/.chimera.GmsBoundBrokerService }
06-12 17:25:51.829  3193  4214 I DialerOmtpVvmCarrierConfigHelper: com.android.voicemail.impl.OmtpVvmCarrierConfigHelper.handleEvent:527 OmtpEvent:CONFIG_STATUS_SMS_TIME_OUT PhoneAccountHandle: [ComponentName: com.android.phone/com.android.services.telephony.TelephonyConnectionService subId: 1] [CONTEXT enable_persistent_logger=true ]
06-12 17:25:51.830  3193  3193 I DialerRetryPolicy: com.android.voicemail.impl.scheduling.RetryPolicy.onCompleted:106 Retry limit for com.android.voicemail.impl.ActivationTask@ebc4cb4 reached [CONTEXT enable_persistent_logger=true ]
06-12 17:25:51.831  3193  3193 I DialerRetryPolicy: com.android.voicemail.impl.scheduling.RetryPolicy.onCompleted:108 committing deferred status [CONTEXT enable_persistent_logger=true ]
06-12 17:25:51.832  3193  3193 I DialerTaskExecutor: com.android.voicemail.impl.scheduling.TaskExecutor.prepareStop:371 no more tasks, stopping service if no task are added in 5000 millis [CONTEXT enable_persistent_logger=true ]
06-12 17:25:51.832  3193  8072 I DialerVoicemailStatus: com.android.voicemail.impl.VoicemailStatus$Editor.apply:112 enter
06-12 17:25:51.834  3193  8072 I DialerVoicemailStatusDataServiceImpl: com.android.dialer.voicemailstatus.dataservice.impl.VoicemailStatusDataServiceImpl.insertOrUpdateVoicemailStatus:196 enter
06-12 17:25:51.847  3193  8073 I DialerRestVoicemailEnabledFn: com.android.dialer.voicemail.service.impl.vvmclients.rest.RestVoicemailEnabledFn.isEnabled:51 disabled by flag [CONTEXT ratelimit_period="1 MINUTES [skipped: 23]" ]
06-12 17:25:51.847  3193  8073 I DialerCvvmEnabledFn: com.android.dialer.voicemail.service.impl.vvmclients.omtp.protocol.cvvm.CvvmEnabledFn.isEnabled:37 disabled by flag [CONTEXT ratelimit_period="1 MINUTES [skipped: 11]" ]
06-12 17:25:51.857  3193  8073 I DialerOmtpVvmCarrierConfigHelper: com.android.voicemail.impl.OmtpVvmCarrierConfigHelper.isCarrierAppInstalled:637 carrier app not installed in this device [CONTEXT ratelimit_period="1 MINUTES [skipped: 4]" ]
06-12 17:25:51.867  3193  8073 W Settings: Setting airplane_mode_on has moved from android.provider.Settings.System to android.provider.Settings.Global, returning read-only value.
06-12 17:25:51.868  3193  8073 I DialerVoicemailStatusDataServiceImpl: com.android.dialer.voicemailstatus.dataservice.impl.VoicemailStatusDataServiceImpl.lambda$insertOrUpdateVoicemailStatus$5:213 merged status: # kee@5cbbd7c4
06-12 17:25:52.018   361   361 W healthd : battery l=100 v=5000 t=25.0 h=2 st=2 c=900000 fc=3000000 cc=10 chg=a
06-12 17:25:53.846   891   891 D StatusBarIconController: ignoring old pipeline callback because the new wifi icon is enabled
06-12 17:25:54.613   876   876 I wpa_supplicant: wlan0: CTRL-EVENT-BEACON-LOSS 
06-12 17:25:54.942   537   624 D ActivityManager: freezing 894 com.google.android.permissioncontroller
06-12 17:25:56.817  1588  1788 I VoiceInputManagerWrapper: VoiceInputManagerWrapper.shutdownVoiceInternal():95 shutdownVoiceInternal()
06-12 17:25:56.838  3193  3193 I DialerTaskExecutor: com.android.voicemail.impl.scheduling.TaskExecutor.lambda$new$0:152 Stopping service [CONTEXT enable_persistent_logger=true ]
06-12 17:25:56.840  3193  3193 I DialerTaskExecutor: com.android.voicemail.impl.scheduling.TaskExecutor.finishJobAsync:461 finishing Job [CONTEXT enable_persistent_logger=true ]
06-12 17:25:56.841  3193  3193 I DialerTaskSchedulerJobService: com.android.voicemail.impl.scheduling.TaskSchedulerJobService.finishAsync:195 finishing job [CONTEXT enable_persistent_logger=true ]
06-12 17:25:56.846   537   993 D OomAdjuster: Not killing cached processes
06-12 17:25:56.847  3193  3193 I DialerTaskExecutor: com.android.voicemail.impl.scheduling.TaskExecutor$JobFinishedPoller.run:189 JobFinishedPoller.run Job finished [CONTEXT enable_persistent_logger=true ]
06-12 17:25:56.848   891   891 D StatusBarIconController: ignoring old pipeline callback because the new wifi icon is enabled
06-12 17:25:56.848  3193  3193 I DialerTaskExecutor: com.android.voicemail.impl.scheduling.TaskExecutor.terminate:287 terminated [CONTEXT enable_persistent_logger=true ]
06-12 17:25:58.153   891   891 D StatusBarIconController: ignoring old pipeline callbacks, because the new mobile icons are enabled
06-12 17:25:59.860   891   891 D StatusBarIconController: ignoring old pipeline callback because the new wifi icon is enabled
06-12 17:26:00.013  1714  1818 I AiAiEcho: Predicting[0]: 
06-12 17:26:00.013  1714  1818 I AiAiEcho: EchoTargets: 
06-12 17:26:00.013  1714  1818 I AiAiEcho: Filtered by AiAi flag check: 
06-12 17:26:00.014  1714  1818 I AiAiEcho: Ranked targets strategy: SORT, count: 0, ranking metadata: 
06-12 17:26:00.014  1714  1818 I AiAiEcho: #postPredictionTargets: Sending updates to UISurface lockscreen with targets# 0 (types=[])
06-12 17:26:00.028   891   891 W PageIndicator: Total number of pages invalid: 0. Assuming 1 page.
06-12 17:26:00.030   891   976 D EGL_emulation: app_time_stats: avg=31876.58ms min=31876.58ms max=31876.58ms count=1
06-12 17:26:01.203   537   624 D ActivityManager: freezing 5549 com.google.android.gms
06-12 17:26:02.547   876   876 I wpa_supplicant: wlan0: CTRL-EVENT-BEACON-LOSS 
06-12 17:26:04.027  1166  1166 D TaplEvents: TIS / TouchInteractionService.onInputEvent: MotionEvent { action=ACTION_DOWN, actionButton=0, id[0]=0, x[0]=540.0, y[0]=995.0, toolType[0]=TOOL_TYPE_FINGER, buttonState=0, classification=NONE, metaState=0, flags=0x0, edgeFlags=0x0, pointerCount=1, historySize=0, eventTime=380324, downTime=380324, deviceId=-1, source=0x1002, displayId=0, eventId=-39975792 }
06-12 17:26:04.041  1166  1166 D TaplEvents: TIS / TouchInteractionService.onInputEvent: MotionEvent { action=ACTION_UP, actionButton=0, id[0]=0, x[0]=540.0, y[0]=995.0, toolType[0]=TOOL_TYPE_FINGER, buttonState=0, classification=NONE, metaState=0, flags=0x0, edgeFlags=0x0, pointerCount=1, historySize=0, eventTime=380324, downTime=380324, deviceId=-1, source=0x1002, displayId=0, eventId=-858820353 }
06-12 17:26:04.086  1588  1588 I GoogleInputMethodService: GoogleInputMethodService.onFinishInput():3227 
06-12 17:26:04.087  1588  1588 I GoogleInputMethodService: GoogleInputMethodService.updateDeviceLockedStatus():2087 repeatCheckTimes = 0, unlocked = true
06-12 17:26:04.087  1588  1588 I GoogleInputMethodService: GoogleInputMethodService.onStartInput():1877 onStartInput(EditorInfo{inputType=0x8001(Normal) imeOptions=0x2000006 privateImeOptions=null actionName=DONE actionLabel=null actionId=0 initialSelStart=21 initialSelEnd=21 initialCapsMode=0x0 hintText=null label=null packageName=com.dazong.driver fieldId=-1 fieldName=null extras=Bundle[mParcelledData.dataSize=404]}, false)
06-12 17:26:04.087  1588  1588 I GoogleInputMethodService: GoogleInputMethodService.shouldHideHeaderOnInitialState():4008 ShouldHideHeaderOnInitialState = false
06-12 17:26:04.087  7974  7974 I ImeTracker: com.dazong.driver:155c53a8: onRequestShow at ORIGIN_CLIENT_SHOW_SOFT_INPUT reason SHOW_SOFT_INPUT_BY_INSETS_API
06-12 17:26:04.087  7974  7974 D InsetsController: show(ime(), fromIme=false)
06-12 17:26:04.087  1588  1588 I GoogleInputMethodService: GoogleInputMethodService.updateDeviceLockedStatus():2087 repeatCheckTimes = 2, unlocked = true
06-12 17:26:04.088  7974  7974 D InputMethodManager: showSoftInput() view=androidx.compose.ui.platform.AndroidComposeView{7b67d8a VFED..... .F....ID 0,0-1080,2209 aid=1073741824} flags=0 reason=SHOW_SOFT_INPUT_BY_INSETS_API
06-12 17:26:04.089   537   550 D OomAdjuster: Not killing cached processes
06-12 17:26:04.092  1588  1588 I GoogleInputMethodService: GoogleInputMethodService.onStartInput():1877 onStartInput(EditorInfo{inputType=0x8001(Normal) imeOptions=0x2000006 privateImeOptions=null actionName=DONE actionLabel=null actionId=0 initialSelStart=21 initialSelEnd=21 initialCapsMode=0x0 hintText=null label=null packageName=com.dazong.driver fieldId=-1 fieldName=null extras=Bundle[mParcelledData.dataSize=404]}, true)
06-12 17:26:04.092  1588  1588 I GoogleInputMethodService: GoogleInputMethodService.shouldHideHeaderOnInitialState():4008 ShouldHideHeaderOnInitialState = false
06-12 17:26:04.093  1588  1588 I GoogleInputMethodService: GoogleInputMethodService.updateDeviceLockedStatus():2087 repeatCheckTimes = 2, unlocked = true
06-12 17:26:04.093  1588  1588 W SessionManager: SessionManager.beginSession():53 Try to begin an already begun session [INPUT_SESSION], end it first
06-12 17:26:04.094  1588  1588 I GoogleInputMethodService: GoogleInputMethodService.onStartInputView():1995 onStartInputView(EditorInfo{inputType=0x8001(Normal) imeOptions=0x2000006 privateImeOptions=null actionName=DONE actionLabel=null actionId=0 initialSelStart=21 initialSelEnd=21 initialCapsMode=0x0 hintText=null label=null packageName=com.dazong.driver fieldId=-1 fieldName=null extras=Bundle[{android.support.text.emoji.emojiCompat_metadataVersion=9, androidx.core.view.inputmethod.EditorInfoCompat.STYLUS_HANDWRITING_ENABLED=true, android.support.text.emoji.emojiCompat_replaceAll=false}]}, false)
06-12 17:26:04.095  1588  1588 I GoogleInputMethodService: GoogleInputMethodService.updateDeviceLockedStatus():2087 repeatCheckTimes = 2, unlocked = true
06-12 17:26:04.095  1588  1588 W ModuleManager: ModuleManager.loadModule():450 Module erj is not available
06-12 17:26:04.097  1588  1788 I DeviceModeUtil: DeviceModeUtil.getDeviceMode():122 Get device mode phone by ui mode:1 and smallestScreenWidthDp:411
06-12 17:26:04.102  7974  8032 D EGL_emulation: app_time_stats: avg=21580.99ms min=21580.99ms max=21580.99ms count=1
06-12 17:26:04.142   537   550 D CompatibilityChangeReporter: Compat change id reported: 168419799; UID 10193; state: DISABLED
06-12 17:26:04.143   537   550 D CompatibilityChangeReporter: Compat change id reported: 273564678; UID 10193; state: DISABLED
06-12 17:26:04.218  7974  7974 W WindowOnBackDispatcher: OnBackInvokedCallback is not enabled for the application.
06-12 17:26:04.218  7974  7974 W WindowOnBackDispatcher: Set 'android:enableOnBackInvokedCallback="true"' in the application manifest.
06-12 17:26:04.226   537  2454 D CoreBackPreview: Window{f9d61b6 u0 Pop-Up Window}: Setting back callback OnBackInvokedCallbackInfo{mCallback=android.window.IOnBackInvokedCallback$Stub$Proxy@f1c0f53, mPriority=0, mIsAnimationCallback=false}
06-12 17:26:04.248  7974  8032 E OpenGLRenderer: Unable to match the desired swap behavior.
06-12 17:26:04.269  7974  7974 I ImeTracker: com.dazong.driver:b6aca8f7: onRequestShow at ORIGIN_CLIENT_SHOW_SOFT_INPUT reason SHOW_SOFT_INPUT
06-12 17:26:04.269  7974  7974 D InputMethodManager: showSoftInput() view=androidx.compose.ui.platform.AndroidComposeView{7b67d8a VFED..... .F...... 0,0-1080,2209 aid=1073741824} flags=0 reason=SHOW_SOFT_INPUT
06-12 17:26:04.272  1588  1588 W InputConnectionWrapper: InputConnectionWrapper.recordDuration():1451 IPC IC_GET_SURROUNDING_TEXT took 176 ms
06-12 17:26:04.273  1588  1588 I KeyboardViewUtil: KeyboardViewUtil.getKeyboardHeightRatio():189 systemKeyboardHeightRatio:1.000000; userKeyboardHeightRatio:1.000000.
06-12 17:26:04.274  1588  1588 I AndroidIME: AbstractIme.onActivate():86 LatinIme.onActivate() : EditorInfo = inputType=0x8001(Normal) imeOptions=0x2000006 privateImeOptions=null actionName=DONE actionLabel=null actionId=0 initialSelStart=21 initialSelEnd=21 initialCapsMode=0x0 hintText=null label=null packageName=com.dazong.driver fieldId=-1 fieldName=null extras=Bundle[{android.support.text.emoji.emojiCompat_metadataVersion=9, androidx.core.view.inputmethod.EditorInfoCompat.STYLUS_HANDWRITING_ENABLED=true, android.support.text.emoji.emojiCompat_replaceAll=false}], IncognitoMode = false, DeviceLocked = false
06-12 17:26:04.277  1588  1588 I Delight5Facilitator: Delight5Facilitator.initializeForIme():777 initializeForIme() : Locale = [en_US], layout = qwerty
06-12 17:26:04.278  1588  1588 I VoiceInputManagerWrapper: VoiceInputManagerWrapper.cancelShutdown():55 cancelShutdown()
06-12 17:26:04.278  1588  1588 I VoiceInputManagerWrapper: VoiceInputManagerWrapper.syncLanguagePacks():67 syncLanguagePacks()
06-12 17:26:04.281  1588  6137 I SpeechFactory: SpeechRecognitionFactory.maybeScheduleAutoPackDownloadForFallback():205 maybeScheduleAutoPackDownloadForFallback()
06-12 17:26:04.281  1588  6137 I FallbackOnDeviceRecognitionProvider: FallbackOnDeviceRecognitionProvider.maybeScheduleAutoPackDownload():195 maybeScheduleAutoPackDownload() for language tag en-US
06-12 17:26:04.281  1588  1588 I LatinIme: LatinIme.updateEnableInlineSuggestionsOnDecoderSideFlags():1003 inline flag updated to:false
06-12 17:26:04.312  1588  1588 I KeyboardWrapper: KeyboardWrapper.consumeEvent():275 Skip consuming an event as current keyboard is deactivated (state=0, keyboard existence=true)
06-12 17:26:04.320  1588  1588 I KeyboardViewUtil: KeyboardViewUtil.calculateMaxKeyboardBodyHeight():40 leave 354 height for app when screen height:2274, header height:116 and isFullscreenMode:false, so the max keyboard body height is:1804
06-12 17:26:04.321  1588  1588 I DeviceModeUtil: DeviceModeUtil.getDeviceMode():122 Get device mode phone by ui mode:1 and smallestScreenWidthDp:411
06-12 17:26:04.321  1588  1588 I GoogleInputMethodService: GoogleInputMethodService.setKeyboardViewShown():3483 setKeyboardViewShown() : type = HEADER, shownType = SHOW_OPTIONAL
06-12 17:26:04.321  1588  1588 I GoogleInputMethodService: GoogleInputMethodService.setKeyboardViewShown():3530 setKeyboardViewShown() : shouldShow = true
06-12 17:26:04.321  1588  1588 I GoogleInputMethodService: GoogleInputMethodService.setKeyboardViewShown():3483 setKeyboardViewShown() : type = BODY, shownType = SHOW_MANDATORY
06-12 17:26:04.321  1588  1588 I GoogleInputMethodService: GoogleInputMethodService.setKeyboardViewShown():3530 setKeyboardViewShown() : shouldShow = true
06-12 17:26:04.321  1588  1588 I GoogleInputMethodService: GoogleInputMethodService.setKeyboardViewShown():3483 setKeyboardViewShown() : type = FLOATING_CANDIDATES, shownType = HIDE
06-12 17:26:04.321  1588  1588 I GoogleInputMethodService: GoogleInputMethodService.setKeyboardViewShown():3530 setKeyboardViewShown() : shouldShow = false
06-12 17:26:04.322  1588  1588 I KeyboardViewUtil: KeyboardViewUtil.calculateMaxKeyboardBodyHeight():40 leave 354 height for app when screen height:2274, header height:116 and isFullscreenMode:false, so the max keyboard body height is:1804
06-12 17:26:04.324  1588  1588 I DeviceModeUtil: DeviceModeUtil.getDeviceMode():122 Get device mode phone by ui mode:1 and smallestScreenWidthDp:411
06-12 17:26:04.364  1588  1588 I DeviceModeUtil: DeviceModeUtil.getDeviceMode():122 Get device mode phone by ui mode:1 and smallestScreenWidthDp:411
06-12 17:26:04.364  1588  1588 I KeyboardModeManager: KeyboardModeManager.setInputView():364 setInputView() : supportsOneHandedMode=true
06-12 17:26:04.365  1588  1588 I NormalModeController: NormalModeController.getKeyboardBodyViewHolderPaddingBottom():116 currentPrimeKeyboardType:SOFT systemPaddingBottom:-1
06-12 17:26:04.365  1588  1588 I AndroidIME: KeyboardViewManager.updateKeyboardBodyViewHolderPaddingBottom():604 Set finalPaddingBottom = 0 while keyboardBottomGapFromScreen = 0; navigationHeight = 126
06-12 17:26:04.365  1588  1588 I NormalModeController: NormalModeController.getKeyboardBodyViewHolderPaddingBottom():116 currentPrimeKeyboardType:SOFT systemPaddingBottom:-1
06-12 17:26:04.365  1588  1588 I AndroidIME: KeyboardViewManager.updateKeyboardBodyViewHolderPaddingBottom():604 Set finalPaddingBottom = 0 while keyboardBottomGapFromScreen = 0; navigationHeight = 126
06-12 17:26:04.365  1588  1588 I KeyboardModeManager: KeyboardModeManager.setInputView():356 setInputView() : entry=hwn{languageTag=en-US, variant=qwerty, hasLocalizedResources=true, conditionCacheKey=_device=phone_device_size=default_enable_adaptive_text_editing=true_enable_inline_suggestions_on_client_side=false_enable_large_tablet_batch_1=false_enable_large_tablet_batch_2=false_enable_more_candidates_view_for_multilingual=false_enable_nav_redesign=false_enable_number_row=false_enable_preemptive_decode=true_enable_secondary_symbols=false_expressions=normal_four_or_more_letter_rows=false_keyboard_mode=normal_language=en-US_orientation=portrait_physical_keyboard=nokeys_show_secondary_digits=true_show_suggestions=true_split_with_duplicate_keys=true_variant=qwerty, imeDef.stringId=ime_english_united_states, imeDef.className=com.google.android.apps.inputmethod.libs.latin5.LatinIme, imeDef.languageTag=en-US}
06-12 17:26:04.368  1588  1588 I VoiceImeExtension: VoiceImeExtension.shouldStartVoiceInputAutomatically():383 No private IME option set to start voice input.
06-12 17:26:04.400  1588  1923 E OpenGLRenderer: Unable to match the desired swap behavior.
06-12 17:26:04.419   537  2457 D CoreBackPreview: Window{b364f79 u0 com.dazong.driver/com.dazong.driver.MainActivity}: Setting back callback OnBackInvokedCallbackInfo{mCallback=android.window.IOnBackInvokedCallback$Stub$Proxy@1f33945, mPriority=0, mIsAnimationCallback=false}
06-12 17:26:04.448   537   993 D ActivityManager: sync unfroze 5549 com.google.android.gms for 6
06-12 17:26:04.463  1588  1588 I NormalModeController: NormalModeController.getKeyboardBodyViewHolderPaddingBottom():116 currentPrimeKeyboardType:SOFT systemPaddingBottom:-1
06-12 17:26:04.463  1588  2493 I Delight5Decoder: Delight5DecoderWrapper.setKeyboardLayout():457 setKeyboardLayout()
06-12 17:26:04.466  5549  5549 D BoundBrokerSvc: onBind: Intent { act=com.google.firebase.dynamiclinks.service.START pkg=com.google.android.gms }
06-12 17:26:04.466  5549  5549 D BoundBrokerSvc: Loading bound service for intent: Intent { act=com.google.firebase.dynamiclinks.service.START pkg=com.google.android.gms }
06-12 17:26:04.495  7974  7974 D InsetsController: show(ime(), fromIme=true)
06-12 17:26:04.502  7974  7974 D InsetsController: show(ime(), fromIme=true)
06-12 17:26:04.502  7974  7974 I ImeTracker: com.dazong.driver:b6aca8f7: onCancelled at PHASE_CLIENT_APPLY_ANIMATION
06-12 17:26:04.508  1588  1588 E InputConnectionParser: InputConnectionParser.responseWithError():106 responseWithError(): parse_code: 2
06-12 17:26:04.508  1588  1588 E InputContextProxyV4: InputContextProxyV4.reset():371 reset(): un-successful, parse_code: 2, input_state_id 0
06-12 17:26:04.508  1588  1588 W Delight5Decoder: Delight5DecoderWrapper.asyncFetchSuggestions():1876 asyncFetchSuggestions(): Decoder state is invalid
06-12 17:26:04.554  7974  7974 W WindowOnBackDispatcher: sendCancelIfRunning: isInProgress=falsecallback=android.view.ViewRootImpl$$ExternalSyntheticLambda17@1e82b59
06-12 17:26:04.559   537  2457 W InputManager-JNI: Input channel object 'f9d61b6 Pop-Up Window (client)' was disposed without first being removed with the input manager!
06-12 17:26:04.569  5549  5549 D BoundBrokerSvc: onBind: Intent { act=com.google.android.gms.common.BIND_SHARED_PREFS pkg=com.google.android.gms }
06-12 17:26:04.569  5549  5549 D BoundBrokerSvc: Loading bound service for intent: Intent { act=com.google.android.gms.common.BIND_SHARED_PREFS pkg=com.google.android.gms }
06-12 17:26:04.569   537  2274 W WindowManager: Failed looking up window session=Session{b23ded4 7974:u0a10193} callers=com.android.server.wm.WindowManagerService.windowForClientLocked:6034 com.android.server.wm.Session.setOnBackInvokedCallbackInfo:944 android.view.IWindowSession$Stub.onTransact:1145 
06-12 17:26:04.569   537  2274 I WindowManager: setOnBackInvokedCallback(): No window state for package:com.dazong.driver
06-12 17:26:04.572  5549  5549 D BoundBrokerSvc: onUnbind: Intent { act=com.google.android.gms.common.BIND_SHARED_PREFS pkg=com.google.android.gms }
06-12 17:26:04.577  5549  5549 D BoundBrokerSvc: onBind: Intent { act=com.google.android.gms.common.BIND_SHARED_PREFS pkg=com.google.android.gms }
06-12 17:26:04.577  5549  5549 D BoundBrokerSvc: Loading bound service for intent: Intent { act=com.google.android.gms.common.BIND_SHARED_PREFS pkg=com.google.android.gms }
06-12 17:26:04.604  5549  5549 D BoundBrokerSvc: onUnbind: Intent { act=com.google.android.gms.common.BIND_SHARED_PREFS pkg=com.google.android.gms }
06-12 17:26:04.756  7974  7974 I ImeTracker: com.dazong.driver:155c53a8: onShown
06-12 17:26:05.031  1588  1588 W InputContextProxyV4: InputContextProxyV4.waitForDecoderResponse():1351 Timed out while waiting for suggestion fetch request.
06-12 17:26:05.107  1588  2493 I native  : I0000 00:00:1781256365.100634    2493 input-context-store.cc:255] Ignoring stale client request for FetchSuggestions
06-12 17:26:05.128  7974  8032 D EGL_emulation: app_time_stats: avg=44.23ms min=1.92ms max=126.58ms count=19
06-12 17:26:05.196  1588  2493 I native  : I0000 00:00:1781256365.196249    2493 input-context-store.cc:178] Ignoring stale client request for OverrideDecodedCandidates
06-12 17:26:05.201  1588  1588 W InputContextProxyV4: InputContextProxyV4.applyClientDiffInternal():897 Ignore [FetchSuggestions] diff due to stale request: 244<258, inputStateId=0, lastInputStateId=56
06-12 17:26:05.202  1588  2493 I native  : I0000 00:00:1781256365.202195    2493 input-context-store.cc:255] Ignoring stale client request for FetchSuggestions
06-12 17:26:05.209  1588  2493 I native  : I0000 00:00:1781256365.209266    2493 input-context-store.cc:178] Ignoring stale client request for OverrideDecodedCandidates
06-12 17:26:05.229  1588  1588 W InputContextProxyV4: InputContextProxyV4.applyClientDiffInternal():897 Ignore [FetchSuggestions] diff due to stale request: 257<259, inputStateId=0, lastInputStateId=56
06-12 17:26:05.229  1588  1588 I GoogleInputMethodService: GoogleInputMethodService.setKeyboardViewShown():3483 setKeyboardViewShown() : type = HEADER, shownType = SHOW_MANDATORY_WITH_ANIMATION
06-12 17:26:05.229  1588  1588 I GoogleInputMethodService: GoogleInputMethodService.setKeyboardViewShown():3530 setKeyboardViewShown() : shouldShow = true
06-12 17:26:05.638  1588  1588 W InputContextProxyV4: InputContextProxyV4.applyClientDiffInternal():897 Ignore [FetchSuggestions] diff due to stale request: 269<270, inputStateId=68, lastInputStateId=67
06-12 17:26:05.692  1588  1588 I GoogleInputMethodService: GoogleInputMethodService.setKeyboardViewShown():3483 setKeyboardViewShown() : type = HEADER, shownType = SHOW_MANDATORY_WITH_ANIMATION
06-12 17:26:05.693  1588  1588 I GoogleInputMethodService: GoogleInputMethodService.setKeyboardViewShown():3530 setKeyboardViewShown() : shouldShow = true
06-12 17:26:05.878   891   891 D StatusBarIconController: ignoring old pipeline callback because the new wifi icon is enabled
06-12 17:26:06.048  1588  1588 I GoogleInputMethodService: GoogleInputMethodService.setKeyboardViewShown():3483 setKeyboardViewShown() : type = HEADER, shownType = SHOW_MANDATORY_WITH_ANIMATION
06-12 17:26:06.048  1588  1588 I GoogleInputMethodService: GoogleInputMethodService.setKeyboardViewShown():3530 setKeyboardViewShown() : shouldShow = true
06-12 17:26:06.080  1588  1923 D EGL_emulation: app_time_stats: avg=155.33ms min=6.76ms max=553.14ms count=10
06-12 17:26:06.125  1588  1588 I GoogleInputMethodService: GoogleInputMethodService.setKeyboardViewShown():3483 setKeyboardViewShown() : type = HEADER, shownType = SHOW_MANDATORY_WITH_ANIMATION
06-12 17:26:06.125  1588  1588 I GoogleInputMethodService: GoogleInputMethodService.setKeyboardViewShown():3530 setKeyboardViewShown() : shouldShow = true
06-12 17:26:06.158  7974  8032 D EGL_emulation: app_time_stats: avg=22.97ms min=1.75ms max=58.35ms count=26
06-12 17:26:06.231  1588  1588 I GoogleInputMethodService: GoogleInputMethodService.setKeyboardViewShown():3483 setKeyboardViewShown() : type = HEADER, shownType = SHOW_MANDATORY_WITH_ANIMATION
06-12 17:26:06.232  1588  1588 I GoogleInputMethodService: GoogleInputMethodService.setKeyboardViewShown():3530 setKeyboardViewShown() : shouldShow = true
06-12 17:26:06.295  1166  1166 D TaplEvents: TIS / TouchInteractionService.onInputEvent: MotionEvent { action=ACTION_DOWN, actionButton=0, id[0]=0, x[0]=540.0, y[0]=1200.0, toolType[0]=TOOL_TYPE_FINGER, buttonState=0, classification=NONE, metaState=0, flags=0x0, edgeFlags=0x0, pointerCount=1, historySize=0, eventTime=382592, downTime=382592, deviceId=-1, source=0x1002, displayId=0, eventId=-1001289575 }
06-12 17:26:06.311  1166  1166 D TaplEvents: TIS / TouchInteractionService.onInputEvent: MotionEvent { action=ACTION_UP, actionButton=0, id[0]=0, x[0]=540.0, y[0]=1200.0, toolType[0]=TOOL_TYPE_FINGER, buttonState=0, classification=NONE, metaState=0, flags=0x0, edgeFlags=0x0, pointerCount=1, historySize=0, eventTime=382592, downTime=382592, deviceId=-1, source=0x1002, displayId=0, eventId=-676356191 }
06-12 17:26:06.363   537  2454 I ImeTracker: com.dazong.driver:58141ee2: onRequestShow at ORIGIN_SERVER_START_INPUT reason ATTACH_NEW_INPUT
06-12 17:26:06.364  1588  1588 I GoogleInputMethodService: GoogleInputMethodService.onStartInput():1877 onStartInput(EditorInfo{inputType=0x8001(Normal) imeOptions=0x2000006 privateImeOptions=null actionName=DONE actionLabel=null actionId=0 initialSelStart=0 initialSelEnd=0 initialCapsMode=0x0 hintText=null label=null packageName=com.dazong.driver fieldId=-1 fieldName=null extras=Bundle[mParcelledData.dataSize=404]}, true)
06-12 17:26:06.364  1588  1588 I GoogleInputMethodService: GoogleInputMethodService.shouldHideHeaderOnInitialState():4008 ShouldHideHeaderOnInitialState = false
06-12 17:26:06.366  1588  1588 I GoogleInputMethodService: GoogleInputMethodService.updateDeviceLockedStatus():2087 repeatCheckTimes = 2, unlocked = true
06-12 17:26:06.366  1588  1588 W SessionManager: SessionManager.beginSession():53 Try to begin an already begun session [INPUT_SESSION], end it first
06-12 17:26:06.366  1588  1588 W SessionManager: SessionManager.endSession():96 Child session [INPUT_VIEW_SESSION] is not ended while ending session [{TRAINING_CACHE_SESSION=1781256364275, INPUT_VIEW_SESSION=1781256364094, IME_SESSION=1781256364273, INPUT_SESSION=1781256364093}], ending it now.
06-12 17:26:06.366  1588  1588 W SessionManager: SessionManager.endSession():96 Child session [IME_SESSION] is not ended while ending session [{TRAINING_CACHE_SESSION=1781256364275, INPUT_VIEW_SESSION=1781256364094, IME_SESSION=1781256364273, INPUT_SESSION=1781256364093}], ending it now.
06-12 17:26:06.368  7974  7974 I ImeTracker: com.dazong.driver:dc7e9502: onRequestShow at ORIGIN_CLIENT_SHOW_SOFT_INPUT reason SHOW_SOFT_INPUT_BY_INSETS_API
06-12 17:26:06.368  7974  7974 D InsetsController: show(ime(), fromIme=false)
06-12 17:26:06.369  7974  7974 I ImeTracker: com.dazong.driver:dc7e9502: onCancelled at PHASE_CLIENT_APPLY_ANIMATION
06-12 17:26:06.371  1588  1588 I GoogleInputMethodService: GoogleInputMethodService.onStartInputView():1995 onStartInputView(EditorInfo{inputType=0x8001(Normal) imeOptions=0x2000006 privateImeOptions=null actionName=DONE actionLabel=null actionId=0 initialSelStart=0 initialSelEnd=0 initialCapsMode=0x0 hintText=null label=null packageName=com.dazong.driver fieldId=-1 fieldName=null extras=Bundle[{android.support.text.emoji.emojiCompat_metadataVersion=9, androidx.core.view.inputmethod.EditorInfoCompat.STYLUS_HANDWRITING_ENABLED=true, android.support.text.emoji.emojiCompat_replaceAll=false}]}, true)
06-12 17:26:06.371  1588  2493 W Delight5Decoder: Delight5DecoderWrapper.shouldAbandonMessage():1983 Detected old [FetchSuggestions] request in background: 288<289
06-12 17:26:06.372  1588  1588 I GoogleInputMethodService: GoogleInputMethodService.updateDeviceLockedStatus():2087 repeatCheckTimes = 2, unlocked = true
06-12 17:26:06.372  1588  1788 I DeviceModeUtil: DeviceModeUtil.getDeviceMode():122 Get device mode phone by ui mode:1 and smallestScreenWidthDp:411
06-12 17:26:06.373  1588  1588 W ModuleManager: ModuleManager.loadModule():450 Module erj is not available
06-12 17:26:06.396  7974  7974 I ImeTracker: com.dazong.driver:cf5d9b8c: onRequestShow at ORIGIN_CLIENT_SHOW_SOFT_INPUT reason SHOW_SOFT_INPUT
06-12 17:26:06.397  7974  7974 D InputMethodManager: showSoftInput() view=androidx.compose.ui.platform.AndroidComposeView{7b67d8a VFED..... .F...... 0,0-1080,2209 aid=1073741824} flags=0 reason=SHOW_SOFT_INPUT
06-12 17:26:06.406  1588  1588 I KeyboardViewUtil: KeyboardViewUtil.getKeyboardHeightRatio():189 systemKeyboardHeightRatio:1.000000; userKeyboardHeightRatio:1.000000.
06-12 17:26:06.407  1588  1588 W TooltipLifecycleManager: TooltipLifecycleManager.dismissTooltips():159 Tooltip with id spell_check_add_to_dictionary not found in tooltipManager.
06-12 17:26:06.407  1588  1588 I KeyboardWrapper: KeyboardWrapper.consumeEvent():275 Skip consuming an event as current keyboard is deactivated (state=0, keyboard existence=true)
06-12 17:26:06.407  1588  1588 I VoiceInputManagerWrapper: VoiceInputManagerWrapper.shutdown():77 shutdown()
06-12 17:26:06.407  1588  1588 I AndroidIME: AbstractIme.onDeactivate():207 LatinIme.onDeactivate()
06-12 17:26:06.408  1588  1588 W SessionManager: SessionManager.endSession():88 Try to end a not begun session [IME_SESSION].
06-12 17:26:06.408  1588  1588 I AndroidIME: AbstractIme.onActivate():86 LatinIme.onActivate() : EditorInfo = inputType=0x8001(Normal) imeOptions=0x2000006 privateImeOptions=null actionName=DONE actionLabel=null actionId=0 initialSelStart=0 initialSelEnd=0 initialCapsMode=0x0 hintText=null label=null packageName=com.dazong.driver fieldId=-1 fieldName=null extras=Bundle[{android.support.text.emoji.emojiCompat_metadataVersion=9, androidx.core.view.inputmethod.EditorInfoCompat.STYLUS_HANDWRITING_ENABLED=true, android.support.text.emoji.emojiCompat_replaceAll=false}], IncognitoMode = false, DeviceLocked = false
06-12 17:26:06.408  1588  1588 I Delight5Facilitator: Delight5Facilitator.initializeForIme():777 initializeForIme() : Locale = [en_US], layout = qwerty
06-12 17:26:06.408  1588  1588 I VoiceInputManagerWrapper: VoiceInputManagerWrapper.cancelShutdown():55 cancelShutdown()
06-12 17:26:06.409  1588  1588 I VoiceInputManagerWrapper: VoiceInputManagerWrapper.syncLanguagePacks():67 syncLanguagePacks()
06-12 17:26:06.409  1588  1588 I LatinIme: LatinIme.updateEnableInlineSuggestionsOnDecoderSideFlags():1003 inline flag updated to:false
06-12 17:26:06.410  1588  1588 I KeyboardWrapper: KeyboardWrapper.consumeEvent():275 Skip consuming an event as current keyboard is deactivated (state=0, keyboard existence=true)
06-12 17:26:06.410  1588  6137 I SpeechFactory: SpeechRecognitionFactory.maybeScheduleAutoPackDownloadForFallback():205 maybeScheduleAutoPackDownloadForFallback()
06-12 17:26:06.410  1588  6137 I FallbackOnDeviceRecognitionProvider: FallbackOnDeviceRecognitionProvider.maybeScheduleAutoPackDownload():195 maybeScheduleAutoPackDownload() for language tag en-US
06-12 17:26:06.411  1588  1588 I KeyboardViewUtil: KeyboardViewUtil.calculateMaxKeyboardBodyHeight():40 leave 354 height for app when screen height:2274, header height:116 and isFullscreenMode:false, so the max keyboard body height is:1804
06-12 17:26:06.411  1588  1588 I DeviceModeUtil: DeviceModeUtil.getDeviceMode():122 Get device mode phone by ui mode:1 and smallestScreenWidthDp:411
06-12 17:26:06.415  1588  1588 I GoogleInputMethodService: GoogleInputMethodService.setKeyboardViewShown():3483 setKeyboardViewShown() : type = HEADER, shownType = SHOW_OPTIONAL
06-12 17:26:06.416  1588  1588 I GoogleInputMethodService: GoogleInputMethodService.setKeyboardViewShown():3530 setKeyboardViewShown() : shouldShow = true
06-12 17:26:06.416  1588  1588 I GoogleInputMethodService: GoogleInputMethodService.setKeyboardViewShown():3483 setKeyboardViewShown() : type = BODY, shownType = SHOW_MANDATORY
06-12 17:26:06.416  1588  1588 I GoogleInputMethodService: GoogleInputMethodService.setKeyboardViewShown():3530 setKeyboardViewShown() : shouldShow = true
06-12 17:26:06.416  1588  1588 I GoogleInputMethodService: GoogleInputMethodService.setKeyboardViewShown():3483 setKeyboardViewShown() : type = FLOATING_CANDIDATES, shownType = HIDE
06-12 17:26:06.416  1588  1588 I GoogleInputMethodService: GoogleInputMethodService.setKeyboardViewShown():3530 setKeyboardViewShown() : shouldShow = false
06-12 17:26:06.423  1588  1588 I KeyboardViewUtil: KeyboardViewUtil.calculateMaxKeyboardBodyHeight():40 leave 354 height for app when screen height:2274, header height:116 and isFullscreenMode:false, so the max keyboard body height is:1804
06-12 17:26:06.425  1588  1588 I DeviceModeUtil: DeviceModeUtil.getDeviceMode():122 Get device mode phone by ui mode:1 and smallestScreenWidthDp:411
06-12 17:26:06.425  1588  1588 I DeviceModeUtil: DeviceModeUtil.getDeviceMode():122 Get device mode phone by ui mode:1 and smallestScreenWidthDp:411
06-12 17:26:06.425  1588  1588 I KeyboardModeManager: KeyboardModeManager.setInputView():364 setInputView() : supportsOneHandedMode=true
06-12 17:26:06.425  1588  1588 I NormalModeController: NormalModeController.getKeyboardBodyViewHolderPaddingBottom():116 currentPrimeKeyboardType:SOFT systemPaddingBottom:-1
06-12 17:26:06.425  1588  1588 I AndroidIME: KeyboardViewManager.updateKeyboardBodyViewHolderPaddingBottom():604 Set finalPaddingBottom = 0 while keyboardBottomGapFromScreen = 0; navigationHeight = 126
06-12 17:26:06.425  1588  1588 I NormalModeController: NormalModeController.getKeyboardBodyViewHolderPaddingBottom():116 currentPrimeKeyboardType:SOFT systemPaddingBottom:-1
06-12 17:26:06.426  1588  1588 I AndroidIME: KeyboardViewManager.updateKeyboardBodyViewHolderPaddingBottom():604 Set finalPaddingBottom = 0 while keyboardBottomGapFromScreen = 0; navigationHeight = 126
06-12 17:26:06.426  1588  1588 I KeyboardModeManager: KeyboardModeManager.setInputView():356 setInputView() : entry=hwn{languageTag=en-US, variant=qwerty, hasLocalizedResources=true, conditionCacheKey=_device=phone_device_size=default_enable_adaptive_text_editing=true_enable_inline_suggestions_on_client_side=false_enable_large_tablet_batch_1=false_enable_large_tablet_batch_2=false_enable_more_candidates_view_for_multilingual=false_enable_nav_redesign=false_enable_number_row=false_enable_preemptive_decode=true_enable_secondary_symbols=false_expressions=normal_four_or_more_letter_rows=false_keyboard_mode=normal_language=en-US_orientation=portrait_physical_keyboard=nokeys_show_secondary_digits=true_show_suggestions=true_split_with_duplicate_keys=true_variant=qwerty, imeDef.stringId=ime_english_united_states, imeDef.className=com.google.android.apps.inputmethod.libs.latin5.LatinIme, imeDef.languageTag=en-US}
06-12 17:26:06.426  1588  1588 I VoiceImeExtension: VoiceImeExtension.shouldStartVoiceInputAutomatically():383 No private IME option set to start voice input.
06-12 17:26:06.428  1588  1788 W ModuleManager: ModuleManager.loadModule():450 Module jjj is not available
06-12 17:26:06.431  1588  1788 I NebulaeTrainingCacheMetricsProcessor: NebulaeTrainingCacheMetricsProcessor.processEndSession():447 No input action collection in this session, skip logging.
06-12 17:26:06.435  1588  1588 I NormalModeController: NormalModeController.getKeyboardBodyViewHolderPaddingBottom():116 currentPrimeKeyboardType:SOFT systemPaddingBottom:-1
06-12 17:26:06.436  1588  1588 W InputContextProxyV4: InputContextProxyV4.applyClientDiffInternal():897 Ignore [FetchSuggestions] diff due to stale request: 292<293, inputStateId=92, lastInputStateId=91
06-12 17:26:06.459  1588  2493 I Delight5Decoder: Delight5DecoderWrapper.setKeyboardLayout():457 setKeyboardLayout()
06-12 17:26:06.459  5549  5549 D BoundBrokerSvc: onBind: Intent { act=com.google.android.gms.common.BIND_SHARED_PREFS pkg=com.google.android.gms }
06-12 17:26:06.459  5549  5549 D BoundBrokerSvc: Loading bound service for intent: Intent { act=com.google.android.gms.common.BIND_SHARED_PREFS pkg=com.google.android.gms }
06-12 17:26:06.469  5549  5549 D BoundBrokerSvc: onUnbind: Intent { act=com.google.android.gms.common.BIND_SHARED_PREFS pkg=com.google.android.gms }
06-12 17:26:06.471  5549  5549 D BoundBrokerSvc: onBind: Intent { act=com.google.android.gms.common.BIND_SHARED_PREFS pkg=com.google.android.gms }
06-12 17:26:06.471  5549  5549 D BoundBrokerSvc: Loading bound service for intent: Intent { act=com.google.android.gms.common.BIND_SHARED_PREFS pkg=com.google.android.gms }
06-12 17:26:06.476  5549  5549 D BoundBrokerSvc: onUnbind: Intent { act=com.google.android.gms.common.BIND_SHARED_PREFS pkg=com.google.android.gms }
06-12 17:26:06.478  7974  7974 D InsetsController: show(ime(), fromIme=true)
06-12 17:26:06.478  7974  7974 I ImeTracker: com.dazong.driver:58141ee2: onCancelled at PHASE_CLIENT_APPLY_ANIMATION
06-12 17:26:06.508  7974  7974 D InsetsController: show(ime(), fromIme=true)
06-12 17:26:06.510  7974  7974 I ImeTracker: com.dazong.driver:cf5d9b8c: onCancelled at PHASE_CLIENT_APPLY_ANIMATION
06-12 17:26:06.756  1588  2493 I native  : I0000 00:00:1781256366.756018    2493 input-context-store.cc:255] Ignoring stale client request for FetchSuggestions
06-12 17:26:06.757  1588  1588 W InputContextProxyV4: InputContextProxyV4.applyClientDiffInternal():897 Ignore [FetchSuggestions] diff due to stale request: 295<299, inputStateId=95, lastInputStateId=97
06-12 17:26:06.757  1588  1588 W InputContextProxyV4: InputContextProxyV4.applyClientDiffInternal():897 Ignore [FetchSuggestions] diff due to stale request: 296<299, inputStateId=97, lastInputStateId=97
06-12 17:26:06.793  1588  1588 I GoogleInputMethodService: GoogleInputMethodService.setKeyboardViewShown():3483 setKeyboardViewShown() : type = HEADER, shownType = SHOW_MANDATORY_WITH_ANIMATION
06-12 17:26:06.793  1588  1588 I GoogleInputMethodService: GoogleInputMethodService.setKeyboardViewShown():3530 setKeyboardViewShown() : shouldShow = true
06-12 17:26:06.850   537   624 D ActivityManager: freezing 3193 com.google.android.dialer
06-12 17:26:06.970  1588  1588 W InputContextProxyV4: InputContextProxyV4.applyClientDiffInternal():897 Ignore [FetchSuggestions] diff due to stale request: 302<304, inputStateId=101, lastInputStateId=103
06-12 17:26:06.970  1588  1588 W InputContextProxyV4: InputContextProxyV4.applyClientDiffInternal():897 Ignore [FetchSuggestions] diff due to stale request: 303<304, inputStateId=102, lastInputStateId=103
06-12 17:26:07.011  1588  1588 I GoogleInputMethodService: GoogleInputMethodService.setKeyboardViewShown():3483 setKeyboardViewShown() : type = HEADER, shownType = SHOW_MANDATORY_WITH_ANIMATION
06-12 17:26:07.011  1588  1588 I GoogleInputMethodService: GoogleInputMethodService.setKeyboardViewShown():3530 setKeyboardViewShown() : shouldShow = true
06-12 17:26:07.098  1588  1923 D EGL_emulation: app_time_stats: avg=96.62ms min=16.04ms max=188.91ms count=10
06-12 17:26:07.208  7974  8032 D EGL_emulation: app_time_stats: avg=30.03ms min=1.95ms max=61.82ms count=24
06-12 17:26:07.263  1588  1588 W InputContextProxyV4: InputContextProxyV4.applyClientDiffInternal():897 Ignore [FetchSuggestions] diff due to stale request: 310<312, inputStateId=108, lastInputStateId=110
06-12 17:26:07.270  1588  1588 W InputContextProxyV4: InputContextProxyV4.applyClientDiffInternal():897 Ignore [FetchSuggestions] diff due to stale request: 311<313, inputStateId=109, lastInputStateId=111
06-12 17:26:07.317  1588  1588 I GoogleInputMethodService: GoogleInputMethodService.setKeyboardViewShown():3483 setKeyboardViewShown() : type = HEADER, shownType = SHOW_MANDATORY_WITH_ANIMATION
06-12 17:26:07.317  1588  1588 I GoogleInputMethodService: GoogleInputMethodService.setKeyboardViewShown():3530 setKeyboardViewShown() : shouldShow = true
06-12 17:26:07.523  1588  1588 W InputContextProxyV4: InputContextProxyV4.applyClientDiffInternal():897 Ignore [FetchSuggestions] diff due to stale request: 319<321, inputStateId=115, lastInputStateId=117
06-12 17:26:07.577  1588  1588 W InputContextProxyV4: InputContextProxyV4.applyClientDiffInternal():897 Ignore [FetchSuggestions] diff due to stale request: 322<323, inputStateId=118, lastInputStateId=119
06-12 17:26:07.585  1588  1588 I GoogleInputMethodService: GoogleInputMethodService.setKeyboardViewShown():3483 setKeyboardViewShown() : type = HEADER, shownType = SHOW_MANDATORY_WITH_ANIMATION
06-12 17:26:07.585  1588  1588 I GoogleInputMethodService: GoogleInputMethodService.setKeyboardViewShown():3530 setKeyboardViewShown() : shouldShow = true
06-12 17:26:07.688  1588  1588 W InputContextProxyV4: InputContextProxyV4.applyClientDiffInternal():897 Ignore [FetchSuggestions] diff due to stale request: 326<327, inputStateId=122, lastInputStateId=123
06-12 17:26:07.761  1588  1588 I GoogleInputMethodService: GoogleInputMethodService.onKeyDown():2444 Received KEYCODE_BACK. isAllViewsInvisible=false
06-12 17:26:07.763  1588  2493 W Delight5Decoder: Delight5DecoderWrapper.shouldAbandonMessage():1983 Detected old [FetchSuggestions] request in background: 331<332
06-12 17:26:07.772   537   555 D AutofillManagerService: onBackKeyPressed()
06-12 17:26:07.788   537  2454 I ImeTracker: com.dazong.driver:462d0872: onRequestHide at ORIGIN_SERVER_HIDE_INPUT reason HIDE_SOFT_INPUT_BY_BACK_KEY
06-12 17:26:07.792  1588  1588 I GoogleInputMethodService: GoogleInputMethodService.onFinishInputView():2241 
06-12 17:26:07.792  1588  1588 W TooltipLifecycleManager: TooltipLifecycleManager.dismissTooltips():159 Tooltip with id spell_check_add_to_dictionary not found in tooltipManager.
