06-12 17:26:07.793  1588  1588 I InputBundle: InputBundle.consumeEvent():923 Skip consuming an event as keyboard status is 0
06-12 17:26:07.793  1588  1588 I KeyboardWrapper: KeyboardWrapper.consumeEvent():275 Skip consuming an event as current keyboard is deactivated (state=0, keyboard existence=true)
06-12 17:26:07.793  1588  1588 I VoiceInputManagerWrapper: VoiceInputManagerWrapper.shutdown():77 shutdown()
06-12 17:26:07.793  1588  1588 I AndroidIME: AbstractIme.onDeactivate():207 LatinIme.onDeactivate()
06-12 17:26:07.800  1588  1788 W ModuleManager: ModuleManager.loadModule():450 Module jjj is not available
06-12 17:26:07.850  7974  7974 W WindowOnBackDispatcher: sendCancelIfRunning: isInProgress=falsecallback=ImeCallback=ImeOnBackInvokedCallback@23244111 Callback=android.window.IOnBackInvokedCallback$Stub$Proxy@f2a0768
06-12 17:26:07.852   537   550 D CoreBackPreview: Window{b364f79 u0 com.dazong.driver/com.dazong.driver.MainActivity}: Setting back callback OnBackInvokedCallbackInfo{mCallback=android.window.IOnBackInvokedCallback$Stub$Proxy@4020c20, mPriority=0, mIsAnimationCallback=false}
06-12 17:26:08.094  7974  7974 I ImeTracker: com.dazong.driver:9f8ba842: onRequestHide at ORIGIN_CLIENT_HIDE_SOFT_INPUT reason HIDE_SOFT_INPUT_BY_INSETS_API
06-12 17:26:08.095   537  2454 I ImeTracker: com.dazong.driver:9f8ba842: onCancelled at PHASE_SERVER_SHOULD_HIDE
06-12 17:26:08.095  7974  7974 I ImeTracker: com.dazong.driver:462d0872: onHidden
06-12 17:26:08.151   891   891 D StatusBarIconController: ignoring old pipeline callbacks, because the new mobile icons are enabled
06-12 17:26:08.716  7974  8032 D EGL_emulation: app_time_stats: avg=70.55ms min=6.37ms max=530.51ms count=19
06-12 17:26:08.902  1166  1166 D TaplEvents: TIS / TouchInteractionService.onInputEvent: MotionEvent { action=ACTION_DOWN, actionButton=0, id[0]=0, x[0]=540.0, y[0]=1720.0, toolType[0]=TOOL_TYPE_FINGER, buttonState=0, classification=NONE, metaState=0, flags=0x0, edgeFlags=0x0, pointerCount=1, historySize=0, eventTime=385199, downTime=385199, deviceId=-1, source=0x1002, displayId=0, eventId=-278495646 }
06-12 17:26:08.905  1166  1166 D TaplEvents: TIS / TouchInteractionService.onInputEvent: MotionEvent { action=ACTION_UP, actionButton=0, id[0]=0, x[0]=540.0, y[0]=1720.0, toolType[0]=TOOL_TYPE_FINGER, buttonState=0, classification=NONE, metaState=0, flags=0x0, edgeFlags=0x0, pointerCount=1, historySize=0, eventTime=385199, downTime=385199, deviceId=-1, source=0x1002, displayId=0, eventId=-65519671 }
06-12 17:26:08.983  7974  8119 I okhttp.OkHttpClient: --> POST http://10.0.2.2:18000/api/driver/login (49-byte body)
06-12 17:26:08.993  7974  8119 D TrafficStats: tagSocket(108) with statsTag=0xffffffff, statsUid=-1
06-12 17:26:09.721  7974  8032 D EGL_emulation: app_time_stats: avg=17.59ms min=1.95ms max=224.10ms count=35
06-12 17:26:09.921  7974  8119 I okhttp.OkHttpClient: <-- 200 OK http://10.0.2.2:18000/api/driver/login (937ms, 445-byte body)
06-12 17:26:09.938  7974  8119 I okhttp.OkHttpClient: --> GET http://10.0.2.2:18000/api/driver/trips/today?planning_date=2026-06-12
06-12 17:26:09.965  7974  8119 I okhttp.OkHttpClient: <-- 200 OK http://10.0.2.2:18000/api/driver/trips/today?planning_date=2026-06-12 (27ms, 122-byte body)
06-12 17:26:10.018  7974  8119 I okhttp.OkHttpClient: --> GET http://10.0.2.2:18000/api/driver/trips/today?planning_date=2026-06-12
06-12 17:26:10.030  7974  7974 I ImeTracker: com.dazong.driver:8b869ad6: onRequestHide at ORIGIN_CLIENT_HIDE_SOFT_INPUT reason HIDE_SOFT_INPUT_BY_INSETS_API
06-12 17:26:10.030  7974  7974 I ImeTracker: com.dazong.driver:8b869ad6: onCancelled at PHASE_CLIENT_APPLY_ANIMATION
06-12 17:26:10.032  1588  1588 I GoogleInputMethodService: GoogleInputMethodService.onStartInput():1877 onStartInput(EditorInfo{inputType=0x0(NULL) imeOptions=0x0 privateImeOptions=null actionName=UNSPECIFIED actionLabel=null actionId=0 initialSelStart=-1 initialSelEnd=-1 initialCapsMode=0x0 hintText=null label=null packageName=com.dazong.driver fieldId=0 fieldName=null extras=null}, true)
06-12 17:26:10.032  1588  1588 I GoogleInputMethodService: GoogleInputMethodService.shouldHideHeaderOnInitialState():4008 ShouldHideHeaderOnInitialState = false
06-12 17:26:10.034  1588  1588 I GoogleInputMethodService: GoogleInputMethodService.updateDeviceLockedStatus():2087 repeatCheckTimes = 2, unlocked = true
06-12 17:26:10.034  1588  1588 W SessionManager: SessionManager.beginSession():53 Try to begin an already begun session [INPUT_SESSION], end it first
06-12 17:26:10.051  7974  8119 I okhttp.OkHttpClient: <-- 200 OK http://10.0.2.2:18000/api/driver/trips/today?planning_date=2026-06-12 (32ms, 122-byte body)
06-12 17:26:10.742   876   876 I wpa_supplicant: wlan0: CTRL-EVENT-BEACON-LOSS 
06-12 17:26:11.901   891   891 D StatusBarIconController: ignoring old pipeline callback because the new wifi icon is enabled
06-12 17:26:14.752   537   624 D ActivityManager: freezing 1621 com.google.android.apps.wellbeing
06-12 17:26:14.752   537   624 D ActivityManager: freezing 2090 com.android.keychain
06-12 17:26:14.752   537   624 D ActivityManager: freezing 1731 com.google.process.gservices
06-12 17:26:14.753   537   624 D ActivityManager: freezing 1125 com.android.settings
06-12 17:26:14.753   537   624 D ActivityManager: freezing 3913 com.android.dynsystem:dynsystem
06-12 17:26:14.754   537   624 D ActivityManager: freezing 3874 com.android.dynsystem
06-12 17:26:14.754   537   624 D ActivityManager: freezing 2451 com.android.localtransport
06-12 17:26:14.907   891   891 D StatusBarIconController: ignoring old pipeline callback because the new wifi icon is enabled
06-12 17:26:14.995  8125  8125 W BpBinder: Linking to death on android.gui.ISurfaceComposer but there are no threads (yet?) listening to incoming transactions. See ProcessState::startThreadPool and ProcessState::setThreadPoolMaxThreadCount. Generally you should setup the binder threadpool before other initialization steps.
06-12 17:26:14.996  8125  8125 W ProcessState: Extra binder thread started, but 0 threads requested. Do not use *startThreadPool when zero threads are requested.
06-12 17:26:15.003   153   153 I hwservicemanager: getTransport: Cannot find entry android.hardware.graphics.mapper@4.0::IMapper/default in either framework or device VINTF manifest.
06-12 17:26:15.004  8125  8126 I Gralloc4: mapper 4.x is not supported
06-12 17:26:15.004   152   152 I servicemanager: Could not find android.hardware.graphics.allocator.IAllocator/default in the VINTF manifest.
06-12 17:26:15.066  7974  7974 E FrameTracker: force finish cuj, time out: J<IME_INSETS_ANIMATION::0@0@com.dazong.driver>
06-12 17:26:15.176  8127  8127 D AndroidRuntime: >>>>>> START com.android.internal.os.RuntimeInit uid 0 <<<<<<
06-12 17:26:15.179  8127  8127 I AndroidRuntime: Using default boot image
06-12 17:26:15.179  8127  8127 I AndroidRuntime: Leaving lock profiling enabled
06-12 17:26:15.180  8127  8127 I app_process: Core platform API reporting enabled, enforcing=false
06-12 17:26:15.181  8127  8127 I app_process: Using CollectorTypeCC GC.
06-12 17:26:15.239  8127  8127 D nativeloader: InitDefaultPublicLibraries for_preload=1: libandroid.so:libaaudio.so:libamidi.so:libbinder_ndk.so:libc.so:libcamera2ndk.so:libdl.so:libEGL.so:libGLESv1_CM.so:libGLESv2.so:libGLESv3.so:libicu.so:libicui18n.so:libicuuc.so:libjnigraphics.so:liblog.so:libmediandk.so:libm.so:libnativehelper.so:libnativewindow.so:libOpenMAXAL.so:libOpenSLES.so:libRS.so:libstdc++.so:libsync.so:libvulkan.so:libwebviewchromium_plat_support.so:libz.so
06-12 17:26:15.256  8127  8127 D app_process: Time zone APEX ICU file found: /apex/com.android.tzdata/etc/icu/icu_tzdata.dat
06-12 17:26:15.256  8127  8127 D app_process: I18n APEX ICU file found: /apex/com.android.i18n/etc/icu/icudt72l.dat
06-12 17:26:15.282  8127  8127 W app_process: ClassLoaderContext shared library size mismatch. Expected=2, found=0 (PCL[]{PCL[/system/framework/android.test.base.jar*836642756]#PCL[/system/framework/android.test.mock.jar*3186112116]} | PCL[])
06-12 17:26:15.285  8127  8127 W app_process: ClassLoaderContext classpath size mismatch. expected=0, found=1 (PCL[]{PCL[/system/framework/android.test.runner.jar*4168958247]{PCL[/system/framework/android.test.base.jar*836642756]#PCL[/system/framework/android.test.mock.jar*3186112116]}#PCL[/system/framework/android.test.base.jar*836642756]} | PCL[/system/framework/android.test.runner.jar*4168958247])
06-12 17:26:15.324  8127  8127 D AndroidRuntime: Calling main entry com.android.commands.uiautomator.Launcher
06-12 17:26:15.327  8127  8127 D UiAutomationConnection: Created on user UserHandle{0}
06-12 17:26:15.327  8127  8127 I UiAutomation: Initialized for user 0 on display 0
06-12 17:26:15.327  8127  8127 W UiAutomation: Created with deprecatead constructor, assumes DEFAULT_DISPLAY
06-12 17:26:15.329   537  2454 D AccessibilityManagerService: changeCurrentUserForTestAutomationIfNeededLocked(0): ignoring because device doesn't support visible background users
06-12 17:26:15.329   537  2454 I UiAutomationManager: Registering UiTestAutomationService (id=com.android.server.accessibility/UiAutomation) when called by user 0
06-12 17:26:15.332   537  2454 W WindowMagnificationMgr: requestConnection duplicated request: connect=false, mConnectionState=DISCONNECTED
06-12 17:26:15.333  8127  8143 V UiAutomation: Init UiAutomation@f663226[id=7, displayId=0, flags=0]
06-12 17:26:15.333  1714  1954 I AiAiEcho: Settings changed for uri: content://settings/secure/accessibility_enabled
06-12 17:26:15.335  1714  1818 I AiAiEcho: Predicting[0]: 
06-12 17:26:15.335  1714  1818 I AiAiEcho: EchoTargets: 
06-12 17:26:15.335  1714  1818 I AiAiEcho: Filtered by AiAi flag check: 
06-12 17:26:15.335  1714  1818 I AiAiEcho: Ranked targets strategy: SORT, count: 0, ranking metadata: 
06-12 17:26:15.335  1714  1818 I AiAiEcho: Predicting[0]: 
06-12 17:26:15.335  1714  1818 I AiAiEcho: EchoTargets: 
06-12 17:26:15.335  1714  1818 I AiAiEcho: Filtered by AiAi flag check: 
06-12 17:26:15.335  1714  1818 I AiAiEcho: Ranked targets strategy: SORT, count: 0, ranking metadata: 
06-12 17:26:15.336  1714  1818 I AiAiEcho: #postPredictionTargets: Sending updates to UISurface lockscreen with targets# 0 (types=[])
06-12 17:26:15.336  1714  1818 I AiAiEcho: #postPredictionTargets: Sending updates to UISurface home with targets# 0 (types=[])
06-12 17:26:15.350   537  2274 W WindowMagnificationMgr: requestConnection duplicated request: connect=false, mConnectionState=DISCONNECTED
06-12 17:26:15.364  1729  2098 I A11yListener: (REDACTED) #onAccessibilityStateChanged enabled: %s
06-12 17:26:15.364  1714  1954 I AiAiEcho: Settings changed for uri: content://settings/secure/accessibility_enabled
06-12 17:26:15.364  1729  2189 I A11yListener: #onChange
06-12 17:26:15.365  1729  2189 E TraceManager: Duplicate trace
06-12 17:26:15.365  1729  2189 E TraceManager: com.google.apps.tiktok.tracing.w: Starting new trace A11yEventListener_onChange when already associated with a trace: . For more help, see http://go/tiktok-tracing#fixing-duplicate-trace-issues
06-12 17:26:15.365  1729  2189 E TraceManager: 	at com.google.apps.tiktok.tracing.el.f(PG:6)
06-12 17:26:15.365  1729  2189 E TraceManager: 	at com.google.apps.tiktok.tracing.el.g(PG:2)
06-12 17:26:15.365  1729  2189 E TraceManager: 	at com.google.apps.tiktok.tracing.dv.d(PG:1)
06-12 17:26:15.365  1729  2189 E TraceManager: 	at com.google.android.libraries.search.assistant.a.g.a(PG:7)
06-12 17:26:15.365  1729  2189 E TraceManager: 	at com.google.android.libraries.search.assistant.a.b.b(PG:2)
06-12 17:26:15.365  1729  2189 E TraceManager: 	at i.c.b.a.a.h(PG:4)
06-12 17:26:15.365  1729  2189 E TraceManager: 	at kotlinx.coroutines.bk.run(PG:14)
06-12 17:26:15.365  1729  2189 E TraceManager: 	at com.google.apps.tiktok.coroutines.g.run(PG:1)
06-12 17:26:15.365  1729  2189 E TraceManager: 	at com.google.android.libraries.i.z.run(PG:1)
06-12 17:26:15.365  1729  2189 E TraceManager: 	at java.util.concurrent.ThreadPoolExecutor.runWorker(ThreadPoolExecutor.java:1145)
06-12 17:26:15.365  1729  2189 E TraceManager: 	at java.util.concurrent.ThreadPoolExecutor$Worker.run(ThreadPoolExecutor.java:644)
06-12 17:26:15.365  1729  2189 E TraceManager: 	at com.google.android.libraries.i.h.run(PG:2)
06-12 17:26:15.365  1729  2189 E TraceManager: 	at java.lang.Thread.run(Thread.java:1012)
06-12 17:26:15.365  1729  2189 E TraceManager: 	at com.google.android.libraries.i.ai.run(PG:5)
06-12 17:26:15.365  1729  2189 E TraceManager: 	Suppressed: com.google.apps.tiktok.tracing.fv: 
06-12 17:26:15.365  1729  2189 E TraceManager: 		at tk_trace.(Unknown Source:0)
06-12 17:26:15.365  1729  2189 E TraceManager: 		at tk_trace.Missing root trace(Unknown Source:0)
06-12 17:26:15.365  1729  2189 E TraceManager: Caused by: com.google.apps.tiktok.tracing.aa
06-12 17:26:15.365   537   537 D BatterySaverPolicy: accessibility changed to true, updating policy.
06-12 17:26:15.366  1729  2189 I Ma-Fcf-A11yChangeNotifier: #FCF: onChange
06-12 17:26:15.366  1714  1818 I AiAiEcho: Predicting[0]: 
06-12 17:26:15.367  1714  1818 I AiAiEcho: EchoTargets: 
06-12 17:26:15.367  1714  1818 I AiAiEcho: Filtered by AiAi flag check: 
06-12 17:26:15.367  1714  1818 I AiAiEcho: Ranked targets strategy: SORT, count: 0, ranking metadata: 
06-12 17:26:15.367  1869  2341 I A       : NGA disabled due to not being eligible.
06-12 17:26:15.367  1714  1818 I AiAiEcho: Predicting[0]: 
06-12 17:26:15.367  1714  1818 I AiAiEcho: EchoTargets: 
06-12 17:26:15.367  1714  1818 I AiAiEcho: Filtered by AiAi flag check: 
06-12 17:26:15.367  1714  1818 I AiAiEcho: Ranked targets strategy: SORT, count: 0, ranking metadata: 
06-12 17:26:15.371  1729  2189 I A       : FCF A11y Checker - readyForTngMa
06-12 17:26:15.371  1714  1818 I AiAiEcho: #postPredictionTargets: Sending updates to UISurface lockscreen with targets# 0 (types=[])
06-12 17:26:15.378   537  2457 D OomAdjuster: Not killing cached processes
06-12 17:26:15.379  1729  2254 I A       : (REDACTED) #FCF: Continued Conversation Mode Enabled: %s
06-12 17:26:15.379  1729  2254 I A       : (REDACTED) #FCF: Headset Connected Status: %s
06-12 17:26:15.379  1729  2254 I A       : (REDACTED) #FCF: Assistant primary locale : %s
06-12 17:26:15.379  1729  2254 I A       : (REDACTED) #FCF: Assistant Primary locale check status : %s
06-12 17:26:15.380  1729  2254 W A       : Unable to check for productivity accounts. Assuming there are none.
06-12 17:26:15.380  1729  2254 W A       : com.google.android.libraries.geller.portable.GellerException: Code: INVALID_ARGUMENT, Message: Account name is null.
06-12 17:26:15.380  1729  2254 W A       : 	at com.google.android.libraries.search.h.k.a(PG:6)
06-12 17:26:15.380  1729  2254 W A       : 	at com.google.apps.tiktok.tracing.es.a(PG:3)
06-12 17:26:15.380  1729  2254 W A       : 	at com.google.common.w.a.bc.a(PG:1)
06-12 17:26:15.380  1729  2254 W A       : 	at com.google.common.w.a.cw.run(PG:4)
06-12 17:26:15.380  1729  2254 W A       : 	at com.google.android.libraries.i.z.run(PG:1)
06-12 17:26:15.380  1729  2254 W A       : 	at java.util.concurrent.ThreadPoolExecutor.runWorker(ThreadPoolExecutor.java:1145)
06-12 17:26:15.380  1729  2254 W A       : 	at java.util.concurrent.ThreadPoolExecutor$Worker.run(ThreadPoolExecutor.java:644)
06-12 17:26:15.380  1729  2254 W A       : 	at com.google.android.libraries.i.h.run(PG:2)
06-12 17:26:15.380  1729  2254 W A       : 	at java.lang.Thread.run(Thread.java:1012)
06-12 17:26:15.380  1729  2254 W A       : 	at com.google.android.libraries.i.ai.run(PG:5)
06-12 17:26:15.380  1729  2189 I A       : (REDACTED) #FCF evaluate: %s
06-12 17:26:15.380  1729  2189 I A       : (REDACTED) TngMaStatusChecker#evaluateInternal completed in %s millis
06-12 17:26:15.380  1729  2189 I Ma-Entry-Triggering: (REDACTED) TNG:MA status updated: %s
06-12 17:26:15.380  1729  2189 I Ma-Entry-Triggering: TNG:MA became ineligible, client should disconnect
06-12 17:26:15.381  1729  2189 I Ma-Entry-Triggering: #disconnectAndStop - preventing double stop
06-12 17:26:15.381  1729  2189 I A       : #invalidationSource: adding headset checker
06-12 17:26:15.381   891   891 W PageIndicator: Total number of pages invalid: 0. Assuming 1 page.
06-12 17:26:15.382  1729  2189 I A       : #invalidationSource : adding a11y checker
06-12 17:26:15.383  1714  1818 I AiAiEcho: #postPredictionTargets: Sending updates to UISurface home with targets# 0 (types=[])
06-12 17:26:15.384   891   891 W PageIndicator: Total number of pages invalid: 0. Assuming 1 page.
06-12 17:26:16.398  8127  8127 W AccessibilityNodeInfoDumper: Fetch time: 21ms
06-12 17:26:16.402   537  2454 W WindowMagnificationMgr: requestConnection duplicated request: connect=false, mConnectionState=DISCONNECTED
06-12 17:26:16.402   537  2454 D AccessibilityManagerService: restoreCurrentUserForTestAutomationIfNeededLocked(): ignoring because device doesn't support visible background users
06-12 17:26:16.403  1714  1954 I AiAiEcho: Settings changed for uri: content://settings/secure/accessibility_enabled
06-12 17:26:16.403   537   537 D BatterySaverPolicy: accessibility changed to false, updating policy.
06-12 17:26:16.404  1729  2098 I A11yListener: (REDACTED) #onAccessibilityStateChanged enabled: %s
06-12 17:26:16.406  8127  8127 D AndroidRuntime: Shutting down VM
06-12 17:26:16.407  1714  1818 I AiAiEcho: Predicting[0]: 
06-12 17:26:16.407  1714  1818 I AiAiEcho: EchoTargets: 
06-12 17:26:16.407  1714  1818 I AiAiEcho: Filtered by AiAi flag check: 
06-12 17:26:16.407  1714  1818 I AiAiEcho: Ranked targets strategy: SORT, count: 0, ranking metadata: 
06-12 17:26:16.407  1714  1818 I AiAiEcho: Predicting[0]: 
06-12 17:26:16.407  1714  1818 I AiAiEcho: EchoTargets: 
06-12 17:26:16.407  1714  1818 I AiAiEcho: Filtered by AiAi flag check: 
06-12 17:26:16.407  1714  1818 I AiAiEcho: Ranked targets strategy: SORT, count: 0, ranking metadata: 
06-12 17:26:16.407  1714  1818 I AiAiEcho: #postPredictionTargets: Sending updates to UISurface lockscreen with targets# 0 (types=[])
06-12 17:26:16.408  1714  1818 I AiAiEcho: #postPredictionTargets: Sending updates to UISurface home with targets# 0 (types=[])
06-12 17:26:16.408  1729  2189 I A11yListener: #onChange
06-12 17:26:16.408  1729  2189 E TraceManager: Duplicate trace
06-12 17:26:16.408  1729  2189 E TraceManager: com.google.apps.tiktok.tracing.w: Starting new trace A11yEventListener_onChange when already associated with a trace: . For more help, see http://go/tiktok-tracing#fixing-duplicate-trace-issues
06-12 17:26:16.408  1729  2189 E TraceManager: 	at com.google.apps.tiktok.tracing.el.f(PG:6)
06-12 17:26:16.408  1729  2189 E TraceManager: 	at com.google.apps.tiktok.tracing.el.g(PG:2)
06-12 17:26:16.408  1729  2189 E TraceManager: 	at com.google.apps.tiktok.tracing.dv.d(PG:1)
06-12 17:26:16.408  1729  2189 E TraceManager: 	at com.google.android.libraries.search.assistant.a.g.a(PG:7)
06-12 17:26:16.408  1729  2189 E TraceManager: 	at com.google.android.libraries.search.assistant.a.b.b(PG:2)
06-12 17:26:16.408  1729  2189 E TraceManager: 	at i.c.b.a.a.h(PG:4)
06-12 17:26:16.408  1729  2189 E TraceManager: 	at kotlinx.coroutines.bk.run(PG:14)
06-12 17:26:16.408  1729  2189 E TraceManager: 	at com.google.apps.tiktok.coroutines.g.run(PG:1)
06-12 17:26:16.408  1729  2189 E TraceManager: 	at com.google.android.libraries.i.z.run(PG:1)
06-12 17:26:16.408  1729  2189 E TraceManager: 	at java.util.concurrent.ThreadPoolExecutor.runWorker(ThreadPoolExecutor.java:1145)
06-12 17:26:16.408  1729  2189 E TraceManager: 	at java.util.concurrent.ThreadPoolExecutor$Worker.run(ThreadPoolExecutor.java:644)
06-12 17:26:16.408  1729  2189 E TraceManager: 	at com.google.android.libraries.i.h.run(PG:2)
06-12 17:26:16.408  1729  2189 E TraceManager: 	at java.lang.Thread.run(Thread.java:1012)
06-12 17:26:16.408  1729  2189 E TraceManager: 	at com.google.android.libraries.i.ai.run(PG:5)
06-12 17:26:16.408  1729  2189 E TraceManager: 	Suppressed: com.google.apps.tiktok.tracing.fv: 
06-12 17:26:16.408  1729  2189 E TraceManager: 		at tk_trace.(Unknown Source:0)
06-12 17:26:16.408  1729  2189 E TraceManager: 		at tk_trace.Missing root trace(Unknown Source:0)
06-12 17:26:16.408  1729  2189 E TraceManager: Caused by: com.google.apps.tiktok.tracing.aa
06-12 17:26:16.408  1729  2189 I Ma-Fcf-A11yChangeNotifier: #FCF: onChange
06-12 17:26:16.409  1729  2189 I A       : FCF A11y Checker - readyForTngMa
06-12 17:26:16.409  1729  2254 I A       : (REDACTED) #FCF: Continued Conversation Mode Enabled: %s
06-12 17:26:16.411  1729  2189 I A       : (REDACTED) #FCF: Headset Connected Status: %s
06-12 17:26:16.411  1729  2189 I A       : (REDACTED) #FCF: Assistant primary locale : %s
06-12 17:26:16.411  1729  2189 I A       : (REDACTED) #FCF: Assistant Primary locale check status : %s
06-12 17:26:16.412  1729  2189 W A       : Unable to check for productivity accounts. Assuming there are none.
06-12 17:26:16.412  1729  2189 W A       : com.google.android.libraries.geller.portable.GellerException: Code: INVALID_ARGUMENT, Message: Account name is null.
06-12 17:26:16.412  1729  2189 W A       : 	at com.google.android.libraries.search.h.k.a(PG:6)
06-12 17:26:16.412  1729  2189 W A       : 	at com.google.apps.tiktok.tracing.es.a(PG:3)
06-12 17:26:16.412  1729  2189 W A       : 	at com.google.common.w.a.bc.a(PG:1)
06-12 17:26:16.412  1729  2189 W A       : 	at com.google.common.w.a.cw.run(PG:4)
06-12 17:26:16.412  1729  2189 W A       : 	at com.google.android.libraries.i.z.run(PG:1)
06-12 17:26:16.412  1729  2189 W A       : 	at java.util.concurrent.ThreadPoolExecutor.runWorker(ThreadPoolExecutor.java:1145)
06-12 17:26:16.412  1729  2189 W A       : 	at java.util.concurrent.ThreadPoolExecutor$Worker.run(ThreadPoolExecutor.java:644)
06-12 17:26:16.412  1729  2189 W A       : 	at com.google.android.libraries.i.h.run(PG:2)
06-12 17:26:16.412  1729  2189 W A       : 	at java.lang.Thread.run(Thread.java:1012)
06-12 17:26:16.412  1729  2189 W A       : 	at com.google.android.libraries.i.ai.run(PG:5)
06-12 17:26:16.412  1729  2189 I A       : (REDACTED) #FCF evaluate: %s
06-12 17:26:16.412  1729  2189 I A       : (REDACTED) TngMaStatusChecker#evaluateInternal completed in %s millis
06-12 17:26:16.412  1729  2189 I Ma-Entry-Triggering: (REDACTED) TNG:MA status updated: %s
06-12 17:26:16.412  1729  2189 I Ma-Entry-Triggering: TNG:MA became ineligible, client should disconnect
06-12 17:26:16.412  1729  2189 I Ma-Entry-Triggering: #disconnectAndStop - preventing double stop
06-12 17:26:16.412  1729  2189 I A       : #invalidationSource: adding headset checker
06-12 17:26:16.412  1729  2189 I A       : #invalidationSource : adding a11y checker
06-12 17:26:16.413   891   891 W PageIndicator: Total number of pages invalid: 0. Assuming 1 page.
06-12 17:26:16.414  1869  2340 I A       : NGA disabled due to not being eligible.
