06-12 17:34:27.331  1688  2788 W AiAiFed : [AiAi SimpleStorage Federated Collection] Cancelling training failed [mode=FEDERATION, population=aiai/sysimg/search, session=search]
06-12 17:34:27.331  1688  2788 W AiAiFed : qhi: UNKNOWN
06-12 17:34:27.331  1688  2788 W AiAiFed : 	at qhg.i(Unknown Source:2)
06-12 17:34:27.331  1688  2788 W AiAiFed : 	at qur.Q(PG:2)
06-12 17:34:27.331  1688  2788 W AiAiFed : 	at qkv.a(PG:3)
06-12 17:34:27.331  1688  2788 W AiAiFed : 	at qlo.run(PG:2)
06-12 17:34:27.331  1688  2788 W AiAiFed : 	at qqt.run(PG:2)
06-12 17:34:27.331  1688  2788 W AiAiFed : 	at java.util.concurrent.ThreadPoolExecutor.runWorker(ThreadPoolExecutor.java:1145)
06-12 17:34:27.331  1688  2788 W AiAiFed : 	at java.util.concurrent.ThreadPoolExecutor$Worker.run(ThreadPoolExecutor.java:644)
06-12 17:34:27.331  1688  2788 W AiAiFed : 	at java.lang.Thread.run(Thread.java:1012)
06-12 17:34:27.331  1688  2787 W AiAiFed : [AiAi SimpleStorage Federated Collection] Cancelling training failed [mode=FEDERATION, population=aiai/sysimg/search, session=search]
06-12 17:34:27.331  1688  2787 W AiAiFed : java.lang.IllegalArgumentException: Unsupported response code3
06-12 17:34:27.331  1688  2787 W AiAiFed : 	at hci.run(PG:38)
06-12 17:34:27.331  1688  2787 W AiAiFed : 	at java.util.concurrent.ThreadPoolExecutor.runWorker(ThreadPoolExecutor.java:1145)
06-12 17:34:27.331  1688  2787 W AiAiFed : 	at java.util.concurrent.ThreadPoolExecutor$Worker.run(ThreadPoolExecutor.java:644)
06-12 17:34:27.331  1688  2787 W AiAiFed : 	at java.lang.Thread.run(Thread.java:1012)
06-12 17:34:27.332  1688  2788 W AiAiFed : [AiAi SimpleStorage Federated Collection] Cancelling training failed [mode=FEDERATION, population=aiai/sysimg/livetranslate, session=livetranslate]
06-12 17:34:27.332  1688  2788 W AiAiFed : qhi: UNKNOWN
06-12 17:34:27.332  1688  2788 W AiAiFed : 	at qhg.i(Unknown Source:2)
06-12 17:34:27.332  1688  2788 W AiAiFed : 	at qur.Q(PG:2)
06-12 17:34:27.332  1688  2788 W AiAiFed : 	at qkv.a(PG:3)
06-12 17:34:27.332  1688  2788 W AiAiFed : 	at qlo.run(PG:2)
06-12 17:34:27.332  1688  2788 W AiAiFed : 	at qqt.run(PG:2)
06-12 17:34:27.332  1688  2788 W AiAiFed : 	at java.util.concurrent.ThreadPoolExecutor.runWorker(ThreadPoolExecutor.java:1145)
06-12 17:34:27.332  1688  2788 W AiAiFed : 	at java.util.concurrent.ThreadPoolExecutor$Worker.run(ThreadPoolExecutor.java:644)
06-12 17:34:27.332  1688  2788 W AiAiFed : 	at java.lang.Thread.run(Thread.java:1012)
06-12 17:34:27.332  1688  2787 W AiAiFed : [AiAi SimpleStorage Federated Collection] Cancelling training failed [mode=FEDERATION, population=aiai/sysimg/livetranslate, session=livetranslate]
06-12 17:34:27.332  1688  2787 W AiAiFed : java.lang.IllegalArgumentException: Unsupported response code3
06-12 17:34:27.332  1688  2787 W AiAiFed : 	at hci.run(PG:38)
06-12 17:34:27.332  1688  2787 W AiAiFed : 	at java.util.concurrent.ThreadPoolExecutor.runWorker(ThreadPoolExecutor.java:1145)
06-12 17:34:27.332  1688  2787 W AiAiFed : 	at java.util.concurrent.ThreadPoolExecutor$Worker.run(ThreadPoolExecutor.java:644)
06-12 17:34:27.332  1688  2787 W AiAiFed : 	at java.lang.Thread.run(Thread.java:1012)
06-12 17:34:27.333  1790  2543 D nativeloader: Configuring clns-9 for other apk /system/framework/com.android.location.provider.jar. target_sdk_version=33, uses_libraries=ALL, library_path=/product/priv-app/PrebuiltGmsCore/lib/arm64:/product/priv-app/PrebuiltGmsCore/PrebuiltGmsCore.apk!/lib/arm64-v8a, permitted_path=/data:/mnt/expand
06-12 17:34:27.333  1790  2543 D ApplicationLoaders: Returning zygote-cached class loader: /system_ext/framework/androidx.window.extensions.jar
06-12 17:34:27.333  1790  2543 D ApplicationLoaders: Returning zygote-cached class loader: /system_ext/framework/androidx.window.sidecar.jar
06-12 17:34:27.333  1176  1214 I Launcher.IconCache: Database bulk icon loading failed, using fallback bulk icon loading for: ComponentInfo{com.google.android.googlequicksearchbox/com.google.android.googlequicksearchbox.SearchActivity}
06-12 17:34:27.334   540   540 V BackupManagerConstants: getFullBackupRequireCharging(...) returns true
06-12 17:34:27.334   540   540 D CompatibilityChangeReporter: Compat change id reported: 271850009; UID 1000; state: ENABLED
06-12 17:34:27.334   540   540 D CompatibilityChangeReporter: Compat change id reported: 253665015; UID 1000; state: ENABLED
06-12 17:34:27.334   540   540 D CompatibilityChangeReporter: Compat change id reported: 194532703; UID 1000; state: ENABLED
06-12 17:34:27.338  1790  2543 D nativeloader: Configuring product-clns-10 for unbundled product apk /product/priv-app/PrebuiltGmsCore/PrebuiltGmsCore.apk. target_sdk_version=33, uses_libraries=, library_path=/product/priv-app/PrebuiltGmsCore/lib/arm64:/product/priv-app/PrebuiltGmsCore/PrebuiltGmsCore.apk!/lib/arm64-v8a:/product/lib64:/system/product/lib64, permitted_path=/data:/mnt/expand:/product/lib64:/system/product/lib64
06-12 17:34:27.345   540   562 D ColorDisplayService: GlobalSaturationTintController Animation cancelled: false to matrix: 
06-12 17:34:27.345   540   562 D ColorDisplayService:        1.000000 0.000000 0.000000 0.000000 0.000000 1.000000 0.000000 0.000000 0.000000 0.000000 1.000000 0.000000 0.000000 0.000000 0.000000 1.000000 min matrix coefficients: 
06-12 17:34:27.345   540   562 D ColorDisplayService:        1.000000 0.000000 0.000000 0.000000 0.000000 1.000000 0.000000 0.000000 0.000000 0.000000 1.000000 0.000000 0.000000 0.000000 0.000000 1.000000 max matrix coefficients: 
06-12 17:34:27.345   540   562 D ColorDisplayService:        1.000000 0.000000 0.000000 0.000000 0.000000 1.000000 0.000000 0.000000 0.000000 0.000000 1.000000 0.000000 0.000000 0.000000 0.000000 1.000000
06-12 17:34:27.346  1721  2160 W VoiceInteractorReaper: Scheduling killing of process to refresh configuration
06-12 17:34:27.347  1791  2755 W TimedProcessReaper: Scheduling killing of process to refresh configuration
06-12 17:34:27.351  1791  2450 W ziparchive: Unable to open '/data/user_de/0/com.google.android.gms/app_chimera/m/00000005/GoogleCertificates.dm': No such file or directory
06-12 17:34:27.351  1791  2450 W ziparchive: Unable to open '/data/user_de/0/com.google.android.gms/app_chimera/m/00000005/GoogleCertificates.dm': No such file or directory
06-12 17:34:27.354  1488  1488 D BoundBrokerSvc: onBind: Intent { act=com.google.android.gms.nearby.sharing.START_SERVICE dat=chimera-action:/... cmp=com.google.android.gms/.chimera.PersistentApiServiceNoInstantApps }
06-12 17:34:27.354  1488  1488 D BoundBrokerSvc: Loading bound service for intent: Intent { act=com.google.android.gms.nearby.sharing.START_SERVICE dat=chimera-action:/... cmp=com.google.android.gms/.chimera.PersistentApiServiceNoInstantApps }
06-12 17:34:27.355  1176  1214 I Launcher.IconCache: Database bulk icon loading failed, using fallback bulk icon loading for: ComponentInfo{com.google.android.apps.docs/com.google.android.apps.docs.app.NewMainProxyActivity}
06-12 17:34:27.356  1690  2099 W MediaProvider: isAppCloneUserPair for user 0: false
06-12 17:34:27.356  1790  2543 I DynamiteModule: Considering local module com.google.android.gms.ads.dynamite:0 and remote module com.google.android.gms.ads.dynamite:231004600
06-12 17:34:27.357  1790  2543 I DynamiteModule: Selected remote version of com.google.android.gms.ads.dynamite, version >= 231004600
06-12 17:34:27.358  1488  1488 I NearbySharing: NearbySharingService onCreate [CONTEXT service_id=194 ]
06-12 17:34:27.359  1488  1488 W ChimeraUtils: Module com.google.android.gms.nearby missing resource null(0)
06-12 17:34:27.359  1488  1488 W ChimeraUtils: Module com.google.android.gms.nearby missing resource null(0)
06-12 17:34:27.364   540   986 D CompatibilityChangeReporter: Compat change id reported: 271850009; UID 10155; state: DISABLED
06-12 17:34:27.365   540   986 D ConnectivityService: requestNetwork for uid/pid:1000/540 asUid: 10155 activeRequest: null callbackRequest: 66 [NetworkRequest [ REQUEST id=67, [ Capabilities: INTERNET&NOT_RESTRICTED&TRUSTED&NOT_VCN_MANAGED Uid: 10155 RequestorUid: 1000 RequestorPkg: android UnderlyingNetworks: Null] ]] callback flags: 0 order: 2147483647
06-12 17:34:27.366   540   825 D ConnectivityService: NetReassign [no changes] [c 0] [a 0] [i 1]
06-12 17:34:27.370   540   540 W Looper  : Slow dispatch took 194ms main h=android.app.ActivityThread$H c=android.app.LoadedApk$ReceiverDispatcher$Args$$ExternalSyntheticLambda0@4492a77 m=0
06-12 17:34:27.373  1790  2543 W ziparchive: Unable to open '/data/user_de/0/com.google.android.gms/app_chimera/m/00000000/AdsDynamite.dm': No such file or directory
06-12 17:34:27.373  1790  2543 W ziparchive: Unable to open '/data/user_de/0/com.google.android.gms/app_chimera/m/00000000/AdsDynamite.dm': No such file or directory
06-12 17:34:27.375  2802  2802 I droid.deskclock: Using CollectorTypeCC GC.
06-12 17:34:27.379  1130  1130 I Telephony: AccountEntry: registerPstnPhoneAccount: Registering account=[[ ] PhoneAccount: ComponentInfo{com.android.phone/com.android.services.telephony.TelephonyConnectionService}, 1, UserHandle{0} Capabilities: CallProvider MultiUser PlaceEmerg SimSub  Audio Routes: BESW Schemes: tel voicemail  Extras: Bundle[{android.telecom.extra.SUPPORTS_VIDEO_CALLING_FALLBACK=true}] GroupId: ***] with Telecom. subId=1
06-12 17:34:27.379   540   540 W Looper  : Slow delivery took 321ms main h=android.app.ActivityThread$H c=android.app.LoadedApk$ReceiverDispatcher$Args$$ExternalSyntheticLambda0@5ce5668 m=0
06-12 17:34:27.380  1690  2099 W MediaProvider: isAppCloneUserPair for user 0: false
06-12 17:34:27.380  1690  2099 W MediaProvider: isAppCloneUserPair for user 0: false
06-12 17:34:27.381  1690  2099 W MediaProvider: isAppCloneUserPair for user 0: false
06-12 17:34:27.381  1690  2099 W MediaProvider: isAppCloneUserPair for user 0: false
06-12 17:34:27.381  1690  2099 W MediaProvider: isAppCloneUserPair for user 0: false
06-12 17:34:27.381  1690  2099 W MediaProvider: isAppCloneUserPair for user 0: false
06-12 17:34:27.381  1690  2099 W MediaProvider: isAppCloneUserPair for user 0: false
06-12 17:34:27.381  1690  2099 W MediaProvider: isAppCloneUserPair for user 0: false
06-12 17:34:27.381  1690  2099 W MediaProvider: isAppCloneUserPair for user 0: false
06-12 17:34:27.382  1690  2099 W MediaProvider: isAppCloneUserPair for user 0: false
06-12 17:34:27.383   540   986 I Telecom : : registerPhoneAccount: account=[[ ] PhoneAccount: ComponentInfo{com.android.phone/com.android.services.telephony.TelephonyConnectionService}, 1, UserHandle{0} Capabilities: CallProvider MultiUser PlaceEmerg SimSub  Audio Routes: BESW Schemes: tel voicemail  Extras: Bundle[{android.telecom.extra.SUPPORTS_VIDEO_CALLING_FALLBACK=true}] GroupId: ***]: TSI.rPA(cap)@AEs🔒
06-12 17:34:27.384   540   986 I Telecom : PhoneAccountRegistrar: Modify account: [ComponentInfo{com.android.phone/com.android.services.telephony.TelephonyConnectionService}, 1, UserHandle{0}]: TSI.rPA(cap)@AEs🔒
06-12 17:34:27.385   540   986 I Telecom : CallsManager: handlePhoneAccountChanged: phoneAccount=[[X] PhoneAccount: ComponentInfo{com.android.phone/com.android.services.telephony.TelephonyConnectionService}, 1, UserHandle{0} Capabilities: CallProvider MultiUser PlaceEmerg SimSub  Audio Routes: BESW Schemes: tel voicemail  Extras: Bundle[{android.telecom.extra.SUPPORTS_VIDEO_CALLING_FALLBACK=true}] GroupId: ***]: TSI.rPA(cap)@AEs🔒
06-12 17:34:27.387   540   986 I Telecom : PhoneAccountRegistrar: getSimCallManager: SimCallManager for subId 1 queried, returning: null: TSI.rPA(cap)@AEs🔒
06-12 17:34:27.387   540   986 I Telecom : PhoneAccountRegistrar: Notifying telephony of voice service override change for 1 SIMs, hasService = false: TSI.rPA(cap)@AEs🔒
06-12 17:34:27.388  1647  1923 W TimedProcessReaper: Scheduling killing of process to refresh configuration
06-12 17:34:27.388  1690  2547 D MediaGrants: Removed 0 media_grants for 0 user for com.dazong.smartscale. Reason: Mode changed: android:read_external_storage
06-12 17:34:27.388  1130  1130 I PhoneInterfaceManager: setVoiceServiceStateOverride: subId=1, phone=Handler (com.android.internal.telephony.GsmCdmaPhone) {c1ce085}, hasService=false, callingPackage=com.android.server.telecom
06-12 17:34:27.390  1130  1130 D TelephonyProvider: subId:1 mccmnc=310260 carrierId=1, match current APN size:  1
06-12 17:34:27.391   540   818 D WifiConfigStore: Writing to stores completed in 216 ms.
06-12 17:34:27.391  1791  2310 W A       : Account id is not cached
06-12 17:34:27.391   540   818 D WifiNetworkFactory: got request NetworkRequest [ REQUEST id=67, [ Capabilities: INTERNET&NOT_RESTRICTED&TRUSTED&NOT_VCN_MANAGED Uid: 10155 RequestorUid: 1000 RequestorPkg: android UnderlyingNetworks: Null] ]
06-12 17:34:27.391   540   818 D UntrustedWifiNetworkFactory: got request NetworkRequest [ REQUEST id=67, [ Capabilities: INTERNET&NOT_RESTRICTED&TRUSTED&NOT_VCN_MANAGED Uid: 10155 RequestorUid: 1000 RequestorPkg: android UnderlyingNetworks: Null] ]
06-12 17:34:27.391   540   818 D OemPaidWifiNetworkFactory: got request NetworkRequest [ REQUEST id=67, [ Capabilities: INTERNET&NOT_RESTRICTED&TRUSTED&NOT_VCN_MANAGED Uid: 10155 RequestorUid: 1000 RequestorPkg: android UnderlyingNetworks: Null] ]
06-12 17:34:27.391   540   818 D MultiInternetWifiNetworkFactory: got request NetworkRequest [ REQUEST id=67, [ Capabilities: INTERNET&NOT_RESTRICTED&TRUSTED&NOT_VCN_MANAGED Uid: 10155 RequestorUid: 1000 RequestorPkg: android UnderlyingNetworks: Null] ]
06-12 17:34:27.391   540   818 E WifiDataStall: onDataConnectionStateChanged unexpected State: -1
06-12 17:34:27.394  1130  1130 D TelephonyProvider: match MNO APN: 1
06-12 17:34:27.394  1130  1130 D TelephonyProvider: match carrier id APN: 0
06-12 17:34:27.395   540   625 D CompatibilityChangeReporter: Compat change id reported: 265195908; UID 10147; state: ENABLED
06-12 17:34:27.398  2644  2644 I GoogleTTSApplication: tts_android (null) was loaded normally!
06-12 17:34:27.398   540   540 W Looper  : Drained
06-12 17:34:27.400  1130  1130 D TelephonyProvider: subIdString = 1 subId = 1
06-12 17:34:27.400  1130  1130 D TelephonyProvider: getPreferredApnIdFromApn: for subId 1
06-12 17:34:27.402  1791  2818 I A       : load shared preferences: file not found
06-12 17:34:27.402  1791  1791 I BgTaskExecutorImpl: (REDACTED) Starting %s background task %s.
06-12 17:34:27.402  1130  1130 D TelephonyProvider: subIdString = 1 subId = 1
06-12 17:34:27.405  1791  2310 W A       : Account id is not cached
06-12 17:34:27.405  1791  2310 W A       : Account id is not cached
06-12 17:34:27.406  2046  2046 I ContactsUpgradeReceiver: Creating or opening contacts database
06-12 17:34:27.407  1791  2498 W A       : Account id is not cached
06-12 17:34:27.407  1130  1130 D MultiSimSettingController: notifySubscriptionInfoChanged
06-12 17:34:27.408   540   540 I TransportConnection: BackupTransportService#1: Notifying [TransportManager.registerTransport()] transport = BackupTransportClient
06-12 17:34:27.410  1130  1370 D CellBroadcastConfigTracker-0: IdleState message:5
06-12 17:34:27.410  1130  1370 D CellBroadcastConfigTracker-0: DefaultState message:5
06-12 17:34:27.411   540   831 E AppOps  : attributionTag VCN not declared in manifest of android
06-12 17:34:27.411   540  1543 D CompatibilityChangeReporter: Compat change id reported: 157233955; UID 1000; state: ENABLED
06-12 17:34:27.413  1688  2155 I AiAiSuperpacks: No superpacks to release, will no-op
06-12 17:34:27.413  1688  2154 I SP.AiAi : Starting garbage collection
06-12 17:34:27.414  2644  2831 W gle.android.tts: Accessing hidden field Ljava/util/Collections$SynchronizedCollection;->mutex:Ljava/lang/Object; (max-target-o, reflection, denied)
06-12 17:34:27.414  2644  2831 W gle.android.tts: Accessing hidden method Ljava/util/Collections$SynchronizedSet;-><init>(Ljava/util/Set;Ljava/lang/Object;)V (max-target-o, reflection, denied)
06-12 17:34:27.414  2644  2831 W gle.android.tts: Accessing hidden method Ljava/util/Collections$SynchronizedCollection;-><init>(Ljava/util/Collection;Ljava/lang/Object;)V (max-target-o, reflection, denied)
06-12 17:34:27.415  1688  2154 I SP.AiAi : GC for 'global' (1) with ttl of 172800000 ms took 0 ms (0/0/0)
06-12 17:34:27.415   540  2406 D PackageManager: Instant App installer not found with android.intent.action.INSTALL_INSTANT_APP_PACKAGE
06-12 17:34:27.415   540  2406 D PackageManager: Clear ephemeral installer activity
06-12 17:34:27.415   540   540 I AS.AudioService: onSubscriptionsChanged()
06-12 17:34:27.415  2644  2644 I Analytics: Running on TYPE_PHONE
06-12 17:34:27.417   540   816 W BestClock: java.time.DateTimeException: Missing network time fix
06-12 17:34:27.418  1488  1576 W bwft    : Succeeded but not registered: com.google.android.libraries.search.audio.device#com.google.android.googlequicksearchbox [CONTEXT service_id=51 ]
06-12 17:34:27.418  1488  1576 W bwft    : Succeeded but not registered: googledata.experiments.mobile.assistant.client_packages.component.nlu_ff.user#com.google.android.googlequicksearchbox [CONTEXT service_id=51 ]
06-12 17:34:27.419   540   816 W BestClock: java.time.DateTimeException: Missing network time fix
06-12 17:34:27.420  1488  1576 W bwft    : Succeeded but not registered: assistant_auto_tng_libraries_user#com.google.android.googlequicksearchbox [CONTEXT service_id=51 ]
06-12 17:34:27.420  1488  1576 W bwft    : Succeeded but not registered: com.google.android.apps.search.assistant.mobile.user#com.google.android.googlequicksearchbox [CONTEXT service_id=51 ]
06-12 17:34:27.425   540   960 D CompatibilityChangeReporter: Compat change id reported: 161145287; UID 10151; state: DISABLED
06-12 17:34:27.428  1791  2498 W A       : Account id is not cached
06-12 17:34:27.428  2644  2644 D CompatibilityChangeReporter: Compat change id reported: 183155436; UID 10151; state: ENABLED
06-12 17:34:27.430  1130  1130 D MultiSimSettingController: notifySubscriptionInfoChanged
06-12 17:34:27.430   540   960 D CompatibilityChangeReporter: Compat change id reported: 261072174; UID 10151; state: DISABLED
06-12 17:34:27.431   540   540 I AS.AudioService: onSubscriptionsChanged()
06-12 17:34:27.432  2644  2644 I SnapshotHandler: Unable to retrieve flag snapshot for com.google.android.tts#com.google.android.tts, using defaults.
06-12 17:34:27.432  1130  1370 D CellBroadcastConfigTracker-0: IdleState message:5
06-12 17:34:27.432  1130  1370 D CellBroadcastConfigTracker-0: DefaultState message:5
06-12 17:34:27.432  1130  1130 I CallNotifier: onCallForwardingIndicatorChanged(): subId=1, visible=N
06-12 17:34:27.433  1130  1130 D CallNotifier: updatePhoneStateListeners: update CF notifications.
06-12 17:34:27.433  1130  1130 I NotificationMgr: updateCfi: subId= 1, visible=N
06-12 17:34:27.433  1130  1130 I NotificationMgr: updateMwi(): subId 1 update to false
06-12 17:34:27.433  1548  1913 I Backup  : [GmsBackupAccountManager] Backup account not found in gmscore.
06-12 17:34:27.434  1130  1130 D MultiSimSettingController: onDefaultDataSettingChanged
06-12 17:34:27.435   540   831 E AppOps  : attributionTag VCN not declared in manifest of android
06-12 17:34:27.435  1130  1130 D MultiSimSettingController: isReadyToReevaluate: subInfoInitialized=true, carrierConfigsLoaded=true
06-12 17:34:27.438   540   831 E AppOps  : attributionTag VCN not declared in manifest of android
06-12 17:34:27.438  1791  2498 W A       : Account id is not cached
06-12 17:34:27.438  1791  2498 W A       : Account id is not cached
06-12 17:34:27.438  1791  2498 W A       : Account id is not cached
06-12 17:34:27.438  1791  2498 W A       : Account id is not cached
06-12 17:34:27.438  1791  2498 W A       : Account id is not cached
06-12 17:34:27.438  1791  2498 W A       : Account id is not cached
06-12 17:34:27.438  1791  2498 W A       : Account id is not cached
06-12 17:34:27.438  1791  2498 W A       : Account id is not cached
06-12 17:34:27.438  1791  2498 W A       : (REDACTED) Classic minus one created in TNG. [hsExp=%b moExp=%b gaFlag=%b
06-12 17:34:27.440   540   816 W BestClock: java.time.DateTimeException: Missing network time fix
06-12 17:34:27.442  1548  1548 D Backup  : [BackupScheduler] Setting backup scheduler enabled=false due to desired state 4
06-12 17:34:27.442   540   816 W BestClock: java.time.DateTimeException: Missing network time fix
06-12 17:34:27.447  1548  1548 D BoundBrokerSvc: onUnbind: Intent { act=com.google.android.gms.common.BIND_SHARED_PREFS pkg=com.google.android.gms }
06-12 17:34:27.457  1548  1913 V Backup  : [GmsBackupTransport] currentDestinationString: null
06-12 17:34:27.458  1130  1130 D CarrierSvcBindHelper: onHandleForceStop: [com.dazong.smartscale]
06-12 17:34:27.458  1130  1130 D CarrierSvcBindHelper: No carrier app for: 0
06-12 17:34:27.458  1130  1130 D CarrierSvcBindHelper: onPackageAdded: com.dazong.smartscale
06-12 17:34:27.458  1130  1130 D CarrierSvcBindHelper: No carrier app for: 0
06-12 17:34:27.459  1130  2018 D com.android.ons.ONSProfileActivator: ERR_AUTO_PROVISIONING_DISABLED
06-12 17:34:27.461   540  2410 I ActivityManager: Flag disabled. Ignoring finishAttachApplication from uid: 10151. pid: 2644
06-12 17:34:27.462  1791  2705 W TimedProcessReaper: Scheduling killing of process to refresh configuration
06-12 17:34:27.463  1791  2707 W earchbox:search: Long monitor contention with owner Blocking Thread #14 (2755) at void com.google.android.apps.gsa.k.d.d(com.google.android.apps.gsa.k.c)(PG:15) waiters=1 in void com.google.android.apps.gsa.k.d.d(com.google.android.apps.gsa.k.c) for 179ms
06-12 17:34:27.465  1791  2771 W TimedProcessReaper: Scheduling killing of process to refresh configuration
06-12 17:34:27.474  1056  1095 E SystemServiceRegistry: No service published for: ethernet
06-12 17:34:27.474  1056  1095 E SystemServiceRegistry: android.os.ServiceManager$ServiceNotFoundException: No service published for: ethernet
06-12 17:34:27.474  1056  1095 E SystemServiceRegistry: 	at android.os.ServiceManager.getServiceOrThrow(ServiceManager.java:166)
06-12 17:34:27.474  1056  1095 E SystemServiceRegistry: 	at android.app.SystemServiceRegistry$139.createService(SystemServiceRegistry.java:1872)
06-12 17:34:27.474  1056  1095 E SystemServiceRegistry: 	at android.app.SystemServiceRegistry$CachedServiceFetcher.getService(SystemServiceRegistry.java:1971)
06-12 17:34:27.474  1056  1095 E SystemServiceRegistry: 	at android.app.SystemServiceRegistry.getSystemService(SystemServiceRegistry.java:1645)
06-12 17:34:27.474  1056  1095 E SystemServiceRegistry: 	at android.app.ContextImpl.getSystemService(ContextImpl.java:2212)
06-12 17:34:27.474  1056  1095 E SystemServiceRegistry: 	at android.content.ContextWrapper.getSystemService(ContextWrapper.java:934)
06-12 17:34:27.474  1056  1095 E SystemServiceRegistry: 	at com.android.networkstack.tethering.Tethering.isEthernetSupported(Tethering.java:1582)
06-12 17:34:27.474  1056  1095 E SystemServiceRegistry: 	at com.android.networkstack.tethering.Tethering.makeSupportedDownstreams(Tethering.java:2550)
06-12 17:34:27.474  1056  1095 E SystemServiceRegistry: 	at com.android.networkstack.tethering.Tethering.updateSupportedDownstreams(Tethering.java:2524)
06-12 17:34:27.474  1056  1095 E SystemServiceRegistry: 	at com.android.networkstack.tethering.Tethering.updateConfiguration(Tethering.java:546)
06-12 17:34:27.474  1056  1095 E SystemServiceRegistry: 	at com.android.networkstack.tethering.Tethering.-$$Nest$mupdateConfiguration(Tethering.java:0)
06-12 17:34:27.474  1056  1095 E SystemServiceRegistry: 	at com.android.networkstack.tethering.Tethering$ActiveDataSubIdListener.onActiveDataSubscriptionIdChanged(Tethering.java:522)
06-12 17:34:27.474  1056  1095 E SystemServiceRegistry: 	at android.telephony.PhoneStateListener$IPhoneStateListenerStub.lambda$onActiveDataSubIdChanged$56(PhoneStateListener.java:1621)
06-12 17:34:27.474  1056  1095 E SystemServiceRegistry: 	at android.telephony.PhoneStateListener$IPhoneStateListenerStub$$ExternalSyntheticLambda38.run(Unknown Source:4)
06-12 17:34:27.474  1056  1095 E SystemServiceRegistry: 	at android.os.Handler.handleCallback(Handler.java:958)
06-12 17:34:27.474  1056  1095 E SystemServiceRegistry: 	at android.os.Handler.dispatchMessage(Handler.java:99)
06-12 17:34:27.474  1056  1095 E SystemServiceRegistry: 	at android.os.Looper.loopOnce(Looper.java:205)
06-12 17:34:27.474  1056  1095 E SystemServiceRegistry: 	at android.os.Looper.loop(Looper.java:294)
06-12 17:34:27.474  1056  1095 E SystemServiceRegistry: 	at android.os.HandlerThread.run(HandlerThread.java:67)
06-12 17:34:27.474   540  1685 D BackupTransportManager: [UserID:0] Transport com.google.android.gms/.backup.BackupTransportService registered
06-12 17:34:27.474   540  1685 D BackupManagerService: [UserID:0] Transport com.google.android.gms/.backup.BackupTransportService registered 4349ms after first request (delay = 3000ms)
06-12 17:34:27.479  1130  1436 D ImsResolver: maybeAddedImsService, packageName: com.dazong.smartscale
06-12 17:34:27.480  1488  1488 I NearbySharing: NearbySharingService created [CONTEXT service_id=194 ]
06-12 17:34:27.482  1130  1130 D MultiSimSettingController: onSubscriptionsChanged
06-12 17:34:27.482  1130  1130 D MultiSimSettingController: isReadyToReevaluate: subInfoInitialized=true, carrierConfigsLoaded=true
06-12 17:34:27.482  1130  1130 D MultiSimSettingController: updateDefaults
06-12 17:34:27.482  1130  1130 D MultiSimSettingController: isReadyToReevaluate: subInfoInitialized=true, carrierConfigsLoaded=true
06-12 17:34:27.482  1130  1130 D MultiSimSettingController: updateDefaultValues: change: 0
06-12 17:34:27.482  1488  1488 D BoundBrokerSvc: onBind: Intent { act=com.google.android.gms.scheduler.ACTION_PROXY_SCHEDULE dat=chimera-action:/... cmp=com.google.android.gms/.chimera.PersistentApiService }
06-12 17:34:27.482  1488  1488 D BoundBrokerSvc: Loading bound service for intent: Intent { act=com.google.android.gms.scheduler.ACTION_PROXY_SCHEDULE dat=chimera-action:/... cmp=com.google.android.gms/.chimera.PersistentApiService }
06-12 17:34:27.482  1130  1130 D MultiSimSettingController: isReadyToReevaluate: subInfoInitialized=true, carrierConfigsLoaded=true
06-12 17:34:27.482  1130  1130 D CallNotifier: updatePhoneStateListeners: update CF notifications.
06-12 17:34:27.482  1130  1130 I NotificationMgr: updateCfi: subId= 1, visible=N
06-12 17:34:27.483  1130  1130 I NotificationMgr: updateMwi(): subId 1 update to false
06-12 17:34:27.483  1130  1130 I Telephony: TelecomAccountRegistry: onSubscriptionsChanged - update accounts
06-12 17:34:27.483  1130  1130 I Telephony: PstnIncomingCallNotifier: Unregistering: [0]
06-12 17:34:27.483  1130  1130 D Telephony: Unregistering: Handler (com.android.internal.telephony.GsmCdmaPhone) {c1ce085}
06-12 17:34:27.483  1130  1130 I PhoneInterfaceManager: unregisterMmTelCapabilityCallback: 1 is inactive, ignoring unregister.
06-12 17:34:27.483  1130  1130 I PhoneInterfaceManager: unregisterImsRegistrationCallback: 1is inactive, ignoring unregister.
06-12 17:34:27.483  1130  1130 I Telephony: TelecomAccountRegistry: setupAccounts: Found 1 phones.  Attempting to register.
06-12 17:34:27.483  1130  1130 I Telephony: TelecomAccountRegistry: setupAccounts: Phone with subscription id 1
06-12 17:34:27.485  1130  1130 D Telephony: isEmergencyPreferredAccount: subId=1, activeData=-1
06-12 17:34:27.485  1130  1130 D Telephony: isEmergencyPreferredAccount: Device does not require preference.
06-12 17:34:27.485  1130  1130 I Telephony: isRttCurrentlySupported -- regular acct, hasVoiceAvailability: false
06-12 17:34:27.485  1130  1130 I Telephony:  isRttSupported: false
06-12 17:34:27.485  1130  1130 I Telephony:  alwaysAllowWhileRoaming: false
06-12 17:34:27.485  1130  1130 I Telephony:  isRoaming: false
06-12 17:34:27.485  1130  1130 I Telephony:  isOnWfc: false
06-12 17:34:27.487  1488  1488 W SystemServiceRegistry: No service published for: persistent_data_block
06-12 17:34:27.491   540  2398 D PackageManager: Instant App installer not found with android.intent.action.INSTALL_INSTANT_APP_PACKAGE
06-12 17:34:27.491   540  2398 D PackageManager: Clear ephemeral installer activity
06-12 17:34:27.492  1791  2309 I MicroDetectionState: (REDACTED) #takeChangeMicroDetectorMode [mIsBargeInEnabled: %b, mCurrentDetectionMode: %s, isHdmEnabled: %b]
06-12 17:34:27.493  1791  2309 I MicroDetectionState: (REDACTED) Should stop hotword detection immediately - %b
06-12 17:34:27.497  1176  1214 D LoaderTask: loadWorkspace
06-12 17:34:27.498  1801  2171 D CompatibilityChangeReporter: Compat change id reported: 183155436; UID 10156; state: ENABLED
06-12 17:34:27.499  2644  2644 I GoogleTtsServicePeer: Creating Google TTS service, version googletts.google-speech-apk_20230123.02_p3.506463867
06-12 17:34:27.504  1791  2707 W TimedProcessReaper: Scheduling killing of process to refresh configuration
06-12 17:34:27.506  2802  2802 E droid.deskclock: Not starting debugger since process cannot load the jdwp agent.
06-12 17:34:27.509   540  2409 D CompatibilityChangeReporter: Compat change id reported: 135634846; UID 10146; state: DISABLED
06-12 17:34:27.509   540  2409 D CompatibilityChangeReporter: Compat change id reported: 177438394; UID 10146; state: DISABLED
06-12 17:34:27.509   540  2409 D CompatibilityChangeReporter: Compat change id reported: 135772972; UID 10146; state: DISABLED
06-12 17:34:27.509   540  2409 D CompatibilityChangeReporter: Compat change id reported: 135754954; UID 10146; state: ENABLED
06-12 17:34:27.509  1791  2500 I A       : (REDACTED) GMSCore Auth returned %d accounts.
06-12 17:34:27.509  1791  2500 I A       : (REDACTED) GoogleOwnersProvider returned %d accounts.
06-12 17:34:27.511  1791  2310 E ApplicationPropertiesBu: (REDACTED) Date %s is out of expected range.
06-12 17:34:27.512  1791  2310 E ApplicationPropertiesBu: (REDACTED) Date %s is out of expected range.
06-12 17:34:27.513  1791  2310 E ApplicationPropertiesBu: (REDACTED) Date %s is out of expected range.
06-12 17:34:27.513   540   570 D CompatibilityChangeReporter: Compat change id reported: 143937733; UID 10146; state: ENABLED
06-12 17:34:27.516  1690  2560 V MediaProvider: onOpen() finished for internal.db
06-12 17:34:27.518  1690  2560 W ModernMediaScanner: Failed to visit /system/media: java.nio.file.NoSuchFileException: /system/media
06-12 17:34:27.518   540   554 D CompatibilityChangeReporter: Compat change id reported: 182734110; UID 10180; state: ENABLED
06-12 17:34:27.519  1690  2560 I MediaProvider: Scanned internal due to REASON_MOUNTED, found 0 items in 2ms, 0 inserts 0 updates 0 deletes
06-12 17:34:27.520  1690  2560 W ModernMediaScanner: Failed to visit /oem/media: java.nio.file.NoSuchFileException: /oem/media
06-12 17:34:27.520  1690  2560 I MediaProvider: Scanned internal due to REASON_MOUNTED, found 0 items in 1ms, 0 inserts 0 updates 0 deletes
06-12 17:34:27.523   350   350 D Zygote  : Forked child process 2860
06-12 17:34:27.523   540   570 I ActivityManager: Start proc 2860:com.android.chrome/u0a146 for service {com.android.chrome/org.chromium.chrome.browser.customtabs.CustomTabsConnectionService}
06-12 17:34:27.528  1548  1548 D BoundBrokerSvc: onBind: Intent { act=com.google.android.gms.checkin.START pkg=com.google.android.gms }
06-12 17:34:27.528  1548  1548 D BoundBrokerSvc: Loading bound service for intent: Intent { act=com.google.android.gms.checkin.START pkg=com.google.android.gms }
06-12 17:34:27.528  1801  2850 W ziparchive: Unable to open '/data/user_de/0/com.google.android.gms/app_chimera/m/00000002/DynamiteLoader.dm': No such file or directory
06-12 17:34:27.528  1801  2850 W ziparchive: Unable to open '/data/user_de/0/com.google.android.gms/app_chimera/m/00000002/DynamiteLoader.dm': No such file or directory
06-12 17:34:27.530  1488  2822 I NearbySharing: A new client has bound to the NearbySharingService ClientBridge for calling package com.google.android.gms [CONTEXT service_id=194 ]
06-12 17:34:27.535  1688  2806 W AiAiFed : [AiAi SimpleStorage Federated Collection] Cancelling training failed [mode=FEDERATION, population=aiai/sysimg/ambientcontext, session=ambientcontext]
06-12 17:34:27.535  1688  2806 W AiAiFed : qhi: UNKNOWN
06-12 17:34:27.535  1688  2806 W AiAiFed : 	at qhg.i(Unknown Source:2)
06-12 17:34:27.535  1688  2806 W AiAiFed : 	at qur.Q(PG:2)
06-12 17:34:27.535  1688  2806 W AiAiFed : 	at qkv.a(PG:3)
06-12 17:34:27.535  1688  2806 W AiAiFed : 	at qlo.run(PG:2)
06-12 17:34:27.535  1688  2806 W AiAiFed : 	at qqt.run(PG:2)
06-12 17:34:27.535  1688  2806 W AiAiFed : 	at java.util.concurrent.ThreadPoolExecutor.runWorker(ThreadPoolExecutor.java:1145)
06-12 17:34:27.535  1688  2806 W AiAiFed : 	at java.util.concurrent.ThreadPoolExecutor$Worker.run(ThreadPoolExecutor.java:644)
06-12 17:34:27.535  1688  2806 W AiAiFed : 	at java.lang.Thread.run(Thread.java:1012)
06-12 17:34:27.535  1688  2809 W AiAiFed : [AiAi SimpleStorage Federated Collection] Cancelling training failed [mode=FEDERATION, population=aiai/sysimg/pecanconversationfragmentevents, session=pecanconversationfragmentevents]
06-12 17:34:27.535  1688  2809 W AiAiFed : qhi: UNKNOWN
06-12 17:34:27.535  1688  2809 W AiAiFed : 	at qhg.i(Unknown Source:2)
06-12 17:34:27.535  1688  2809 W AiAiFed : 	at qur.Q(PG:2)
06-12 17:34:27.535  1688  2809 W AiAiFed : 	at qkv.a(PG:3)
06-12 17:34:27.535  1688  2809 W AiAiFed : 	at qlo.run(PG:2)
06-12 17:34:27.535  1688  2809 W AiAiFed : 	at qqt.run(PG:2)
06-12 17:34:27.535  1688  2809 W AiAiFed : 	at java.util.concurrent.ThreadPoolExecutor.runWorker(ThreadPoolExecutor.java:1145)
06-12 17:34:27.535  1688  2809 W AiAiFed : 	at java.util.concurrent.ThreadPoolExecutor$Worker.run(ThreadPoolExecutor.java:644)
06-12 17:34:27.535  1688  2809 W AiAiFed : 	at java.lang.Thread.run(Thread.java:1012)
06-12 17:34:27.535  1688  2805 W AiAiFed : [AiAi SimpleStorage Federated Collection] Cancelling training failed [mode=FEDERATION, population=aiai/sysimg/pecansearchqueryevents, session=pecansearchqueryevents]
06-12 17:34:27.535  1688  2805 W AiAiFed : qhi: UNKNOWN
06-12 17:34:27.535  1688  2805 W AiAiFed : 	at qhg.i(Unknown Source:2)
06-12 17:34:27.535  1688  2805 W AiAiFed : 	at qur.Q(PG:2)
06-12 17:34:27.535  1688  2805 W AiAiFed : 	at qkv.a(PG:3)
06-12 17:34:27.535  1688  2805 W AiAiFed : 	at qlo.run(PG:2)
06-12 17:34:27.535  1688  2805 W AiAiFed : 	at qqt.run(PG:2)
06-12 17:34:27.535  1688  2805 W AiAiFed : 	at java.util.concurrent.ThreadPoolExecutor.runWorker(ThreadPoolExecutor.java:1145)
06-12 17:34:27.535  1688  2805 W AiAiFed : 	at java.util.concurrent.ThreadPoolExecutor$Worker.run(ThreadPoolExecutor.java:644)
06-12 17:34:27.535  1688  2805 W AiAiFed : 	at java.lang.Thread.run(Thread.java:1012)
06-12 17:34:27.536  1688  2796 W AiAiFed : [AiAi SimpleStorage Federated Collection] Cancelling training failed [mode=FEDERATION, population=aiai/sysimg/ambientcontext, session=ambientcontext]
06-12 17:34:27.536  1688  2796 W AiAiFed : java.lang.IllegalArgumentException: Unsupported response code3
06-12 17:34:27.536  1688  2796 W AiAiFed : 	at hci.run(PG:38)
06-12 17:34:27.536  1688  2796 W AiAiFed : 	at java.util.concurrent.ThreadPoolExecutor.runWorker(ThreadPoolExecutor.java:1145)
06-12 17:34:27.536  1688  2796 W AiAiFed : 	at java.util.concurrent.ThreadPoolExecutor$Worker.run(ThreadPoolExecutor.java:644)
06-12 17:34:27.536  1688  2796 W AiAiFed : 	at java.lang.Thread.run(Thread.java:1012)
06-12 17:34:27.536  1688  2795 W AiAiFed : [AiAi SimpleStorage Federated Collection] Cancelling training failed [mode=FEDERATION, population=aiai/sysimg/pecansearchqueryevents, session=pecansearchqueryevents]
06-12 17:34:27.536  1688  2795 W AiAiFed : java.lang.IllegalArgumentException: Unsupported response code3
06-12 17:34:27.536  1688  2795 W AiAiFed : 	at hci.run(PG:38)
06-12 17:34:27.536  1688  2795 W AiAiFed : 	at java.util.concurrent.ThreadPoolExecutor.runWorker(ThreadPoolExecutor.java:1145)
06-12 17:34:27.536  1688  2795 W AiAiFed : 	at java.util.concurrent.ThreadPoolExecutor$Worker.run(ThreadPoolExecutor.java:644)
06-12 17:34:27.536  1688  2795 W AiAiFed : 	at java.lang.Thread.run(Thread.java:1012)
06-12 17:34:27.536  1488  2321 D CompatibilityChangeReporter: Compat change id reported: 150935354; UID 10127; state: ENABLED
06-12 17:34:27.536  1688  2800 W AiAiFed : [AiAi SimpleStorage Federated Collection] Cancelling training failed [mode=FEDERATION, population=aiai/sysimg/toastquery, session=toastquery]
06-12 17:34:27.536  1688  2800 W AiAiFed : java.lang.IllegalArgumentException: Unsupported response code3
06-12 17:34:27.536  1688  2800 W AiAiFed : 	at hci.run(PG:38)
06-12 17:34:27.536  1688  2800 W AiAiFed : 	at java.util.concurrent.ThreadPoolExecutor.runWorker(ThreadPoolExecutor.java:1145)
06-12 17:34:27.536  1688  2800 W AiAiFed : 	at java.util.concurrent.ThreadPoolExecutor$Worker.run(ThreadPoolExecutor.java:644)
06-12 17:34:27.536  1688  2800 W AiAiFed : 	at java.lang.Thread.run(Thread.java:1012)
06-12 17:34:27.538  2644  2644 I VoiceDataDownloader: voicesToFetch en-us
06-12 17:34:27.539  2644  2644 I VoiceDataDownloader: fetchVoiceInternal en-us
06-12 17:34:27.539  1790  1790 W YTPL.mediasession: MediaSession created
06-12 17:34:27.540  2644  2644 I GoogleTTSServiceImpl: currentLocale = en-US
06-12 17:34:27.543   896   896 D TileServices: Couldn't find tile for ComponentInfo{com.google.android.apps.wellbeing/com.google.android.apps.wellbeing.screen.ui.GrayscaleTileService}(0)
06-12 17:34:27.545   540  2409 I MediaSessionStack: addSession to bottom of stack | record: com.google.android.apps.youtube.music/YouTube playerlib (userId=0)
06-12 17:34:27.547  2644  2869 I VoiceDataDownloader: Not already initialized. Initializing Superpacks.
06-12 17:34:27.552  1130  1130 I Telephony: AccountEntry: registerPstnPhoneAccount: Registering account=[[ ] PhoneAccount: ComponentInfo{com.android.phone/com.android.services.telephony.TelephonyConnectionService}, 1, UserHandle{0} Capabilities: CallProvider MultiUser PlaceEmerg SimSub  Audio Routes: BESW Schemes: tel voicemail  Extras: Bundle[{android.telecom.extra.SUPPORTS_VIDEO_CALLING_FALLBACK=true}] GroupId: ***] with Telecom. subId=1
06-12 17:34:27.553   540  2410 I Telecom : : registerPhoneAccount: account=[[ ] PhoneAccount: ComponentInfo{com.android.phone/com.android.services.telephony.TelephonyConnectionService}, 1, UserHandle{0} Capabilities: CallProvider MultiUser PlaceEmerg SimSub  Audio Routes: BESW Schemes: tel voicemail  Extras: Bundle[{android.telecom.extra.SUPPORTS_VIDEO_CALLING_FALLBACK=true}] GroupId: ***]: TSI.rPA(cap)@AE4🔒
06-12 17:34:27.553   540  2410 I Telecom : PhoneAccountRegistrar: Modify account: [ComponentInfo{com.android.phone/com.android.services.telephony.TelephonyConnectionService}, 1, UserHandle{0}]: TSI.rPA(cap)@AE4🔒
06-12 17:34:27.553   540  2410 I Telecom : CallsManager: handlePhoneAccountChanged: phoneAccount=[[X] PhoneAccount: ComponentInfo{com.android.phone/com.android.services.telephony.TelephonyConnectionService}, 1, UserHandle{0} Capabilities: CallProvider MultiUser PlaceEmerg SimSub  Audio Routes: BESW Schemes: tel voicemail  Extras: Bundle[{android.telecom.extra.SUPPORTS_VIDEO_CALLING_FALLBACK=true}] GroupId: ***]: TSI.rPA(cap)@AE4🔒
06-12 17:34:27.554   540   540 D TextToSpeechManagerPerUserService: Connected successfully to TTS engine: com.google.android.tts
06-12 17:34:27.555  1101  1101 V MediaPlayerList: onActiveSessionsChanged: number of controllers: 0
06-12 17:34:27.555  1101  1101 V MediaPlayerList: onActiveSessionsChanged: number of controllers: 0
06-12 17:34:27.555  1101  1101 D AvrcpTargetJni: sendPlayerSettingsNative
06-12 17:34:27.555  1101  1101 I bt_stack: [INFO:avrcp_service.cc(551)] virtual void bluetooth::avrcp::AvrcpService::SendPlayerSettingsChanged(std::vector<PlayerAttribute>, std::vector<uint8_t>)
06-12 17:34:27.555  1101  1101 I bt_stack: [INFO:avrcp_service.cc(565)] attribute=PlayerAttribute::REPEAT : value=PlayerRepeatValue::OFF
06-12 17:34:27.555  1101  1101 I bt_stack: attribute=PlayerAttribute::SHUFFLE : value=PlayerShuffleValue::OFF
06-12 17:34:27.555  1101  1101 I bt_stack: 
06-12 17:34:27.557  1688  2724 I TextToSpeech: Connected to TTS engine
06-12 17:34:27.558   540  2410 I Telecom : PhoneAccountRegistrar: getSimCallManager: SimCallManager for subId 1 queried, returning: null: TSI.rPA(cap)@AE4🔒
06-12 17:34:27.558   540  2410 I Telecom : PhoneAccountRegistrar: Notifying telephony of voice service override change for 1 SIMs, hasService = false: TSI.rPA(cap)@AE4🔒
06-12 17:34:27.558  1130  1130 I PhoneInterfaceManager: setVoiceServiceStateOverride: subId=1, phone=Handler (com.android.internal.telephony.GsmCdmaPhone) {c1ce085}, hasService=false, callingPackage=com.android.server.telecom
06-12 17:34:27.558  1130  1130 I Telephony: AccountEntry: Registered phoneAccount: [[ ] PhoneAccount: ComponentInfo{com.android.phone/com.android.services.telephony.TelephonyConnectionService}, 1, UserHandle{0} Capabilities: CallProvider MultiUser PlaceEmerg SimSub  Audio Routes: BESW Schemes: tel voicemail  Extras: Bundle[{android.telecom.extra.SUPPORTS_VIDEO_CALLING_FALLBACK=true}] GroupId: ***] with handle: ComponentInfo{com.android.phone/com.android.services.telephony.TelephonyConnectionService}, 1, UserHandle{0}
06-12 17:34:27.558  1130  1130 I Telephony: PstnIncomingCallNotifier: Registering: [0]
06-12 17:34:27.558  1130  1130 D Telephony: Registering: Handler (com.android.internal.telephony.GsmCdmaPhone) {c1ce085}
06-12 17:34:27.558  1130  1130 W Telephony: registerMmTelCapabilityCallback: registration failed, no ImsService available. Exception: code: 1
06-12 17:34:27.558  1130  1130 W Telephony: registerImsRegistrationCallback: registration failed, no ImsService available. Exception: code: 1
06-12 17:34:27.558  1130  1130 D MultiSimSettingController: onSubscriptionsChanged
06-12 17:34:27.558  1130  1130 D MultiSimSettingController: isReadyToReevaluate: subInfoInitialized=true, carrierConfigsLoaded=true
06-12 17:34:27.558  1130  1130 D MultiSimSettingController: updateDefaults
06-12 17:34:27.558  1130  1130 D MultiSimSettingController: isReadyToReevaluate: subInfoInitialized=true, carrierConfigsLoaded=true
06-12 17:34:27.559  1130  1130 D MultiSimSettingController: updateDefaultValues: change: 0
06-12 17:34:27.559  1130  1130 D MultiSimSettingController: isReadyToReevaluate: subInfoInitialized=true, carrierConfigsLoaded=true
06-12 17:34:27.559  1130  1130 D CallNotifier: updatePhoneStateListeners: update CF notifications.
06-12 17:34:27.559  1130  1130 I NotificationMgr: updateCfi: subId= 1, visible=N
06-12 17:34:27.559  1130  1130 I NotificationMgr: updateMwi(): subId 1 update to false
06-12 17:34:27.559  1130  1130 I Telephony: TelecomAccountRegistry: onSubscriptionsChanged - update accounts
06-12 17:34:27.559  1130  1130 I Telephony: PstnIncomingCallNotifier: Unregistering: [0]
06-12 17:34:27.559  1130  1130 D Telephony: Unregistering: Handler (com.android.internal.telephony.GsmCdmaPhone) {c1ce085}
06-12 17:34:27.559  1130  1130 I PhoneInterfaceManager: unregisterMmTelCapabilityCallback: 1 is inactive, ignoring unregister.
06-12 17:34:27.559  1130  1130 I PhoneInterfaceManager: unregisterImsRegistrationCallback: 1is inactive, ignoring unregister.
06-12 17:34:27.560  1688  2646 W AiAiAutofill: Failed to set whitelist for augmented autofill service.
06-12 17:34:27.560  1688  2646 W AiAiAutofill: java.lang.SecurityException: caller is not user's Augmented Autofill Service
06-12 17:34:27.560  1688  2646 W AiAiAutofill: 	at android.view.autofill.AutofillManager.setAugmentedAutofillWhitelist(AutofillManager.java:2676)
06-12 17:34:27.560  1688  2646 W AiAiAutofill: 	at cjj.c(PG:7)
06-12 17:34:27.560  1688  2646 W AiAiAutofill: 	at cju.g(PG:8)
06-12 17:34:27.560  1688  2646 W AiAiAutofill: 	at cju.i(Unknown Source:3)
06-12 17:34:27.560  1688  2646 W AiAiAutofill: 	at cju.d(Unknown Source:2)
06-12 17:34:27.560  1688  2646 W AiAiAutofill: 	at cjk.d(PG:3)
06-12 17:34:27.560  1688  2646 W AiAiAutofill: 	at cfo.run(PG:45)
06-12 17:34:27.560  1688  2646 W AiAiAutofill: 	at dgq.run(PG:69)
06-12 17:34:27.560  1688  2646 W AiAiAutofill: 	at java.util.concurrent.Executors$RunnableAdapter.call(Executors.java:487)
06-12 17:34:27.560  1688  2646 W AiAiAutofill: 	at java.util.concurrent.FutureTask.run(FutureTask.java:264)
06-12 17:34:27.560  1688  2646 W AiAiAutofill: 	at java.util.concurrent.ScheduledThreadPoolExecutor$ScheduledFutureTask.run(ScheduledThreadPoolExecutor.java:307)
06-12 17:34:27.560  1688  2646 W AiAiAutofill: 	at java.util.concurrent.ThreadPoolExecutor.runWorker(ThreadPoolExecutor.java:1145)
06-12 17:34:27.560  1688  2646 W AiAiAutofill: 	at java.util.concurrent.ThreadPoolExecutor$Worker.run(ThreadPoolExecutor.java:644)
06-12 17:34:27.560  1688  2646 W AiAiAutofill: 	at dgq.run(PG:67)
06-12 17:34:27.560  1688  2646 W AiAiAutofill: 	at java.lang.Thread.run(Thread.java:1012)
06-12 17:34:27.560  1130  1130 I Telephony: TelecomAccountRegistry: setupAccounts: Found 1 phones.  Attempting to register.
06-12 17:34:27.560  1688  2646 I AiAiAutofill: Connected AiAiAugmentedAutofillService.
06-12 17:34:27.560  1130  1130 I Telephony: TelecomAccountRegistry: setupAccounts: Phone with subscription id 1
06-12 17:34:27.560  1130  1130 D Telephony: isEmergencyPreferredAccount: subId=1, activeData=-1
06-12 17:34:27.560  1130  1130 D Telephony: isEmergencyPreferredAccount: Device does not require preference.
06-12 17:34:27.564  2644  2869 I VoiceDataDownloader: Superpack object built.
06-12 17:34:27.564  1130  1130 I Telephony: isRttCurrentlySupported -- regular acct, hasVoiceAvailability: false
06-12 17:34:27.564  1130  1130 I Telephony:  isRttSupported: false
06-12 17:34:27.564  1130  1130 I Telephony:  alwaysAllowWhileRoaming: false
06-12 17:34:27.564  1130  1130 I Telephony:  isRoaming: false
06-12 17:34:27.564  1130  1130 I Telephony:  isOnWfc: false
06-12 17:34:27.564  2644  2869 I VoiceDataDownloader: Superpack slicing strategy registered
06-12 17:34:27.565  2644  2869 I VoiceDataDownloader: Superpack quota set for all voices.
06-12 17:34:27.567  1791  2310 W A       : (REDACTED) Exception while fetching versionCode for package[%s].
06-12 17:34:27.567  1791  2310 W A       : android.content.pm.PackageManager$NameNotFoundException: com.google.android.apps.tv.dreamx
06-12 17:34:27.567  1791  2310 W A       : 	at android.app.ApplicationPackageManager.getPackageInfoAsUser(ApplicationPackageManager.java:256)
06-12 17:34:27.567  1791  2310 W A       : 	at android.app.ApplicationPackageManager.getPackageInfo(ApplicationPackageManager.java:216)
06-12 17:34:27.567  1791  2310 W A       : 	at android.app.ApplicationPackageManager.getPackageInfo(ApplicationPackageManager.java:210)
06-12 17:34:27.567  1791  2310 W A       : 	at com.google.android.apps.gsa.staticplugins.ac.h.f(PG:342)
06-12 17:34:27.567  1791  2310 W A       : 	at com.google.android.apps.gsa.staticplugins.ac.h.a(PG:38)
06-12 17:34:27.567  1791  2310 W A       : 	at com.google.android.apps.gsa.staticplugins.ac.q.a(PG:1)
06-12 17:34:27.567  1791  2310 W A       : 	at com.google.android.libraries.gsa.k.a.f.a(PG:2)
06-12 17:34:27.567  1791  2310 W A       : 	at com.google.common.w.a.ea.a(PG:1)
06-12 17:34:27.567  1791  2310 W A       : 	at com.google.common.w.a.cw.run(PG:4)
06-12 17:34:27.567  1791  2310 W A       : 	at com.google.common.w.a.ec.run(PG:1)
06-12 17:34:27.567  1791  2310 W A       : 	at com.google.android.libraries.i.z.run(PG:1)
06-12 17:34:27.567  1791  2310 W A       : 	at java.util.concurrent.ThreadPoolExecutor.runWorker(ThreadPoolExecutor.java:1145)
06-12 17:34:27.567  1791  2310 W A       : 	at java.util.concurrent.ThreadPoolExecutor$Worker.run(ThreadPoolExecutor.java:644)
06-12 17:34:27.567  1791  2310 W A       : 	at com.google.android.libraries.i.h.run(PG:2)
06-12 17:34:27.567  1791  2310 W A       : 	at java.lang.Thread.run(Thread.java:1012)
06-12 17:34:27.567  1791  2310 W A       : 	at com.google.android.libraries.i.ai.run(PG:5)
06-12 17:34:27.567  1791  2310 W A       : (REDACTED) Failed to fetch versionCode for package[%s].
06-12 17:34:27.569  2860  2860 I .android.chrome: Using CollectorTypeCC GC.
06-12 17:34:27.570  2644  2869 I VoiceDataDownloader: Got bundled voice en-us-x-multi-r53
06-12 17:34:27.571  1791  2310 W A       : (REDACTED) Exception while fetching versionCode for package[%s].
06-12 17:34:27.571  1791  2310 W A       : android.content.pm.PackageManager$NameNotFoundException: com.google.android.apps.tv.launcherx
06-12 17:34:27.571  1791  2310 W A       : 	at android.app.ApplicationPackageManager.getPackageInfoAsUser(ApplicationPackageManager.java:256)
06-12 17:34:27.571  1791  2310 W A       : 	at android.app.ApplicationPackageManager.getPackageInfo(ApplicationPackageManager.java:216)
06-12 17:34:27.571  1791  2310 W A       : 	at android.app.ApplicationPackageManager.getPackageInfo(ApplicationPackageManager.java:210)
06-12 17:34:27.571  1791  2310 W A       : 	at com.google.android.apps.gsa.staticplugins.ac.h.f(PG:342)
06-12 17:34:27.571  1791  2310 W A       : 	at com.google.android.apps.gsa.staticplugins.ac.h.a(PG:38)
06-12 17:34:27.571  1791  2310 W A       : 	at com.google.android.apps.gsa.staticplugins.ac.q.a(PG:1)
06-12 17:34:27.571  1791  2310 W A       : 	at com.google.android.libraries.gsa.k.a.f.a(PG:2)
06-12 17:34:27.571  1791  2310 W A       : 	at com.google.common.w.a.ea.a(PG:1)
06-12 17:34:27.571  1791  2310 W A       : 	at com.google.common.w.a.cw.run(PG:4)
06-12 17:34:27.571  1791  2310 W A       : 	at com.google.common.w.a.ec.run(PG:1)
06-12 17:34:27.571  1791  2310 W A       : 	at com.google.android.libraries.i.z.run(PG:1)
06-12 17:34:27.571  1791  2310 W A       : 	at java.util.concurrent.ThreadPoolExecutor.runWorker(ThreadPoolExecutor.java:1145)
06-12 17:34:27.571  1791  2310 W A       : 	at java.util.concurrent.ThreadPoolExecutor$Worker.run(ThreadPoolExecutor.java:644)
06-12 17:34:27.571  1791  2310 W A       : 	at com.google.android.libraries.i.h.run(PG:2)
