06-12 17:34:26.713  1488  1576 W bwft    : Succeeded but not registered: com.google.android.apps.search.transcription.device#com.google.android.googlequicksearchbox [CONTEXT service_id=51 ]
06-12 17:34:26.715   540  2404 W ActivityManager: registerReceiverWithFeature: no app for null
06-12 17:34:26.717  1790  2562 W SQLiteLog: (28) double-quoted string literal: ""
06-12 17:34:26.717  1790  2562 W SQLiteLog: (28) double-quoted string literal: ""
06-12 17:34:26.718  1688  1688 I AiAiVC  : Connected AiAiContentCaptureService session.
06-12 17:34:26.718  2578  2578 W System  : No Compatibility callbacks set! Querying change 263076149
06-12 17:34:26.718  2578  2578 W System  : No Compatibility callbacks set! Querying change 263076149
06-12 17:34:26.718  2578  2578 W System  : No Compatibility callbacks set! Querying change 263076149
06-12 17:34:26.718  1688  2149 W AiAiEcho: LyftNotificationParser Ridesharing ETA not enabled
06-12 17:34:26.718  1688  2149 W AiAiEcho: SmartspaceNotificationPredictor no parser can handle this notification or notification is invalid
06-12 17:34:26.721  2549  2549 V GraphicsEnvironment: Currently set values for:
06-12 17:34:26.721  2549  2549 V GraphicsEnvironment:   angle_gl_driver_selection_pkgs=[]
06-12 17:34:26.721  2549  2549 V GraphicsEnvironment:   angle_gl_driver_selection_values=[]
06-12 17:34:26.721  2549  2549 V GraphicsEnvironment: ANGLE GameManagerService for com.android.imsserviceentitlement: false
06-12 17:34:26.721  2549  2549 V GraphicsEnvironment: com.android.imsserviceentitlement is not listed in per-application setting
06-12 17:34:26.721  2549  2549 V GraphicsEnvironment: Neither updatable production driver nor prerelease driver is supported.
06-12 17:34:26.723  2549  2549 W FirebaseApp: Default FirebaseApp failed to initialize because no default options were found. This usually means that com.google.gms:google-services was not applied to your gradle project.
06-12 17:34:26.723  2549  2549 I FirebaseInitProvider: FirebaseApp initialization unsuccessful
06-12 17:34:26.727   540  2407 I Telecom : PhoneAccountRegistrar: setUserSelectedOutgoingPhoneAccount: ComponentInfo{com.android.phone/com.android.services.telephony.TelephonyConnectionService}, 1, UserHandle{0}: TSI.sUSOPA@AEg🔒
06-12 17:34:26.727   540  2407 I Telecom : PhoneAccountRegistrar: setUserSelectedOutgoingPhoneAccount: no change to voice sub: TSI.sUSOPA@AEg🔒
06-12 17:34:26.729   540  2407 I ActivityManager: Flag disabled. Ignoring finishAttachApplication from uid: 10083. pid: 2220
06-12 17:34:26.731   540  2407 I ActivityManager: Flag disabled. Ignoring finishAttachApplication from uid: 10128. pid: 2549
06-12 17:34:26.731  1791  1791 I ImeTracker: com.google.android.googlequicksearchbox:search:11764e2a: onRequestHide at ORIGIN_CLIENT_HIDE_SOFT_INPUT reason HIDE_SOFT_INPUT
06-12 17:34:26.731  1791  2244 W TimedProcessReaper: Scheduling killing of process to refresh configuration
06-12 17:34:26.731  1791  2526 W TimedProcessReaper: Scheduling killing of process to refresh configuration
06-12 17:34:26.732  1604  1922 W native  : W0000 00:00:1781256866.731933    1922 dynamic-lm.cc:768] Cannot load dynamic lm from /data/user/0/com.google.android.inputmethod.latin/files/personal/Personal.en_US.dict, openBuffer failed.
06-12 17:34:26.732  1690  2099 D MediaProvider: Starting migration from legacy provider
06-12 17:34:26.732  1791  1791 I ImeTracker: com.google.android.googlequicksearchbox:search:11764e2a: onFailed at PHASE_CLIENT_VIEW_SERVED
06-12 17:34:26.735  1176  1879 E OpenGLRenderer: Unable to match the desired swap behavior.
06-12 17:34:26.737  1791  2498 I A       : getLocaleToModelSpecsMap
06-12 17:34:26.738  1790  2563 W s.youtube.music: Long monitor contention with owner BG Thread #9 (2562) at apfy wqa.s()(PG:3) waiters=0 in apfy wqa.t() for 611ms
06-12 17:34:26.738  1790  2563 W SQLiteLog: (28) double-quoted string literal: ""
06-12 17:34:26.738  1790  2563 W SQLiteLog: (28) double-quoted string literal: ""
06-12 17:34:26.738  1790  2564 W s.youtube.music: Long monitor contention with owner BG Thread #9 (2562) at apfy wqa.s()(PG:3) waiters=1 in apfy wqa.r() for 530ms
06-12 17:34:26.747  1488  1574 W bwft    : Succeeded but not registered: com.google.android.libraries.performance.primes#com.google.android.googlequicksearchbox [CONTEXT service_id=51 ]
06-12 17:34:26.748  1488  1574 W bwft    : Succeeded but not registered: com.google.android.apps.search.assistant.device#com.google.android.googlequicksearchbox [CONTEXT service_id=51 ]
06-12 17:34:26.749  1688  2154 I SP.AiAi : Scheduling: download registered, 0 started, 0 paused, 4 scheduled, 4 pending: manifests:webref-2-en-us-19071200 * {m:b:u:l, bg}, manifests:kg_collections_table-21051103 * {W:b:u:l, bg}, manifests:actions-ranking-table-211005 * {W:b:u:l, bg}, manifests:spelling_correction-22110320 * {W:b:I:l, bg}
06-12 17:34:26.750  2549  2549 D CompatibilityChangeReporter: Compat change id reported: 183155436; UID 10128; state: ENABLED
06-12 17:34:26.758  1688  2150 I AiAiFedAss: [AiAi Ekho] *** enabled *** [mode=FEDERATION, population=aiai/ekho]
06-12 17:34:26.762   540  2407 D CompatibilityChangeReporter: Compat change id reported: 161252188; UID 1000; state: DISABLED
06-12 17:34:26.762  1130  1130 D MultiSimSettingController: isReadyToReevaluate: subInfoInitialized=true, carrierConfigsLoaded=true
06-12 17:34:26.763  1488  1576 W bwft    : Succeeded but not registered: com.google.android.apps.search.lens.device#com.google.android.googlequicksearchbox [CONTEXT service_id=51 ]
06-12 17:34:26.767  1791  2498 I A       : Proto config empty. Exit merge.
06-12 17:34:26.767  1790  2551 D CompatibilityChangeReporter: Compat change id reported: 194532703; UID 10155; state: ENABLED
06-12 17:34:26.767  1791  1791 D CompatibilityChangeReporter: Compat change id reported: 237531167; UID 10132; state: DISABLED
06-12 17:34:26.767  1488  1574 W bwft    : Succeeded but not registered: googledata.experiments.mobile.assistant.client_packages.component.nlu_ff.device#com.google.android.googlequicksearchbox [CONTEXT service_id=51 ]
06-12 17:34:26.768  1791  1791 W OpenGLRenderer: Unknown dataspace 0
06-12 17:34:26.772  2644  2644 I gle.android.tts: Using CollectorTypeCC GC.
06-12 17:34:26.773  1688  2241 I WM-WorkerWrapper: Worker result SUCCESS for Work [ id=4cfc55b4-8d16-4219-b909-940b901f2a78, tags={ com.google.android.apps.miphone.aiai.chronicle.data.storage.datacache.workmanager.UpdateDataCacheStorageWorker, UpdateDataCacheStorageWorker } ]
06-12 17:34:26.774  1688  2241 I WM-WorkerWrapper: Worker result SUCCESS for Work [ id=f0bd98e2-a621-496b-b5c0-05b0997abd4b, tags={ com.google.android.apps.miphone.aiai.chronicle.data.storage.simplestorage.impl.SimpleStorageMaintenanceWorker } ]
06-12 17:34:26.774  1790  2551 D CompatibilityChangeReporter: Compat change id reported: 253665015; UID 10155; state: DISABLED
06-12 17:34:26.774  1791  2527 W TimedProcessReaper: Scheduling killing of process to refresh configuration
06-12 17:34:26.774  1791  2527 W TimedProcessReaper: Scheduling killing of process to refresh configuration
06-12 17:34:26.775  1488  1574 W bwft    : Succeeded but not registered: assistant_auto_tng_libraries_device#com.google.android.googlequicksearchbox [CONTEXT service_id=51 ]
06-12 17:34:26.775  1721  2161 W VoiceInteractorReaper: Scheduling killing of process to refresh configuration
06-12 17:34:26.778  2644  2644 E gle.android.tts: Not starting debugger since process cannot load the jdwp agent.
06-12 17:34:26.793  2602  2602 V GraphicsEnvironment: Currently set values for:
06-12 17:34:26.793  2602  2602 V GraphicsEnvironment:   angle_gl_driver_selection_pkgs=[]
06-12 17:34:26.793  2602  2602 V GraphicsEnvironment:   angle_gl_driver_selection_values=[]
06-12 17:34:26.793  2602  2602 V GraphicsEnvironment: ANGLE GameManagerService for com.android.localtransport: false
06-12 17:34:26.793  2602  2602 V GraphicsEnvironment: com.android.localtransport is not listed in per-application setting
06-12 17:34:26.794  2602  2602 V GraphicsEnvironment: Neither updatable production driver nor prerelease driver is supported.
06-12 17:34:26.795   540  1332 D CompatibilityChangeReporter: Compat change id reported: 253665015; UID 10155; state: DISABLED
06-12 17:34:26.795   540  1332 D CompatibilityChangeReporter: Compat change id reported: 194532703; UID 10155; state: ENABLED
06-12 17:34:26.795   896   987 D LocalImageResolver: Couldn't use ImageDecoder for drawable, falling back to non-resized load.
06-12 17:34:26.798   540  2407 I ActivityManager: Flag disabled. Ignoring finishAttachApplication from uid: 1000. pid: 2602
06-12 17:34:26.801   540  1802 I AppWidgetServiceImpl: Bound widget 2 to provider ProviderId{user:0, app:10147, cmp:ComponentInfo{com.google.android.deskclock/com.android.alarmclock.AnalogAppWidgetProvider}}
06-12 17:34:26.806  1604  1922 I PersonalLanguageModelUpdater: PersonalLanguageModelUpdater$UpdateOperation.performInternal():162 run() : Added 0 words and 0 shortcuts
06-12 17:34:26.806  1604  1922 I DynamicLanguageModelOperation: DynamicLanguageModelOperation.perform():41 perform() : 4 : cje : Completed
06-12 17:34:26.806   540  2342 D CompatibilityChangeReporter: Compat change id reported: 154726397; UID 10127; state: ENABLED
06-12 17:34:26.806   540  2342 D CompatibilityChangeReporter: Compat change id reported: 154726397; UID 10127; state: DISABLED
06-12 17:34:26.806  1604  1905 I SP      : Registering emoticon_content_description.2022081613, url: https://www.gstatic.com/android/keyboard/emoticon_content_desc/202208161305/superpacks_manifest.json, constraints: W:*:*:*, flags: bg, requested: 2022081613, current: -1
06-12 17:34:26.807  1604  1604 I ShortcutsDataManager: AbstractContentDataManager$ImportContentTask.onPostExecute():259 onPostExecute() : Result = [2,0]
06-12 17:34:26.807  1604  1604 I ShortcutsDataManager: ShortcutsDataManager.onImportFinished():80 onImportFinished() : Result = 2 : Count = 0
06-12 17:34:26.809  1604  1875 I SnapshotHandler: Unable to retrieve flag snapshot for com.google.android.libraries.consentverifier#com.google.android.inputmethod.latin, using defaults.
06-12 17:34:26.818  1791  2498 I MicroDetectionWorker: (REDACTED) Initializing MicroDataManager InitializeType-%d, isForced-%b, isActivePhoneEnrollment-%b isActiveGoogleHomeEnrollment-%b
06-12 17:34:26.818  1690  2560 D MediaProvider: Starting migration from legacy provider
06-12 17:34:26.820  1791  2498 W A       : Account id is not cached
06-12 17:34:26.821   540  2398 W PackageManager: Default package for ROLE_HOME is not set in RoleManager
06-12 17:34:26.822  1176  1214 D DefaultLayoutParser: Can't find widget provider: com.google.android.apps.googletv.app.presentation.widgets.toppicks.TopPicksWidgetReceiver
06-12 17:34:26.825  2220  2334 V MediaProvider: onConfigure() for external.db
06-12 17:34:26.826  1791  1791 I BgTaskExecutorImpl: (REDACTED) Starting %s background task %s.
06-12 17:34:26.826  2220  2334 V MediaProvider: onCreate() for external.db
06-12 17:34:26.829  1791  2498 W SearchServiceCore: Abort, client detached.
06-12 17:34:26.830  1791  2498 W SearchServiceCore: Abort, client detached.
06-12 17:34:26.830  1791  2498 W SearchServiceCore: Abort, client detached.
06-12 17:34:26.830  1791  2498 W SearchServiceCore: Abort, client detached.
06-12 17:34:26.830  2220  2334 V MediaProvider: onOpen() for external.db
06-12 17:34:26.830  1791  2498 W SearchServiceCore: Abort, client detached.
06-12 17:34:26.830  1791  2498 W SearchServiceCore: Abort, client detached.
06-12 17:34:26.831  1791  2498 W SearchServiceCore: Abort, client detached.
06-12 17:34:26.831  1791  2498 W SearchServiceCore: Abort, client detached.
06-12 17:34:26.831  1791  2312 I A       : getLocaleToModelSpecsMap
06-12 17:34:26.831  1791  2312 I A       : Proto config empty. Exit merge.
06-12 17:34:26.831  1690  2099 D MediaProvider: Finished migration from legacy provider
06-12 17:34:26.841  1369  1369 D CellBroadcastReceiver: onReceive Intent { act=android.telephony.action.CARRIER_CONFIG_CHANGED flg=0x15000010 cmp=com.google.android.cellbroadcastreceiver/com.android.cellbroadcastreceiver.CellBroadcastReceiver (has extras) }
06-12 17:34:26.842  1369  1369 D CBChannelManager: Clear channel range list
06-12 17:34:26.842  1369  1369 D CellBroadcastReceiver: initializeSharedPreference
06-12 17:34:26.842  1369  1369 D CellBroadcastReceiver: subId=1 defaultSubId=1
06-12 17:34:26.842  1369  1369 D CellBroadcastReceiver: ignoring carrier config broadcast for subId=1 for first boot
06-12 17:34:26.845  2220  2328 V MediaProvider: onConfigure() for internal.db
06-12 17:34:26.847  2220  2328 V MediaProvider: onCreate() for internal.db
06-12 17:34:26.848  1791  2526 I A       : Updating Gservices keys
06-12 17:34:26.852  1791  2309 I MicroDetectionState: (REDACTED) #takeChangeMicroDetectorMode [mIsBargeInEnabled: %b, mCurrentDetectionMode: %s, isHdmEnabled: %b]
06-12 17:34:26.852  1791  2309 I MicroDetectionState: (REDACTED) Should stop hotword detection immediately - %b
06-12 17:34:26.854  1419  1472 D LegacyCellBroadcastContentProvider: call: method=get_preference name=enable_cmas_amber_alerts args=null
06-12 17:34:26.860  1369  1369 D CellBroadcastReceiver: migrateSharedPreferenceFromLegacy: unsupported key: enable_cmas_amber_alerts
06-12 17:34:26.861  1419  1445 D LegacyCellBroadcastContentProvider: call: method=get_preference name=enable_area_update_info_alerts args=null
06-12 17:34:26.861  1369  1369 D CellBroadcastReceiver: migrateSharedPreferenceFromLegacy: unsupported key: enable_area_update_info_alerts
06-12 17:34:26.862  1419  1445 D LegacyCellBroadcastContentProvider: call: method=get_preference name=enable_test_alerts args=null
06-12 17:34:26.862  1369  1369 D CellBroadcastReceiver: migrateSharedPreferenceFromLegacy: unsupported key: enable_test_alerts
06-12 17:34:26.862  1419  1445 D LegacyCellBroadcastContentProvider: call: method=get_preference name=enable_state_local_test_alerts args=null
06-12 17:34:26.862  1369  1369 D CellBroadcastReceiver: migrateSharedPreferenceFromLegacy: unsupported key: enable_state_local_test_alerts
06-12 17:34:26.862  1419  1445 D LegacyCellBroadcastContentProvider: call: method=get_preference name=enable_public_safety_messages args=null
06-12 17:34:26.862  1369  1369 D CellBroadcastReceiver: migrateSharedPreferenceFromLegacy: unsupported key: enable_public_safety_messages
06-12 17:34:26.862  1419  1445 D LegacyCellBroadcastContentProvider: call: method=get_preference name=enable_cmas_severe_threat_alerts args=null
06-12 17:34:26.862  1369  1369 D CellBroadcastReceiver: migrateSharedPreferenceFromLegacy: unsupported key: enable_cmas_severe_threat_alerts
06-12 17:34:26.862  1419  1445 D LegacyCellBroadcastContentProvider: call: method=get_preference name=enable_cmas_extreme_threat_alerts args=null
06-12 17:34:26.862  1369  1369 D CellBroadcastReceiver: migrateSharedPreferenceFromLegacy: unsupported key: enable_cmas_extreme_threat_alerts
06-12 17:34:26.862  1419  1445 D LegacyCellBroadcastContentProvider: call: method=get_preference name=enable_cmas_presidential_alerts args=null
06-12 17:34:26.862  1369  1369 D CellBroadcastReceiver: migrateSharedPreferenceFromLegacy: unsupported key: enable_cmas_presidential_alerts
06-12 17:34:26.862  1419  1445 D LegacyCellBroadcastContentProvider: call: method=get_preference name=enable_emergency_alerts args=null
06-12 17:34:26.862  1369  1369 D CellBroadcastReceiver: migrateSharedPreferenceFromLegacy: unsupported key: enable_emergency_alerts
06-12 17:34:26.862  1419  1445 D LegacyCellBroadcastContentProvider: call: method=get_preference name=enable_alert_vibrate args=null
06-12 17:34:26.862  1369  1369 D CellBroadcastReceiver: migrateSharedPreferenceFromLegacy: unsupported key: enable_alert_vibrate
06-12 17:34:26.862  1419  1445 D LegacyCellBroadcastContentProvider: call: method=get_preference name=receive_cmas_in_second_language args=null
06-12 17:34:26.862  1369  1369 D CellBroadcastReceiver: migrateSharedPreferenceFromLegacy: unsupported key: receive_cmas_in_second_language
06-12 17:34:26.862  1419  1445 D LegacyCellBroadcastContentProvider: call: method=get_preference name=enable_alerts_master_toggle args=null
06-12 17:34:26.862  1369  1369 D CellBroadcastReceiver: migrateSharedPreferenceFromLegacy: unsupported key: enable_alerts_master_toggle
06-12 17:34:26.862  1419  1445 D LegacyCellBroadcastContentProvider: call: method=get_preference name=alert_reminder_interval args=null
06-12 17:34:26.862  1369  1369 D CellBroadcastReceiver: migrateSharedPreferenceFromLegacy: unsupported key: alert_reminder_interval
06-12 17:34:26.867  1369  1369 D CellBroadcastReceiver: Default interval changed from 0 to 2
06-12 17:34:26.868  1690  2099 V MediaProvider: onOpen() finished for external.db
06-12 17:34:26.869  1791  2312 I MicroDataManager: (REDACTED) Location for model with model type: %s and locale: %s, is : %s
06-12 17:34:26.869  1791  2312 I MicroModelsUtil: (REDACTED) #getHotwordModel [locale: %s, modelType: %s]
06-12 17:34:26.870  1690  1746 W FuseDaemon: Long monitor contention with owner fg (2099) at android.database.sqlite.SQLiteDatabase android.database.sqlite.SQLiteOpenHelper.getWritableDatabase()(SQLiteOpenHelper.java:316) waiters=0 in android.database.sqlite.SQLiteDatabase android.database.sqlite.SQLiteOpenHelper.getWritableDatabase() for 1.248s
06-12 17:34:26.870  1690  1746 D MediaGrants: Removed 0 media_grants for 0 user for com.dazong.smartscale. Reason: Mode changed: android:read_external_storage
06-12 17:34:26.871   540   625 D CompatibilityChangeReporter: Compat change id reported: 265195908; UID 10090; state: ENABLED
06-12 17:34:26.875   540  2398 D ConnectivityService: requestNetwork for uid/pid:10155/1790 activeRequest: null callbackRequest: 63 [NetworkRequest [ REQUEST id=64, [ Capabilities: INTERNET&NOT_RESTRICTED&TRUSTED&NOT_VCN_MANAGED Uid: 10155 RequestorUid: 10155 RequestorPkg: com.google.android.apps.youtube.music UnderlyingNetworks: Null] ]] callback flags: 0 order: 2147483647
06-12 17:34:26.876   540   825 D ConnectivityService: NetReassign [no changes] [c 0] [a 0] [i 1]
06-12 17:34:26.876   540   818 D WifiNetworkFactory: got request NetworkRequest [ REQUEST id=64, [ Capabilities: INTERNET&NOT_RESTRICTED&TRUSTED&NOT_VCN_MANAGED Uid: 10155 RequestorUid: 10155 RequestorPkg: com.google.android.apps.youtube.music UnderlyingNetworks: Null] ]
06-12 17:34:26.876   540   818 D UntrustedWifiNetworkFactory: got request NetworkRequest [ REQUEST id=64, [ Capabilities: INTERNET&NOT_RESTRICTED&TRUSTED&NOT_VCN_MANAGED Uid: 10155 RequestorUid: 10155 RequestorPkg: com.google.android.apps.youtube.music UnderlyingNetworks: Null] ]
06-12 17:34:26.876   540   818 D OemPaidWifiNetworkFactory: got request NetworkRequest [ REQUEST id=64, [ Capabilities: INTERNET&NOT_RESTRICTED&TRUSTED&NOT_VCN_MANAGED Uid: 10155 RequestorUid: 10155 RequestorPkg: com.google.android.apps.youtube.music UnderlyingNetworks: Null] ]
06-12 17:34:26.876   540   818 D MultiInternetWifiNetworkFactory: got request NetworkRequest [ REQUEST id=64, [ Capabilities: INTERNET&NOT_RESTRICTED&TRUSTED&NOT_VCN_MANAGED Uid: 10155 RequestorUid: 10155 RequestorPkg: com.google.android.apps.youtube.music UnderlyingNetworks: Null] ]
06-12 17:34:26.876  1369  1369 D CellBroadcastReceiver: disable launcher activity: com.android.cellbroadcastreceiver.CellBroadcastListLauncherActivity
06-12 17:34:26.877  1690  2099 D MediaGrants: Removed 0 existing media_grants
06-12 17:34:26.879   540   554 D PackageManager: Instant App installer not found with android.intent.action.INSTALL_INSTANT_APP_PACKAGE
06-12 17:34:26.879   540   554 D PackageManager: Clear ephemeral installer activity
06-12 17:34:26.894  2578  2578 W Monkey  : ** SYS_KEYS has no physical keys but with factor 2.0%.
06-12 17:34:26.895  1130  1130 W FeatureConnection: getRegistrationTech: ImsRegistration is null
06-12 17:34:26.898  2578  2578 I app_process: System.exit called, status: -5
06-12 17:34:26.898  2578  2578 I AndroidRuntime: VM exiting with result code -5.
06-12 17:34:26.900   540   825 D ConnectivityService: NetReassign [no changes] [c 0] [a 0] [i 0]
06-12 17:34:26.905  1369  1369 D CellBroadcastReceiver: Start Cell Broadcast configuration for intent=ACTION_ENABLE_CHANNELS
06-12 17:34:26.907   896   987 D LocalImageResolver: Couldn't use ImageDecoder for drawable, falling back to non-resized load.
06-12 17:34:26.907   540   967 D CoreBackPreview: Window{ba0fc81 u0 com.google.android.apps.nexuslauncher/com.google.android.apps.nexuslauncher.NexusLauncherActivity}: Setting back callback OnBackInvokedCallbackInfo{mCallback=android.window.IOnBackInvokedCallback$Stub$Proxy@4d57f47, mPriority=0, mIsAnimationCallback=false}
06-12 17:34:26.908   386   888 W ServiceManagerCppClient: Permission failure: android.permission.ROTATE_SURFACE_FLINGER from uid=10132 pid=0
06-12 17:34:26.908   386   888 D PermissionCache: checking android.permission.ROTATE_SURFACE_FLINGER for uid=10132 => denied (117 us)
06-12 17:34:26.908   386   495 W ServiceManagerCppClient: Permission failure: android.permission.ROTATE_SURFACE_FLINGER from uid=10132 pid=1791
06-12 17:34:26.908   386   495 D PermissionCache: checking android.permission.ROTATE_SURFACE_FLINGER for uid=10132 => denied (190 us)
06-12 17:34:26.908   386   888 W ServiceManagerCppClient: Permission failure: android.permission.INTERNAL_SYSTEM_WINDOW from uid=10132 pid=0
06-12 17:34:26.908   386   888 D PermissionCache: checking android.permission.INTERNAL_SYSTEM_WINDOW for uid=10132 => denied (268 us)
06-12 17:34:26.909   386   495 W ServiceManagerCppClient: Permission failure: android.permission.INTERNAL_SYSTEM_WINDOW from uid=10132 pid=1791
06-12 17:34:26.909   386   495 D PermissionCache: checking android.permission.INTERNAL_SYSTEM_WINDOW for uid=10132 => denied (1028 us)
06-12 17:34:26.909   386   888 W ServiceManagerCppClient: Permission failure: android.permission.ACCESS_SURFACE_FLINGER from uid=10132 pid=0
06-12 17:34:26.909   386   888 D PermissionCache: checking android.permission.ACCESS_SURFACE_FLINGER for uid=10132 => denied (952 us)
06-12 17:34:26.910   386   495 W ServiceManagerCppClient: Permission failure: android.permission.ACCESS_SURFACE_FLINGER from uid=10132 pid=1791
06-12 17:34:26.910   386   495 D PermissionCache: checking android.permission.ACCESS_SURFACE_FLINGER for uid=10132 => denied (424 us)
06-12 17:34:26.914  1488  1574 W bwft    : Succeeded but not registered: com.google.android.libraries.search.assistant.invocation.device#com.google.android.googlequicksearchbox [CONTEXT service_id=51 ]
06-12 17:34:26.933  1690  1746 D MediaGrants: Removed 0 media_grants for 0 user for com.dazong.smartscale. Reason: Mode changed: android:read_external_storage
06-12 17:34:26.935  1604  1905 I SP      : Scheduling job with delay of 0s for {W:b:u:l, bg}, 1 candidates
06-12 17:34:26.939   540   553 D CompatibilityChangeReporter: Compat change id reported: 168419799; UID 10151; state: DISABLED
06-12 17:34:26.939   540   553 D CompatibilityChangeReporter: Compat change id reported: 273564678; UID 10151; state: DISABLED
06-12 17:34:26.939  1791  2681 D libEGL  : loaded /vendor/lib64/egl/libEGL_emulation.so
06-12 17:34:26.940  1791  2681 D libEGL  : loaded /vendor/lib64/egl/libGLESv1_CM_emulation.so
06-12 17:34:26.942  1791  2302 W MDD     : MDDManager Clearing MDD since FilesMetadata failed or needs migration.
06-12 17:34:26.942  1791  2681 D libEGL  : loaded /vendor/lib64/egl/libGLESv2_emulation.so
06-12 17:34:26.943   540   549 I system_server: Background concurrent copying GC freed 592096(18MB) AllocSpace objects, 32(1196KB) LOS objects, 49% free, 24MB/48MB, paused 128us,6.796ms total 974.690ms
06-12 17:34:26.943   540   550 W JavaBinder: BinderProxy is being destroyed but the application did not call unlinkToDeath to unlink all of its death recipients beforehand.  Releasing leaked death recipient: com.android.server.am.ActivityManagerService$14
06-12 17:34:26.943   540   550 I BpBinder: onLastStrongRef automatically unlinking death recipients: 
06-12 17:34:26.944  2644  2644 D CompatibilityChangeReporter: Compat change id reported: 171979766; UID 10151; state: ENABLED
06-12 17:34:26.944  2644  2644 D CompatibilityChangeReporter: Compat change id reported: 242716250; UID 10151; state: DISABLED
06-12 17:34:26.948   540   625 D CompatibilityChangeReporter: Compat change id reported: 265195908; UID 10151; state: ENABLED
06-12 17:34:26.951  1130  1130 I ImsExternalCallTracker: handleVideoCapabilitiesChanged : isVideoCapable = false
06-12 17:34:26.951  1130  1130 D ImsExternalCallTracker: refreshCallPullState
06-12 17:34:26.951  1130  1130 I Telephony: handleVideoCapabilitesChanged. Video capability - false
06-12 17:34:26.951  1101  1444 I HeadsetPhoneState: stopListenForPhoneState(), no listener indicates nothing is listening
06-12 17:34:26.951  1101  1444 W HeadsetPhoneState: startListenForPhoneState, no event to listen
06-12 17:34:26.952   540   540 I TransportConnection: LocalTransportService#0: Notifying [TransportManager.registerTransport()] transport = BackupTransportClient
06-12 17:34:26.955  2220  2328 V MediaProvider: onOpen() for internal.db
06-12 17:34:26.956  1604  1905 I SP      : Scheduling: download registered, 0 started, 0 paused, 1 scheduled, 1 pending: manifests:emoticon_content_description-2022081613 * {W:b:u:l, bg}
06-12 17:34:26.956  1604  1905 I SuperpacksManagerImpl: SuperpacksManagerImpl$3$1.onFailure():577 emoticon_content_description.registerManifest() cancelled
06-12 17:34:26.956   540   615 D CompatibilityChangeReporter: Compat change id reported: 170503758; UID 10151; state: ENABLED
06-12 17:34:26.957  2644  2644 D ApplicationLoaders: Returning zygote-cached class loader: /system_ext/framework/androidx.window.extensions.jar
06-12 17:34:26.957  2644  2644 D ApplicationLoaders: Returning zygote-cached class loader: /system_ext/framework/androidx.window.sidecar.jar
06-12 17:34:26.958  1690  2560 D MediaProvider: Finished migration from legacy provider
06-12 17:34:26.958   540  2230 I ActivityManager: Flag disabled. Ignoring finishAttachApplication from uid: 10155. pid: 1790
06-12 17:34:26.960  1548  1548 D BoundBrokerSvc: onBind: Intent { act=com.google.android.gms.measurement.START pkg=com.google.android.gms }
06-12 17:34:26.961  1548  1548 D BoundBrokerSvc: Loading bound service for intent: Intent { act=com.google.android.gms.measurement.START pkg=com.google.android.gms }
06-12 17:34:26.964  1369  1369 D CellBroadcastReceiver: onReceive Intent { act=android.telephony.action.DEFAULT_SMS_SUBSCRIPTION_CHANGED flg=0x21000010 cmp=com.google.android.cellbroadcastreceiver/com.android.cellbroadcastreceiver.CellBroadcastReceiver (has extras) }
06-12 17:34:26.966  2644  2644 D nativeloader: InitLlndkLibrariesProduct: libEGL.so:libGLESv1_CM.so:libGLESv2.so:libGLESv3.so:libRS.so:libandroid_net.so:libbinder_ndk.so:libc.so:libcgrouprc.so:libclang_rt.asan-aarch64-android.so:libclang_rt.hwasan-aarch64-android.so:libcom.android.tethering.connectivity_native.so:libdl.so:libft2.so:liblog.so:libm.so:libmediandk.so:libnativewindow.so:libneuralnetworks.so:libselinux.so:libsync.so:libvndksupport.so:libvulkan.so
06-12 17:34:26.970  1488  1488 D CompatibilityChangeReporter: Compat change id reported: 148180766; UID 10127; state: ENABLED
06-12 17:34:26.970  2644  2644 D nativeloader: Configuring product-clns-6 for unbundled product apk /product/app/GoogleTTS/GoogleTTS.apk. target_sdk_version=33, uses_libraries=, library_path=/product/app/GoogleTTS/lib/arm64:/product/app/GoogleTTS/GoogleTTS.apk!/lib/arm64-v8a:/product/lib64:/system/product/lib64, permitted_path=/data:/mnt/expand:/data/user/0/com.google.android.tts:/product/lib64:/system/product/lib64
06-12 17:34:26.971  2644  2644 D nativeloader: InitVndkspLibrariesProduct: android.hardware.common-V2-ndk.so:android.hardware.common.fmq-V1-ndk.so:android.hardware.graphics.allocator-V2-ndk.so:android.hardware.graphics.common-V4-ndk.so:android.hardware.graphics.common@1.0.so:android.hardware.graphics.common@1.1.so:android.hardware.graphics.common@1.2.so:android.hardware.graphics.composer3-V1-ndk.so:android.hardware.graphics.mapper@2.0.so:android.hardware.graphics.mapper@2.1.so:android.hardware.graphics.mapper@3.0.so:android.hardware.graphics.mapper@4.0.so:android.hardware.renderscript@1.0.so:android.hidl.memory.token@1.0.so:android.hidl.memory@1.0-impl.so:android.hidl.memory@1.0.so:android.hidl.safe_union@1.0.so:libRSCpuRef.so:libRSDriver.so:libRS_internal.so:libbase.so:libbcinfo.so:libblas.so:libc++.so:libcompiler_rt.so:libcutils.so:libdmabufheap.so:libgralloctypes.so:libhardware.so:libhidlbase.so:libhidlmemory.so:libion.so:libjsoncpp.so:liblzma.so:libprocessgroup.so:libunwindstack.so:libutils.so:libutilscallstack.so:libz.so
06-12 17:34:26.974  1791  2681 W OpenGLRenderer: Failed to choose config with EGL_SWAP_BEHAVIOR_PRESERVED, retrying without...
06-12 17:34:26.974  1791  2681 W OpenGLRenderer: Failed to initialize 101010-2 format, error = EGL_SUCCESS
06-12 17:34:26.979   896   896 D StatusBarIconController: ignoring old pipeline callbacks, because the new mobile icons are enabled
06-12 17:34:26.980  1369  2738 D CellBroadcastConfigService: Enable CellBroadcast on sub 1
06-12 17:34:26.983  1130  1545 D CellBroadcastConfigTracker-0: setCellBroadcastIdRanges with ranges:[CellBroadcastIdRange[4370, 4370, 1, true], CellBroadcastIdRange[4383, 4383, 1, true], CellBroadcastIdRange[4371, 4372, 1, true], CellBroadcastIdRange[4097, 4097, 2, true], CellBroadcastIdRange[4384, 4385, 1, true], CellBroadcastIdRange[4373, 4378, 1, true], CellBroadcastIdRange[4098, 4098, 2, true], CellBroadcastIdRange[4386, 4391, 1, true], CellBroadcastIdRange[4379, 4379, 1, true], CellBroadcastIdRange[4099, 4099, 2, true], CellBroadcastIdRange[4392, 4392, 1, true], CellBroadcastIdRange[4380, 4380, 1, false], CellBroadcastIdRange[4100, 4100, 2, false], CellBroadcastIdRange[4393, 4393, 1, false], CellBroadcastIdRange[4381, 4381, 1, false], CellBroadcastIdRange[4394, 4394, 1, false], CellBroadcastIdRange[4382, 4382, 1, false], CellBroadcastIdRange[4395, 4395, 1, false], CellBroadcastIdRange[4352, 4354, 1, true], CellBroadcastIdRange[4356, 4356, 1, true], CellBroadcastIdRange[4355, 4355, 1, false], CellBroadcastIdRange[4396, 4396, 1, true], CellBroadcastIdRange[4397, 4397, 1, true], CellBroadcastIdRange[4398, 4398, 1, false], CellBroadcastIdRange[4399, 4399, 1, false], CellBroadcastIdRange[4400, 4400, 1, true]]
06-12 17:34:26.983  1369  1369 D CellBroadcastReceiver: mockmodem is running? = false
06-12 17:34:26.983  1369  1369 D CellBroadcastReceiver: Start Cell Broadcast configuration for intent=ACTION_ENABLE_CHANNELS
06-12 17:34:26.983  1130  1370 D CellBroadcastConfigTracker-0: IdleState message:1
06-12 17:34:26.983  1130  1370 D CellBroadcastConfigTracker-0: IdleState handle EVENT_REQUEST with request:Request[mCbRangesRequest3gpp = [CellBroadcastIdRange[4352, 4354, 1, true], CellBroadcastIdRange[4355, 4355, 1, false], CellBroadcastIdRange[4356, 4356, 1, true], CellBroadcastIdRange[4370, 4379, 1, true], CellBroadcastIdRange[4380, 4382, 1, false], CellBroadcastIdRange[4383, 4392, 1, true], CellBroadcastIdRange[4393, 4395, 1, false], CellBroadcastIdRange[4396, 4397, 1, true], CellBroadcastIdRange[4398, 4399, 1, false], CellBroadcastIdRange[4400, 4400, 1, true]], mCbRangesRequest3gpp2 = [CellBroadcastIdRange[4097, 4099, 2, true], CellBroadcastIdRange[4100, 4100, 2, false]], mCallback = com.android.phone.PhoneInterfaceManager$$ExternalSyntheticLambda10@b51fb43]
06-12 17:34:26.984  1130  1370 D CellBroadcastConfigTracker-0: setGsmConfig with [CellBroadcastIdRange[4352, 4354, 1, true], CellBroadcastIdRange[4355, 4355, 1, false], CellBroadcastIdRange[4356, 4356, 1, true], CellBroadcastIdRange[4370, 4379, 1, true], CellBroadcastIdRange[4380, 4382, 1, false], CellBroadcastIdRange[4383, 4392, 1, true], CellBroadcastIdRange[4393, 4395, 1, false], CellBroadcastIdRange[4396, 4397, 1, true], CellBroadcastIdRange[4398, 4399, 1, false], CellBroadcastIdRange[4400, 4400, 1, true]]
06-12 17:34:26.985  1130  1370 D CellBroadcastConfigTracker-0: GsmConfiguringState message:2
06-12 17:34:26.985  1130  1370 D CellBroadcastConfigTracker-0: GsmConfiguringState handle EVENT_CONFIGURATION_DONE with request:Request[mCbRangesRequest3gpp = [CellBroadcastIdRange[4352, 4354, 1, true], CellBroadcastIdRange[4355, 4355, 1, false], CellBroadcastIdRange[4356, 4356, 1, true], CellBroadcastIdRange[4370, 4379, 1, true], CellBroadcastIdRange[4380, 4382, 1, false], CellBroadcastIdRange[4383, 4392, 1, true], CellBroadcastIdRange[4393, 4395, 1, false], CellBroadcastIdRange[4396, 4397, 1, true], CellBroadcastIdRange[4398, 4399, 1, false], CellBroadcastIdRange[4400, 4400, 1, true]], mCbRangesRequest3gpp2 = [CellBroadcastIdRange[4097, 4099, 2, true], CellBroadcastIdRange[4100, 4100, 2, false]], mCallback = com.android.phone.PhoneInterfaceManager$$ExternalSyntheticLambda10@b51fb43]
06-12 17:34:26.985  1130  1370 D CellBroadcastConfigTracker-0: Failed to set gsm config
06-12 17:34:26.985  1488  1574 W bwft    : Succeeded but not registered: com.google.android.apps.search.assistant.mobile.device#com.google.android.googlequicksearchbox [CONTEXT service_id=51 ]
06-12 17:34:26.985  1369  1535 E CellBroadcastConfigService: fails to setCellBroadcastRanges, result = 2
06-12 17:34:26.986  1791  1826 I earchbox:search: Method exceeds compiler instruction limit: 19902 in java.lang.Object com.google.android.apps.gsa.binaries.satin.app.asa.b()
06-12 17:34:26.991  1488  1575 W bwft    : Succeeded but not registered: assistant_titan.device#com.google.android.googlequicksearchbox [CONTEXT service_id=51 ]
06-12 17:34:26.994  1488  1574 W bwft    : Succeeded but not registered: com.google.android.apps.search.assistant.device#com.google.android.googlequicksearchbox [CONTEXT service_id=51 ]
06-12 17:34:26.997  1488  1575 W bwft    : Succeeded but not registered: com.google.android.libraries.search.audio.device#com.google.android.googlequicksearchbox [CONTEXT service_id=51 ]
06-12 17:34:26.998  1488  1575 W bwft    : Succeeded but not registered: com.google.android.apps.search.fedora.device#com.google.android.googlequicksearchbox [CONTEXT service_id=51 ]
06-12 17:34:27.000  1488  1576 W bwft    : Succeeded but not registered: com.google.android.libraries.search.googleapp.device#com.google.android.googlequicksearchbox [CONTEXT service_id=51 ]
06-12 17:34:27.001  1130  1130 W FeatureConnection: getRegistrationTech: ImsRegistration is null
06-12 17:34:27.001  1130  1130 I Telephony: Carrier-config changed, checking for phone account updates.
06-12 17:34:27.001  1130  1130 D Telephony: TelecomAccountRegistry: handleCarrierConfigChange: subId=1, accountSubId=1
06-12 17:34:27.002  1790  2590 E AwarenessClientProvider: Account associated with identity was null
06-12 17:34:27.003  1369  2744 D CellBroadcastConfigService: Enable CellBroadcast on sub 1
06-12 17:34:27.004  1130  1130 D Telephony: isEmergencyPreferredAccount: subId=1, activeData=-1
06-12 17:34:27.004  1130  1130 D Telephony: isEmergencyPreferredAccount: Device does not require preference.
06-12 17:34:27.004  1130  1130 W Telephony: registerMmTelCapabilityCallback: registration failed, no ImsService available. Exception: code: 1
06-12 17:34:27.004  1130  1130 I Telephony: isRttCurrentlySupported -- regular acct, hasVoiceAvailability: false
06-12 17:34:27.004  1130  1130 I Telephony:  isRttSupported: false
06-12 17:34:27.004  1130  1130 I Telephony:  alwaysAllowWhileRoaming: false
06-12 17:34:27.004  1130  1130 I Telephony:  isRoaming: false
06-12 17:34:27.004  1130  1130 I Telephony:  isOnWfc: false
06-12 17:34:27.005  1488  1576 W bwft    : Succeeded but not registered: com.google.android.apps.search.hsi.device#com.google.android.googlequicksearchbox [CONTEXT service_id=51 ]
06-12 17:34:27.006   896   987 D LocalImageResolver: Couldn't use ImageDecoder for drawable, falling back to non-resized load.
06-12 17:34:27.008   896   987 D LocalImageResolver: Couldn't use ImageDecoder for drawable, falling back to non-resized load.
06-12 17:34:27.008  1742  1742 V MultiDispActionReceiver: starting service using intent null
06-12 17:34:27.008  1742  1742 W ContextImpl: Calling a method in the system process without a qualified user: android.app.ContextImpl.startService:1899 android.content.ContextWrapper.startService:825 android.content.ContextWrapper.startService:825 com.android.emulator.multidisplay.MultiDisplayServiceReceiver.onReceive:34 android.app.ActivityThread.handleReceiver:4449 
06-12 17:34:27.008  1790  2590 E AwarenessRouterSyncMgr: Exception while syncing fences
06-12 17:34:27.008  1790  2590 E AwarenessRouterSyncMgr: java.util.concurrent.ExecutionException: java.lang.IllegalStateException: Account associated with identity was null
06-12 17:34:27.008  1790  2590 E AwarenessRouterSyncMgr: 	at apxf.o(PG:6)
06-12 17:34:27.008  1790  2590 E AwarenessRouterSyncMgr: 	at apxf.get(PG:4)
06-12 17:34:27.008  1790  2590 E AwarenessRouterSyncMgr: 	at aqbe.a(PG:1)
06-12 17:34:27.008  1790  2590 E AwarenessRouterSyncMgr: 	at apzq.q(PG:2)
06-12 17:34:27.008  1790  2590 E AwarenessRouterSyncMgr: 	at mko.run(PG:1)
06-12 17:34:27.008  1790  2590 E AwarenessRouterSyncMgr: 	at snd.run(PG:1)
06-12 17:34:27.008  1790  2590 E AwarenessRouterSyncMgr: 	at java.util.concurrent.ThreadPoolExecutor.runWorker(ThreadPoolExecutor.java:1145)
06-12 17:34:27.008  1790  2590 E AwarenessRouterSyncMgr: 	at java.util.concurrent.ThreadPoolExecutor$Worker.run(ThreadPoolExecutor.java:644)
06-12 17:34:27.008  1790  2590 E AwarenessRouterSyncMgr: 	at smj.run(PG:2)
06-12 17:34:27.008  1790  2590 E AwarenessRouterSyncMgr: 	at java.lang.Thread.run(Thread.java:1012)
06-12 17:34:27.008  1790  2590 E AwarenessRouterSyncMgr: 	at snu.run(PG:5)
06-12 17:34:27.008  1790  2590 E AwarenessRouterSyncMgr: Caused by: java.lang.IllegalStateException: Account associated with identity was null
06-12 17:34:27.008  1790  2590 E AwarenessRouterSyncMgr: 	at mjv.a(PG:3)
06-12 17:34:27.008  1790  2590 E AwarenessRouterSyncMgr: 	at aose.a(PG:3)
06-12 17:34:27.008  1790  2590 E AwarenessRouterSyncMgr: 	at apxh.c(PG:2)
06-12 17:34:27.008  1790  2590 E AwarenessRouterSyncMgr: 	at apxj.run(PG:9)
06-12 17:34:27.008  1790  2590 E AwarenessRouterSyncMgr: 	... 6 more
06-12 17:34:27.009  1130  1545 D CellBroadcastConfigTracker-0: setCellBroadcastIdRanges with ranges:[CellBroadcastIdRange[4370, 4370, 1, true], CellBroadcastIdRange[4383, 4383, 1, true], CellBroadcastIdRange[4371, 4372, 1, true], CellBroadcastIdRange[4097, 4097, 2, true], CellBroadcastIdRange[4384, 4385, 1, true], CellBroadcastIdRange[4373, 4378, 1, true], CellBroadcastIdRange[4098, 4098, 2, true], CellBroadcastIdRange[4386, 4391, 1, true], CellBroadcastIdRange[4379, 4379, 1, true], CellBroadcastIdRange[4099, 4099, 2, true], CellBroadcastIdRange[4392, 4392, 1, true], CellBroadcastIdRange[4380, 4380, 1, false], CellBroadcastIdRange[4100, 4100, 2, false], CellBroadcastIdRange[4393, 4393, 1, false], CellBroadcastIdRange[4381, 4381, 1, false], CellBroadcastIdRange[4394, 4394, 1, false], CellBroadcastIdRange[4382, 4382, 1, false], CellBroadcastIdRange[4395, 4395, 1, false], CellBroadcastIdRange[4352, 4354, 1, true], CellBroadcastIdRange[4356, 4356, 1, true], CellBroadcastIdRange[4355, 4355, 1, false], CellBroadcastIdRange[4396, 4396, 1, true], CellBroadcastIdRange[4397, 4397, 1, true], CellBroadcastIdRange[4398, 4398, 1, false], CellBroadcastIdRange[4399, 4399, 1, false], CellBroadcastIdRange[4400, 4400, 1, true]]
06-12 17:34:27.012  1130  1370 D CellBroadcastConfigTracker-0: IdleState message:1
06-12 17:34:27.012  1130  1370 D CellBroadcastConfigTracker-0: IdleState handle EVENT_REQUEST with request:Request[mCbRangesRequest3gpp = [CellBroadcastIdRange[4352, 4354, 1, true], CellBroadcastIdRange[4355, 4355, 1, false], CellBroadcastIdRange[4356, 4356, 1, true], CellBroadcastIdRange[4370, 4379, 1, true], CellBroadcastIdRange[4380, 4382, 1, false], CellBroadcastIdRange[4383, 4392, 1, true], CellBroadcastIdRange[4393, 4395, 1, false], CellBroadcastIdRange[4396, 4397, 1, true], CellBroadcastIdRange[4398, 4399, 1, false], CellBroadcastIdRange[4400, 4400, 1, true]], mCbRangesRequest3gpp2 = [CellBroadcastIdRange[4097, 4099, 2, true], CellBroadcastIdRange[4100, 4100, 2, false]], mCallback = com.android.phone.PhoneInterfaceManager$$ExternalSyntheticLambda10@f089f]
06-12 17:34:27.012  1488  1575 W bwft    : Succeeded but not registered: com.google.android.apps.search.lens.device#com.google.android.googlequicksearchbox [CONTEXT service_id=51 ]
06-12 17:34:27.012  1130  1370 D CellBroadcastConfigTracker-0: setGsmConfig with [CellBroadcastIdRange[4352, 4354, 1, true], CellBroadcastIdRange[4355, 4355, 1, false], CellBroadcastIdRange[4356, 4356, 1, true], CellBroadcastIdRange[4370, 4379, 1, true], CellBroadcastIdRange[4380, 4382, 1, false], CellBroadcastIdRange[4383, 4392, 1, true], CellBroadcastIdRange[4393, 4395, 1, false], CellBroadcastIdRange[4396, 4397, 1, true], CellBroadcastIdRange[4398, 4399, 1, false], CellBroadcastIdRange[4400, 4400, 1, true]]
06-12 17:34:27.015   152   152 I hwservicemanager: getTransport: Cannot find entry android.hardware.graphics.mapper@4.0::IMapper/default in either framework or device VINTF manifest.
06-12 17:34:27.016  1791  2681 I Gralloc4: mapper 4.x is not supported
06-12 17:34:27.016   540   559 I ActivityManager: Broadcast completed: result=0
06-12 17:34:27.017  1742  1742 D MultiDisplayService: Creating service
06-12 17:34:28.189   151   151 I servicemanager: Could not find android.hardware.graphics.allocator.IAllocator/default in the VINTF manifest.
06-12 17:34:27.019  1130  1370 D CellBroadcastConfigTracker-0: GsmConfiguringState message:2
06-12 17:34:27.019  1130  1370 D CellBroadcastConfigTracker-0: GsmConfiguringState handle EVENT_CONFIGURATION_DONE with request:Request[mCbRangesRequest3gpp = [CellBroadcastIdRange[4352, 4354, 1, true], CellBroadcastIdRange[4355, 4355, 1, false], CellBroadcastIdRange[4356, 4356, 1, true], CellBroadcastIdRange[4370, 4379, 1, true], CellBroadcastIdRange[4380, 4382, 1, false], CellBroadcastIdRange[4383, 4392, 1, true], CellBroadcastIdRange[4393, 4395, 1, false], CellBroadcastIdRange[4396, 4397, 1, true], CellBroadcastIdRange[4398, 4399, 1, false], CellBroadcastIdRange[4400, 4400, 1, true]], mCbRangesRequest3gpp2 = [CellBroadcastIdRange[4097, 4099, 2, true], CellBroadcastIdRange[4100, 4100, 2, false]], mCallback = com.android.phone.PhoneInterfaceManager$$ExternalSyntheticLambda10@f089f]
06-12 17:34:27.019  1130  1370 D CellBroadcastConfigTracker-0: Failed to set gsm config
06-12 17:34:27.019  1369  1388 E CellBroadcastConfigService: fails to setCellBroadcastRanges, result = 2
06-12 17:34:27.021  1742  1742 D MultiDisplayService: Creating display 0
06-12 17:34:27.021  1742  1742 D MultiDisplayService: Creating display 1
06-12 17:34:27.021  1742  1742 D MultiDisplayService: Creating display 2
06-12 17:34:27.021  1742  1742 D MultiDisplayService: Creating display 3
06-12 17:34:27.021  1742  1742 D MultiDisplayService: Creating display 4
06-12 17:34:27.021  1742  1742 D MultiDisplayService: Creating display 5
06-12 17:34:27.021  1742  1742 D MultiDisplayService: Creating display 6
06-12 17:34:27.021  1742  1742 D MultiDisplayService: Creating display 7
06-12 17:34:27.021  1742  1742 D MultiDisplayService: Creating display 8
06-12 17:34:27.021  1742  1742 D MultiDisplayService: Creating display 9
06-12 17:34:27.021  1742  1742 D MultiDisplayService: Creating display 10
06-12 17:34:27.024  1791  2754 W TimedProcessReaper: Scheduling killing of process to refresh configuration
06-12 17:34:27.027  1176  1214 D LoaderTask: loadWorkspace
06-12 17:34:27.027  1176  1214 D LoaderTask: Cancelled
06-12 17:34:27.028  1176  1214 D LoaderTask: loadWorkspace: loading default favorites
06-12 17:34:27.028  1791  2754 W TimedProcessReaper: Scheduling killing of process to refresh configuration
06-12 17:34:27.031   540   634 I RoleService: Granting default roles...
06-12 17:34:27.032  1791  2244 W TimedProcessReaper: Scheduling killing of process to refresh configuration
06-12 17:34:27.032  1791  2709 W TimedProcessReaper: Scheduling killing of process to refresh configuration
06-12 17:34:27.032  1791  2681 E OpenGLRenderer: Unable to match the desired swap behavior.
06-12 17:34:27.033   540   562 W BLASTSyncEngine: Sync group 6 timeout
06-12 17:34:27.033   540   562 I BLASTSyncEngine: Unfinished container: Task{b8d1085 #7 type=home I=com.google.android.apps.nexuslauncher/.NexusLauncherActivity}
06-12 17:34:27.035  1742  2757 I android_emulator_multidisplay_JNI: multidisplay pipe connected!!!
06-12 17:34:27.035  1742  2757 V MultiDisplayService: run(): array= [1, 0, 2560, 1600, 320, 0]
06-12 17:34:27.035  1742  2757 D MultiDisplayService: received 1
06-12 17:34:27.035  1742  2757 D MultiDisplayService: received 0
06-12 17:34:27.035  1742  2757 D MultiDisplayService: received 2560
06-12 17:34:27.035  1742  2757 D MultiDisplayService: received 1600
06-12 17:34:27.035  1742  2757 D MultiDisplayService: received 320
06-12 17:34:27.035  1742  2757 D MultiDisplayService: received 0
06-12 17:34:27.035  1742  2757 E MultiDisplayService: invalid parameters for add/modify display
06-12 17:34:27.036  1488  1576 W bwft    : Succeeded but not registered: com.google.android.apps.gsa.pcp.device#com.google.android.googlequicksearchbox [CONTEXT service_id=51 ]
06-12 17:34:27.038  1488  1574 W bwft    : Succeeded but not registered: com.google.android.apps.search.readaloud#com.google.android.googlequicksearchbox [CONTEXT service_id=51 ]
06-12 17:34:27.039   540   559 V WindowManager: Sent Transition #6 createdAt=06-12 17:34:25.030 via request=TransitionRequestInfo { type = CHANGE, triggerTask = null, remoteTransition = null, displayChange = null }
06-12 17:34:27.039   540   559 V WindowManager:     startWCT=WindowContainerTransaction { changes = {} hops = [] errorCallbackToken=null taskFragmentOrganizer=null }
06-12 17:34:27.039   540   559 V WindowManager:     info={id=6 t=CHANGE f=0x0 trk=1 r=[0@Point(0, 0)] c=[{WCT{RemoteToken{31c8aa0 Display{#0 state=ON size=2560x1600 ROTATION_0}}} m=CHANGE f=SHOW_WALLPAPER|IS_DISPLAY leash=Surface(name=WindowedMagnification:0:31)/@0x24d28fe sb=Rect(0, 0 - 2560, 1600) eb=Rect(0, 0 - 2560, 1600) d=0}]}
06-12 17:34:27.039   540   867 I SdkSandboxManager: No SDKs used. Skipping SDK data reconcilation for CallingInfo{mUid=10192, mPackageName='com.dazong.smartscale, mAppProcessToken='null'}
06-12 17:34:27.039  1791  2754 W TimedProcessReaper: Scheduling killing of process to refresh configuration
06-12 17:34:27.042  1488  1562 W bwft    : Succeeded but not registered: com.google.android.apps.podcasts_android.device#com.google.android.googlequicksearchbox [CONTEXT service_id=51 ]
06-12 17:34:27.043  1488  1562 W bwft    : Succeeded but not registered: com.google.android.apps.search.smartsetup#com.google.android.googlequicksearchbox [CONTEXT service_id=51 ]
06-12 17:34:27.045   896   950 V WindowManagerShell: onTransitionReady android.os.BinderProxy@464b6b4: {id=6 t=CHANGE f=0x0 trk=1 r=[0@Point(0, 0)] c=[{WCT{android.window.IWindowContainerToken$Stub$Proxy@d387d0d} m=CHANGE f=SHOW_WALLPAPER|IS_DISPLAY leash=Surface(name=WindowedMagnification:0:31)/@0xed347f8 sb=Rect(0, 0 - 2560, 1600) eb=Rect(0, 0 - 2560, 1600) d=0 snapshot=Surface(name=transition snapshot: Display{#0 state=ON size=2560x1600 ROTATION_0})/@0x1b364d1}]}
06-12 17:34:27.045   896   950 V WindowManagerShell: Playing animation for (#6)android.os.BinderProxy@464b6b4@1
06-12 17:34:27.045   896   950 V WindowManagerShell:  try handler com.android.wm.shell.transition.DefaultMixedHandler@dcbea4a
06-12 17:34:27.045   896   950 V WindowManagerShell:  try handler com.android.wm.shell.keyguard.KeyguardTransitionHandler@717dbb
06-12 17:34:27.045   896   950 V WindowManagerShell:  try handler com.android.wm.shell.activityembedding.ActivityEmbeddingController@e43b2d8
06-12 17:34:27.045   896   950 V WindowManagerShell:  try handler com.android.wm.shell.recents.RecentsTransitionHandler@e612631
06-12 17:34:27.045   896   950 V ShellRecents: RecentsTransitionHandler.startAnimation: no controller found
06-12 17:34:27.045   896   950 V WindowManagerShell:  try handler com.android.wm.shell.pip.PipTransition@3e66116
06-12 17:34:27.045   896   950 V WindowManagerShell:  try handler com.android.wm.shell.splitscreen.StageCoordinator@7b03a97
06-12 17:34:27.045   896   950 V WindowManagerShell:  try handler com.android.wm.shell.transition.RemoteTransitionHandler@fad2484
06-12 17:34:27.045   896   950 V WindowManagerShell:  try handler com.android.wm.shell.transition.DefaultTransitionHandler@ff0f46d
06-12 17:34:27.045   896   950 V WindowManagerShell: start default transition animation, info = {id=6 t=CHANGE f=0x0 trk=1 r=[0@Point(0, 0)] c=[{WCT{android.window.IWindowContainerToken$Stub$Proxy@d387d0d} m=CHANGE f=SHOW_WALLPAPER|IS_DISPLAY leash=Surface(name=WindowedMagnification:0:31)/@0xed347f8 sb=Rect(0, 0 - 2560, 1600) eb=Rect(0, 0 - 2560, 1600) d=0 snapshot=Surface(name=transition snapshot: Display{#0 state=ON size=2560x1600 ROTATION_0})/@0x1b364d1}]}
06-12 17:34:27.045   896   950 V WindowManagerShell: Display is changing, resolve the animation hint.
06-12 17:34:27.059   540   818 D WifiService: resetting networks as default data SIM is changed
06-12 17:34:27.060   540   818 D WifiService: resetting carrier networks since SIM was changed
06-12 17:34:27.060   897   930 I PermissionControllerServiceImpl: Updating user sensitive for uid 10169
06-12 17:34:27.069   897  1030 I PermissionControllerServiceImpl: Updating user sensitive for uid 1002
06-12 17:34:27.070   896   950 V WindowManagerShell:  animated by com.android.wm.shell.transition.DefaultTransitionHandler@ff0f46d
06-12 17:34:27.071  2644  2644 V GraphicsEnvironment: Currently set values for:
06-12 17:34:27.071  2644  2644 V GraphicsEnvironment:   angle_gl_driver_selection_pkgs=[]
