06-12 17:34:28.126  2046  2046 D StrictMode: 	at com.android.internal.util.XmlUtils.writeMapXml(XmlUtils.java:409)
06-12 17:34:28.126  2046  2046 D StrictMode: 	at android.app.SharedPreferencesImpl.writeToFile(SharedPreferencesImpl.java:803)
06-12 17:34:28.126  2046  2046 D StrictMode: 	at android.app.SharedPreferencesImpl.-$$Nest$mwriteToFile(Unknown Source:0)
06-12 17:34:28.126  2046  2046 D StrictMode: 	at android.app.SharedPreferencesImpl$2.run(SharedPreferencesImpl.java:672)
06-12 17:34:28.126  2046  2046 D StrictMode: 	at android.app.SharedPreferencesImpl.enqueueDiskWrite(SharedPreferencesImpl.java:691)
06-12 17:34:28.126  2046  2046 D StrictMode: 	at android.app.SharedPreferencesImpl.-$$Nest$menqueueDiskWrite(Unknown Source:0)
06-12 17:34:28.126  2046  2046 D StrictMode: 	at android.app.SharedPreferencesImpl$EditorImpl.commit(SharedPreferencesImpl.java:604)
06-12 17:34:28.126  2046  2046 D StrictMode: 	at com.android.providers.contacts.ContactsUpgradeReceiver.onReceive(ContactsUpgradeReceiver.java:76)
06-12 17:34:28.126  2046  2046 D StrictMode: 	at android.app.ActivityThread.handleReceiver(ActivityThread.java:4449)
06-12 17:34:28.126  2046  2046 D StrictMode: 	at android.app.ActivityThread.-$$Nest$mhandleReceiver(Unknown Source:0)
06-12 17:34:28.126  2046  2046 D StrictMode: 	at android.app.ActivityThread$H.handleMessage(ActivityThread.java:2256)
06-12 17:34:28.126  2046  2046 D StrictMode: 	at android.os.Handler.dispatchMessage(Handler.java:106)
06-12 17:34:28.126  2046  2046 D StrictMode: 	at android.os.Looper.loopOnce(Looper.java:205)
06-12 17:34:28.126  2046  2046 D StrictMode: 	at android.os.Looper.loop(Looper.java:294)
06-12 17:34:28.126  2046  2046 D StrictMode: 	at android.app.ActivityThread.main(ActivityThread.java:8177)
06-12 17:34:28.126  2046  2046 D StrictMode: 	at java.lang.reflect.Method.invoke(Native Method)
06-12 17:34:28.126  2046  2046 D StrictMode: 	at com.android.internal.os.RuntimeInit$MethodAndArgsCaller.run(RuntimeInit.java:552)
06-12 17:34:28.126  2046  2046 D StrictMode: 	at com.android.internal.os.ZygoteInit.main(ZygoteInit.java:971)
06-12 17:34:28.126  2046  2046 D StrictMode: StrictMode policy violation; ~duration=719 ms: android.os.strictmode.DiskWriteViolation
06-12 17:34:28.126  2046  2046 D StrictMode: 	at android.os.StrictMode$AndroidBlockGuardPolicy.onWriteToDisk(StrictMode.java:1622)
06-12 17:34:28.126  2046  2046 D StrictMode: 	at libcore.io.BlockGuardOs.chmod(BlockGuardOs.java:81)
06-12 17:34:28.126  2046  2046 D StrictMode: 	at libcore.io.ForwardingOs.chmod(ForwardingOs.java:165)
06-12 17:34:28.126  2046  2046 D StrictMode: 	at android.system.Os.chmod(Os.java:119)
06-12 17:34:28.126  2046  2046 D StrictMode: 	at android.os.FileUtils.setPermissions(FileUtils.java:169)
06-12 17:34:28.126  2046  2046 D StrictMode: 	at android.app.ContextImpl.setFilePermissionsFromMode(ContextImpl.java:3563)
06-12 17:34:28.126  2046  2046 D StrictMode: 	at android.app.SharedPreferencesImpl.writeToFile(SharedPreferencesImpl.java:812)
06-12 17:34:28.126  2046  2046 D StrictMode: 	at android.app.SharedPreferencesImpl.-$$Nest$mwriteToFile(Unknown Source:0)
06-12 17:34:28.126  2046  2046 D StrictMode: 	at android.app.SharedPreferencesImpl$2.run(SharedPreferencesImpl.java:672)
06-12 17:34:28.126  2046  2046 D StrictMode: 	at android.app.SharedPreferencesImpl.enqueueDiskWrite(SharedPreferencesImpl.java:691)
06-12 17:34:28.126  2046  2046 D StrictMode: 	at android.app.SharedPreferencesImpl.-$$Nest$menqueueDiskWrite(Unknown Source:0)
06-12 17:34:28.126  2046  2046 D StrictMode: 	at android.app.SharedPreferencesImpl$EditorImpl.commit(SharedPreferencesImpl.java:604)
06-12 17:34:28.126  2046  2046 D StrictMode: 	at com.android.providers.contacts.ContactsUpgradeReceiver.onReceive(ContactsUpgradeReceiver.java:76)
06-12 17:34:28.126  2046  2046 D StrictMode: 	at android.app.ActivityThread.handleReceiver(ActivityThread.java:4449)
06-12 17:34:28.126  2046  2046 D StrictMode: 	at android.app.ActivityThread.-$$Nest$mhandleReceiver(Unknown Source:0)
06-12 17:34:28.126  2046  2046 D StrictMode: 	at android.app.ActivityThread$H.handleMessage(ActivityThread.java:2256)
06-12 17:34:28.126  2046  2046 D StrictMode: 	at android.os.Handler.dispatchMessage(Handler.java:106)
06-12 17:34:28.126  2046  2046 D StrictMode: 	at android.os.Looper.loopOnce(Looper.java:205)
06-12 17:34:28.126  2046  2046 D StrictMode: 	at android.os.Looper.loop(Looper.java:294)
06-12 17:34:28.126  2046  2046 D StrictMode: 	at android.app.ActivityThread.main(ActivityThread.java:8177)
06-12 17:34:28.126  2046  2046 D StrictMode: 	at java.lang.reflect.Method.invoke(Native Method)
06-12 17:34:28.126  2046  2046 D StrictMode: 	at com.android.internal.os.RuntimeInit$MethodAndArgsCaller.run(RuntimeInit.java:552)
06-12 17:34:28.126  2046  2046 D StrictMode: 	at com.android.internal.os.ZygoteInit.main(ZygoteInit.java:971)
06-12 17:34:28.126  2046  2046 D StrictMode: StrictMode policy violation; ~duration=719 ms: android.os.strictmode.DiskReadViolation
06-12 17:34:28.126  2046  2046 D StrictMode: 	at android.os.StrictMode$AndroidBlockGuardPolicy.onReadFromDisk(StrictMode.java:1666)
06-12 17:34:28.126  2046  2046 D StrictMode: 	at libcore.io.BlockGuardOs.stat(BlockGuardOs.java:419)
06-12 17:34:28.126  2046  2046 D StrictMode: 	at libcore.io.ForwardingOs.stat(ForwardingOs.java:846)
06-12 17:34:28.126  2046  2046 D StrictMode: 	at android.app.ActivityThread$AndroidOs.stat(ActivityThread.java:8077)
06-12 17:34:28.126  2046  2046 D StrictMode: 	at android.system.Os.stat(Os.java:904)
06-12 17:34:28.126  2046  2046 D StrictMode: 	at android.app.SharedPreferencesImpl.writeToFile(SharedPreferencesImpl.java:819)
06-12 17:34:28.126  2046  2046 D StrictMode: 	at android.app.SharedPreferencesImpl.-$$Nest$mwriteToFile(Unknown Source:0)
06-12 17:34:28.126  2046  2046 D StrictMode: 	at android.app.SharedPreferencesImpl$2.run(SharedPreferencesImpl.java:672)
06-12 17:34:28.126  2046  2046 D StrictMode: 	at android.app.SharedPreferencesImpl.enqueueDiskWrite(SharedPreferencesImpl.java:691)
06-12 17:34:28.126  2046  2046 D StrictMode: 	at android.app.SharedPreferencesImpl.-$$Nest$menqueueDiskWrite(Unknown Source:0)
06-12 17:34:28.126  2046  2046 D StrictMode: 	at android.app.SharedPreferencesImpl$EditorImpl.commit(SharedPreferencesImpl.java:604)
06-12 17:34:28.126  2046  2046 D StrictMode: 	at com.android.providers.contacts.ContactsUpgradeReceiver.onReceive(ContactsUpgradeReceiver.java:76)
06-12 17:34:28.126  2046  2046 D StrictMode: 	at android.app.ActivityThread.handleReceiver(ActivityThread.java:4449)
06-12 17:34:28.126  2046  2046 D StrictMode: 	at android.app.ActivityThread.-$$Nest$mhandleReceiver(Unknown Source:0)
06-12 17:34:28.126  2046  2046 D StrictMode: 	at android.app.ActivityThread$H.handleMessage(ActivityThread.java:2256)
06-12 17:34:28.126  2046  2046 D StrictMode: 	at android.os.Handler.dispatchMessage(Handler.java:106)
06-12 17:34:28.126  2046  2046 D StrictMode: 	at android.os.Looper.loopOnce(Looper.java:205)
06-12 17:34:28.126  2046  2046 D StrictMode: 	at android.os.Looper.loop(Looper.java:294)
06-12 17:34:28.126  2046  2046 D StrictMode: 	at android.app.ActivityThread.main(ActivityThread.java:8177)
06-12 17:34:28.126  2046  2046 D StrictMode: 	at java.lang.reflect.Method.invoke(Native Method)
06-12 17:34:28.126  2046  2046 D StrictMode: 	at com.android.internal.os.RuntimeInit$MethodAndArgsCaller.run(RuntimeInit.java:552)
06-12 17:34:28.126  2046  2046 D StrictMode: 	at com.android.internal.os.ZygoteInit.main(ZygoteInit.java:971)
06-12 17:34:28.127   540   825 D ConnectivityService: [100 CELLULAR] EVENT_NETWORK_INFO_CHANGED, going from CONNECTING to CONNECTED
06-12 17:34:28.128   349   349 I netd    : networkCreate(NativeNetworkConfig{netId: 100, networkType: PHYSICAL, permission: 0, secure: false, vpnType: -1, excludeLocalRoutes: false}) <0.04ms>
06-12 17:34:28.131  1548  1913 W SQLiteLog: (28) double-quoted string literal: "1781084068130"
06-12 17:34:28.131  1548  1913 W SQLiteLog: (28) double-quoted string literal: "1"
06-12 17:34:28.135  2644  2831 I SnapshotHandler: Unable to retrieve flag snapshot for com.google.android.libraries.consentverifier#com.google.android.tts, using defaults.
06-12 17:34:28.139  2860  2860 V GraphicsEnvironment: Currently set values for:
06-12 17:34:28.139  2860  2860 V GraphicsEnvironment:   angle_gl_driver_selection_pkgs=[]
06-12 17:34:28.139  2860  2860 V GraphicsEnvironment:   angle_gl_driver_selection_values=[]
06-12 17:34:28.140   540   559 I PreBootBroadcaster: Pre-boot of {com.android.settings/com.android.settings.SettingsInitialize} for user 0
06-12 17:34:28.140  2860  2860 V GraphicsEnvironment: ANGLE GameManagerService for com.android.chrome: false
06-12 17:34:28.140  2860  2860 V GraphicsEnvironment: com.android.chrome is not listed in per-application setting
06-12 17:34:28.140  2860  2860 V GraphicsEnvironment: Neither updatable production driver nor prerelease driver is supported.
06-12 17:34:28.142  2860  2860 I LoadedApk: No resource references to update in package com.google.android.trichromelibrary
06-12 17:34:28.142  1056  1334 D DhcpClient: Received packet: 02:15:b2:00:00:00 OFFER, ip /10.0.2.16, mask /255.255.255.0, DNS servers: /10.0.2.3 , gateways [/10.0.2.2], lease time 86400, domain null
06-12 17:34:28.143  1056  1334 D DhcpClient: Got pending lease: com.android.networkstack.android.net.DhcpResults@78227676 DHCP server /10.0.2.2 Vendor info null lease 86400 seconds Servername 
06-12 17:34:28.144  1488  1572 W .gms.persistent: Accessing hidden method Landroid/net/ConnectivityManager;->isNetworkTypeMobile(I)Z (max-target-p, reflection, denied)
06-12 17:34:28.146  2860  2860 I cr_SplitCompatApp: Launched version=113.0.5672.136 minSdkVersion=29 isBundle=true processName=com.android.chrome isIsolated=false
06-12 17:34:28.149   540   540 I Telecom : PhoneAccountRegistrar: getSimCallManager: SimCallManager for subId 1 queried, returning: null: TSI.gSCMFU(a)@AFU🔒
06-12 17:34:28.150  1721  1721 I GsaVoiceInteractionSrv: (REDACTED) O received %s
06-12 17:34:28.151  1056  1334 D DhcpClient: Broadcasting DHCPREQUEST ciaddr=0.0.0.0 request=10.0.2.16 serverid=10.0.2.2
06-12 17:34:28.153   349   349 I netd    : createNetworkCache(100) <0.16ms>
06-12 17:34:28.153  1056  1334 D DhcpClient: Received packet: 02:15:b2:00:00:00 ACK: your new IP /10.0.2.16, netmask /255.255.255.0, gateways [/10.0.2.2] DNS servers: /10.0.2.3 , lease time 86400
06-12 17:34:28.153  1056  1334 D DhcpClient: Confirmed lease: com.android.networkstack.android.net.DhcpResults@78227676 DHCP server /10.0.2.2 Vendor info null lease 86400 seconds Servername 
06-12 17:34:28.153   540   825 D DnsManager: sendDnsConfigurationForNetwork(100, [10.0.2.3], [], 1800, 25, 8, 64, 0, 0, , [])
06-12 17:34:28.154   349   349 I resolv  : resolv_set_nameservers: netid = 100, addr = 10.0.2.3
06-12 17:34:28.154   349   349 I netd    : DnsResolverService::setResolverConfiguration(100, [10.0.2.3], [], 1800, 25, 8, 64, 0, 0, "", []) -> (0) (0.1ms)
06-12 17:34:28.154   349   349 I netd    : setResolverConfiguration(ResolverParamsParcel{netId: 100, sampleValiditySeconds: 1800, successThreshold: 25, minSamples: 8, maxSamples: 64, baseTimeoutMsec: 0, retryCount: 0, servers: [10.0.2.3], domains: [], tlsName: , tlsServers: [], tlsFingerprints: [], caCertificate: , tlsConnectTimeoutMs: 0, resolverOptions: (null), transportTypes: [0]}) <0.15ms>
06-12 17:34:28.156  1101  1101 V MediaPlayerList: mPackageChangedBroadcastReceiver: action: android.intent.action.PACKAGE_ADDED
06-12 17:34:28.157   349   349 I netd    : setNetworkAllowlist([NativeUidRangeConfig{netId: 100, uidRanges: [UidRangeParcel{start: 0, stop: 99999}], subPriority: 0}, NativeUidRangeConfig{netId: 101, uidRanges: [UidRangeParcel{start: 0, stop: 99999}], subPriority: 0}]) -> ServiceSpecificException(64, "Machine is not on the network") <0.01ms>
06-12 17:34:28.162  1101  1101 V MediaPlayerList: mPackageChangedBroadcastReceiver: action: android.intent.action.PACKAGE_ADDED
06-12 17:34:28.162  1101  1101 V MediaPlayerList: mPackageChangedBroadcastReceiver: action: android.intent.action.PACKAGE_CHANGED
06-12 17:34:28.162  1101  1101 V MediaPlayerList: mPackageChangedBroadcastReceiver: action: android.intent.action.PACKAGE_CHANGED
06-12 17:34:28.164   540   825 E ConnectivityService: Unexpected ServiceSpecificException
06-12 17:34:28.164   540   825 E ConnectivityService: android.os.ServiceSpecificException: Machine is not on the network (code 64)
06-12 17:34:28.164   540   825 E ConnectivityService: 	at android.os.Parcel.createExceptionOrNull(Parcel.java:3071)
06-12 17:34:28.164   540   825 E ConnectivityService: 	at android.os.Parcel.createException(Parcel.java:3041)
06-12 17:34:28.164   540   825 E ConnectivityService: 	at android.os.Parcel.readException(Parcel.java:3024)
06-12 17:34:28.164   540   825 E ConnectivityService: 	at android.os.Parcel.readException(Parcel.java:2966)
06-12 17:34:28.164   540   825 E ConnectivityService: 	at android.net.connectivity.android.net.INetd$Stub$Proxy.setNetworkAllowlist(INetd.java:3754)
06-12 17:34:28.164   540   825 E ConnectivityService: 	at android.net.connectivity.com.android.server.ConnectivityService.updateProfileAllowedNetworks(ConnectivityService.java:9229)
06-12 17:34:28.164   540   825 E ConnectivityService: 	at android.net.connectivity.com.android.server.ConnectivityService.updateNetworkInfo(ConnectivityService.java:9882)
06-12 17:34:28.164   540   825 E ConnectivityService: 	at android.net.connectivity.com.android.server.ConnectivityService.-$$Nest$mupdateNetworkInfo(ConnectivityService.java:0)
06-12 17:34:28.164   540   825 E ConnectivityService: 	at android.net.connectivity.com.android.server.ConnectivityService$NetworkStateTrackerHandler.maybeHandleNetworkAgentMessage(ConnectivityService.java:3877)
06-12 17:34:28.164   540   825 E ConnectivityService: 	at android.net.connectivity.com.android.server.ConnectivityService$NetworkStateTrackerHandler.handleMessage(ConnectivityService.java:4242)
06-12 17:34:28.164   540   825 E ConnectivityService: 	at android.os.Handler.dispatchMessage(Handler.java:106)
06-12 17:34:28.164   540   825 E ConnectivityService: 	at android.os.Looper.loopOnce(Looper.java:205)
06-12 17:34:28.164   540   825 E ConnectivityService: 	at android.os.Looper.loop(Looper.java:294)
06-12 17:34:28.164   540   825 E ConnectivityService: 	at android.os.HandlerThread.run(HandlerThread.java:67)
06-12 17:34:28.164   349   349 I netd    : interfaceSetCfg(InterfaceConfigurationParcel{ifName: wlan0, hwAddr: , ipv4Addr: 10.0.2.16, prefixLength: 24, flags: []}) <0.19ms>
06-12 17:34:28.165   540   825 W DnsManager: updatePrivateDns(100, PrivateDnsConfig{true:/[]})
06-12 17:34:28.165   540   825 D ConnectivityService: Setting DNS servers for network 100 to [/10.0.2.3]
06-12 17:34:28.165   540   825 D DnsManager: sendDnsConfigurationForNetwork(100, [10.0.2.3], [], 1800, 25, 8, 64, 0, 0, , [10.0.2.3])
06-12 17:34:28.171   540   818 I WifiClientModeImpl[22235:wlan0]: Update current security type to 0
06-12 17:34:28.171   540   818 W ContextImpl: Calling a method in the system process without a qualified user: android.app.ContextImpl.sendStickyBroadcast:1626 com.android.server.wifi.ClientModeImpl.sendNetworkChangeBroadcast:3008 com.android.server.wifi.ClientModeImpl.lambda$sendNetworkChangeBroadcastWithCurrentState$14:2985 com.android.server.wifi.ClientModeImpl.$r8$lambda$q-j88Pjw4gROgoJFr8wBlBVbuJI:0 com.android.server.wifi.ClientModeImpl$$ExternalSyntheticLambda4.send:0 
06-12 17:34:28.172  1056  1334 D IpClient/wlan0: addressUpdated: 10.0.2.16/24 on ifindex 16 flags 0x00000080 scope 0
06-12 17:34:28.173   349   349 I resolv  : setDoh: No suitable DoH server found
06-12 17:34:28.173   349   349 I netd    : DnsResolverService::setResolverConfiguration(100, [10.0.2.3], [], 1800, 25, 8, 64, 0, 0, "", [10.0.2.3]) -> (0) (7ms)
06-12 17:34:28.173   349   349 I netd    : setResolverConfiguration(ResolverParamsParcel{netId: 100, sampleValiditySeconds: 1800, successThreshold: 25, minSamples: 8, maxSamples: 64, baseTimeoutMsec: 0, retryCount: 0, servers: [10.0.2.3], domains: [], tlsName: , tlsServers: [10.0.2.3], tlsFingerprints: [], caCertificate: , tlsConnectTimeoutMs: 0, resolverOptions: (null), transportTypes: [0]}) <7.47ms>
06-12 17:34:28.175   897   897 I SafetyLabelChangedBroadcastReceiver: received broadcast packageName: com.dazong.smartscale, current user: UserHandle{0}, packageChangeEvent: NEW_INSTALL, intent user: UserHandle{0}
06-12 17:34:28.178  1647  1788 I SnapshotHandler: Unable to retrieve flag snapshot for com.google.android.libraries.consentverifier#com.google.android.apps.wellbeing, using defaults.
06-12 17:34:28.192  1791  2312 I MicroDetectionState: (REDACTED) #takeChangeMicroDetectorMode [mIsBargeInEnabled: %b, mCurrentDetectionMode: %s, isHdmEnabled: %b]
06-12 17:34:28.192   349  2971 W resolv  : Validating DnsTlsServer 10.0.2.3 with mark 0xf0064
06-12 17:34:28.193  2644  2895 I SP      : Successfully got manifest for en-us-manifest: manifests:en-us-53
06-12 17:34:28.197  2802  2950 W droid.deskclock: Accessing hidden field Ljava/util/Collections$SynchronizedCollection;->mutex:Ljava/lang/Object; (max-target-o, reflection, denied)
06-12 17:34:28.197  2802  2950 W droid.deskclock: Accessing hidden method Ljava/util/Collections$SynchronizedSet;-><init>(Ljava/util/Set;Ljava/lang/Object;)V (max-target-o, reflection, denied)
06-12 17:34:28.197  2802  2950 W droid.deskclock: Accessing hidden method Ljava/util/Collections$SynchronizedCollection;-><init>(Ljava/util/Collection;Ljava/lang/Object;)V (max-target-o, reflection, denied)
06-12 17:34:28.199  1791  2312 I MicroDetectionState: (REDACTED) Should stop hotword detection immediately - %b
06-12 17:34:28.199  1548  1596 W ConfigFileUtils: Failed to read asset ChimeraModuleSetList.pb: java.io.FileNotFoundException: ChimeraModuleSetList.pb
06-12 17:34:28.200   349  2971 W resolv  : Socket failed to connect: Network is unreachable
06-12 17:34:28.200   349  2971 W resolv  : TCP Handshake failed: 101
06-12 17:34:28.200   349  2971 W resolv  : query failed
06-12 17:34:28.200   349  2971 W resolv  : validateDnsTlsServer returned 0 for 10.0.2.3
06-12 17:34:28.200   349  2971 W resolv  : Validation failed
06-12 17:34:28.206  1791  2857 I cr_LibraryLoader: Successfully loaded native library
06-12 17:34:28.209  1056  1334 D DhcpClient: Scheduling renewal in 43199s
06-12 17:34:28.209  1056  1334 D DhcpClient: Scheduling rebind in 75599s
06-12 17:34:28.209  1056  1334 D DhcpClient: Scheduling expiry in 86399s
06-12 17:34:28.214  2924  2924 E externalstorage: Not starting debugger since process cannot load the jdwp agent.
06-12 17:34:28.216  1791  2857 I cr_CachingUmaRecorder: Flushed 8 samples from 8 histograms.
06-12 17:34:28.216  1791  2310 W earchbox:search: Long monitor contention with owner Cookies thread0 (2857) at android.webkit.CookieManager com.android.webview.chromium.WebViewChromiumFactoryProvider.getCookieManager()(chromium-TrichromeWebViewGoogle6432.apk-stable-567263634:22) waiters=0 in android.webkit.CookieManager com.android.webview.chromium.WebViewChromiumFactoryProvider.getCookieManager() for 325ms
06-12 17:34:28.220  2644  2895 I SP      : Syncing en-us (53) with slices: [{en-us-x-multi-r53, m:*:*:*}], metadata: false
06-12 17:34:28.237   540   825 D ConnectivityService: Adding iface eth0 to network 100
06-12 17:34:28.239   540  2230 D CompatibilityChangeReporter: Compat change id reported: 261072174; UID 10147; state: DISABLED
06-12 17:34:28.240   349   349 I netd    : networkAddInterface(100, eth0) <2.35ms>
06-12 17:34:28.241   349   349 I netd    : wakeupAddInterface(eth0, 432902426637:eth0, -2147483648, -2147483648) <0.69ms>
06-12 17:34:28.241   349   349 I netd    : interfaceSetMtu(eth0, 1500) <0.06ms>
06-12 17:34:28.242   349   349 I netd    : networkAddRouteParcel(100, RouteInfoParcel{destination: 10.0.2.0/24, ifName: eth0, nextHop: , mtu: 0}) <0.04ms>
06-12 17:34:28.242   349   349 I netd    : networkAddRouteParcel(100, RouteInfoParcel{destination: 0.0.0.0/0, ifName: eth0, nextHop: 10.0.2.2, mtu: 1500}) <0.01ms>
06-12 17:34:28.243   540   825 D ConnectivityService: Setting DNS servers for network 100 to [/10.0.2.3]
06-12 17:34:28.243   540   825 D DnsManager: sendDnsConfigurationForNetwork(100, [10.0.2.3], [], 1800, 25, 8, 64, 0, 0, , [10.0.2.3])
06-12 17:34:28.245  1488  1572 W .gms.persistent: Accessing hidden method Landroid/os/PowerManager;->isLightDeviceIdleMode()Z (max-target-s, reflection, denied)
06-12 17:34:28.245  2954  2954 I webview_service: Using CollectorTypeCC GC.
06-12 17:34:28.247   349   349 I resolv  : setDoh: No suitable DoH server found
06-12 17:34:28.247   349   349 I netd    : DnsResolverService::setResolverConfiguration(100, [10.0.2.3], [], 1800, 25, 8, 64, 0, 0, "", [10.0.2.3]) -> (0) (4ms)
06-12 17:34:28.247   349   349 I netd    : setResolverConfiguration(ResolverParamsParcel{netId: 100, sampleValiditySeconds: 1800, successThreshold: 25, minSamples: 8, maxSamples: 64, baseTimeoutMsec: 0, retryCount: 0, servers: [10.0.2.3], domains: [], tlsName: , tlsServers: [10.0.2.3], tlsFingerprints: [], caCertificate: , tlsConnectTimeoutMs: 0, resolverOptions: (null), transportTypes: [0]}) <3.99ms>
06-12 17:34:28.247  2802  2802 D AlarmClock: Events: [Analog Clock Widget] [Create]
06-12 17:34:28.248  2802  2802 D CompatibilityChangeReporter: Compat change id reported: 160794467; UID 10147; state: ENABLED
06-12 17:34:28.250  2802  2802 I AlarmClock: WidgetUtils: Creating layouts for the following sizes(dp): [0.0x0.0]
06-12 17:34:28.250   349  2984 W resolv  : Validating DnsTlsServer 10.0.2.3 with mark 0xf0064
06-12 17:34:28.251  2802  2802 D CompatibilityChangeReporter: Compat change id reported: 170233598; UID 10147; state: DISABLED
06-12 17:34:28.270   540   818 E WifiStaIfaceAidlImpl: installApfPacketFilter failed with service-specific exception: android.os.ServiceSpecificException:  (code 4)
06-12 17:34:28.271   540   818 W ContextImpl: Calling a method in the system process without a qualified user: android.app.ContextImpl.sendStickyBroadcast:1626 com.android.server.wifi.ClientModeImpl.sendNetworkChangeBroadcast:3008 com.android.server.wifi.ClientModeImpl.lambda$sendNetworkChangeBroadcastWithCurrentState$14:2985 com.android.server.wifi.ClientModeImpl.$r8$lambda$q-j88Pjw4gROgoJFr8wBlBVbuJI:0 com.android.server.wifi.ClientModeImpl$$ExternalSyntheticLambda4.send:0 
06-12 17:34:28.274  1488  1575 W Nearby  : Failed to open content://com.android.contacts/profile because the Cursor was empty [CONTEXT service_id=49 ]
06-12 17:34:28.279  2644  2895 I SP      : Fetching en-us:en-us-x-multi-r53 from assets with params: {m:*:*:*, *, p {absolute:0}}
06-12 17:34:28.279  1791  2500 I SettingsDataLayer.AE: Set Assistant eligibility status
06-12 17:34:28.283  2954  2954 E webview_service: Not starting debugger since process cannot load the jdwp agent.
06-12 17:34:28.286  1488  2773 E bwfc    : Phenotype API error. Event # edax@cfdcabaa, EventCode: 5 [CONTEXT service_id=51 ]
06-12 17:34:28.286  1488  2773 E bwfc    : bwdx: 29503
06-12 17:34:28.286  1488  2773 E bwfc    : 	at bwft.a(:com.google.android.gms@231818044@23.18.18 (190400-535401451):4)
06-12 17:34:28.286  1488  2773 E bwfc    : 	at bwfg.b(:com.google.android.gms@231818044@23.18.18 (190400-535401451):7)
06-12 17:34:28.286  1488  2773 E bwfc    : 	at bwff.g(:com.google.android.gms@231818044@23.18.18 (190400-535401451):0)
06-12 17:34:28.286  1488  2773 E bwfc    : 	at bwfc.e(:com.google.android.gms@231818044@23.18.18 (190400-535401451):4)
06-12 17:34:28.286  1488  2773 E bwfc    : 	at bwfc.f(:com.google.android.gms@231818044@23.18.18 (190400-535401451):2)
06-12 17:34:28.286  1488  2773 E bwfc    : 	at avsy.eo(:com.google.android.gms@231818044@23.18.18 (190400-535401451):1)
06-12 17:34:28.286  1488  2773 E bwfc    : 	at avtf.run(:com.google.android.gms@231818044@23.18.18 (190400-535401451):14)
06-12 17:34:28.286  1488  2773 E bwfc    : 	at dfhf.run(:com.google.android.gms@231818044@23.18.18 (190400-535401451):2)
06-12 17:34:28.286  1488  2773 E bwfc    : 	at aced.c(:com.google.android.gms@231818044@23.18.18 (190400-535401451):6)
06-12 17:34:28.286  1488  2773 E bwfc    : 	at aced.run(:com.google.android.gms@231818044@23.18.18 (190400-535401451):7)
06-12 17:34:28.286  1488  2773 E bwfc    : 	at java.util.concurrent.ThreadPoolExecutor.runWorker(ThreadPoolExecutor.java:1145)
06-12 17:34:28.286  1488  2773 E bwfc    : 	at java.util.concurrent.ThreadPoolExecutor$Worker.run(ThreadPoolExecutor.java:644)
06-12 17:34:28.286  1488  2773 E bwfc    : 	at acjn.run(:com.google.android.gms@231818044@23.18.18 (190400-535401451):0)
06-12 17:34:28.286  1488  2773 E bwfc    : 	at java.lang.Thread.run(Thread.java:1012)
06-12 17:34:28.287   540  2404 D CompatibilityChangeReporter: Compat change id reported: 177438394; UID 10154; state: DISABLED
06-12 17:34:28.287   540  2404 D CompatibilityChangeReporter: Compat change id reported: 135772972; UID 10154; state: DISABLED
06-12 17:34:28.287   540  2404 D CompatibilityChangeReporter: Compat change id reported: 135754954; UID 10154; state: ENABLED
06-12 17:34:28.288   540   570 D CompatibilityChangeReporter: Compat change id reported: 143937733; UID 10154; state: ENABLED
06-12 17:34:28.288  1791  2500 I SettingsDataLayer.AE: Set isHotwordOpaEligible
06-12 17:34:28.291  1488  2773 W AsyncOperation: operation=CommitToConfigurationOperationCall, opStatusCode=29503 [CONTEXT service_id=51 ]
06-12 17:34:28.291  1488  2773 W AsyncOperation: OperationException[Status{statusCode=unknown status code: 29503, resolution=null}]
06-12 17:34:28.291  1488  2773 W AsyncOperation: 	at bwfc.e(:com.google.android.gms@231818044@23.18.18 (190400-535401451):6)
06-12 17:34:28.291  1488  2773 W AsyncOperation: 	at bwfc.f(:com.google.android.gms@231818044@23.18.18 (190400-535401451):2)
06-12 17:34:28.291  1488  2773 W AsyncOperation: 	at avsy.eo(:com.google.android.gms@231818044@23.18.18 (190400-535401451):1)
06-12 17:34:28.291  1488  2773 W AsyncOperation: 	at avtf.run(:com.google.android.gms@231818044@23.18.18 (190400-535401451):14)
06-12 17:34:28.291  1488  2773 W AsyncOperation: 	at dfhf.run(:com.google.android.gms@231818044@23.18.18 (190400-535401451):2)
06-12 17:34:28.291  1488  2773 W AsyncOperation: 	at aced.c(:com.google.android.gms@231818044@23.18.18 (190400-535401451):6)
06-12 17:34:28.291  1488  2773 W AsyncOperation: 	at aced.run(:com.google.android.gms@231818044@23.18.18 (190400-535401451):7)
06-12 17:34:28.291  1488  2773 W AsyncOperation: 	at java.util.concurrent.ThreadPoolExecutor.runWorker(ThreadPoolExecutor.java:1145)
06-12 17:34:28.291  1488  2773 W AsyncOperation: 	at java.util.concurrent.ThreadPoolExecutor$Worker.run(ThreadPoolExecutor.java:644)
06-12 17:34:28.291  1488  2773 W AsyncOperation: 	at acjn.run(:com.google.android.gms@231818044@23.18.18 (190400-535401451):0)
06-12 17:34:28.291  1488  2773 W AsyncOperation: 	at java.lang.Thread.run(Thread.java:1012)
06-12 17:34:28.291   350   350 D Zygote  : Forked child process 3000
06-12 17:34:28.291  1488  2773 W bwft    : Succeeded but not registered: googledata.experiments.mobile.assistant.client_packages.component.nlu_ff.device#com.google.android.googlequicksearchbox [CONTEXT service_id=51 ]
06-12 17:34:28.291  1488  2773 W bwft    : Succeeded but not registered: com.google.android.apps.search.assistant.mobile.device#com.google.android.googlequicksearchbox [CONTEXT service_id=51 ]
06-12 17:34:28.292  1548  1913 W gle.android.gms: Long monitor contention with owner binder:1548_2 (1573) at void com.google.android.gms.ads.identifier.settings.b.l(boolean)(:com.google.android.gms@231818044@23.18.18 (190400-535401451):2) waiters=0 in boolean com.google.android.gms.ads.identifier.settings.b.o(int) for 107ms
06-12 17:34:28.292   540   559 W Looper  : Slow dispatch took 152ms android.fg h=android.os.Handler c=com.android.server.am.SameProcessApplicationThread$$ExternalSyntheticLambda1@7761827 m=0
06-12 17:34:28.299   540  2406 D CompatibilityChangeReporter: Compat change id reported: 168419799; UID 10134; state: DISABLED
06-12 17:34:28.299   540  2406 D CompatibilityChangeReporter: Compat change id reported: 273564678; UID 10134; state: DISABLED
06-12 17:34:28.302  1488  2939 W bwft    : Succeeded but not registered: com.google.android.apps.search.fedora.device#com.google.android.googlequicksearchbox [CONTEXT service_id=51 ]
06-12 17:34:28.305  1488  2773 W bwft    : Succeeded but not registered: com.google.android.tts#com.google.android.tts [CONTEXT service_id=51 ]
06-12 17:34:28.305   540   625 D CompatibilityChangeReporter: Compat change id reported: 265195908; UID 10134; state: ENABLED
06-12 17:34:28.308   540  2408 D CompatibilityChangeReporter: Compat change id reported: 168419799; UID 10093; state: DISABLED
06-12 17:34:28.309   540  2408 D CompatibilityChangeReporter: Compat change id reported: 273564678; UID 10093; state: DISABLED
06-12 17:34:28.313   540   570 I ActivityManager: Start proc 3000:com.google.android.contacts/u0a154 for content provider {com.google.android.contacts/com.google.android.apps.contacts.othercontacts.OtherContactsProvider}
06-12 17:34:28.315   540   818 W WifiScoreReport: Cannot start external scoring netId=101 currentNetId=101 currentNetCapabilities=[ Transports: WIFI Capabilities: NOT_METERED&INTERNET&NOT_RESTRICTED&TRUSTED&NOT_VPN&NOT_ROAMING&NOT_CONGESTED&NOT_SUSPENDED&NOT_VCN_MANAGED LinkUpBandwidth>=12000Kbps LinkDnBandwidth>=30000Kbps Specifier: <WifiNetworkAgentSpecifier [WifiConfiguration=, SSID="AndroidWifi", BSSID=00:13:10:85:fe:01, band=1, mMatchLocalOnlySpecifiers=false]> TransportInfo: <SSID: "AndroidWifi", BSSID: 00:13:10:85:fe:01, MAC: 02:15:b2:00:00:00, IP: /10.0.2.16, Security type: 0, Supplicant state: COMPLETED, Wi-Fi standard: 1, RSSI: -50, Link speed: 1Mbps, Tx Link speed: 1Mbps, Max Supported Tx Link speed: 11Mbps, Rx Link speed: -1Mbps, Max Supported Rx Link speed: 11Mbps, Frequency: 2447MHz, Net ID: 0, Metered hint: false, score: 60, isUsable: true, CarrierMerged: false, SubscriptionId: -1, IsPrimary: 1, Trusted: true, Restricted: false, Ephemeral: false, OEM paid: false, OEM private: false, OSU AP: false, FQDN: <none>, Provider friendly name: <none>, Requesting package name: <none>"AndroidWifi"openMLO Information: , Is TID-To-Link negotiation supported by the AP: false, AP MLD Address: <none>, AP MLO Link Id: <none>, AP MLO Affiliated links: <none>> SignalStrength: -50 AllowedUids: <{10161}> OwnerUid: 10161 AdminUids: [10161] SSID: "AndroidWifi" UnderlyingNetworks: Null] sessionId=1017
06-12 17:34:28.318  2860  3004 I cr_LibraryLoader: Loading monochrome_64 from within /data/app/~~xvCv8LeMZ8L3CUPmAszEMA==/com.android.chrome-AwTuSYpZTQhUmU097OzrKg==/Chrome.apk
06-12 17:34:28.319   540   986 D CompatibilityChangeReporter: Compat change id reported: 161145287; UID 10146; state: ENABLED
06-12 17:34:28.321  2860  3004 I cr_Linker: loadLibraryImplLocked: monochrome_64, relroMode=1
06-12 17:34:28.326  2924  2924 D CompatibilityChangeReporter: Compat change id reported: 171979766; UID 10093; state: ENABLED
06-12 17:34:28.326  2924  2924 D CompatibilityChangeReporter: Compat change id reported: 242716250; UID 10093; state: ENABLED
06-12 17:34:28.326  2802  2802 I AlarmClock: AnalogAppWidgetProvider: processing Intent { act=android.appwidget.action.APPWIDGET_UPDATE flg=0x10 cmp=com.google.android.deskclock/com.android.alarmclock.AnalogAppWidgetProvider (has extras) } 
06-12 17:34:28.327  2802  2802 I AlarmClock: WidgetUtils: Creating layouts for the following sizes(dp): [0.0x0.0]
06-12 17:34:28.329   540  2408 D CompatibilityChangeReporter: Compat change id reported: 170503758; UID 10093; state: ENABLED
06-12 17:34:28.330  2924  2924 D CompatibilityChangeReporter: Compat change id reported: 3400644; UID 10093; state: ENABLED
06-12 17:34:28.331   540   569 I ActivityManager: com.google.android.packageinstaller is exempt from freezer
06-12 17:34:28.331   540   569 D CompatibilityChangeReporter: Compat change id reported: 135634846; UID 10091; state: DISABLED
06-12 17:34:28.331   540   569 D CompatibilityChangeReporter: Compat change id reported: 177438394; UID 10091; state: DISABLED
06-12 17:34:28.331   540   569 D CompatibilityChangeReporter: Compat change id reported: 135772972; UID 10091; state: DISABLED
06-12 17:34:28.331   540   569 D CompatibilityChangeReporter: Compat change id reported: 135754954; UID 10091; state: ENABLED
06-12 17:34:28.331   540   570 D CompatibilityChangeReporter: Compat change id reported: 143937733; UID 10091; state: ENABLED
06-12 17:34:28.338  1132  1132 I SimDialogProhibitService: No SimDialogActivity for dismiss.
06-12 17:34:28.339   350   350 D Zygote  : Forked child process 3015
06-12 17:34:28.339  1548  1594 W gle.android.gms: Accessing hidden method Landroid/net/ConnectivityManager;->isNetworkTypeMobile(I)Z (max-target-p, reflection, denied)
06-12 17:34:28.339  1548  1594 W gle.android.gms: Accessing hidden method Landroid/os/PowerManager;->isLightDeviceIdleMode()Z (max-target-s, reflection, denied)
06-12 17:34:28.340   540   570 I ActivityManager: Start proc 3015:com.google.android.packageinstaller/u0a91 for broadcast {com.google.android.packageinstaller/com.android.packageinstaller.PackageInstalledReceiver}
06-12 17:34:28.342   540   625 D CompatibilityChangeReporter: Compat change id reported: 265195908; UID 10093; state: ENABLED
06-12 17:34:28.342  2924  2924 D nativeloader: Configuring clns-shared-6 for other apk /system/priv-app/ExternalStorageProvider/ExternalStorageProvider.apk. target_sdk_version=34, uses_libraries=, library_path=/system/priv-app/ExternalStorageProvider/lib/arm64:/system/lib64:/system_ext/lib64, permitted_path=/data:/mnt/expand:/data/user/0/com.android.externalstorage:/system/priv-app/ExternalStorageProvider:/system/lib64:/system_ext/lib64
06-12 17:34:28.343   540  2404 W ContextImpl: Calling a method in the system process without a qualified user: android.app.ContextImpl.sendBroadcastMultiplePermissions:1270 android.content.Context.sendBroadcastMultiplePermissions:2476 com.android.server.TelephonyRegistry.broadcastServiceStateChanged:3548 com.android.server.TelephonyRegistry.notifyServiceStateForPhoneId:1728 com.android.internal.telephony.ITelephonyRegistry$Stub.onTransact:534 
06-12 17:34:28.345   896   896 D StatusBarIconController: ignoring old pipeline callbacks, because the new mobile icons are enabled
06-12 17:34:28.345   896   896 D GlobalActionsDialogLite: Service changed before actions created
06-12 17:34:28.345   896   896 D GlobalActionsDialogLite: Service changed before actions created
06-12 17:34:28.345   540  2404 W ContextImpl: Calling a method in the system process without a qualified user: android.app.ContextImpl.sendBroadcastMultiplePermissions:1303 com.android.server.TelephonyRegistry.broadcastServiceStateChanged:3553 com.android.server.TelephonyRegistry.notifyServiceStateForPhoneId:1728 com.android.internal.telephony.ITelephonyRegistry$Stub.onTransact:534 android.os.Binder.execTransactInternal:1339 
06-12 17:34:28.346   540  2404 W ContextImpl: Calling a method in the system process without a qualified user: android.app.ContextImpl.sendBroadcastMultiplePermissions:1303 com.android.server.TelephonyRegistry.broadcastServiceStateChanged:3562 com.android.server.TelephonyRegistry.notifyServiceStateForPhoneId:1728 com.android.internal.telephony.ITelephonyRegistry$Stub.onTransact:534 android.os.Binder.execTransactInternal:1339 
06-12 17:34:28.346   540  2404 W ContextImpl: Calling a method in the system process without a qualified user: android.app.ContextImpl.sendBroadcastMultiplePermissions:1303 com.android.server.TelephonyRegistry.broadcastServiceStateChanged:3568 com.android.server.TelephonyRegistry.notifyServiceStateForPhoneId:1728 com.android.internal.telephony.ITelephonyRegistry$Stub.onTransact:534 android.os.Binder.execTransactInternal:1339 
06-12 17:34:28.346   540  2342 D PackageManager: Instant App installer not found with android.intent.action.INSTALL_INSTANT_APP_PACKAGE
06-12 17:34:28.346   540  2342 D PackageManager: Clear ephemeral installer activity
06-12 17:34:28.347  1130  1130 D ServiceStateProvider: subId=1
06-12 17:34:28.347   540   818 W system_server: Core platform API violation: Llibcore/io/Memory;->pokeByte(JB)V from Lcom/android/wifi/x/com/google/protobuf/UnsafeUtil; using reflection
06-12 17:34:28.347   540   818 W system_server: Core platform API violation: Llibcore/io/Memory;->peekByte(J)B from Lcom/android/wifi/x/com/google/protobuf/UnsafeUtil; using reflection
06-12 17:34:28.348   540  2404 D PackageManager: Instant App installer not found with android.intent.action.INSTALL_INSTANT_APP_PACKAGE
06-12 17:34:28.348   540  2404 D PackageManager: Clear ephemeral installer activity
06-12 17:34:28.349   540  2410 D PackageManager: Instant App installer not found with android.intent.action.INSTALL_INSTANT_APP_PACKAGE
06-12 17:34:28.349   540  2410 D PackageManager: Clear ephemeral installer activity
06-12 17:34:28.350   540  2342 D PackageManager: Instant App installer not found with android.intent.action.INSTALL_INSTANT_APP_PACKAGE
06-12 17:34:28.350   540  2342 D PackageManager: Clear ephemeral installer activity
06-12 17:34:28.351  1688  2149 W AiAiEcho: LyftNotificationParser Ridesharing ETA not enabled
06-12 17:34:28.351  1688  2149 W AiAiEcho: SmartspaceNotificationPredictor no parser can handle this notification or notification is invalid
06-12 17:34:28.352   540   559 I PreBootBroadcaster: Pre-boot of {com.google.android.documentsui/com.android.documentsui.PreBootReceiver} for user 0
06-12 17:34:28.356   896   896 D ControlsListingControllerImpl: ServiceConfig reloaded, count: 0
06-12 17:34:28.357   453   453 W libgoldfish-rild: Multi-element reporting criteria are not supported with HIDL HAL
06-12 17:34:28.358   896   896 D ControlsListingControllerImpl: ServiceConfig reloaded, count: 0
06-12 17:34:28.358  1130  1130 D TelephonyProvider: subIdString = 1 subId = 1
06-12 17:34:28.358  1130  1130 D TelephonyProvider: setPreferredApnId: apn_id1:-1
06-12 17:34:28.358  1130  1130 D TelephonyProvider: setPreferredApnId: explicit_set_called1:true
06-12 17:34:28.358  1130  1130 D TelephonyProvider: deletePreferredApn: for subId 1
06-12 17:34:28.358  1130  1130 D TelephonyProvider: subIdString = 1 subId = 1
06-12 17:34:28.358  1130  1130 D TelephonyProvider: setPreferredApnId: apn_id1:1
06-12 17:34:28.358  1130  1130 D TelephonyProvider: setPreferredApnId: explicit_set_called1:true
06-12 17:34:28.358  1130  1130 D TelephonyProvider: setPreferredApn: _id 1 subId 1
06-12 17:34:28.360  1130  1130 D TelephonyProvider: setPreferredApn: apn_set_id1:0
06-12 17:34:28.360  1130  1130 D TelephonyProvider: setPreferredApn: mnc1:260
06-12 17:34:28.360  1130  1130 D TelephonyProvider: setPreferredApn: mmsc1:http://mms.msg.eng.t-mobile.com/mms/wapenc
06-12 17:34:28.360  1130  1130 D TelephonyProvider: setPreferredApn: mmsport1:
06-12 17:34:28.360  1130  1130 D TelephonyProvider: setPreferredApn: mvno_match_data1:
06-12 17:34:28.360  1130  1130 D TelephonyProvider: setPreferredApn: numeric1:310260
06-12 17:34:28.360  1130  1130 D TelephonyProvider: setPreferredApn: owned_by1:1
06-12 17:34:28.360  1130  1130 D TelephonyProvider: setPreferredApn: mcc1:310
06-12 17:34:28.360  1130  1130 D TelephonyProvider: setPreferredApn: carrier_enabled1:1
06-12 17:34:28.360  1130  1130 D TelephonyProvider: setPreferredApn: carrier_id1:-1
06-12 17:34:28.360  1130  1130 D TelephonyProvider: setPreferredApn: proxy1:
06-12 17:34:28.360  1130  1130 D TelephonyProvider: setPreferredApn: protocol1:IP
06-12 17:34:28.360  1130  1130 D TelephonyProvider: setPreferredApn: port1:
06-12 17:34:28.360  1130  1130 D TelephonyProvider: setPreferredApn: profile_id1:0
06-12 17:34:28.360  1130  1130 D TelephonyProvider: setPreferredApn: roaming_protocol1:IP
06-12 17:34:28.360  1130  1130 D TelephonyProvider: setPreferredApn: bearer1:0
06-12 17:34:28.360  1130  1130 D TelephonyProvider: setPreferredApn: mvno_type1:
06-12 17:34:28.360  1130  1130 D TelephonyProvider: setPreferredApn: apn1:epc.tmobile.com
06-12 17:34:28.360  1130  1130 D TelephonyProvider: setPreferredApn: user_editable1:1
06-12 17:34:28.360  1130  1130 D TelephonyProvider: setPreferredApn: mmsproxy1:
06-12 17:34:28.360  1130  1130 D TelephonyProvider: setPreferredApn: version1:4063232
06-12 17:34:28.362  1130  1130 D TelephonyProvider: subId:1 mccmnc=310260 carrierId=1, match current APN size:  1
06-12 17:34:28.362  1130  1130 D TelephonyProvider: match MNO APN: 1
06-12 17:34:28.363  1130  1130 D TelephonyProvider: match carrier id APN: 0
06-12 17:34:28.364   540   554 W system_server: Long monitor contention with owner ActivityManager (569) at void com.android.server.am.BroadcastQueueModernImpl.checkPendingColdStartValidity()(BroadcastQueueModernImpl.java:559) waiters=5 in int com.android.server.am.ActivityManagerService.bindServiceInstance(android.app.IApplicationThread, android.os.IBinder, android.content.Intent, java.lang.String, android.app.IServiceConnection, long, java.lang.String, boolean, int, java.lang.String, android.app.IApplicationThread, java.lang.String, int) for 192ms
06-12 17:34:28.365  1176  1176 I OverviewComponentObserver: updateOverviewTargets: mIsHomeDisabled=false, isDefaultHomeNull=false, mIsDefaultHome=true
06-12 17:34:28.366  1130  1130 D TelephonyProvider: subIdString = 1 subId = 1
06-12 17:34:28.366   896   991 D EGL_emulation: app_time_stats: avg=210.42ms min=4.14ms max=732.96ms count=6
06-12 17:34:28.368  1130  1130 D TelephonyProvider: subIdString = 1 subId = 1
06-12 17:34:28.370   540   986 D CompatibilityChangeReporter: Compat change id reported: 181658987; UID 1000; state: ENABLED
06-12 17:34:28.372  1130  1130 I Telephony: TelecomAccountTelephonyCallback: onServiceStateChanged: newState=0, mServiceState=0
06-12 17:34:28.372  1130  1130 W Telephony: registerMmTelCapabilityCallback: registration failed, no ImsService available. Exception: code: 1
06-12 17:34:28.373  1130  1130 I Telephony: isRttCurrentlySupported -- regular acct, hasVoiceAvailability: false
06-12 17:34:28.373  1130  1130 I Telephony:  isRttSupported: false
06-12 17:34:28.373  1130  1130 I Telephony:  alwaysAllowWhileRoaming: false
06-12 17:34:28.373  1130  1130 I Telephony:  isRoaming: false
06-12 17:34:28.373  1130  1130 I Telephony:  isOnWfc: false
06-12 17:34:28.373  1101  1444 I HeadsetPhoneState: stopListenForPhoneState(), no listener indicates nothing is listening
06-12 17:34:28.374  1101  1444 W HeadsetPhoneState: startListenForPhoneState, no event to listen
06-12 17:34:28.374   540   986 D CompatibilityChangeReporter: Compat change id reported: 161252188; UID 10112; state: DISABLED
06-12 17:34:28.385  1688  2150 I TrainerClient: Preparing to schedule training for population:aiai/sysimg/contentcapture session_name:contentcapture
06-12 17:34:28.386  1791  1831 W MDD     : MobileDataDownloadBuilder: Failed to commitToFlagSnapshot: com.google.android.gms.common.api.n: 29503: 
06-12 17:34:28.386  1688  2150 I AiAiFedAss: Ekho TTL succeeded.
06-12 17:34:28.387  1688  2795 W AiAiFed : [AiAi SimpleStorage Federated Collection] Cancelling training failed [mode=FEDERATION, population=aiai/sysimg/contentcapture, session=contentcapture]
06-12 17:34:28.387  1688  2795 W AiAiFed : java.lang.IllegalArgumentException: Unsupported response code3
06-12 17:34:28.387  1688  2795 W AiAiFed : 	at hci.run(PG:38)
06-12 17:34:28.387  1688  2795 W AiAiFed : 	at java.util.concurrent.ThreadPoolExecutor.runWorker(ThreadPoolExecutor.java:1145)
06-12 17:34:28.387  1688  2795 W AiAiFed : 	at java.util.concurrent.ThreadPoolExecutor$Worker.run(ThreadPoolExecutor.java:644)
06-12 17:34:28.387  1688  2795 W AiAiFed : 	at java.lang.Thread.run(Thread.java:1012)
06-12 17:34:28.387  1688  2800 W AiAiFed : [AiAi SimpleStorage Federated Collection] Cancelling training failed [mode=FEDERATION, population=aiai/sysimg/contentcapture, session=contentcapture]
06-12 17:34:28.387  1688  2800 W AiAiFed : qhi: UNKNOWN
06-12 17:34:28.387  1688  2800 W AiAiFed : 	at qhg.i(Unknown Source:2)
06-12 17:34:28.387  1688  2800 W AiAiFed : 	at qur.Q(PG:2)
06-12 17:34:28.387  1688  2800 W AiAiFed : 	at qkv.a(PG:3)
06-12 17:34:28.387  1688  2800 W AiAiFed : 	at qlo.run(PG:2)
06-12 17:34:28.387  1688  2800 W AiAiFed : 	at qqt.run(PG:2)
06-12 17:34:28.387  1688  2800 W AiAiFed : 	at java.util.concurrent.ThreadPoolExecutor.runWorker(ThreadPoolExecutor.java:1145)
06-12 17:34:28.387  1688  2800 W AiAiFed : 	at java.util.concurrent.ThreadPoolExecutor$Worker.run(ThreadPoolExecutor.java:644)
06-12 17:34:28.387  1688  2800 W AiAiFed : 	at java.lang.Thread.run(Thread.java:1012)
06-12 17:34:28.395   540   825 W BestClock: java.time.DateTimeException: Missing network time fix
06-12 17:34:28.396  2954  2954 D CompatibilityChangeReporter: Compat change id reported: 171979766; UID 10134; state: ENABLED
06-12 17:34:28.396  2954  2954 D CompatibilityChangeReporter: Compat change id reported: 242716250; UID 10134; state: ENABLED
06-12 17:34:28.397  1488  2939 W bwft    : Succeeded but not registered: com.google.android.libraries.search.audio.device#com.google.android.tts [CONTEXT service_id=51 ]
06-12 17:34:28.397  1488  2461 I FontLog : Received query Google Sans, URI content://com.google.android.gms.fonts [CONTEXT service_id=132 ]
06-12 17:34:28.402   896   987 D LocalImageResolver: Couldn't use ImageDecoder for drawable, falling back to non-resized load.
06-12 17:34:28.403   896   987 D LocalImageResolver: Couldn't use ImageDecoder for drawable, falling back to non-resized load.
06-12 17:34:28.403  2924  2924 V GraphicsEnvironment: Currently set values for:
06-12 17:34:28.404  2924  2924 V GraphicsEnvironment:   angle_gl_driver_selection_pkgs=[]
06-12 17:34:28.404  2924  2924 V GraphicsEnvironment:   angle_gl_driver_selection_values=[]
06-12 17:34:28.405  2924  2924 V GraphicsEnvironment: ANGLE GameManagerService for com.android.externalstorage: false
06-12 17:34:28.405  2924  2924 V GraphicsEnvironment: com.android.externalstorage is not listed in per-application setting
06-12 17:34:28.405  2924  2924 V GraphicsEnvironment: Neither updatable production driver nor prerelease driver is supported.
06-12 17:34:28.406   540   614 I ActivityManager: Flag disabled. Ignoring finishAttachApplication from uid: 10146. pid: 2860
06-12 17:34:28.412   349   349 I netd    : tetherGetStats() -> {[]} <0.45ms>
06-12 17:34:28.413   540   825 W BestClock: java.time.DateTimeException: Missing network time fix
06-12 17:34:28.414   540   825 D ConnectivityService: Switching to new default network for: uid/pid:1000/540 activeRequest: 1 callbackRequest: 1 [NetworkRequest [ REQUEST id=1, [ Capabilities: INTERNET&NOT_RESTRICTED&TRUSTED&NOT_VPN&NOT_VCN_MANAGED RequestorUid: 1000 RequestorPkg: android UnderlyingNetworks: Null] ]] callback flags: 1 order: 2147483647 using NetworkAgentInfo{network{100}  handle{432902426637}  ni{MOBILE[LTE] CONNECTED extra: epc.tmobile.com} created=2026-06-12T09:34:27.692Z Score(Policies :  ; KeepConnected : 0)  created 31886  lp{{InterfaceName: eth0 LinkAddresses: [ 10.0.2.15/24 ] DnsAddresses: [ /10.0.2.3 ] Domains: null MTU: 1500 TcpBufferSizes: 2097152,6291456,16777216,512000,2097152,8388608 Routes: [ 0.0.0.0/0 -> 10.0.2.2 eth0 mtu 1500,10.0.2.0/24 -> 0.0.0.0 eth0 mtu 0 ]}}  nc{[ Transports: CELLULAR Capabilities: MMS&SUPL&DUN&FOTA&IMS&CBS&INTERNET&NOT_RESTRICTED&TRUSTED&NOT_VPN&NOT_ROAMING&FOREGROUND&NOT_CONGESTED&NOT_SUSPENDED&NOT_VCN_MANAGED LinkUpBandwidth>=14Kbps LinkDnBandwidth>=14Kbps Specifier: <TelephonyNetworkSpecifier [mSubId = 1]> SubscriptionIds: {1} UnderlyingNetworks: Null]}  factorySerialNumber=4}
06-12 17:34:28.414   349   349 I netd    : networkSetDefault(100) <0.06ms>
06-12 17:34:28.418   540  2400 D CompatibilityChangeReporter: Compat change id reported: 170503758; UID 10134; state: ENABLED
06-12 17:34:28.420  2954  2954 W ziparchive: Unable to open '/data/app/~~qDKwoYLcGG6q8dJluiYQsg==/com.google.android.trichromelibrary_567263634-XqguMXk4aI0d1h8uuiwxeg==/TrichromeLibrary.dm': No such file or directory
06-12 17:34:28.420  2954  2954 W ziparchive: Unable to open '/data/app/~~qDKwoYLcGG6q8dJluiYQsg==/com.google.android.trichromelibrary_567263634-XqguMXk4aI0d1h8uuiwxeg==/TrichromeLibrary.dm': No such file or directory
06-12 17:34:28.420  2954  2954 W webview_service: Entry not found
06-12 17:34:28.421   349   404 E NetlinkEvent: NetlinkEvent::FindParam(): Parameter 'INTERFACE' not found
06-12 17:34:28.421   349   404 E NetlinkEvent: NetlinkEvent::FindParam(): Parameter 'STATE' not found
06-12 17:34:28.421   349   404 E NetlinkEvent: NetlinkEvent::FindParam(): Parameter 'TIME_NS' not found
06-12 17:34:28.421   349   404 E NetlinkEvent: NetlinkEvent::FindParam(): Parameter 'UID' not found
06-12 17:34:28.421   349   349 I netd    : idletimerAddInterface(eth0, 10, 0) <3.82ms>
06-12 17:34:28.421   349   349 I netd    : setTcpRWmemorySize(2097152 6291456 16777216, 512000 2097152 8388608) <0.05ms>
06-12 17:34:28.421  2954  2954 D nativeloader: Configuring clns-6 for other apk /data/app/~~qDKwoYLcGG6q8dJluiYQsg==/com.google.android.trichromelibrary_567263634-XqguMXk4aI0d1h8uuiwxeg==/TrichromeLibrary.apk. target_sdk_version=34, uses_libraries=ALL, library_path=/data/app/~~apznSlE3YcrFxe9eiVdIMA==/com.google.android.webview-yRCRVxU2kkMKo5p2nosGIQ==/lib/arm64:/data/app/~~apznSlE3YcrFxe9eiVdIMA==/com.google.android.webview-yRCRVxU2kkMKo5p2nosGIQ==/WebViewGoogle.apk!/lib/arm64-v8a:/data/app/~~qDKwoYLcGG6q8dJluiYQsg==/com.google.android.trichromelibrary_567263634-XqguMXk4aI0d1h8uuiwxeg==/TrichromeLibrary.apk!/lib/arm64-v8a, permitted_path=/data:/mnt/expand:/data/user/0/com.google.android.webview
06-12 17:34:28.423   540   825 W BestClock: java.time.DateTimeException: Missing network time fix
