06-12 17:34:29.614  1488  1575 I NearbySharing: Bluetooth is enabled [CONTEXT service_id=194 ]
06-12 17:34:29.614  1488  2918 W bwft    : Succeeded but not registered: com.google.android.apps.search.soundsearch.device#com.google.android.googlequicksearchbox [CONTEXT service_id=51 ]
06-12 17:34:29.614  1488  2918 W bwft    : Succeeded but not registered: assistant_auto_tng_libraries_user#com.google.android.googlequicksearchbox [CONTEXT service_id=51 ]
06-12 17:34:29.614  1488  2918 W bwft    : Succeeded but not registered: com.google.android.apps.search.assistant.mobile.user#com.google.android.googlequicksearchbox [CONTEXT service_id=51 ]
06-12 17:34:29.615  1488  2918 W bwft    : Succeeded but not registered: googledata.experiments.mobile.assistant.client_packages.component.nlu_ff.user#com.google.android.googlequicksearchbox [CONTEXT service_id=51 ]
06-12 17:34:29.615  1488  2918 W bwft    : Succeeded but not registered: com.google.android.libraries.search.googleapp.user#com.google.android.googlequicksearchbox [CONTEXT service_id=51 ]
06-12 17:34:29.615  1647  1664 W DynamiteModule: Local module descriptor class for com.google.android.gms.googlecertificates not found.
06-12 17:34:29.616  1056  3216 D TrafficStats: tagSocket(110) with statsTag=0xffffff81, statsUid=-1
06-12 17:34:29.620  3080  3214 W WPCategoryProvider: Stub APK not found: 
06-12 17:34:29.620  3080  3214 W WPCategoryProvider: android.content.pm.PackageManager$NameNotFoundException: com.google.pixel.livewallpaper
06-12 17:34:29.620  3080  3214 W WPCategoryProvider: 	at android.app.ApplicationPackageManager.getApplicationInfoAsUser(ApplicationPackageManager.java:507)
06-12 17:34:29.620  3080  3214 W WPCategoryProvider: 	at android.app.ApplicationPackageManager.getApplicationInfo(ApplicationPackageManager.java:490)
06-12 17:34:29.620  3080  3214 W WPCategoryProvider: 	at android.app.ApplicationPackageManager.getApplicationInfo(ApplicationPackageManager.java:484)
06-12 17:34:29.620  3080  3214 W WPCategoryProvider: 	at com.google.android.apps.wallpaper.module.WallpaperCategoryProvider$GoogleFetchCategoriesTask.doInBackground(WallpaperCategoryProvider.java:13)
06-12 17:34:29.620  3080  3214 W WPCategoryProvider: 	at com.google.android.apps.wallpaper.module.WallpaperCategoryProvider$GoogleFetchCategoriesTask.doInBackground(WallpaperCategoryProvider.java:1)
06-12 17:34:29.620  3080  3214 W WPCategoryProvider: 	at android.os.AsyncTask$3.call(AsyncTask.java:394)
06-12 17:34:29.620  3080  3214 W WPCategoryProvider: 	at java.util.concurrent.FutureTask.run(FutureTask.java:264)
06-12 17:34:29.620  3080  3214 W WPCategoryProvider: 	at android.os.AsyncTask$SerialExecutor$1.run(AsyncTask.java:305)
06-12 17:34:29.620  3080  3214 W WPCategoryProvider: 	at java.util.concurrent.ThreadPoolExecutor.runWorker(ThreadPoolExecutor.java:1145)
06-12 17:34:29.620  3080  3214 W WPCategoryProvider: 	at java.util.concurrent.ThreadPoolExecutor$Worker.run(ThreadPoolExecutor.java:644)
06-12 17:34:29.620  3080  3214 W WPCategoryProvider: 	at java.lang.Thread.run(Thread.java:1012)
06-12 17:34:29.620   540   549 I system_server: Background young concurrent copying GC freed 675898(23MB) AllocSpace objects, 74(2728KB) LOS objects, 48% free, 25MB/48MB, paused 68.336ms,31us total 521.575ms
06-12 17:34:29.628   540  2413 W JobScheduler: Job didn't exist in JobStore: 126a91c #u0a132/-151 com.google.android.googlequicksearchbox/com.google.android.apps.gsa.tasks.BackgroundTasksJobService
06-12 17:34:29.629   540   614 D ConnectivityService: requestNetwork for uid/pid:1000/540 asUid: 10134 activeRequest: null callbackRequest: 79 [NetworkRequest [ REQUEST id=80, [ Capabilities: INTERNET&NOT_RESTRICTED&TRUSTED&NOT_VCN_MANAGED Uid: 10134 RequestorUid: 1000 RequestorPkg: android UnderlyingNetworks: Null] ]] callback flags: 0 order: 2147483647
06-12 17:34:29.631  2802  2802 I AlarmClock: AnalogAppWidgetProvider: processing Intent { act=android.appwidget.action.APPWIDGET_UPDATE_OPTIONS flg=0x10 cmp=com.google.android.deskclock/com.android.alarmclock.AnalogAppWidgetProvider (has extras) } 
06-12 17:34:29.632   540   854 D NetworkTimeUpdateService: New default network 101; checking time.
06-12 17:34:29.633  1056  3217 D TrafficStats: tagSocket(112) with statsTag=0xffffff81, statsUid=-1
06-12 17:34:29.633  1056  1095 D UpstreamNetworkMonitor: New default Internet network: 101
06-12 17:34:29.634   896   896 D StatusBarIconController: ignoring old pipeline callbacks, because the new mobile icons are enabled
06-12 17:34:29.635  1721  2306 W A       : Unable to check for productivity accounts. Assuming there are none.
06-12 17:34:29.635  1721  2306 W A       : com.google.android.libraries.geller.portable.GellerException: Code: INVALID_ARGUMENT, Message: Account name is null.
06-12 17:34:29.635  1721  2306 W A       : 	at com.google.android.libraries.search.h.k.a(PG:6)
06-12 17:34:29.635  1721  2306 W A       : 	at com.google.apps.tiktok.tracing.es.a(PG:3)
06-12 17:34:29.635  1721  2306 W A       : 	at com.google.common.w.a.bc.a(PG:1)
06-12 17:34:29.635  1721  2306 W A       : 	at com.google.common.w.a.cw.run(PG:4)
06-12 17:34:29.635  1721  2306 W A       : 	at com.google.android.libraries.i.z.run(PG:1)
06-12 17:34:29.635  1721  2306 W A       : 	at java.util.concurrent.ThreadPoolExecutor.runWorker(ThreadPoolExecutor.java:1145)
06-12 17:34:29.635  1721  2306 W A       : 	at java.util.concurrent.ThreadPoolExecutor$Worker.run(ThreadPoolExecutor.java:644)
06-12 17:34:29.635  1721  2306 W A       : 	at com.google.android.libraries.i.h.run(PG:2)
06-12 17:34:29.635  1721  2306 W A       : 	at java.lang.Thread.run(Thread.java:1012)
06-12 17:34:29.635  1721  2306 W A       : 	at com.google.android.libraries.i.ai.run(PG:5)
06-12 17:34:29.637   896   896 D StatusBarIconController: ignoring old pipeline callback because the new wifi icon is enabled
06-12 17:34:29.642   540   825 D CompatibilityChangeReporter: Compat change id reported: 171306433; UID 1000; state: ENABLED
06-12 17:34:29.643   349   412 I Netd    : Destroyed 1 sockets for netId 100 permission=1 in 233us
06-12 17:34:29.645   349   412 I netd    : networkSetPermissionForNetwork(100, 1) <2.15ms>
06-12 17:34:29.646   349  3236 I resolv  : ResNSendHandler::run: 0 / {101 983141 101 983141 1073 1}
06-12 17:34:29.646   540  2410 W AlarmManager: Alarms must either supply a PendingIntent or an AlarmReceiver
06-12 17:34:29.649  1790  2726 W s.youtube.music: Long monitor contention with owner yt-critical14-3 (2728) at java.lang.Object bflx.a()(PG:2) waiters=0 in java.lang.Object bflx.a() for 498ms
06-12 17:34:29.653   349  3237 I resolv  : ResNSendHandler::run: 0 / {101 983141 101 983141 1073 1}
06-12 17:34:29.654  1790  1790 E YouTubeMusic: Trying to detachMediaView when it wasn't the most recent MediaView Setter
06-12 17:34:29.657  1790  2543 E Widget.RecentlyPlayed: Filling bundle but recently played items are EMPTY.
06-12 17:34:29.659  1488  2907 V NativeCrypto: SSL handshake aborted: ssl=0xb4000072199c2a98: I/O error during system call, Software caused connection abort
06-12 17:34:29.661   540  2410 D CompatibilityChangeReporter: Compat change id reported: 161145287; UID 10154; state: ENABLED
06-12 17:34:29.662  3176  3176 D nativeloader: Configuring clns-6 for other apk /system/framework/org.apache.http.legacy.jar. target_sdk_version=33, uses_libraries=ALL, library_path=/product/priv-app/PrebuiltGmsCore/lib/arm64:/product/priv-app/PrebuiltGmsCore/PrebuiltGmsCore.apk!/lib/arm64-v8a, permitted_path=/data:/mnt/expand:/data/user/0/com.google.android.gms
06-12 17:34:29.664  1488  2907 W FontLog : Connection failure for https://fonts.gstatic.com/s/a/directory025.pb [CONTEXT service_id=132 ]
06-12 17:34:29.664  1488  2907 W FontLog : javax.net.ssl.SSLHandshakeException: SSL handshake aborted: ssl=0xb4000072199c2a98: I/O error during system call, Software caused connection abort
06-12 17:34:29.664  1488  2907 W FontLog : 	at com.google.android.gms.org.conscrypt.NativeCrypto.SSL_do_handshake(Native Method)
06-12 17:34:29.664  1488  2907 W FontLog : 	at com.google.android.gms.org.conscrypt.NativeSsl.doHandshake(:com.google.android.gms@231818044@23.18.18 (190400-535401451):6)
06-12 17:34:29.664  1488  2907 W FontLog : 	at com.google.android.gms.org.conscrypt.ConscryptFileDescriptorSocket.startHandshake(:com.google.android.gms@231818044@23.18.18 (190400-535401451):16)
06-12 17:34:29.664  1488  2907 W FontLog : 	at bzci.b(:com.google.android.gms@231818044@23.18.18 (190400-535401451):2)
06-12 17:34:29.664  1488  2907 W FontLog : 	at bzci.createSocket(:com.google.android.gms@231818044@23.18.18 (190400-535401451):9)
06-12 17:34:29.664  1488  2907 W FontLog : 	at com.android.okhttp.internal.io.RealConnection.connectTls(RealConnection.java:185)
06-12 17:34:29.664  1488  2907 W FontLog : 	at com.android.okhttp.internal.io.RealConnection.connectSocket(RealConnection.java:153)
06-12 17:34:29.664  1488  2907 W FontLog : 	at com.android.okhttp.internal.io.RealConnection.connect(RealConnection.java:116)
06-12 17:34:29.664  1488  2907 W FontLog : 	at com.android.okhttp.internal.http.StreamAllocation.findConnection(StreamAllocation.java:186)
06-12 17:34:29.664  1488  2907 W FontLog : 	at com.android.okhttp.internal.http.StreamAllocation.findHealthyConnection(StreamAllocation.java:128)
06-12 17:34:29.664  1488  2907 W FontLog : 	at com.android.okhttp.internal.http.StreamAllocation.newStream(StreamAllocation.java:97)
06-12 17:34:29.664  1488  2907 W FontLog : 	at com.android.okhttp.internal.http.HttpEngine.connect(HttpEngine.java:289)
06-12 17:34:29.664  1488  2907 W FontLog : 	at com.android.okhttp.internal.http.HttpEngine.sendRequest(HttpEngine.java:232)
06-12 17:34:29.664  1488  2907 W FontLog : 	at com.android.okhttp.internal.huc.HttpURLConnectionImpl.execute(HttpURLConnectionImpl.java:465)
06-12 17:34:29.664  1488  2907 W FontLog : 	at com.android.okhttp.internal.huc.HttpURLConnectionImpl.connect(HttpURLConnectionImpl.java:131)
06-12 17:34:29.664  1488  2907 W FontLog : 	at com.android.okhttp.internal.huc.DelegatingHttpsURLConnection.connect(DelegatingHttpsURLConnection.java:90)
06-12 17:34:29.664  1488  2907 W FontLog : 	at com.android.okhttp.internal.huc.HttpsURLConnectionImpl.connect(HttpsURLConnectionImpl.java:30)
06-12 17:34:29.664  1488  2907 W FontLog : 	at aqzk.b(:com.google.android.gms@231818044@23.18.18 (190400-535401451):32)
06-12 17:34:29.664  1488  2907 W FontLog : 	at aqzk.execute(:com.google.android.gms@231818044@23.18.18 (190400-535401451):8)
06-12 17:34:29.664  1488  2907 W FontLog : 	at aqzk.execute(:com.google.android.gms@231818044@23.18.18 (190400-535401451):7)
06-12 17:34:29.664  1488  2907 W FontLog : 	at anyu.run(:com.google.android.gms@231818044@23.18.18 (190400-535401451):4)
06-12 17:34:29.664  1488  2907 W FontLog : 	at aced.c(:com.google.android.gms@231818044@23.18.18 (190400-535401451):6)
06-12 17:34:29.664  1488  2907 W FontLog : 	at aced.run(:com.google.android.gms@231818044@23.18.18 (190400-535401451):7)
06-12 17:34:29.664  1488  2907 W FontLog : 	at java.util.concurrent.ThreadPoolExecutor.runWorker(ThreadPoolExecutor.java:1145)
06-12 17:34:29.664  1488  2907 W FontLog : 	at java.util.concurrent.ThreadPoolExecutor$Worker.run(ThreadPoolExecutor.java:644)
06-12 17:34:29.664  1488  2907 W FontLog : 	at acjn.run(:com.google.android.gms@231818044@23.18.18 (190400-535401451):0)
06-12 17:34:29.664  1488  2907 W FontLog : 	at java.lang.Thread.run(Thread.java:1012)
06-12 17:34:29.664  1790  2541 W GoogleTagManager: Failed to extract the container from the resource file. Resource is a UTF-8 encoded string but doesn't contain a JSON container
06-12 17:34:29.669   540   825 D ConnectivityService: Sending DISCONNECTED broadcast for type 0 [100 CELLULAR] isDefaultNetwork=true
06-12 17:34:29.669   540   825 W ContextImpl: Calling a method in the system process without a qualified user: android.app.ContextImpl.sendStickyBroadcast:1626 android.net.connectivity.com.android.server.ConnectivityService.sendStickyBroadcast:3278 android.net.connectivity.com.android.server.ConnectivityService.sendLegacyNetworkBroadcast:10154 android.net.connectivity.com.android.server.ConnectivityService$LegacyTypeTracker.remove:1165 android.net.connectivity.com.android.server.ConnectivityService.updateLegacyTypeTrackerAndVpnLockdownForRematch:9643 
06-12 17:34:29.676  1056  3217 D TrafficStats: tagSocket(112) with statsTag=0xffffff81, statsUid=-1
06-12 17:34:29.676  1488  2907 W FontLog : No resolver, short-circuit {Noto Color Emoji Compat, wdth 100.0, wght 400, ital 0.0, bestEffort false} for com.google.android.youtube to failure [CONTEXT service_id=132 ]
06-12 17:34:29.677  1488  1508 I FontLog : Fetch {Noto Color Emoji Compat, wdth 100.0, wght 400, ital 0.0, bestEffort false} end status Status{statusCode=Unavailable, resolution=null} [CONTEXT service_id=132 ]
06-12 17:34:29.687  1056  1334 D IpClient/wlan0: addressUpdated: fec0::5597:4632:2aa3:6e02/64 on ifindex 16 flags 0x00000001 scope 200
06-12 17:34:29.687  1056  1334 D IpClient/wlan0: addressUpdated: fec0::3c10:eda2:dc13:8042/64 on ifindex 16 flags 0x00000900 scope 200
06-12 17:34:29.687  1130  1130 D Telephony: isEmergencyPreferredAccount: subId=1, activeData=1
06-12 17:34:29.687  1130  1130 D Telephony: isEmergencyPreferredAccount: Device does not require preference.
06-12 17:34:29.687  1130  1130 I Telephony: isRttCurrentlySupported -- regular acct, hasVoiceAvailability: false
06-12 17:34:29.687  1130  1130 I Telephony:  isRttSupported: false
06-12 17:34:29.687  1130  1130 I Telephony:  alwaysAllowWhileRoaming: false
06-12 17:34:29.687  1130  1130 I Telephony:  isRoaming: false
06-12 17:34:29.687  1130  1130 I Telephony:  isOnWfc: false
06-12 17:34:29.688  1887  3223 D ProfileInstaller: Installing profile for com.google.android.gsf
06-12 17:34:29.696  1791  2753 W TimedProcessReaper: Scheduling killing of process to refresh configuration
06-12 17:34:29.696   349  3245 I resolv  : ResNSendHandler::run: 0 / {101 983141 101 983141 1073 1}
06-12 17:34:29.696   349  3244 I resolv  : ResNSendHandler::run: 0 / {101 983141 101 983141 1073 1}
06-12 17:34:29.697  1791  2755 W TimedProcessReaper: Scheduling killing of process to refresh configuration
06-12 17:34:29.720  1176  1214 I Launcher.IconCache: Database bulk icon loading failed, using fallback bulk icon loading for: ComponentInfo{com.google.android.contacts/com.android.contacts.activities.PeopleActivity}
06-12 17:34:29.725  1791  2500 W A       : #getSuggestions failed
06-12 17:34:29.725  1791  2500 W A       : com.google.common.w.a.dy: Timed out: com.google.common.w.a.h@8886fa3[status=PENDING, setFuture=[com.google.common.w.a.h@f2d62a0[status=PENDING, setFuture=[com.google.common.w.a.h@21fee59[status=PENDING, info=[inputFuture=[com.google.common.w.a.h@40dca1e[status=PENDING, info=[inputFuture=[kotlinx.coroutines.d.b@ea862ff[status=PENDING, delegate=[com.google.common.w.a.ds@c1608cc[status=PENDING]]]], function=[propagating=[com.google.android.apps.search.googleapp.search.suggest.sources.a.an@5d81715]]]]], function=[propagating=[com.google.android.apps.search.googleapp.search.suggest.sources.a.bl@3486a2a]]]]]]]]
06-12 17:34:29.728   540   568 W PackageManager: Failed registering loading progress callback. Package is fully loaded.
06-12 17:34:29.729  1176  2779 E OneSearchSuggestProvider: Unable to get suggestions from AGA
06-12 17:34:29.729  1176  2779 E OneSearchSuggestProvider: io.grpc.StatusRuntimeException: UNKNOWN
06-12 17:34:29.729  1176  2779 E OneSearchSuggestProvider: 	at S2.d.a(Unknown Source:68)
06-12 17:34:29.729  1176  2779 E OneSearchSuggestProvider: 	at io.grpc.internal.p.b(Unknown Source:32)
06-12 17:34:29.729  1176  2779 E OneSearchSuggestProvider: 	at io.grpc.internal.p.a(Unknown Source:14)
06-12 17:34:29.729  1176  2779 E OneSearchSuggestProvider: 	at io.grpc.internal.C.run(Unknown Source:6)
06-12 17:34:29.729  1176  2779 E OneSearchSuggestProvider: 	at io.grpc.internal.y2.run(Unknown Source:18)
06-12 17:34:29.729  1176  2779 E OneSearchSuggestProvider: 	at java.util.concurrent.ThreadPoolExecutor.runWorker(ThreadPoolExecutor.java:1145)
06-12 17:34:29.729  1176  2779 E OneSearchSuggestProvider: 	at java.util.concurrent.ThreadPoolExecutor$Worker.run(ThreadPoolExecutor.java:644)
06-12 17:34:29.729  1176  2779 E OneSearchSuggestProvider: 	at java.lang.Thread.run(Thread.java:1012)
06-12 17:34:29.730  1688  1688 I AiAiEcho: AppFetcherImplV2 updateApps package:[com.dazong.smartscale], userId:[0], reason:[package is added.].
06-12 17:34:29.743  1688  2133 I AiAiEcho: EchoSearch: WidgetFetcherImpl is initialized with [31] widgets [reason=package added for userId: 0]
06-12 17:34:29.749  1176  1214 I Launcher.IconCache: Database bulk icon loading failed, using fallback bulk icon loading for: ComponentInfo{com.google.android.apps.messaging/com.google.android.apps.messaging.ui.ConversationListActivity}
06-12 17:34:29.754  3140  3140 V GraphicsEnvironment: Currently set values for:
06-12 17:34:29.755  3140  3140 V GraphicsEnvironment:   angle_gl_driver_selection_pkgs=[]
06-12 17:34:29.755  3140  3140 V GraphicsEnvironment:   angle_gl_driver_selection_values=[]
06-12 17:34:29.757  3176  3176 D nativeloader: Configuring clns-7 for other apk /system/framework/com.android.media.remotedisplay.jar. target_sdk_version=33, uses_libraries=ALL, library_path=/product/priv-app/PrebuiltGmsCore/lib/arm64:/product/priv-app/PrebuiltGmsCore/PrebuiltGmsCore.apk!/lib/arm64-v8a, permitted_path=/data:/mnt/expand:/data/user/0/com.google.android.gms
06-12 17:34:29.758  3176  3176 D nativeloader: Configuring clns-8 for other apk /system/framework/com.android.location.provider.jar. target_sdk_version=33, uses_libraries=ALL, library_path=/product/priv-app/PrebuiltGmsCore/lib/arm64:/product/priv-app/PrebuiltGmsCore/PrebuiltGmsCore.apk!/lib/arm64-v8a, permitted_path=/data:/mnt/expand:/data/user/0/com.google.android.gms
06-12 17:34:29.758  3176  3176 D ApplicationLoaders: Returning zygote-cached class loader: /system_ext/framework/androidx.window.extensions.jar
06-12 17:34:29.758  3176  3176 D ApplicationLoaders: Returning zygote-cached class loader: /system_ext/framework/androidx.window.sidecar.jar
06-12 17:34:29.763  1130  1130 I Telephony: AccountEntry: registerPstnPhoneAccount: Registering account=[[ ] PhoneAccount: ComponentInfo{com.android.phone/com.android.services.telephony.TelephonyConnectionService}, 1, UserHandle{0} Capabilities: CallProvider MultiUser PlaceEmerg SimSub  Audio Routes: BESW Schemes: tel voicemail  Extras: Bundle[{android.telecom.extra.SUPPORTS_VIDEO_CALLING_FALLBACK=true}] GroupId: ***] with Telecom. subId=1
06-12 17:34:29.766   349   412 I netd    : bandwidthRemoveInterfaceQuota(eth0) <0.33ms>
06-12 17:34:29.767   349   412 I netd    : bandwidthSetInterfaceQuota(eth0, 9223372036854775807) <0.22ms>
06-12 17:34:29.767  1488  2773 W bwft    : Succeeded but not registered: com.google.android.apps.search.assistant.mobile.interactor.user#com.google.android.googlequicksearchbox [CONTEXT service_id=51 ]
06-12 17:34:29.768   349   412 I netd    : bandwidthRemoveInterfaceQuota(eth0) <0.22ms>
06-12 17:34:29.768   349   412 I netd    : bandwidthSetInterfaceQuota(eth0, 9223372036854775807) <0.15ms>
06-12 17:34:29.771  1176  1214 I Launcher.IconCache: Database bulk icon loading failed, using fallback bulk icon loading for: ComponentInfo{com.google.android.dialer/com.google.android.dialer.extensions.GoogleDialtactsActivity}
06-12 17:34:29.779  1647  1664 W ziparchive: Unable to open '/data/user_de/0/com.google.android.gms/app_chimera/m/00000002/DynamiteLoader.dm': No such file or directory
06-12 17:34:29.779  1647  1664 W ziparchive: Unable to open '/data/user_de/0/com.google.android.gms/app_chimera/m/00000002/DynamiteLoader.dm': No such file or directory
06-12 17:34:29.781  1647  1664 I DynamiteModule: Considering local module com.google.android.gms.googlecertificates:0 and remote module com.google.android.gms.googlecertificates:7
06-12 17:34:29.781  1647  1664 I DynamiteModule: Selected remote version of com.google.android.gms.googlecertificates, version >= 7
06-12 17:34:29.798  3140  3140 V GraphicsEnvironment: ANGLE GameManagerService for com.android.carrierdefaultapp: false
06-12 17:34:29.798  1488  2773 W bwft    : Succeeded but not registered: com.google.kids.platform.android#com.google.android.googlequicksearchbox [CONTEXT service_id=51 ]
06-12 17:34:29.798  3140  3140 V GraphicsEnvironment: com.android.carrierdefaultapp is not listed in per-application setting
06-12 17:34:29.798  3140  3140 V GraphicsEnvironment: Neither updatable production driver nor prerelease driver is supported.
06-12 17:34:29.802   540   967 I Telecom : : registerPhoneAccount: account=[[ ] PhoneAccount: ComponentInfo{com.android.phone/com.android.services.telephony.TelephonyConnectionService}, 1, UserHandle{0} Capabilities: CallProvider MultiUser PlaceEmerg SimSub  Audio Routes: BESW Schemes: tel voicemail  Extras: Bundle[{android.telecom.extra.SUPPORTS_VIDEO_CALLING_FALLBACK=true}] GroupId: ***]: TSI.rPA(cap)@AFw🔒
06-12 17:34:29.802   540   967 I Telecom : PhoneAccountRegistrar: Modify account: [ComponentInfo{com.android.phone/com.android.services.telephony.TelephonyConnectionService}, 1, UserHandle{0}]: TSI.rPA(cap)@AFw🔒
06-12 17:34:29.803   540   967 I Telecom : CallsManager: handlePhoneAccountChanged: phoneAccount=[[X] PhoneAccount: ComponentInfo{com.android.phone/com.android.services.telephony.TelephonyConnectionService}, 1, UserHandle{0} Capabilities: CallProvider MultiUser PlaceEmerg SimSub  Audio Routes: BESW Schemes: tel voicemail  Extras: Bundle[{android.telecom.extra.SUPPORTS_VIDEO_CALLING_FALLBACK=true}] GroupId: ***]: TSI.rPA(cap)@AFw🔒
06-12 17:34:29.804  1801  2260 D StrictMode: StrictMode policy violation; ~duration=2089 ms: android.os.strictmode.DiskReadViolation
06-12 17:34:29.804  1801  2260 D StrictMode: 	at android.os.StrictMode$AndroidBlockGuardPolicy.onReadFromDisk(StrictMode.java:1666)
06-12 17:34:29.804  1801  2260 D StrictMode: 	at libcore.io.BlockGuardOs.access(BlockGuardOs.java:74)
06-12 17:34:29.804  1801  2260 D StrictMode: 	at libcore.io.ForwardingOs.access(ForwardingOs.java:128)
06-12 17:34:29.804  1801  2260 D StrictMode: 	at android.app.ActivityThread$AndroidOs.access(ActivityThread.java:8054)
06-12 17:34:29.804  1801  2260 D StrictMode: 	at java.io.UnixFileSystem.checkAccess(UnixFileSystem.java:313)
06-12 17:34:29.804  1801  2260 D StrictMode: 	at java.io.File.exists(File.java:813)
06-12 17:34:29.804  1801  2260 D StrictMode: 	at android.app.ContextImpl.getDataDir(ContextImpl.java:3196)
06-12 17:34:29.804  1801  2260 D StrictMode: 	at android.app.ContextImpl.getFilesDir(ContextImpl.java:824)
06-12 17:34:29.804  1801  2260 D StrictMode: 	at android.content.ContextWrapper.getFilesDir(ContextWrapper.java:286)
06-12 17:34:29.804  1801  2260 D StrictMode: 	at android.content.ContextWrapper.getFilesDir(ContextWrapper.java:286)
06-12 17:34:29.804  1801  2260 D StrictMode: 	at android.content.ContextWrapper.getFilesDir(ContextWrapper.java:286)
06-12 17:34:29.804  1801  2260 D StrictMode: 	at aoao.i(:com.google.android.gms@231818044@23.18.18 (190400-535401451):5)
06-12 17:34:29.804  1801  2260 D StrictMode: 	at com.google.android.gms.fonts.service.FontsChimeraProvider.onCreate(:com.google.android.gms@231818044@23.18.18 (190400-535401451):0)
06-12 17:34:29.804  1801  2260 D StrictMode: 	at com.google.android.chimera.ContentProvider.attachInfo(:com.google.android.gms@231818044@23.18.18 (190400-535401451):0)
06-12 17:34:29.804  1801  2260 D StrictMode: 	at hfr.a(:com.google.android.gms@231818044@23.18.18 (190400-535401451):2)
06-12 17:34:29.804  1801  2260 D StrictMode: 	at hfr.query(:com.google.android.gms@231818044@23.18.18 (190400-535401451):1)
06-12 17:34:29.804  1801  2260 D StrictMode: 	at android.content.ContentProvider$Transport.query(ContentProvider.java:292)
06-12 17:34:29.804  1801  2260 D StrictMode: 	at android.content.ContentProviderNative.onTransact(ContentProviderNative.java:107)
06-12 17:34:29.804  1801  2260 D StrictMode: 	at android.os.Binder.execTransactInternal(Binder.java:1339)
06-12 17:34:29.804  1801  2260 D StrictMode: 	at android.os.Binder.execTransact(Binder.java:1275)
06-12 17:34:29.804  1801  2260 D StrictMode: # via Binder call with stack:
06-12 17:34:29.804  1801  2260 D StrictMode: 	at android.os.StrictMode.readAndHandleBinderCallViolations(StrictMode.java:2538)
06-12 17:34:29.804  1801  2260 D StrictMode: 	at android.os.Parcel.readExceptionCode(Parcel.java:3002)
06-12 17:34:29.804  1801  2260 D StrictMode: 	at android.database.DatabaseUtils.readExceptionFromParcel(DatabaseUtils.java:139)
06-12 17:34:29.804  1801  2260 D StrictMode: 	at android.content.ContentProviderProxy.query(ContentProviderNative.java:495)
06-12 17:34:29.804  1801  2260 D StrictMode: 	at android.content.ContentProviderClient.query(ContentProviderClient.java:196)
06-12 17:34:29.804  1801  2260 D StrictMode: 	at android.content.ContentProviderClient.query(ContentProviderClient.java:178)
06-12 17:34:29.804  1801  2260 D StrictMode: 	at bbo.a(PG:273)
06-12 17:34:29.804  1801  2260 D StrictMode: 	at bkb.a(PG:14)
06-12 17:34:29.804  1801  2260 D StrictMode: 	at aqy.run(PG:173)
06-12 17:34:29.804  1801  2260 D StrictMode: 	at android.os.Handler.handleCallback(Handler.java:958)
06-12 17:34:29.804  1801  2260 D StrictMode: 	at android.os.Handler.dispatchMessage(Handler.java:99)
06-12 17:34:29.804  1801  2260 D StrictMode: 	at android.os.Looper.loopOnce(Looper.java:205)
06-12 17:34:29.804  1801  2260 D StrictMode: 	at android.os.Looper.loop(Looper.java:294)
06-12 17:34:29.804  1801  2260 D StrictMode: 	at qgi.run(PG:13)
06-12 17:34:29.804  1801  2260 D StrictMode: 	at qgg.run(PG:604)
06-12 17:34:29.804  1801  2260 D StrictMode: 	at java.lang.Thread.run(Thread.java:1012)
06-12 17:34:29.804  1801  2260 D StrictMode: 	at qig.run(PG:64)
06-12 17:34:29.804  1801  2260 D StrictMode: StrictMode policy violation; ~duration=2089 ms: android.os.strictmode.DiskReadViolation
06-12 17:34:29.804  1801  2260 D StrictMode: 	at android.os.StrictMode$AndroidBlockGuardPolicy.onReadFromDisk(StrictMode.java:1666)
06-12 17:34:29.804  1801  2260 D StrictMode: 	at libcore.io.BlockGuardOs.access(BlockGuardOs.java:74)
06-12 17:34:29.804  1801  2260 D StrictMode: 	at libcore.io.ForwardingOs.access(ForwardingOs.java:128)
06-12 17:34:29.804  1801  2260 D StrictMode: 	at android.app.ActivityThread$AndroidOs.access(ActivityThread.java:8054)
06-12 17:34:29.804  1801  2260 D StrictMode: 	at java.io.UnixFileSystem.checkAccess(UnixFileSystem.java:313)
06-12 17:34:29.804  1801  2260 D StrictMode: 	at java.io.File.exists(File.java:813)
06-12 17:34:29.804  1801  2260 D StrictMode: 	at android.app.ContextImpl.ensurePrivateDirExists(ContextImpl.java:790)
06-12 17:34:29.804  1801  2260 D StrictMode: 	at android.app.ContextImpl.ensurePrivateDirExists(ContextImpl.java:781)
06-12 17:34:29.804  1801  2260 D StrictMode: 	at android.app.ContextImpl.getFilesDir(ContextImpl.java:826)
06-12 17:34:29.804  1801  2260 D StrictMode: 	at android.content.ContextWrapper.getFilesDir(ContextWrapper.java:286)
06-12 17:34:29.804  1801  2260 D StrictMode: 	at android.content.ContextWrapper.getFilesDir(ContextWrapper.java:286)
06-12 17:34:29.804  1801  2260 D StrictMode: 	at android.content.ContextWrapper.getFilesDir(ContextWrapper.java:286)
06-12 17:34:29.804  1801  2260 D StrictMode: 	at aoao.i(:com.google.android.gms@231818044@23.18.18 (190400-535401451):5)
06-12 17:34:29.804  1801  2260 D StrictMode: 	at com.google.android.gms.fonts.service.FontsChimeraProvider.onCreate(:com.google.android.gms@231818044@23.18.18 (190400-535401451):0)
06-12 17:34:29.804  1801  2260 D StrictMode: 	at com.google.android.chimera.ContentProvider.attachInfo(:com.google.android.gms@231818044@23.18.18 (190400-535401451):0)
06-12 17:34:29.804  1801  2260 D StrictMode: 	at hfr.a(:com.google.android.gms@231818044@23.18.18 (190400-535401451):2)
06-12 17:34:29.804  1801  2260 D StrictMode: 	at hfr.query(:com.google.android.gms@231818044@23.18.18 (190400-535401451):1)
06-12 17:34:29.804  1801  2260 D StrictMode: 	at android.content.ContentProvider$Transport.query(ContentProvider.java:292)
06-12 17:34:29.804  1801  2260 D StrictMode: 	at android.content.ContentProviderNative.onTransact(ContentProviderNative.java:107)
06-12 17:34:29.804  1801  2260 D StrictMode: 	at android.os.Binder.execTransactInternal(Binder.java:1339)
06-12 17:34:29.804  1801  2260 D StrictMode: 	at android.os.Binder.execTransact(Binder.java:1275)
06-12 17:34:29.804  1801  2260 D StrictMode: # via Binder call with stack:
06-12 17:34:29.804  1801  2260 D StrictMode: 	at android.os.StrictMode.readAndHandleBinderCallViolations(StrictMode.java:2538)
06-12 17:34:29.804  1801  2260 D StrictMode: 	at android.os.Parcel.readExceptionCode(Parcel.java:3002)
06-12 17:34:29.804  1801  2260 D StrictMode: 	at android.database.DatabaseUtils.readExceptionFromParcel(DatabaseUtils.java:139)
06-12 17:34:29.804  1801  2260 D StrictMode: 	at android.content.ContentProviderProxy.query(ContentProviderNative.java:495)
06-12 17:34:29.804  1801  2260 D StrictMode: 	at android.content.ContentProviderClient.query(ContentProviderClient.java:196)
06-12 17:34:29.804  1801  2260 D StrictMode: 	at android.content.ContentProviderClient.query(ContentProviderClient.java:178)
06-12 17:34:29.804  1801  2260 D StrictMode: 	at bbo.a(PG:273)
06-12 17:34:29.804  1801  2260 D StrictMode: 	at bkb.a(PG:14)
06-12 17:34:29.804  1801  2260 D StrictMode: 	at aqy.run(PG:173)
06-12 17:34:29.804  1801  2260 D StrictMode: 	at android.os.Handler.handleCallback(Handler.java:958)
06-12 17:34:29.804  1801  2260 D StrictMode: 	at android.os.Handler.dispatchMessage(Handler.java:99)
06-12 17:34:29.804  1801  2260 D StrictMode: 	at android.os.Looper.loopOnce(Looper.java:205)
06-12 17:34:29.804  1801  2260 D StrictMode: 	at android.os.Looper.loop(Looper.java:294)
06-12 17:34:29.804  1801  2260 D StrictMode: 	at qgi.run(PG:13)
06-12 17:34:29.804  1801  2260 D StrictMode: 	at qgg.run(PG:604)
06-12 17:34:29.804  1801  2260 D StrictMode: 	at java.lang.Thread.run(Thread.java:1012)
06-12 17:34:29.804  1801  2260 D StrictMode: 	at qig.run(PG:64)
06-12 17:34:29.804  1801  2260 D StrictMode: StrictMode policy violation; ~duration=2050 ms: android.os.strictmode.DiskReadViolation
06-12 17:34:29.804  1801  2260 D StrictMode: 	at android.os.StrictMode$AndroidBlockGuardPolicy.onReadFromDisk(StrictMode.java:1666)
06-12 17:34:29.804  1801  2260 D StrictMode: 	at libcore.io.BlockGuardOs.access(BlockGuardOs.java:74)
06-12 17:34:29.804  1801  2260 D StrictMode: 	at libcore.io.ForwardingOs.access(ForwardingOs.java:128)
06-12 17:34:29.804  1801  2260 D StrictMode: 	at android.app.ActivityThread$AndroidOs.access(ActivityThread.java:8054)
06-12 17:34:29.804  1801  2260 D StrictMode: 	at java.io.UnixFileSystem.checkAccess(UnixFileSystem.java:313)
06-12 17:34:29.804  1801  2260 D StrictMode: 	at java.io.File.exists(File.java:813)
06-12 17:34:29.804  1801  2260 D StrictMode: 	at android.app.ContextImpl.getDataDir(ContextImpl.java:3196)
06-12 17:34:29.804  1801  2260 D StrictMode: 	at android.app.ContextImpl.getCacheDir(ContextImpl.java:895)
06-12 17:34:29.804  1801  2260 D StrictMode: 	at android.content.ContextWrapper.getCacheDir(ContextWrapper.java:326)
06-12 17:34:29.804  1801  2260 D StrictMode: 	at android.content.ContextWrapper.getCacheDir(ContextWrapper.java:326)
06-12 17:34:29.804  1801  2260 D StrictMode: 	at android.content.ContextWrapper.getCacheDir(ContextWrapper.java:326)
06-12 17:34:29.804  1801  2260 D StrictMode: 	at anyw.<init>(:com.google.android.gms@231818044@23.18.18 (190400-535401451):3)
06-12 17:34:29.804  1801  2260 D StrictMode: 	at aoao.i(:com.google.android.gms@231818044@23.18.18 (190400-535401451):5)
06-12 17:34:29.804  1801  2260 D StrictMode: 	at com.google.android.gms.fonts.service.FontsChimeraProvider.onCreate(:com.google.android.gms@231818044@23.18.18 (190400-535401451):0)
06-12 17:34:29.804  1801  2260 D StrictMode: 	at com.google.android.chimera.ContentProvider.attachInfo(:com.google.android.gms@231818044@23.18.18 (190400-535401451):0)
06-12 17:34:29.804  1801  2260 D StrictMode: 	at hfr.a(:com.google.android.gms@231818044@23.18.18 (190400-535401451):2)
06-12 17:34:29.804  1801  2260 D StrictMode: 	at hfr.query(:com.google.android.gms@231818044@23.18.18 (190400-535401451):1)
06-12 17:34:29.804  1801  2260 D StrictMode: 	at android.content.ContentProvider$Transport.query(ContentProvider.java:292)
06-12 17:34:29.804  1801  2260 D StrictMode: 	at android.content.ContentProviderNative.onTransact(ContentProviderNative.java:107)
06-12 17:34:29.804  1801  2260 D StrictMode: 	at android.os.Binder.execTransactInternal(Binder.java:1339)
06-12 17:34:29.804  1801  2260 D StrictMode: 	at android.os.Binder.execTransact(Binder.java:1275)
06-12 17:34:29.804  1801  2260 D StrictMode: # via Binder call with stack:
06-12 17:34:29.804  1801  2260 D StrictMode: 	at android.os.StrictMode.readAndHandleBinderCallViolations(StrictMode.java:2538)
06-12 17:34:29.804  1801  2260 D StrictMode: 	at android.os.Parcel.readExceptionCode(Parcel.java:3002)
06-12 17:34:29.804  1801  2260 D StrictMode: 	at android.database.DatabaseUtils.readExceptionFromParcel(DatabaseUtils.java:139)
06-12 17:34:29.804  1801  2260 D StrictMode: 	at android.content.ContentProviderProxy.query(ContentProviderNative.java:495)
06-12 17:34:29.804  1801  2260 D StrictMode: 	at android.content.ContentProviderClient.query(ContentProviderClient.java:196)
06-12 17:34:29.804  1801  2260 D StrictMode: 	at android.content.ContentProviderClient.query(ContentProviderClient.java:178)
06-12 17:34:29.804  1801  2260 D StrictMode: 	at bbo.a(PG:273)
06-12 17:34:29.804  1801  2260 D StrictMode: 	at bkb.a(PG:14)
06-12 17:34:29.804  1801  2260 D StrictMode: 	at aqy.run(PG:173)
06-12 17:34:29.804  1801  2260 D StrictMode: 	at android.os.Handler.handleCallback(Handler.java:958)
06-12 17:34:29.804  1801  2260 D StrictMode: 	at android.os.Handler.dispatchMessage(Handler.java:99)
06-12 17:34:29.804  1801  2260 D StrictMode: 	at android.os.Looper.loopOnce(Looper.java:205)
06-12 17:34:29.804  1801  2260 D StrictMode: 	at android.os.Looper.loop(Looper.java:294)
06-12 17:34:29.804  1801  2260 D StrictMode: 	at qgi.run(PG:13)
06-12 17:34:29.804  1801  2260 D StrictMode: 	at qgg.run(PG:604)
06-12 17:34:29.804  1801  2260 D StrictMode: 	at java.lang.Thread.run(Thread.java:1012)
06-12 17:34:29.804  1801  2260 D StrictMode: 	at qig.run(PG:64)
06-12 17:34:29.805  2802  2802 I AlarmClock: WidgetUtils: Scheduling com.android.deskclock.ACTION_DAY_CHANGE_UPDATE broadcast at 06-13-2026 00:00:00.000 for class com.android.alarmclock.AnalogAppWidgetProvider
06-12 17:34:29.805   540   614 D PackageManager: Instant App installer not found with android.intent.action.INSTALL_INSTANT_APP_PACKAGE
06-12 17:34:29.805   540   614 D PackageManager: Clear ephemeral installer activity
06-12 17:34:29.805   540   561 I DropBoxManagerService: add tag=system_app_strictmode isTagEnabled=true flags=0x2
06-12 17:34:29.810   540  2265 D PackageManager: Instant App installer not found with android.intent.action.INSTALL_INSTANT_APP_PACKAGE
06-12 17:34:29.810   540  2265 D PackageManager: Clear ephemeral installer activity
06-12 17:34:29.811   540  2039 D PackageManager: Instant App installer not found with android.intent.action.INSTALL_INSTANT_APP_PACKAGE
06-12 17:34:29.811   540  2039 D PackageManager: Clear ephemeral installer activity
06-12 17:34:29.814   540  1332 D CompatibilityChangeReporter: Compat change id reported: 171306433; UID 10147; state: ENABLED
06-12 17:34:29.815   540  2039 D PackageManager: Instant App installer not found with android.intent.action.INSTALL_INSTANT_APP_PACKAGE
06-12 17:34:29.815   540  2039 D PackageManager: Clear ephemeral installer activity
06-12 17:34:29.817  1488  1575 I NearbySharing: Stopping scanning because Nearby Sharing is disabled. [CONTEXT service_id=194 ]
06-12 17:34:29.817  1488  1575 I NearbySharing: Failed to stop scanning because we're not scanning. [CONTEXT service_id=194 ]
06-12 17:34:29.846  1176  1176 D SearchTargetUtil:  query= size=0
06-12 17:34:29.846   540  1332 D CompatibilityChangeReporter: Compat change id reported: 218533173; UID 10147; state: ENABLED
06-12 17:34:29.860  3000  3238 W ndroid.contacts: Long monitor contention with owner Scheduling thread #0 (3239) at lwu lwn.a(lvr, java.lang.String)(PG:11) waiters=0 in lwu lwn.a(lvr, java.lang.String) for 172ms
06-12 17:34:29.876   349   412 I netd    : bandwidthRemoveInterfaceQuota(eth0) <0.44ms>
06-12 17:34:29.880   349   412 I netd    : bandwidthSetInterfaceQuota(eth0, 9223372036854775807) <0.47ms>
06-12 17:34:29.882   349   412 I netd    : bandwidthRemoveInterfaceQuota(eth0) <0.28ms>
06-12 17:34:29.883  1488  2464 W ChimeraSrvcProxy: Failed to read the buffer size file. Using default NullBinder reply size. java.io.FileNotFoundException: /data/user_de/0/com.google.android.gms/files/binder_buffer_size.txt: open failed: ENOENT (No such file or directory)
06-12 17:34:29.883   540   825 D ConnectivityService: Sending CONNECTED broadcast for type 1 [101 WIFI] isDefaultNetwork=true
06-12 17:34:29.883   540   825 W ContextImpl: Calling a method in the system process without a qualified user: android.app.ContextImpl.sendStickyBroadcast:1626 android.net.connectivity.com.android.server.ConnectivityService.sendStickyBroadcast:3278 android.net.connectivity.com.android.server.ConnectivityService.sendGeneralBroadcast:3248 android.net.connectivity.com.android.server.ConnectivityService.sendConnectedBroadcast:3221 android.net.connectivity.com.android.server.ConnectivityService.sendLegacyNetworkBroadcast:10126 
06-12 17:34:29.884   540   825 D ConnectivityService: NetReassign [24 : 100 → 101, 47 : 100 → 101, 58 : 100 → 101, 38 : 100 → 101, 15 : 100 → 101, 22 : 100 → 101, 31 : 100 → 101, 19 : 100 → 101, 33 : 100 → 101, 51 : 100 → 101, 45 : 100 → 101, 54 : 100 → 101, 49 : 100 → 101, 7 : 100 → 101, 17 : 100 → 101, 35 : 100 → 101, 62 : 100 → 101, 71 : 100 → 101, 43 : 100 → 101, 60 : 100 → 101, 40 : 100 → 101, 27 : 100 → 101, 64 : 100 → 101, 67 : 100 → 101, 1 : 100 → 101, 56 : 100 → 101, 69 : 100 → 101] [c 0] [a 437] [i 0]
06-12 17:34:29.885  1488  2464 I ChimeraSrvcProxy: NullBinder for android.net.action.RECOMMEND_NETWORKS triggering remote TransactionTooLargeException due to Service without Chimera impl
06-12 17:34:29.885  1488  2464 W .gms.persistent: Large reply transaction of 1056768 bytes, interface descriptor , code 1
06-12 17:34:29.888   540   818 D WifiNetworkFactory: got request NetworkRequest [ REQUEST id=73, [ Capabilities: INTERNET&NOT_RESTRICTED&TRUSTED&NOT_VCN_MANAGED Uid: 10151 RequestorUid: 1000 RequestorPkg: android UnderlyingNetworks: Null] ]
06-12 17:34:29.888   540   818 D UntrustedWifiNetworkFactory: got request NetworkRequest [ REQUEST id=73, [ Capabilities: INTERNET&NOT_RESTRICTED&TRUSTED&NOT_VCN_MANAGED Uid: 10151 RequestorUid: 1000 RequestorPkg: android UnderlyingNetworks: Null] ]
06-12 17:34:29.888   540   825 D ConnectivityService: NetReassign [73 : null → 101] [c 0] [a 0] [i 0]
06-12 17:34:29.889   540   818 D OemPaidWifiNetworkFactory: got request NetworkRequest [ REQUEST id=73, [ Capabilities: INTERNET&NOT_RESTRICTED&TRUSTED&NOT_VCN_MANAGED Uid: 10151 RequestorUid: 1000 RequestorPkg: android UnderlyingNetworks: Null] ]
06-12 17:34:29.889   540   818 D MultiInternetWifiNetworkFactory: got request NetworkRequest [ REQUEST id=73, [ Capabilities: INTERNET&NOT_RESTRICTED&TRUSTED&NOT_VCN_MANAGED Uid: 10151 RequestorUid: 1000 RequestorPkg: android UnderlyingNetworks: Null] ]
06-12 17:34:29.889   540   818 D WifiNetworkFactory: got request NetworkRequest [ REQUEST id=75, [ Capabilities: INTERNET&NOT_RESTRICTED&TRUSTED&NOT_VCN_MANAGED Uid: 10132 RequestorUid: 10132 RequestorPkg: com.google.android.googlequicksearchbox UnderlyingNetworks: Null] ]
06-12 17:34:29.889   540   818 D UntrustedWifiNetworkFactory: got request NetworkRequest [ REQUEST id=75, [ Capabilities: INTERNET&NOT_RESTRICTED&TRUSTED&NOT_VCN_MANAGED Uid: 10132 RequestorUid: 10132 RequestorPkg: com.google.android.googlequicksearchbox UnderlyingNetworks: Null] ]
06-12 17:34:29.889   540   818 D OemPaidWifiNetworkFactory: got request NetworkRequest [ REQUEST id=75, [ Capabilities: INTERNET&NOT_RESTRICTED&TRUSTED&NOT_VCN_MANAGED Uid: 10132 RequestorUid: 10132 RequestorPkg: com.google.android.googlequicksearchbox UnderlyingNetworks: Null] ]
06-12 17:34:29.889   540   825 D ConnectivityService: NetReassign [75 : null → 101] [c 0] [a 0] [i 0]
06-12 17:34:29.889   540   818 D MultiInternetWifiNetworkFactory: got request NetworkRequest [ REQUEST id=75, [ Capabilities: INTERNET&NOT_RESTRICTED&TRUSTED&NOT_VCN_MANAGED Uid: 10132 RequestorUid: 10132 RequestorPkg: com.google.android.googlequicksearchbox UnderlyingNetworks: Null] ]
06-12 17:34:29.890  2802  2802 I AlarmClock: WidgetUtils: Creating layouts for the following sizes(dp): [220.0x304.0, 304.0x224.0]
06-12 17:34:29.890  2802  2802 I AlarmClock: AnalogAppWidgetController: bitmapSize=760, textArcCircleRadius=280.000000
06-12 17:34:29.891   540   825 D ConnectivityService: NetReassign [no changes] [c 0] [a 0] [i 2]
06-12 17:34:29.892   349   412 I netd    : networkAddRouteParcel(101, RouteInfoParcel{destination: fec0::/64, ifName: wlan0, nextHop: , mtu: 0}) <0.09ms>
06-12 17:34:29.896  2802  2802 I AlarmClock: AnalogAppWidgetController: bitmapSize=760, textArcCircleRadius=280.000000
06-12 17:34:29.902  3176  3176 D nativeloader: InitLlndkLibrariesProduct: libEGL.so:libGLESv1_CM.so:libGLESv2.so:libGLESv3.so:libRS.so:libandroid_net.so:libbinder_ndk.so:libc.so:libcgrouprc.so:libclang_rt.asan-aarch64-android.so:libclang_rt.hwasan-aarch64-android.so:libcom.android.tethering.connectivity_native.so:libdl.so:libft2.so:liblog.so:libm.so:libmediandk.so:libnativewindow.so:libneuralnetworks.so:libselinux.so:libsync.so:libvndksupport.so:libvulkan.so
06-12 17:34:29.902  3176  3176 D nativeloader: Configuring product-clns-9 for unbundled product apk /product/priv-app/PrebuiltGmsCore/PrebuiltGmsCore.apk. target_sdk_version=33, uses_libraries=, library_path=/product/priv-app/PrebuiltGmsCore/lib/arm64:/product/priv-app/PrebuiltGmsCore/PrebuiltGmsCore.apk!/lib/arm64-v8a:/product/lib64:/system/product/lib64, permitted_path=/data:/mnt/expand:/data/user/0/com.google.android.gms:/product/lib64:/system/product/lib64
06-12 17:34:29.902  3176  3176 D nativeloader: InitVndkspLibrariesProduct: android.hardware.common-V2-ndk.so:android.hardware.common.fmq-V1-ndk.so:android.hardware.graphics.allocator-V2-ndk.so:android.hardware.graphics.common-V4-ndk.so:android.hardware.graphics.common@1.0.so:android.hardware.graphics.common@1.1.so:android.hardware.graphics.common@1.2.so:android.hardware.graphics.composer3-V1-ndk.so:android.hardware.graphics.mapper@2.0.so:android.hardware.graphics.mapper@2.1.so:android.hardware.graphics.mapper@3.0.so:android.hardware.graphics.mapper@4.0.so:android.hardware.renderscript@1.0.so:android.hidl.memory.token@1.0.so:android.hidl.memory@1.0-impl.so:android.hidl.memory@1.0.so:android.hidl.safe_union@1.0.so:libRSCpuRef.so:libRSDriver.so:libRS_internal.so:libbase.so:libbcinfo.so:libblas.so:libc++.so:libcompiler_rt.so:libcutils.so:libdmabufheap.so:libgralloctypes.so:libhardware.so:libhidlbase.so:libhidlmemory.so:libion.so:libjsoncpp.so:liblzma.so:libprocessgroup.so:libunwindstack.so:libutils.so:libutilscallstack.so:libz.so
06-12 17:34:29.906   349   412 I netd    : bandwidthSetInterfaceQuota(eth0, 9223372036854775807) <0.34ms>
06-12 17:34:29.911   540   967 I Telecom : PhoneAccountRegistrar: getSimCallManager: SimCallManager for subId 1 queried, returning: null: TSI.rPA(cap)@AFw🔒
06-12 17:34:29.911   540   967 I Telecom : PhoneAccountRegistrar: Notifying telephony of voice service override change for 1 SIMs, hasService = false: TSI.rPA(cap)@AFw🔒
06-12 17:34:29.912  1130  1130 I PhoneInterfaceManager: setVoiceServiceStateOverride: subId=1, phone=Handler (com.android.internal.telephony.GsmCdmaPhone) {c1ce085}, hasService=false, callingPackage=com.android.server.telecom
06-12 17:34:29.912   349  3236 I resolv  : res_nsend: used send_dg 504 terrno: 0
06-12 17:34:29.912   349  3244 I resolv  : res_nsend: used send_dg 330 terrno: 0
06-12 17:34:29.912   349  3245 I resolv  : res_nsend: used send_dg 318 terrno: 0
06-12 17:34:29.913   349  3237 I resolv  : res_nsend: used send_dg 408 terrno: 0
06-12 17:34:29.913  1056  1056 D TrafficStats: tagSocket(110) with statsTag=0xffffffff, statsUid=-1
06-12 17:34:29.913  1056  1056 D TrafficStats: tagSocket(110) with statsTag=0xffffffff, statsUid=-1
06-12 17:34:29.914  1056  1056 D TrafficStats: tagSocket(110) with statsTag=0xffffffff, statsUid=-1
06-12 17:34:29.914  1056  1056 D TrafficStats: tagSocket(110) with statsTag=0xffffffff, statsUid=-1
06-12 17:34:29.914  1056  1056 D TrafficStats: tagSocket(110) with statsTag=0xffffffff, statsUid=-1
06-12 17:34:29.914  1056  1056 D TrafficStats: tagSocket(110) with statsTag=0xffffffff, statsUid=-1
06-12 17:34:29.915  1056  1056 D TrafficStats: tagSocket(110) with statsTag=0xffffffff, statsUid=-1
06-12 17:34:29.915  1056  1056 D TrafficStats: tagSocket(110) with statsTag=0xffffffff, statsUid=-1
06-12 17:34:29.915  1056  1056 D TrafficStats: tagSocket(110) with statsTag=0xffffffff, statsUid=-1
06-12 17:34:29.915  1056  1056 D TrafficStats: tagSocket(110) with statsTag=0xffffffff, statsUid=-1
06-12 17:34:29.915  1056  1056 D TrafficStats: tagSocket(110) with statsTag=0xffffffff, statsUid=-1
06-12 17:34:29.915  1056  1056 D TrafficStats: tagSocket(110) with statsTag=0xffffffff, statsUid=-1
06-12 17:34:29.915  1056  1056 D TrafficStats: tagSocket(110) with statsTag=0xffffffff, statsUid=-1
06-12 17:34:29.916  1056  1056 D TrafficStats: tagSocket(110) with statsTag=0xffffffff, statsUid=-1
06-12 17:34:29.916  1056  1056 D TrafficStats: tagSocket(110) with statsTag=0xffffffff, statsUid=-1
06-12 17:34:29.916  1056  1056 D TrafficStats: tagSocket(110) with statsTag=0xffffffff, statsUid=-1
06-12 17:34:29.916   349   412 I netd    : bandwidthRemoveInterfaceQuota(eth0) <0.27ms>
06-12 17:34:29.916  1056  1056 D TrafficStats: tagSocket(110) with statsTag=0xffffffff, statsUid=-1
06-12 17:34:29.916  1056  3216 D NetworkMonitor/101: PROBE_DNS www.google.com 306ms OK 142.251.151.119,142.251.153.119,142.251.154.119,142.251.156.119,142.251.155.119,142.251.150.119,142.251.152.119,142.251.157.119,2001:4860:4826:7700::,2001:4860:482d:7700::,2001:4860:482b:7700::,2001:4860:4828:7700::,2001:4860:482a:7700::,2001:4860:4827:7700::,2001:4860:482c:7700::,2001:4860:4829:7700::
06-12 17:34:29.916  1130  1130 I Telephony: AccountEntry: Registered phoneAccount: [[ ] PhoneAccount: ComponentInfo{com.android.phone/com.android.services.telephony.TelephonyConnectionService}, 1, UserHandle{0} Capabilities: CallProvider MultiUser PlaceEmerg SimSub  Audio Routes: BESW Schemes: tel voicemail  Extras: Bundle[{android.telecom.extra.SUPPORTS_VIDEO_CALLING_FALLBACK=true}] GroupId: ***] with handle: ComponentInfo{com.android.phone/com.android.services.telephony.TelephonyConnectionService}, 1, UserHandle{0}
06-12 17:34:29.916  1130  1130 I Telephony: PstnIncomingCallNotifier: Registering: [0]
06-12 17:34:29.916  1130  1130 D Telephony: Registering: Handler (com.android.internal.telephony.GsmCdmaPhone) {c1ce085}
06-12 17:34:29.916  1130  1130 W Telephony: registerMmTelCapabilityCallback: registration failed, no ImsService available. Exception: code: 1
06-12 17:34:29.917  1056  1056 D TrafficStats: tagSocket(110) with statsTag=0xffffffff, statsUid=-1
06-12 17:34:29.917  1548  3066 I GmsModuleFndr: Beginning GMS chimera module scan
06-12 17:34:29.918  1056  3217 D NetworkMonitor/101: PROBE_DNS connectivitycheck.gstatic.com 285ms OK 142.251.219.3,2607:f8b0:4005:816::2003
06-12 17:34:29.922   349  3258 I resolv  : GetAddrInfoHandler::run: {101 983141 101 983141 1073 1}
06-12 17:34:29.923   349  3262 I resolv  : res_nmkquery: (QUERY, IN, A)
06-12 17:34:29.923   349  3262 I resolv  : resolv_cache_lookup: FOUND IN CACHE entry=0xb400006fb808c4b0
06-12 17:34:29.923   349  3262 I resolv  : doQuery: rcode=0, ancount=8, return value=408
06-12 17:34:29.924  1130  1130 W Telephony: registerImsRegistrationCallback: registration failed, no ImsService available. Exception: code: 1
06-12 17:34:29.925   349   412 I netd    : bandwidthSetInterfaceQuota(eth0, 9223372036854775807) <0.45ms>
06-12 17:34:29.928  1130  1130 D MultiSimSettingController: onCarrierConfigChanged phoneId 0 subId 1
06-12 17:34:29.929  1130  1130 D MultiSimSettingController: isReadyToReevaluate: subInfoInitialized=true, carrierConfigsLoaded=true
06-12 17:34:29.929  1130  1130 D MultiSimSettingController: updateDefaults
06-12 17:34:29.930  3000  3238 D CompatibilityChangeReporter: Compat change id reported: 183155436; UID 10154; state: ENABLED
06-12 17:34:29.931   349  3261 I resolv  : GetAddrInfoHandler::run: {101 983141 101 983141 1073 1}
06-12 17:34:29.931  1130  1130 D MultiSimSettingController: isReadyToReevaluate: subInfoInitialized=true, carrierConfigsLoaded=true
06-12 17:34:29.931   349  3265 I resolv  : res_nmkquery: (QUERY, IN, AAAA)
06-12 17:34:29.931   349  3265 I resolv  : resolv_cache_lookup: FOUND IN CACHE entry=0xb400006fb80907c0
06-12 17:34:29.931   349  3265 I resolv  : doQuery: rcode=0, ancount=1, return value=330
06-12 17:34:29.933  1721  2306 I A       : (REDACTED) #FCF: Continued Conversation Mode Enabled: %s
06-12 17:34:29.938   349  3266 I resolv  : res_nmkquery: (QUERY, IN, A)
06-12 17:34:29.938   349  3266 I resolv  : resolv_cache_lookup: FOUND IN CACHE entry=0xb400006fb8092380
06-12 17:34:29.938   349  3266 I resolv  : doQuery: rcode=0, ancount=1, return value=318
06-12 17:34:29.939  1130  1130 D MultiSimSettingController: updateDefaultValues: change: 0
06-12 17:34:29.939   540   986 I ActivityManager: Flag disabled. Ignoring finishAttachApplication from uid: 10112. pid: 3140
06-12 17:34:29.939  1056  3217 D TrafficStats: tagSocket(111) with statsTag=0xffffff81, statsUid=-1
