06-12 17:20:59.729   537  1334 W system_server: Long monitor contention with owner binder:537_1B (2455) at int com.android.server.job.JobSchedulerService.getUidProcState(int)(JobSchedulerService.java:2305) waiters=2 in int com.android.server.job.JobSchedulerService.scheduleAsPackage(android.app.job.JobInfo, android.app.job.JobWorkItem, int, java.lang.String, int, java.lang.String, java.lang.String) for 265ms
06-12 17:20:59.741   537  2452 D PackageManager: Instant App installer not found with android.intent.action.INSTALL_INSTANT_APP_PACKAGE
06-12 17:20:59.741   537  2452 D PackageManager: Clear ephemeral installer activity
06-12 17:20:59.743  1469  3742 I GCoreUlr: WorldUpdater received intent Intent { act=com.google.android.location.reporting.ACTION_UPDATE_WORLD cmp=com.google.android.gms/com.google.android.location.reporting.service.DispatchingService (has extras) } with receiverAction com.google.gservices.intent.action.GSERVICES_CHANGED
06-12 17:20:59.842   537   624 D ActivityManager: freezing 1893 com.google.android.youtube
06-12 17:20:59.850   537   564 W system_server: Long monitor contention with owner binder:537_16 (2326) at android.content.ComponentName com.android.server.am.ActivityManagerService.startService(android.app.IApplicationThread, android.content.Intent, java.lang.String, boolean, java.lang.String, java.lang.String, int, boolean, int, java.lang.String, java.lang.String)(ActivityManagerService.java:13195) waiters=3 in void com.android.server.am.BroadcastQueueModernImpl.checkPendingColdStartValidity() for 134ms
06-12 17:20:59.859   537   537 W Looper  : Slow dispatch took 146ms main h=android.app.ActivityThread$H c=android.app.LoadedApk$ServiceDispatcher$RunConnection@b0a97a4 m=0
06-12 17:20:59.860  4550  4653 I BugleDataModel: ActionExecutorImpl: Timestamp for ACTION_RESPONSE_QUEUED_GenericWorkerQueueAction elapsedRealTime: 76158 currentTimeMillis: 1781256059860
06-12 17:20:59.867  1714  1714 I SP.AiAi : ====> Starting job {W:b:u:l, bg}
06-12 17:20:59.883  1469  3643 I Herrevad: [124] aqwl.a: updateListenState
06-12 17:20:59.893   537   554 W Looper  : Drained
06-12 17:20:59.897   537   616 D CompatibilityChangeReporter: Compat change id reported: 265195908; UID 10130; state: ENABLED
06-12 17:20:59.911  4550  4644 W Bugle   : TextClassifierLibManagerImpl: Reclaiming memory at level: 40
06-12 17:20:59.914  1469  4843 I Auth    : [AuthManaged, PasswordComplexityHelperImpl] Updating password complexity components state.
06-12 17:20:59.914  1469  4843 I Auth    : [AuthManaged, PasswordComplexityHelperImpl] Disabling com.google.android.gms.auth.managed.admin.DeviceAdminReceiver
06-12 17:20:59.918  1469  4843 I Auth    : [AuthManaged, PasswordComplexityHelperImpl] Disabling com.google.android.gms.auth.managed.ui.SetNewPasswordActivity
06-12 17:21:00.043  4550  4686 E MendelPackageState: Failed to fetch after encountering old config
06-12 17:21:00.043  4550  4686 E MendelPackageState: ctft: Timed out: ctef@ca0d1ba[status=PENDING, info=[delegate=[ctaz@3c286b[status=PENDING, info=[inputFuture=[byrl@bafffc8[status=PENDING, info=[bphe@68f0861]]], exceptionType=[class bnmn], fallback=[chaj@b7a4f86]]]]]]
06-12 17:21:00.043  4550  4686 E MendelPackageState: 	at tk_trace.PhenotypeApi.getConfigurationSnapshot(Unknown Source:0)
06-12 17:21:00.043  4550  4686 E MendelPackageState: 	at tk_trace.Fetching experiments for device(Unknown Source:0)
06-12 17:21:00.043  4550  4686 E MendelPackageState: 	at tk_trace.Application.onCreate(Unknown Source:0)
06-12 17:21:00.043  4550  4686 E MendelPackageState: 	at tk_trace.Application creation(Unknown Source:0)
06-12 17:21:00.043  4550  4686 E MendelPackageState: 	at tk_trace.BuglePhoneApplicationBase#attatchBaseContext(Unknown Source:0)
06-12 17:21:00.043  4550  4686 E MendelPackageState: 	Suppressed: cnqp: 
06-12 17:21:00.043  4550  4686 E MendelPackageState: 		at tk_trace.PhenotypeApi.getConfigurationSnapshot(unfinished)(Unknown Source:0)
06-12 17:21:00.053  4550  4649 E AndroidFutures: Failed to obtain initial snapshot
06-12 17:21:00.053  4550  4649 E AndroidFutures: ctft: Timed out (timeout delayed by 17 ms after scheduled time): ctef@ba95074[status=PENDING, info=[delegate=[ctaz@b52c99d[status=PENDING, info=[inputFuture=[byrl@81bde12[status=PENDING, info=[bphe@57339e3]]], exceptionType=[class bnmn], fallback=[chaj@b7a4f86]]]]]]
06-12 17:21:00.053  4550  4649 E AndroidFutures: 	at tk_trace.PhenotypeApi.getConfigurationSnapshot(Unknown Source:0)
06-12 17:21:00.053  4550  4649 E AndroidFutures: 	at tk_trace.Fetching experiments for device(Unknown Source:0)
06-12 17:21:00.053  4550  4649 E AndroidFutures: 	at tk_trace.StartupAfterPackageReplaced(Unknown Source:0)
06-12 17:21:00.053  4550  4649 E AndroidFutures: 	at tk_trace.AfterPackageReplaced(Unknown Source:0)
06-12 17:21:00.053  4550  4649 E AndroidFutures: 	at tk_trace.Startup Listeners(Unknown Source:0)
06-12 17:21:00.053  4550  4649 E AndroidFutures: 	at tk_trace.Application.onCreate(Unknown Source:0)
06-12 17:21:00.053  4550  4649 E AndroidFutures: 	at tk_trace.Application creation(Unknown Source:0)
06-12 17:21:00.053  4550  4649 E AndroidFutures: 	at tk_trace.BuglePhoneApplicationBase#attatchBaseContext(Unknown Source:0)
06-12 17:21:00.053  4550  4649 E AndroidFutures: 	Suppressed: cnqp: 
06-12 17:21:00.053  4550  4649 E AndroidFutures: 		at tk_trace.PhenotypeApi.getConfigurationSnapshot(unfinished)(Unknown Source:0)
06-12 17:21:00.075  1537  4709 W PackageParser: Unknown element under <manifest>: queries at /data/user_de/0/com.google.android.gms/app_chimera/m/00000004/DynamiteModulesC.apk Binary XML file line #15
06-12 17:21:00.076  1469  4843 I Fitness : FitCleanupIntentOperation received Intent android.intent.action.PACKAGE_CHANGED [CONTEXT service_id=17 ]
06-12 17:21:00.083  1714  1970 I SP.AiAi : Scheduling: download stopped, 0 started, 0 paused, 6 scheduled, 6 pending: manifests:spelling_correction-22110320 * {W:b:I:l, bg}, kg_collections_table:collections_table_main_21980965fbd997111d89f86c16e9e090 * {W:b:u:l, bg}, actions-ranking-table:table_5f787033cc44fc7a8804e0030b2bf848 * {W:b:u:l, bg}, manifests:text-classifier-annotator-272525175 * {W:b:u:l, bg}, manifests:text-classifier-actions-1140547708 * {W:b:u:l, bg}, manifests:text-classifier-langid-1941001461 * {W:b:u:l, bg}
06-12 17:21:00.084  1469  3742 I GCoreUlr: WorldUpdater:com.google.gservices.intent.action.GSERVICES_CHANGED: Ensuring that reporting is stopped because of reasons: (no Google accounts)
06-12 17:21:00.088  1469  3742 I GCoreUlr: Unbound from all signal providers.
06-12 17:21:00.088  4550  4550 I BugleDataModel: ActionExecutorImpl: Timestamp for ACTION_EXECUTE_QUEUED_GenericWorkerQueueAction elapsedRealTime: 76386 currentTimeMillis: 1781256060088
06-12 17:21:00.089  4550  4861 I BugleDataModel: ActionExecutorImpl: Timestamp for ACTION_BACKGROUND_QUEUED_GenericWorkerQueueAction elapsedRealTime: 76387 currentTimeMillis: 1781256060089
06-12 17:21:00.100  4550  4635 I SnapshotHandler: Unable to retrieve flag snapshot for com.google.android.libraries.consentverifier#com.google.android.apps.messaging, using defaults.
06-12 17:21:00.108  1469  3643 I Fitness : OnPackageChangedOperation got intent: Intent { act=android.intent.action.PACKAGE_CHANGED dat=package: flg=0x45000010 pkg=com.google.android.gms cmp=com.google.android.gms/.chimera.PersistentIntentOperationService (has extras) } [CONTEXT service_id=17 ]
06-12 17:21:00.109  1125  4426 D SlicesDatabaseHelper: Created databases
06-12 17:21:00.179  1971  1971 V ContactsProvider: Scheduled notifyChange started.
06-12 17:21:00.180   349  4981 I resolv  : res_nsend: used send_dg 329 terrno: 0
06-12 17:21:00.182   349  4981 I resolv  : doQuery: rcode=0, ancount=2, return value=329
06-12 17:21:00.182   349  4985 I resolv  : res_nsend: used send_dg 329 terrno: 0
06-12 17:21:00.182   349  4985 I resolv  : resolv_cache_add: ALREADY IN CACHE (0xb40000792e0977f0) ? IGNORING ADD
06-12 17:21:00.182   349  4985 I resolv  : doQuery: rcode=0, ancount=2, return value=329
06-12 17:21:00.185  4550  4653 I BugleJobs: GenericWorkerQueueAction: Bailing early, no work found, no failed work found
06-12 17:21:00.185  4550  4653 I BugleDataModel: ActionExecutorImpl: Timestamp for ACTION_RESPONSE_QUEUED_GenericWorkerQueueAction elapsedRealTime: 76483 currentTimeMillis: 1781256060185
06-12 17:21:00.186  1469  3475 D TrafficStats: tagSocket(104) with statsTag=0x30000407, statsUid=-1
06-12 17:21:00.186   349  4982 I resolv  : res_nsend: used send_dg 341 terrno: 0
06-12 17:21:00.186   349  4982 I resolv  : doQuery: rcode=0, ancount=2, return value=341
06-12 17:21:00.187  1469  2764 D TrafficStats: tagSocket(81) with statsTag=0x30000407, statsUid=-1
06-12 17:21:00.189   349  4980 I resolv  : res_nsend: used send_dg 341 terrno: 0
06-12 17:21:00.189   349  4980 I resolv  : resolv_cache_add: ALREADY IN CACHE (0xb40000792e097a40) ? IGNORING ADD
06-12 17:21:00.189   349  4980 I resolv  : doQuery: rcode=0, ancount=2, return value=341
06-12 17:21:00.200  1469  1556 D TrafficStats: tagSocket(108) with statsTag=0x30000407, statsUid=-1
06-12 17:21:00.202  1095  1095 D BluetoothPbapService:  onChange on contact uri 
06-12 17:21:00.252  1537  4773 W PeopleGmsPhenoRgstrIntentOp: Google Api connection failed
06-12 17:21:00.278  1125  4426 D SlicesDatabaseHelper: Created databases
06-12 17:21:00.306  1095  4989 D BluetoothPbapUtils: primaryVersionCounter = 0, secondaryVersionCounter=0
06-12 17:21:00.325  4550  4631 W Bugle   : TextClassifierLibManagerImpl: Reclaiming memory at level: 40
06-12 17:21:00.367  1469  1469 W .gms.persistent: Long monitor contention with owner highpool[0] (1539) at java.io.InputStream android.content.res.AssetManager.openNonAsset(int, java.lang.String, int)(AssetManager.java:1027) waiters=0 in boolean android.content.res.AssetManager.isUpToDate() for 117ms
06-12 17:21:00.437  1125  4426 E SystemServiceRegistry: No service published for: ethernet
06-12 17:21:00.437  1125  4426 E SystemServiceRegistry: android.os.ServiceManager$ServiceNotFoundException: No service published for: ethernet
06-12 17:21:00.437  1125  4426 E SystemServiceRegistry: 	at android.os.ServiceManager.getServiceOrThrow(ServiceManager.java:166)
06-12 17:21:00.437  1125  4426 E SystemServiceRegistry: 	at android.app.SystemServiceRegistry$139.createService(SystemServiceRegistry.java:1872)
06-12 17:21:00.437  1125  4426 E SystemServiceRegistry: 	at android.app.SystemServiceRegistry$CachedServiceFetcher.getService(SystemServiceRegistry.java:1971)
06-12 17:21:00.437  1125  4426 E SystemServiceRegistry: 	at android.app.SystemServiceRegistry.getSystemService(SystemServiceRegistry.java:1645)
06-12 17:21:00.437  1125  4426 E SystemServiceRegistry: 	at android.app.ContextImpl.getSystemService(ContextImpl.java:2212)
06-12 17:21:00.437  1125  4426 E SystemServiceRegistry: 	at android.content.ContextWrapper.getSystemService(ContextWrapper.java:934)
06-12 17:21:00.437  1125  4426 E SystemServiceRegistry: 	at android.content.Context.getSystemService(Context.java:4420)
06-12 17:21:00.437  1125  4426 E SystemServiceRegistry: 	at com.android.settings.network.EthernetTetherPreferenceController.<init>(EthernetTetherPreferenceController.java:48)
06-12 17:21:00.437  1125  4426 E SystemServiceRegistry: 	at java.lang.reflect.Constructor.newInstance0(Native Method)
06-12 17:21:00.437  1125  4426 E SystemServiceRegistry: 	at java.lang.reflect.Constructor.newInstance(Constructor.java:343)
06-12 17:21:00.437  1125  4426 E SystemServiceRegistry: 	at com.android.settings.core.BasePreferenceController.createInstance(BasePreferenceController.java:143)
06-12 17:21:00.437  1125  4426 E SystemServiceRegistry: 	at com.android.settings.slices.SliceBuilderUtils.getPreferenceController(SliceBuilderUtils.java:354)
06-12 17:21:00.437  1125  4426 E SystemServiceRegistry: 	at com.android.settings.slices.SliceDataConverter.getSliceDataFromXML(SliceDataConverter.java:204)
06-12 17:21:00.437  1125  4426 E SystemServiceRegistry: 	at com.android.settings.slices.SliceDataConverter.getSliceDataFromProvider(SliceDataConverter.java:149)
06-12 17:21:00.437  1125  4426 E SystemServiceRegistry: 	at com.android.settings.slices.SliceDataConverter.getSliceData(SliceDataConverter.java:119)
06-12 17:21:00.437  1125  4426 E SystemServiceRegistry: 	at com.android.settings.slices.SlicesIndexer.getSliceData(SlicesIndexer.java:94)
06-12 17:21:00.437  1125  4426 E SystemServiceRegistry: 	at com.android.settings.slices.SlicesIndexer.indexSliceData(SlicesIndexer.java:75)
06-12 17:21:00.437  1125  4426 E SystemServiceRegistry: 	at com.android.settings.slices.SlicesFeatureProviderImpl.indexSliceData(SlicesFeatureProviderImpl.java:63)
06-12 17:21:00.437  1125  4426 E SystemServiceRegistry: 	at com.android.settings.slices.SlicesDatabaseAccessor.verifyIndexing(SlicesDatabaseAccessor.java:194)
06-12 17:21:00.437  1125  4426 E SystemServiceRegistry: 	at com.android.settings.slices.SlicesDatabaseAccessor.getSliceUris(SlicesDatabaseAccessor.java:96)
06-12 17:21:00.437  1125  4426 E SystemServiceRegistry: 	at com.android.settings.slices.SettingsSliceProvider.onGetSliceDescendants(SettingsSliceProvider.java:337)
06-12 17:21:00.437  1125  4426 E SystemServiceRegistry: 	at androidx.slice.compat.SliceProviderWrapperContainer$SliceProviderWrapper.onGetSliceDescendants(SliceProviderWrapperContainer.java:166)
06-12 17:21:00.437  1125  4426 E SystemServiceRegistry: 	at android.app.slice.SliceProvider.handleGetDescendants(SliceProvider.java:425)
06-12 17:21:00.437  1125  4426 E SystemServiceRegistry: 	at android.app.slice.SliceProvider.call(SliceProvider.java:406)
06-12 17:21:00.437  1125  4426 E SystemServiceRegistry: 	at androidx.slice.compat.SliceProviderWrapperContainer$SliceProviderWrapper.call(SliceProviderWrapperContainer.java:123)
06-12 17:21:00.437  1125  4426 E SystemServiceRegistry: 	at android.content.ContentProvider.call(ContentProvider.java:2679)
06-12 17:21:00.437  1125  4426 E SystemServiceRegistry: 	at android.content.ContentProvider$Transport.call(ContentProvider.java:628)
06-12 17:21:00.437  1125  4426 E SystemServiceRegistry: 	at android.content.ContentProviderNative.onTransact(ContentProviderNative.java:307)
06-12 17:21:00.437  1125  4426 E SystemServiceRegistry: 	at android.os.Binder.execTransactInternal(Binder.java:1339)
06-12 17:21:00.437  1125  4426 E SystemServiceRegistry: 	at android.os.Binder.execTransact(Binder.java:1275)
06-12 17:21:00.439  1714  1818 I AiAiEcho: Predicting[0]: 
06-12 17:21:00.439  1714  1818 I AiAiEcho: EchoTargets: 
06-12 17:21:00.439  1714  1818 I AiAiEcho: Filtered by AiAi flag check: 
06-12 17:21:00.439  1714  1818 I AiAiEcho: Ranked targets strategy: SORT, count: 0, ranking metadata: 
06-12 17:21:00.442  1714  1818 I AiAiEcho: #postPredictionTargets: Sending updates to UISurface lockscreen with targets# 0 (types=[])
06-12 17:21:00.444  1125  4426 D AssistGesture: mAssistOnly:false, isSupported:false, isSensorAvailable:false
06-12 17:21:00.444  1125  4426 D AssistGesture: mAssistOnly:false, isSupported:false, isSensorAvailable:false
06-12 17:21:00.460  1537  4773 I SyncIntentOperation: Handling the intent: Intent { act=com.google.gservices.intent.action.GSERVICES_CHANGED flg=0x1000010 pkg=com.google.android.gms cmp=com.google.android.gms/.chimera.GmsIntentOperationService (has extras) }. [CONTEXT service_id=80 ]
06-12 17:21:00.485   537  2452 D CleanupManager: Storing serial number for user 0.
06-12 17:21:00.502  1166  2127 D EGL_emulation: app_time_stats: avg=2234.40ms min=2234.40ms max=2234.40ms count=1
06-12 17:21:00.662  1469  3643 I Fitness : OnPackageChangedOperation got intent: Intent { act=android.intent.action.PACKAGE_CHANGED dat=package: flg=0x45000010 pkg=com.google.android.gms cmp=com.google.android.gms/.chimera.PersistentIntentOperationService (has extras) } [CONTEXT service_id=17 ]
06-12 17:21:00.704  1469  3475 W Conscrypt: Could not set socket write timeout: java.net.SocketException: Socket closed
06-12 17:21:00.748  1469  3475 W Conscrypt: 	at com.google.android.gms.org.conscrypt.Platform.setSocketWriteTimeout(:com.google.android.gms@231818044@23.18.18 (190400-535401451):2)
06-12 17:21:00.748  1469  3475 W Conscrypt: 	at com.google.android.gms.org.conscrypt.ConscryptFileDescriptorSocket.setSoWriteTimeout(:com.google.android.gms@231818044@23.18.18 (190400-535401451):0)
06-12 17:21:00.777  1469  1556 W Conscrypt: Could not set socket write timeout: java.net.SocketException: Socket closed
06-12 17:21:00.777  1469  1556 W Conscrypt: 	at com.google.android.gms.org.conscrypt.Platform.setSocketWriteTimeout(:com.google.android.gms@231818044@23.18.18 (190400-535401451):2)
06-12 17:21:00.777  1469  1556 W Conscrypt: 	at com.google.android.gms.org.conscrypt.ConscryptFileDescriptorSocket.setSoWriteTimeout(:com.google.android.gms@231818044@23.18.18 (190400-535401451):0)
06-12 17:21:00.788  1469  4740 I Fitness : FitCleanupIntentOperation received Intent android.intent.action.PACKAGE_CHANGED [CONTEXT service_id=17 ]
06-12 17:21:01.049  1469  4187 I Nearby  : [MBleClient] Start ble scanning from NearbyDirect:BluetoothAdapterWrapper, context tag = nearby_messages [CONTEXT service_id=49 ]
06-12 17:21:01.050  1469  4187 D BluetoothAdapter: isLeEnabled(): ON
06-12 17:21:01.142   891   891 W PageIndicator: Total number of pages invalid: 0. Assuming 1 page.
06-12 17:21:01.158   537   537 W system_server: Long monitor contention with owner binder:537_19 (2452) at void android.os.MessageQueue.removeMessages(android.os.Handler, int, java.lang.Object)(MessageQueue.java:704) waiters=0 in android.os.Message android.os.MessageQueue.next() for 230ms
06-12 17:21:01.211  1125  4426 W SliceData: Highlight menu key res is empty: com.android.settings.deviceinfo.hardwareinfo.DeviceModelPreferenceController
06-12 17:21:01.225  1125  4426 E HardwareInfoFeatureProviderImpl: Could not parse manufactured year from serial.
06-12 17:21:01.225  1125  4426 E HardwareInfoFeatureProviderImpl: java.lang.NumberFormatException: For input string: "E"
06-12 17:21:01.225  1125  4426 E HardwareInfoFeatureProviderImpl: 	at java.lang.Integer.parseInt(Integer.java:797)
06-12 17:21:01.225  1125  4426 E HardwareInfoFeatureProviderImpl: 	at java.lang.Integer.valueOf(Integer.java:1128)
06-12 17:21:01.225  1125  4426 E HardwareInfoFeatureProviderImpl: 	at com.google.android.settings.deviceinfo.hardwareinfo.HardwareInfoFeatureProviderGoogleImpl.getManufacturedYear(HardwareInfoFeatureProviderGoogleImpl.kt:22)
06-12 17:21:01.225  1125  4426 E HardwareInfoFeatureProviderImpl: 	at com.android.settings.deviceinfo.hardwareinfo.ManufacturedYearPreferenceController.<init>(ManufacturedYearPreferenceController.kt:26)
06-12 17:21:01.225  1125  4426 E HardwareInfoFeatureProviderImpl: 	at java.lang.reflect.Constructor.newInstance0(Native Method)
06-12 17:21:01.225  1125  4426 E HardwareInfoFeatureProviderImpl: 	at java.lang.reflect.Constructor.newInstance(Constructor.java:343)
06-12 17:21:01.225  1125  4426 E HardwareInfoFeatureProviderImpl: 	at com.android.settings.core.BasePreferenceController.createInstance(BasePreferenceController.java:143)
06-12 17:21:01.225  1125  4426 E HardwareInfoFeatureProviderImpl: 	at com.android.settings.slices.SliceBuilderUtils.getPreferenceController(SliceBuilderUtils.java:354)
06-12 17:21:01.225  1125  4426 E HardwareInfoFeatureProviderImpl: 	at com.android.settings.slices.SliceDataConverter.getSliceDataFromXML(SliceDataConverter.java:204)
06-12 17:21:01.225  1125  4426 E HardwareInfoFeatureProviderImpl: 	at com.android.settings.slices.SliceDataConverter.getSliceDataFromProvider(SliceDataConverter.java:149)
06-12 17:21:01.225  1125  4426 E HardwareInfoFeatureProviderImpl: 	at com.android.settings.slices.SliceDataConverter.getSliceData(SliceDataConverter.java:119)
06-12 17:21:01.225  1125  4426 E HardwareInfoFeatureProviderImpl: 	at com.android.settings.slices.SlicesIndexer.getSliceData(SlicesIndexer.java:94)
06-12 17:21:01.225  1125  4426 E HardwareInfoFeatureProviderImpl: 	at com.android.settings.slices.SlicesIndexer.indexSliceData(SlicesIndexer.java:75)
06-12 17:21:01.225  1125  4426 E HardwareInfoFeatureProviderImpl: 	at com.android.settings.slices.SlicesFeatureProviderImpl.indexSliceData(SlicesFeatureProviderImpl.java:63)
06-12 17:21:01.225  1125  4426 E HardwareInfoFeatureProviderImpl: 	at com.android.settings.slices.SlicesDatabaseAccessor.verifyIndexing(SlicesDatabaseAccessor.java:194)
06-12 17:21:01.225  1125  4426 E HardwareInfoFeatureProviderImpl: 	at com.android.settings.slices.SlicesDatabaseAccessor.getSliceUris(SlicesDatabaseAccessor.java:96)
06-12 17:21:01.225  1125  4426 E HardwareInfoFeatureProviderImpl: 	at com.android.settings.slices.SettingsSliceProvider.onGetSliceDescendants(SettingsSliceProvider.java:337)
06-12 17:21:01.225  1125  4426 E HardwareInfoFeatureProviderImpl: 	at androidx.slice.compat.SliceProviderWrapperContainer$SliceProviderWrapper.onGetSliceDescendants(SliceProviderWrapperContainer.java:166)
06-12 17:21:01.225  1125  4426 E HardwareInfoFeatureProviderImpl: 	at android.app.slice.SliceProvider.handleGetDescendants(SliceProvider.java:425)
06-12 17:21:01.225  1125  4426 E HardwareInfoFeatureProviderImpl: 	at android.app.slice.SliceProvider.call(SliceProvider.java:406)
06-12 17:21:01.225  1125  4426 E HardwareInfoFeatureProviderImpl: 	at androidx.slice.compat.SliceProviderWrapperContainer$SliceProviderWrapper.call(SliceProviderWrapperContainer.java:123)
06-12 17:21:01.225  1125  4426 E HardwareInfoFeatureProviderImpl: 	at android.content.ContentProvider.call(ContentProvider.java:2679)
06-12 17:21:01.225  1125  4426 E HardwareInfoFeatureProviderImpl: 	at android.content.ContentProvider$Transport.call(ContentProvider.java:628)
06-12 17:21:01.225  1125  4426 E HardwareInfoFeatureProviderImpl: 	at android.content.ContentProviderNative.onTransact(ContentProviderNative.java:307)
06-12 17:21:01.225  1125  4426 E HardwareInfoFeatureProviderImpl: 	at android.os.Binder.execTransactInternal(Binder.java:1339)
06-12 17:21:01.225  1125  4426 E HardwareInfoFeatureProviderImpl: 	at android.os.Binder.execTransact(Binder.java:1275)
06-12 17:21:01.249  1125  4426 W SliceDataConverter: Get slice data from XML failed 
06-12 17:21:01.249  1125  4426 W SliceDataConverter: java.lang.IllegalStateException: Invalid preference controller: com.android.settings.applications.credentials.CredentialManagerPreferenceController
06-12 17:21:01.249  1125  4426 W SliceDataConverter: 	at com.android.settings.core.BasePreferenceController.createInstance(BasePreferenceController.java:146)
06-12 17:21:01.249  1125  4426 W SliceDataConverter: 	at com.android.settings.slices.SliceBuilderUtils.getPreferenceController(SliceBuilderUtils.java:354)
06-12 17:21:01.249  1125  4426 W SliceDataConverter: 	at com.android.settings.slices.SliceDataConverter.getSliceDataFromXML(SliceDataConverter.java:204)
06-12 17:21:01.249  1125  4426 W SliceDataConverter: 	at com.android.settings.slices.SliceDataConverter.getSliceDataFromProvider(SliceDataConverter.java:149)
06-12 17:21:01.249  1125  4426 W SliceDataConverter: 	at com.android.settings.slices.SliceDataConverter.getSliceData(SliceDataConverter.java:119)
06-12 17:21:01.249  1125  4426 W SliceDataConverter: 	at com.android.settings.slices.SlicesIndexer.getSliceData(SlicesIndexer.java:94)
06-12 17:21:01.249  1125  4426 W SliceDataConverter: 	at com.android.settings.slices.SlicesIndexer.indexSliceData(SlicesIndexer.java:75)
06-12 17:21:01.249  1125  4426 W SliceDataConverter: 	at com.android.settings.slices.SlicesFeatureProviderImpl.indexSliceData(SlicesFeatureProviderImpl.java:63)
06-12 17:21:01.249  1125  4426 W SliceDataConverter: 	at com.android.settings.slices.SlicesDatabaseAccessor.verifyIndexing(SlicesDatabaseAccessor.java:194)
06-12 17:21:01.249  1125  4426 W SliceDataConverter: 	at com.android.settings.slices.SlicesDatabaseAccessor.getSliceUris(SlicesDatabaseAccessor.java:96)
06-12 17:21:01.249  1125  4426 W SliceDataConverter: 	at com.android.settings.slices.SettingsSliceProvider.onGetSliceDescendants(SettingsSliceProvider.java:337)
06-12 17:21:01.249  1125  4426 W SliceDataConverter: 	at androidx.slice.compat.SliceProviderWrapperContainer$SliceProviderWrapper.onGetSliceDescendants(SliceProviderWrapperContainer.java:166)
06-12 17:21:01.249  1125  4426 W SliceDataConverter: 	at android.app.slice.SliceProvider.handleGetDescendants(SliceProvider.java:425)
06-12 17:21:01.249  1125  4426 W SliceDataConverter: 	at android.app.slice.SliceProvider.call(SliceProvider.java:406)
06-12 17:21:01.249  1125  4426 W SliceDataConverter: 	at androidx.slice.compat.SliceProviderWrapperContainer$SliceProviderWrapper.call(SliceProviderWrapperContainer.java:123)
06-12 17:21:01.249  1125  4426 W SliceDataConverter: 	at android.content.ContentProvider.call(ContentProvider.java:2679)
06-12 17:21:01.249  1125  4426 W SliceDataConverter: 	at android.content.ContentProvider$Transport.call(ContentProvider.java:628)
06-12 17:21:01.249  1125  4426 W SliceDataConverter: 	at android.content.ContentProviderNative.onTransact(ContentProviderNative.java:307)
06-12 17:21:01.249  1125  4426 W SliceDataConverter: 	at android.os.Binder.execTransactInternal(Binder.java:1339)
06-12 17:21:01.249  1125  4426 W SliceDataConverter: 	at android.os.Binder.execTransact(Binder.java:1275)
06-12 17:21:01.249  1125  4426 W SliceDataConverter: Caused by: java.lang.reflect.InvocationTargetException
06-12 17:21:01.249  1125  4426 W SliceDataConverter: 	at java.lang.reflect.Constructor.newInstance0(Native Method)
06-12 17:21:01.249  1125  4426 W SliceDataConverter: 	at java.lang.reflect.Constructor.newInstance(Constructor.java:343)
06-12 17:21:01.249  1125  4426 W SliceDataConverter: 	at com.android.settings.core.BasePreferenceController.createInstance(BasePreferenceController.java:143)
06-12 17:21:01.249  1125  4426 W SliceDataConverter: 	... 19 more
06-12 17:21:01.249  1125  4426 W SliceDataConverter: Caused by: java.lang.RuntimeException: Can't create handler inside thread Thread[binder:1125_6,5,main] that has not called Looper.prepare()
06-12 17:21:01.249  1125  4426 W SliceDataConverter: 	at android.os.Handler.<init>(Handler.java:227)
06-12 17:21:01.249  1125  4426 W SliceDataConverter: 	at android.os.Handler.<init>(Handler.java:129)
06-12 17:21:01.249  1125  4426 W SliceDataConverter: 	at com.android.settings.applications.credentials.CredentialManagerPreferenceController.<init>(CredentialManagerPreferenceController.java:105)
06-12 17:21:01.249  1125  4426 W SliceDataConverter: 	... 22 more
06-12 17:21:01.250  1125  4426 W ElapsedTimeUtils: getElapsedTime: sSuwFinishedTimeStamp is null
06-12 17:21:01.255  1537  4707 I RecoverableKeyStoreGms: [RecoverableKeyStoreGmsInitOperation] Initializing auth_folsom
06-12 17:21:01.261  1537  4707 I RecoverableKeyStoreGms: [RecoverableKeyStoreGmsInitOperation] Enabling com.google.android.gms.auth.folsom.service.FolsomPublicKeyUpdateService.
06-12 17:21:01.262   537  2455 D PackageManager: Instant App installer not found with android.intent.action.INSTALL_INSTANT_APP_PACKAGE
06-12 17:21:01.262   537  2455 D PackageManager: Clear ephemeral installer activity
06-12 17:21:01.273  1537  4707 I RecoverableKeyStoreGms: [RecoverableKeyStoreGmsInitOperation] Enabling com.google.android.gms.auth.folsom.service.GcmReceiverService.
06-12 17:21:01.274   537  2455 D PackageManager: Instant App installer not found with android.intent.action.INSTALL_INSTANT_APP_PACKAGE
06-12 17:21:01.274   537  2455 D PackageManager: Clear ephemeral installer activity
06-12 17:21:01.279  1095  1114 D BtGatt.GattService: stopScan() - queue size =2
06-12 17:21:01.284  1469  3300 W .gms.persistent: Long monitor contention with owner lowpool[11] (3743) at void bytb.n(byps, byps, int)(:com.google.android.gms@231818044@23.18.18 (190400-535401451):6) waiters=0 in int bytb.l(bysm, aphn) for 907ms
06-12 17:21:01.286   891   976 D EGL_emulation: app_time_stats: avg=8757.63ms min=8757.63ms max=8757.63ms count=1
06-12 17:21:01.287  1469  1469 W .gms.persistent: Long monitor contention with owner highpool[0] (1539) at java.io.InputStream android.content.res.AssetManager.openNonAsset(int, java.lang.String, int)(AssetManager.java:1027) waiters=0 in boolean android.content.res.AssetManager.isUpToDate() for 504ms
06-12 17:21:01.289  1095  1425 D BtGatt.ScanManager: handling stopping scan  [ScanClient scanModeApp 2 scanModeUsed 2 [appScanStats com.google.uid.shared:10128]]
06-12 17:21:01.289  1095  1425 D BtGatt.ScanManager: stop gattClientScanNative
06-12 17:21:01.289  1095  1425 I bt_stack: [INFO:le_scanning_manager.cc(168)] Scan in shim layer stopped
06-12 17:21:01.291  1095  1425 I bt_stack: [INFO:le_scanning_manager.cc(204)] ScanFilterParamSetup in shim layer
06-12 17:21:01.291  1095  1335 I bluetooth: packages/modules/Bluetooth/system/gd/hci/le_address_manager.cc:193 unregister_client: Client unregistered
06-12 17:21:01.291  1095  1335 I bluetooth: packages/modules/Bluetooth/system/gd/hci/le_address_manager.cc:197 unregister_client: Cancelled address rotation alarm
06-12 17:21:01.296  1095  1378 D BtGatt.GattService: onScanFilterParamsConfigured() - clientIf=2, status=0, action=0, availableSpace=0
06-12 17:21:01.296  1095  1378 D BtGatt.ScanManager: callback done for scannerId - 2 status - 0
06-12 17:21:01.296  1095  1425 I bt_stack: [INFO:le_scanning_manager.cc(204)] ScanFilterParamSetup in shim layer
06-12 17:21:01.296  1095  1378 D BtGatt.GattService: onScanFilterParamsConfigured() - clientIf=2, status=0, action=0, availableSpace=0
06-12 17:21:01.296  1095  1378 D BtGatt.ScanManager: callback done for scannerId - 2 status - 0
06-12 17:21:01.296  1095  1425 I bt_stack: [INFO:le_scanning_manager.cc(204)] ScanFilterParamSetup in shim layer
06-12 17:21:01.296  1095  1378 D BtGatt.GattService: onScanFilterParamsConfigured() - clientIf=2, status=0, action=0, availableSpace=0
06-12 17:21:01.296  1095  1378 D BtGatt.ScanManager: callback done for scannerId - 2 status - 0
06-12 17:21:01.296  1095  1425 I bt_stack: [INFO:le_scanning_manager.cc(204)] ScanFilterParamSetup in shim layer
06-12 17:21:01.296  1095  1378 D BtGatt.GattService: onScanFilterParamsConfigured() - clientIf=2, status=0, action=0, availableSpace=0
06-12 17:21:01.296  1095  1378 D BtGatt.ScanManager: callback done for scannerId - 2 status - 0
06-12 17:21:01.296  1095  1425 I bt_stack: [INFO:le_scanning_manager.cc(204)] ScanFilterParamSetup in shim layer
06-12 17:21:01.296  1095  1378 D BtGatt.GattService: onScanFilterParamsConfigured() - clientIf=2, status=0, action=0, availableSpace=0
06-12 17:21:01.296  1095  1378 D BtGatt.ScanManager: callback done for scannerId - 2 status - 0
06-12 17:21:01.297  1095  1425 D BtGatt.ScanManager: configureRegularScanParams() - queue=1
06-12 17:21:01.297  1095  1425 D BtGatt.ScanManager: configureRegularScanParams() - queue empty, scan stopped
06-12 17:21:01.301  1095  1114 D ActivityAttributionService: notifyActivityAttributionInfo UID=1002 packageName=com.google.android.bluetooth deviceAddress=no_active_device_address
06-12 17:21:01.307  1095  1114 I bt_btif : packages/modules/Bluetooth/system/btif/src/bluetooth.cc:829 get_profile_interface: get_profile_interface: id = activity_attribution
06-12 17:21:01.312   891   986 I OpenGLRenderer: Davey! duration=851ms; Flags=0, FrameTimelineVsyncId=9888, IntendedVsync=76732222177, Vsync=76732222177, InputEventId=0, HandleInputStart=76735090868, AnimationStart=76735091576, PerformTraversalsStart=76735092076, DrawStart=77425504993, FrameDeadline=76748888843, FrameInterval=76735069701, FrameStartTime=16666666, SyncQueued=77426520868, SyncStart=77427643993, IssueDrawCommandsStart=77427856201, SwapBuffers=77561034410, FrameCompleted=77584835201, DequeueBufferDuration=23875, QueueBufferDuration=13268541, GpuCompleted=77584580493, SwapBuffersCompleted=77584835201, DisplayPresentTime=0, CommandSubmissionCompleted=77561034410, 
06-12 17:21:01.339  1095  1114 D BtGatt.GattService: unregisterScanner() - scannerId=2
06-12 17:21:01.353  1125  4426 W libc    : Access denied finding property "ro.vendor.aware_available"
06-12 17:21:01.353   537  2455 I RecoverableKeyStoreMgr: Initialized secret types.
06-12 17:21:01.356  1537  4773 I AccountSeedingPrefetchI: AccountSeedingPrefetchInit intent operation started. [CONTEXT service_id=42 ]
06-12 17:21:01.360  1125  4426 D RTTSettingsCtr: init controller
06-12 17:21:01.362  1095  1114 I bt_stack: [INFO:le_scanning_manager.cc(162)] Unregister in shim layer, scanner_id:2
06-12 17:21:01.371  1469  4740 I Fitness : FitCleanupIntentOperation received Intent android.intent.action.PACKAGE_CHANGED [CONTEXT service_id=17 ]
06-12 17:21:01.376  1469  4187 I Nearby  : [MBleClient] M hardware scan: 1 clients, scanMode= OPPORTUNISTIC, filters size = 5 [CONTEXT service_id=49 ]
06-12 17:21:01.376  1469  4187 D BluetoothAdapter: isLeEnabled(): ON
06-12 17:21:01.386  1095  3566 D BtGatt.GattService: registerScanner() - UUID=3da800f0-955d-4489-b32e-c1e00dfd9e19
06-12 17:21:01.388  1095  3566 I bt_stack: [INFO:le_scanning_manager.cc(155)] RegisterScanner in shim layer
06-12 17:21:01.388  1095  1378 D BtGatt.GattService: onScannerRegistered() - UUID=3da800f0-955d-4489-b32e-c1e00dfd9e19, scannerId=2, status=0
06-12 17:21:01.388  1469  2622 D BluetoothLeScanner: onScannerRegistered() - status=0 scannerId=2 mScannerId=0
06-12 17:21:01.392  1095  3566 D BtGatt.GattService: start scan with filters
06-12 17:21:01.403  1095  3566 D BtGatt.GattService: enforcePrivilegedPermissionIfNeeded([BluetoothLeScanFilter [mDeviceName=null, mDeviceAddress=null, mUuid=null, mUuidMask=null, mServiceSolicitationUuid=null, mServiceSolicitationUuidMask=null, mServiceDataUuid=null, mServiceData=null, mServiceDataMask=null, mManufacturerId=224, mManufacturerData=[0, 0, 0], mManufacturerDataMask=[0, 0, -1], mAdvertisingDataType=-1, mAdvertisingData=null, mAdvertisingDataMask=null, mTransportBlockFilter=null], BluetoothLeScanFilter [mDeviceName=null, mDeviceAddress=null, mUuid=0000fef3-0000-1000-8000-00805f9b34fb, mUuidMask=null, mServiceSolicitationUuid=null, mServiceSolicitationUuidMask=null, mServiceDataUuid=null, mServiceData=null, mServiceDataMask=null, mManufacturerId=-1, mManufacturerData=null, mManufacturerDataMask=null, mAdvertisingDataType=-1, mAdvertisingData=null, mAdvertisingDataMask=null, mTransportBlockFilter=null], BluetoothLeScanFilter [mDeviceName=null, mDeviceAddress=null, mUuid=0000feaa-0000-1000-8000-00805f9b34fb, mUuidMask=null, mServiceSolicitationUuid=null, mServiceSolicitationUuidMask=null, mServiceDataUuid=null, mServiceData=null, mServiceDataMask=null, mManufacturerId=-1, mManufacturerData=null, mManufacturerDataMask=null, mAdvertisingDataType=-1, mAdvertisingData=null, mAdvertisingDataMask=null, mTransportBlockFilter=null], BluetoothLeScanFilter [mDeviceName=null, mDeviceAddress=null, mUuid=0000fea0-0000-1000-8000-00805f9b34fb, mUuidMask=null, mServiceSolicitationUuid=null, mServiceSolicitationUuidMask=null, mServiceDataUuid=null, mServiceData=null, mServiceDataMask=null, mManufacturerId=-1, mManufacturerData=null, mManufacturerDataMask=null, mAdvertisingDataType=-1, mAdvertisingData=null, mAdvertisingDataMask=null, mTransportBlockFilter=null], BluetoothLeScanFilter [mDeviceName=null, mDeviceAddress=null, mUuid=null, mUuidMask=null, mServiceSolicitationUuid=null, mServiceSolicitationUuidMask=null, mServiceDataUuid=null, mServiceData=null, mServiceDataMask=null, mManufacturerId=76, mManufacturerData=[2, 21], mManufacturerDataMask=[-1, -1], mAdvertisingDataType=-1, mAdvertisingData=null, mAdvertisingDataMask=null, mTransportBlockFilter=null]])
06-12 17:21:01.405  1469  1556 W Conscrypt: Could not set socket write timeout: java.net.SocketException: Socket closed
06-12 17:21:01.405  1469  1556 W Conscrypt: 	at com.google.android.gms.org.conscrypt.Platform.setSocketWriteTimeout(:com.google.android.gms@231818044@23.18.18 (190400-535401451):2)
06-12 17:21:01.405  1469  1556 W Conscrypt: 	at com.google.android.gms.org.conscrypt.ConscryptFileDescriptorSocket.setSoWriteTimeout(:com.google.android.gms@231818044@23.18.18 (190400-535401451):0)
06-12 17:21:01.409   537  1334 W system_server: Long monitor contention with owner pool-139-thread-1 (1768) at void com.android.server.content.ContentService.unregisterContentObserver(android.database.IContentObserver)(ContentService.java:413) waiters=0 in void com.android.server.content.ContentService.registerContentObserver(android.net.Uri, boolean, android.database.IContentObserver, int, int) for 203ms
06-12 17:21:01.410   537  2295 W system_server: Long monitor contention with owner pool-139-thread-1 (1768) at void com.android.server.content.ContentService.unregisterContentObserver(android.database.IContentObserver)(ContentService.java:413) waiters=1 in void com.android.server.content.ContentService.registerContentObserver(android.net.Uri, boolean, android.database.IContentObserver, int, int) for 222ms
06-12 17:21:01.421  1095  3566 D BtGatt.ScanManager: startScan()  [ScanClient scanModeApp -1 scanModeUsed -1 [appScanStats com.google.uid.shared:10128]]
06-12 17:21:01.421  1095  1425 D BtGatt.ScanManager: handling starting scan
06-12 17:21:01.421  1095  3566 D ActivityAttributionService: notifyActivityAttributionInfo UID=1002 packageName=com.google.android.bluetooth deviceAddress=no_active_device_address
06-12 17:21:01.421  1095  3566 I bt_btif : packages/modules/Bluetooth/system/btif/src/bluetooth.cc:829 get_profile_interface: get_profile_interface: id = activity_attribution
06-12 17:21:01.433  1537  4991 I GCM-GMS : Scheduling task to register GMS
06-12 17:21:01.435  1537  4990 I MobileDataHub: Scheduling periodic tasks
06-12 17:21:01.447  1537  4707 I RecoverableKeyStoreGms: [RecoverableKeyStoreGmsInitOperation] Setting vault handle
06-12 17:21:01.452  1125  4426 D CustomizableLockScreenUtils: is_custom_lock_screen_quick_affordances_feature_enabled=1
06-12 17:21:01.476  1125  4426 D CustomizableLockScreenUtils: is_custom_lock_screen_quick_affordances_feature_enabled=1
06-12 17:21:01.495  1537  1584 I GmsModuleFndr: Beginning GMS chimera module scan
06-12 17:21:01.496  1537  4015 I Checkin : [CheckinOperation] Starting Checkin: Default Task Reason : 8 Force : false UserId : 0 Start time : 77795
06-12 17:21:01.500  1125  4426 D CustomizableLockScreenUtils: is_custom_lock_screen_quick_affordances_feature_enabled=1
06-12 17:21:01.515  1125  4426 W SliceDataConverter: Get slice data from XML failed 
06-12 17:21:01.515  1125  4426 W SliceDataConverter: java.lang.IllegalStateException: Invalid preference controller: com.android.settings.network.NetworkProviderSimsCategoryController
06-12 17:21:01.515  1125  4426 W SliceDataConverter: 	at com.android.settings.core.BasePreferenceController.createInstance(BasePreferenceController.java:146)
06-12 17:21:01.515  1125  4426 W SliceDataConverter: 	at com.android.settings.slices.SliceBuilderUtils.getPreferenceController(SliceBuilderUtils.java:354)
06-12 17:21:01.515  1125  4426 W SliceDataConverter: 	at com.android.settings.slices.SliceDataConverter.getSliceDataFromXML(SliceDataConverter.java:204)
06-12 17:21:01.515  1125  4426 W SliceDataConverter: 	at com.android.settings.slices.SliceDataConverter.getSliceDataFromProvider(SliceDataConverter.java:149)
06-12 17:21:01.515  1125  4426 W SliceDataConverter: 	at com.android.settings.slices.SliceDataConverter.getSliceData(SliceDataConverter.java:119)
06-12 17:21:01.515  1125  4426 W SliceDataConverter: 	at com.android.settings.slices.SlicesIndexer.getSliceData(SlicesIndexer.java:94)
06-12 17:21:01.515  1125  4426 W SliceDataConverter: 	at com.android.settings.slices.SlicesIndexer.indexSliceData(SlicesIndexer.java:75)
06-12 17:21:01.515  1125  4426 W SliceDataConverter: 	at com.android.settings.slices.SlicesFeatureProviderImpl.indexSliceData(SlicesFeatureProviderImpl.java:63)
06-12 17:21:01.515  1125  4426 W SliceDataConverter: 	at com.android.settings.slices.SlicesDatabaseAccessor.verifyIndexing(SlicesDatabaseAccessor.java:194)
06-12 17:21:01.515  1125  4426 W SliceDataConverter: 	at com.android.settings.slices.SlicesDatabaseAccessor.getSliceUris(SlicesDatabaseAccessor.java:96)
06-12 17:21:01.515  1125  4426 W SliceDataConverter: 	at com.android.settings.slices.SettingsSliceProvider.onGetSliceDescendants(SettingsSliceProvider.java:337)
06-12 17:21:01.515  1125  4426 W SliceDataConverter: 	at androidx.slice.compat.SliceProviderWrapperContainer$SliceProviderWrapper.onGetSliceDescendants(SliceProviderWrapperContainer.java:166)
06-12 17:21:01.515  1125  4426 W SliceDataConverter: 	at android.app.slice.SliceProvider.handleGetDescendants(SliceProvider.java:425)
06-12 17:21:01.515  1125  4426 W SliceDataConverter: 	at android.app.slice.SliceProvider.call(SliceProvider.java:406)
06-12 17:21:01.515  1125  4426 W SliceDataConverter: 	at androidx.slice.compat.SliceProviderWrapperContainer$SliceProviderWrapper.call(SliceProviderWrapperContainer.java:123)
06-12 17:21:01.515  1125  4426 W SliceDataConverter: 	at android.content.ContentProvider.call(ContentProvider.java:2679)
06-12 17:21:01.515  1125  4426 W SliceDataConverter: 	at android.content.ContentProvider$Transport.call(ContentProvider.java:628)
06-12 17:21:01.515  1125  4426 W SliceDataConverter: 	at android.content.ContentProviderNative.onTransact(ContentProviderNative.java:307)
06-12 17:21:01.515  1125  4426 W SliceDataConverter: 	at android.os.Binder.execTransactInternal(Binder.java:1339)
06-12 17:21:01.515  1125  4426 W SliceDataConverter: 	at android.os.Binder.execTransact(Binder.java:1275)
06-12 17:21:01.515  1125  4426 W SliceDataConverter: Caused by: java.lang.NoSuchMethodException: com.android.settings.network.NetworkProviderSimsCategoryController.<init> [class android.content.Context, class java.lang.String]
06-12 17:21:01.515  1125  4426 W SliceDataConverter: 	at java.lang.Class.getConstructor0(Class.java:3325)
06-12 17:21:01.515  1125  4426 W SliceDataConverter: 	at java.lang.Class.getConstructor(Class.java:2485)
06-12 17:21:01.515  1125  4426 W SliceDataConverter: 	at com.android.settings.core.BasePreferenceController.createInstance(BasePreferenceController.java:141)
06-12 17:21:01.515  1125  4426 W SliceDataConverter: 	... 19 more
06-12 17:21:01.515  1125  4426 W ElapsedTimeUtils: getElapsedTime: sSuwFinishedTimeStamp is null
06-12 17:21:01.516  1537  4015 I CheckinUtil: Classify the device as Phone. [CONTEXT service_id=130 ]
06-12 17:21:01.520   537   616 W system_server: Long monitor contention with owner binder:537_1 (550) at boolean android.os.MessageQueue.enqueueMessage(android.os.Message, long)(MessageQueue.java:600) waiters=0 in android.os.Message android.os.MessageQueue.next() for 636ms
06-12 17:21:01.520   537   555 W system_server: Long monitor contention with owner binder:537_1 (550) at boolean android.os.MessageQueue.enqueueMessage(android.os.Message, long)(MessageQueue.java:600) waiters=1 in boolean android.os.MessageQueue.enqueueMessage(android.os.Message, long) for 624ms
06-12 17:21:01.520   537   555 W Looper  : Slow dispatch took 627ms android.ui h=com.android.server.am.ActivityManagerService$UiHandler c=com.android.server.am.UidObserverController$$ExternalSyntheticLambda0@f8f8950 m=0
06-12 17:21:01.521   537   555 W Looper  : Slow delivery took 624ms android.ui h=com.android.server.am.ActivityManagerService$UiHandler c=com.android.server.am.UidObserverController$$ExternalSyntheticLambda0@f8f8950 m=0
06-12 17:21:01.524  1537  1584 I ModuleSetMgr: Computing pending module set with APKs: [[AdsFdrDynamite.integ:231004600100000], [Cronetdynamite:231818190400], [Dynamiteloader:231818190000], [Dynamitemodulesa:231818190000], [Dynamitemodulesc:231818190000], [Googlecertificates:231818190000], [Mapsdynamite:231818190000], [Measurementdynamite:231818190000]]
06-12 17:21:01.536   537  1334 I RecoverableKeyStoreMgr: Initialized server params.
06-12 17:21:01.575  1537  4990 W MobileDataHub: [Service] appsupload-periodic periodic task disabled
06-12 17:21:01.579  1469  2764 W Conscrypt: Could not set socket write timeout: java.net.SocketException: Socket closed
06-12 17:21:01.579  1537  1584 I ModuleSetMgr: Download of container feature antifingerprinting is disabled.
06-12 17:21:01.579  1537  1584 I ModuleSetMgr: Download of container feature appsearch_dynamite_impl is disabled.
06-12 17:21:01.579  1537  1584 I ModuleSetMgr: Download of container feature brella_dynamite is disabled.
06-12 17:21:01.579  1537  1584 I ModuleSetMgr: Download of container feature cameraconnectivity_impl is disabled.
06-12 17:21:01.579  1537  1584 I ModuleSetMgr: Download of container feature dck_management is disabled.
06-12 17:21:01.579  1537  1584 I ModuleSetMgr: Download of container feature easyunlock is disabled.
06-12 17:21:01.579  1537  1584 I ModuleSetMgr: Download of container feature enterprise is disabled.
06-12 17:21:01.580  1537  1584 I ModuleSetMgr: Download of container feature enterprise_zt_mp_complete is disabled.
06-12 17:21:01.580  1537  1584 I ModuleSetMgr: Download of container feature fast_pair is disabled.
06-12 17:21:01.580  1537  1584 I ModuleSetMgr: Download of container feature game_platform is disabled.
06-12 17:21:01.580  1537  1584 I ModuleSetMgr: Download of container feature games is disabled.
06-12 17:21:01.580  1537  1584 I ModuleSetMgr: Download of container feature growth_upgradeparty is disabled.
06-12 17:21:01.580  1537  1584 I ModuleSetMgr: Download of container feature tflite_dynamite is disabled.
06-12 17:21:01.580  1537  1584 I ModuleSetMgr: Download of container feature homegraph is disabled.
06-12 17:21:01.580  1537  1584 I ModuleSetMgr: Download of container feature magictether is disabled.
06-12 17:21:01.580  1537  1584 I ModuleSetMgr: Download of container feature maps_core is disabled.
06-12 17:21:01.580  1537  1584 I ModuleSetMgr: Download of container feature mlkit.docscan.crop is disabled.
06-12 17:21:01.580  1469  2764 W Conscrypt: 	at com.google.android.gms.org.conscrypt.Platform.setSocketWriteTimeout(:com.google.android.gms@231818044@23.18.18 (190400-535401451):2)
06-12 17:21:01.580  1537  1584 I ModuleSetMgr: Download of container feature mlkit.docscan.enhance is disabled.
06-12 17:21:01.580  1537  1584 I ModuleSetMgr: Download of container feature multipackage_debug is disabled.
06-12 17:21:01.581  1469  2764 W Conscrypt: 	at com.google.android.gms.org.conscrypt.ConscryptFileDescriptorSocket.setSoWriteTimeout(:com.google.android.gms@231818044@23.18.18 (190400-535401451):0)
06-12 17:21:01.582  1537  1584 I ModuleSetMgr: Download of container feature payse is disabled.
06-12 17:21:01.582  1537  1584 I ModuleSetMgr: Download of container feature permissions_debug is disabled.
06-12 17:21:01.582  1537  1584 I ModuleSetMgr: Download of container feature play_cloud_search is disabled.
06-12 17:21:01.582  1537  1584 I ModuleSetMgr: Download of container feature semanticlocation_debug is disabled.
06-12 17:21:01.582  1537  1584 I ModuleSetMgr: Download of container feature tflite_delegate_edgetpu is disabled.
06-12 17:21:01.582  1537  1584 I ModuleSetMgr: Download of container feature tflite_delegate_test is disabled.
06-12 17:21:01.582  1537  1584 I ModuleSetMgr: Download of container feature tflite_gpu_dynamite is disabled.
06-12 17:21:01.582  1537  1584 I ModuleSetMgr: Download of container feature userstatus_impl is disabled.
06-12 17:21:01.582  1537  1584 I ModuleSetMgr: Download of container feature usonia_iam is disabled.
06-12 17:21:01.582  1537  1584 I ModuleSetMgr: Download of container feature vision.face is disabled.
06-12 17:21:01.582  1537  1584 I ModuleSetMgr: Download of container feature vision.ica is disabled.
06-12 17:21:01.582  1537  1584 I ModuleSetMgr: Download of container feature vision.ocr is disabled.
06-12 17:21:01.584  1537  1584 I ModuleSetMgr: Pending container module APKs: []
06-12 17:21:01.584  1537  1584 I ModuleSetMgr: Pending non-container module APKs: []
06-12 17:21:01.589  1469  3475 W Conscrypt: Could not set socket write timeout: java.net.SocketException: Socket closed
06-12 17:21:01.590  1469  3475 W Conscrypt: 	at com.google.android.gms.org.conscrypt.Platform.setSocketWriteTimeout(:com.google.android.gms@231818044@23.18.18 (190400-535401451):2)
06-12 17:21:01.590  1469  3475 W Conscrypt: 	at com.google.android.gms.org.conscrypt.ConscryptFileDescriptorSocket.setSoWriteTimeout(:com.google.android.gms@231818044@23.18.18 (190400-535401451):0)
06-12 17:21:01.601   537  1334 E RecoverySnapshotStorage: Error reading snapshot for 10128 from disk
06-12 17:21:01.601   537  1334 E RecoverySnapshotStorage: java.io.FileNotFoundException: /data/system/recoverablekeystore/snapshots/10128.xml: open failed: ENOENT (No such file or directory)
06-12 17:21:01.601   537  1334 E RecoverySnapshotStorage: 	at libcore.io.IoBridge.open(IoBridge.java:574)
06-12 17:21:01.601   537  1334 E RecoverySnapshotStorage: 	at java.io.FileInputStream.<init>(FileInputStream.java:160)
06-12 17:21:01.601   537  1334 E RecoverySnapshotStorage: 	at com.android.server.locksettings.recoverablekeystore.storage.RecoverySnapshotStorage.readFromDisk(RecoverySnapshotStorage.java:152)
06-12 17:21:01.601   537  1334 E RecoverySnapshotStorage: 	at com.android.server.locksettings.recoverablekeystore.storage.RecoverySnapshotStorage.get(RecoverySnapshotStorage.java:104)
06-12 17:21:01.601   537  1334 E RecoverySnapshotStorage: 	at com.android.server.locksettings.recoverablekeystore.RecoverableKeyStoreManager.getKeyChainSnapshot(RecoverableKeyStoreManager.java:369)
06-12 17:21:01.601   537  1334 E RecoverySnapshotStorage: 	at com.android.server.locksettings.LockSettingsService.getKeyChainSnapshot(LockSettingsService.java:2494)
06-12 17:21:01.601   537  1334 E RecoverySnapshotStorage: 	at com.android.internal.widget.ILockSettings$Stub.onTransact(ILockSettings.java:838)
06-12 17:21:01.601   537  1334 E RecoverySnapshotStorage: 	at android.os.Binder.execTransactInternal(Binder.java:1339)
06-12 17:21:01.601   537  1334 E RecoverySnapshotStorage: 	at android.os.Binder.execTransact(Binder.java:1275)
