06-12 17:21:15.113  1869  3285 I A       : (REDACTED) Adding from config to map. Locale: %s modelPrefix: %s Location:%s isSpeakerIdSupported: %b
06-12 17:21:15.113  1869  3285 I A       : (REDACTED) Adding from config to map. Locale: %s modelPrefix: %s Location:%s isSpeakerIdSupported: %b
06-12 17:21:15.113  1869  3285 I A       : (REDACTED) Skipping. Expected model: %s Found: %s
06-12 17:21:15.113  1869  3285 I A       : (REDACTED) Adding from config to map. Locale: %s modelPrefix: %s Location:%s isSpeakerIdSupported: %b
06-12 17:21:15.120  1537  4827 I Icing   : IndexChimeraService.getServiceInterface callingPackage=com.google.android.googlequicksearchbox componentName=agsa_icing_connection serviceId=32
06-12 17:21:15.121  1537  4032 I Icing   : IndexChimeraService.getServiceInterface callingPackage=com.google.android.googlequicksearchbox componentName=agsa_icing_connection serviceId=33
06-12 17:21:15.121  1869  3285 I A       : getLocaleToModelSpecsMap
06-12 17:21:15.121  1869  3285 I A       : getLocaleToModelSpecsMap
06-12 17:21:15.122  1869  3285 I A       : getLocaleToModelSpecsMap
06-12 17:21:15.122  1869  3285 I A       : getLocaleToModelSpecsMap
06-12 17:21:15.122  1869  3285 I A       : (REDACTED) Adding from config to map. Locale: %s modelPrefix: %s Location:%s isSpeakerIdSupported: %b
06-12 17:21:15.122  1869  3285 I A       : (REDACTED) Adding from config to map. Locale: %s modelPrefix: %s Location:%s isSpeakerIdSupported: %b
06-12 17:21:15.123  1869  3285 I A       : (REDACTED) Adding from config to map. Locale: %s modelPrefix: %s Location:%s isSpeakerIdSupported: %b
06-12 17:21:15.123  1869  3285 I A       : (REDACTED) Skipping. Expected model: %s Found: %s
06-12 17:21:15.123  1869  3285 I A       : (REDACTED) Adding from config to map. Locale: %s modelPrefix: %s Location:%s isSpeakerIdSupported: %b
06-12 17:21:15.124  1869  2339 I HotwordModelPopulator: (REDACTED) Updated file group for locale '%s' from location: %s. Download pending.
06-12 17:21:15.128  1869  2340 I HotwordModelPopulator: (REDACTED) Updated file group for locale '%s' from location: %s. Download pending.
06-12 17:21:15.128  1869  2340 I HotwordModelPopulator: (REDACTED) Updated file group for locale '%s' from location: %s. Download pending.
06-12 17:21:15.177  1537  3814 W Icing   : No valid account for uploading user actions
06-12 17:21:15.180   537  2337 I ActivityManager: Background started FGS: Allowed [callingPackage: com.google.android.googlequicksearchbox; callingUid: 10132; uidState: BTOP; uidBFSL: [BFSL]; intent: Intent { cmp=com.google.android.googlequicksearchbox/com.google.android.libraries.mdi.download.foreground.sting.ForegroundDownloadService (has extras) }; code:ACTIVITY_STARTER; tempAllowListReason:<null>; targetSdkVersion:33; callerTargetSdkVersion:33; startForegroundCount:0; bindFromPackage:null: isBindService:false]
06-12 17:21:15.187   537  2351 D CompatibilityChangeReporter: Compat change id reported: 170668199; UID 10132; state: ENABLED
06-12 17:21:15.189   537  2351 D CompatibilityChangeReporter: Compat change id reported: 255038118; UID 10132; state: DISABLED
06-12 17:21:15.191   537  2351 D CompatibilityChangeReporter: Compat change id reported: 255042465; UID 10132; state: DISABLED
06-12 17:21:15.209  1537  1537 D BoundBrokerSvc: onBind: Intent { act=com.google.android.gms.feedback.internal.IFeedbackService dat=chimera-action:/... cmp=com.google.android.gms/.chimera.GmsBoundBrokerService }
06-12 17:21:15.209  1537  1537 D BoundBrokerSvc: Loading bound service for intent: Intent { act=com.google.android.gms.feedback.internal.IFeedbackService dat=chimera-action:/... cmp=com.google.android.gms/.chimera.GmsBoundBrokerService }
06-12 17:21:15.227  1125  4426 W ElapsedTimeUtils: getElapsedTime: sSuwFinishedTimeStamp is null
06-12 17:21:15.228  1125  4474 D SettingsSliceProvider: content://com.android.settings.slices/action/hardware_info_device_model loaded from cache
06-12 17:21:15.229  1125  1387 D SliceBuilder: Creating slice for: com.android.settings.deviceinfo.hardwareinfo.DeviceModelPreferenceController
06-12 17:21:15.238  1869  3286 D u       : Starting download: https://www.gstatic.com/android-search/hotword/x_google/975058821313279e27b2c3f04de0beef/hotword.data
06-12 17:21:15.238  1869  3286 V u       : Is http uri, downloading (uri: https://www.gstatic.com/android-search/hotword/x_google/975058821313279e27b2c3f04de0beef/hotword.data)
06-12 17:21:15.271   349   402 I netd    : tetherGetStats() -> {[]} <7.86ms>
06-12 17:21:15.273  1966  3524 I HttpGrpcBindableService: [pfd-write] DOWNLOAD COMPLETE: Downloaded 335528 bytes from URL [https://gstatic.com/matchmaker/tclib_models/langid/v1/tc_model_436dc3fd14049b93d75788a8c0cc8eea.zip].
06-12 17:21:15.274  1714  2243 I AstreaHttpConnection: Download completed for url [https://gstatic.com/matchmaker/tclib_models/langid/v1/tc_model_436dc3fd14049b93d75788a8c0cc8eea.zip].
06-12 17:21:15.277  1714  1970 I SP.AiAi : <==== Finishing job {W:b:u:l, bg}, 15393 ms. elapsed since start
06-12 17:21:15.277  1714  1970 I SP.AiAi : Download stopped: text-classifier-langid:tc_model_436dc3fd14049b93d75788a8c0cc8eea, succeeded, size: 335528
06-12 17:21:15.280  1537  4827 I Icing   : IndexChimeraService.getServiceInterface callingPackage=com.google.android.gms componentName=null serviceId=30
06-12 17:21:15.286   349   402 I netd    : bandwidthSetGlobalAlert(2097152) <0.16ms>
06-12 17:21:15.289  1125  1387 W ElapsedTimeUtils: getElapsedTime: sSuwFinishedTimeStamp is null
06-12 17:21:15.292  1125  3351 D SettingsSliceProvider: content://com.android.settings.slices/action/screen_magnification_gestures_preference_screen loaded from cache
06-12 17:21:15.292  1125  4426 D SliceBuilder: Creating slice for: com.android.settings.accessibility.MagnificationGesturesPreferenceController
06-12 17:21:15.310  1537  3814 I Icing   : Usage reports ok 0, Failed Usage reports 0, indexed 0, rejected 0
06-12 17:21:15.312  1537  3814 W Icing   : No valid account for uploading user actions
06-12 17:21:15.318  1714  1970 I SP.AiAi : Scheduling job with delay of 0s for {W:b:I:l, bg}, 1 candidates
06-12 17:21:15.321  1537  3814 I Icing   : Usage reports ok 0, Failed Usage reports 0, indexed 0, rejected 0
06-12 17:21:15.324  1537  3814 W Icing   : No valid account for uploading user actions
06-12 17:21:15.330  1537  3814 I Icing   : Usage reports ok 0, Failed Usage reports 0, indexed 0, rejected 0
06-12 17:21:15.341  1714  1970 I SP.AiAi : Scheduling: download stopped, 0 started, 0 paused, 1 scheduled, 1 pending: manifests:spelling_correction-22110320 * {W:b:I:l, bg}
06-12 17:21:15.373  1125  4426 W ElapsedTimeUtils: getElapsedTime: sSuwFinishedTimeStamp is null
06-12 17:21:15.375  1125  4522 D SettingsSliceProvider: content://com.android.settings.slices/action/media_volume loaded from cache
06-12 17:21:15.377  1125  1387 D SliceBuilder: Creating slice for: com.android.settings.notification.MediaVolumePreferenceController
06-12 17:21:15.410  1125  1387 D MediaVolumePreCtrl: The slice doesn't support end item
06-12 17:21:15.428  1125  1387 W ElapsedTimeUtils: getElapsedTime: sSuwFinishedTimeStamp is null
06-12 17:21:15.429  1125  4437 D SettingsSliceProvider: content://com.android.settings.slices/action/call_volume loaded from cache
06-12 17:21:15.433  1125  4426 D VolumeSliceHelper: Unregistering uri broadcast relay: content://com.android.settings.slices/action/media_volume
06-12 17:21:15.434  1125  1125 D SettingsSliceProvider: Stopping background worker for: content://com.android.settings.slices/action/media_volume
06-12 17:21:15.437  1125  1387 D SliceBuilder: Creating slice for: com.android.settings.notification.CallVolumePreferenceController
06-12 17:21:15.505  1714  1940 I SP.AiAi : Sync for text-classifier-langid succeeded in 4129 ms: {added: [tc_model_436dc3fd14049b93d75788a8c0cc8eea], metadata: false
06-12 17:21:15.555   537   537 D FlashNotifController: requestStartFlashNotification
06-12 17:21:15.555   537   537 I FlashNotifController: startFlashNotification: type=1, tag=android
06-12 17:21:15.555   537   537 D FlashNotifController: Flash notification is disabled
06-12 17:21:15.558  1125  1387 D SliceBuilder: Creating slice for: com.android.settings.notification.CallVolumePreferenceController
06-12 17:21:15.572  1125  1387 W ElapsedTimeUtils: getElapsedTime: sSuwFinishedTimeStamp is null
06-12 17:21:15.575  1125  4426 D SliceBuilder: Creating slice for: com.android.settings.notification.SeparateRingVolumePreferenceController
06-12 17:21:15.575  1125  4474 D SettingsSliceProvider: content://com.android.settings.slices/action/separate_ring_volume loaded from cache
06-12 17:21:15.578  1125  5013 D VolumeSliceHelper: Unregistering uri broadcast relay: content://com.android.settings.slices/action/call_volume
06-12 17:21:15.583  1125  5013 D VolumeSliceHelper: Unregistering uri broadcast relay: content://com.android.settings.slices/action/separate_ring_volume
06-12 17:21:15.586  1125  3351 D SlicesIndexer: Slices already indexed - returning.
06-12 17:21:15.587  1125  4426 D SliceBuilder: Creating slice for: com.android.settings.notification.NotificationVolumePreferenceController
06-12 17:21:15.588  1125  5013 W ElapsedTimeUtils: getElapsedTime: sSuwFinishedTimeStamp is null
06-12 17:21:15.588  1125  5013 W ElapsedTimeUtils: getElapsedTime: sSuwFinishedTimeStamp is null
06-12 17:21:15.592  1125  4522 D SlicesIndexer: Slices already indexed - returning.
06-12 17:21:15.593  1125  4437 D SettingsSliceProvider: content://com.android.settings.slices/action/notification_volume loaded from cache
06-12 17:21:15.595  1125  5013 D SliceBuilder: Creating slice for: com.android.settings.notification.NotificationVolumePreferenceController
06-12 17:21:15.597  1125  4426 D VolumeSliceHelper: Unregistering uri broadcast relay: content://com.android.settings.slices/action/notification_volume
06-12 17:21:15.597   537   537 W NotificationHistory: Attempted to add notif for locked/gone/disabled user 0
06-12 17:21:15.597  1125  4522 D VolumeSliceHelper: Registering uri for broadcast relay: content://com.android.settings.slices/action/separate_ring_volume
06-12 17:21:15.597   537   537 W Looper  : Slow dispatch took 223ms main h=com.android.server.notification.NotificationManagerService$WorkerHandler c=com.android.server.notification.NotificationManagerService$PostNotificationRunnable@cef71e0 m=0
06-12 17:21:15.598  1125  3351 D VolumeSliceHelper: Registering uri for broadcast relay: content://com.android.settings.slices/action/separate_ring_volume
06-12 17:21:15.601  1714  1940 I SP.AiAi : GC for 'text-classifier-langid' (10) with ttl of 0 ms took 0 ms (0/0/0)
06-12 17:21:15.602  1714  1940 I AiAiNowPlaying: Superpacks changed. Refreshing FA controller
06-12 17:21:15.603  1125  3351 D SettingsSliceProvider: Built slice (content://com.android.settings.slices/action/separate_ring_volume) in: 17
06-12 17:21:15.603  1125  4522 D SettingsSliceProvider: Built slice (content://com.android.settings.slices/action/separate_ring_volume) in: 15
06-12 17:21:15.604  1714  3807 I AiAiTextClassifier: [ResourceDownloaderImpl]: downloadResource(): Successfully downloaded superpack 'text-classifier-langid', download version 1941001461.
06-12 17:21:15.605  1714  1956 I AiAiTextClassifier: [TcLibModelManagerImpl]: downloadNewModelRecursively: packSet downloaded successfully: https://gstatic.com/matchmaker/tclib_models/langid/v1/superpacks_manifest.zip
06-12 17:21:15.612  1714  1953 W AiAiEcho: LyftNotificationParser Ridesharing ETA not enabled
06-12 17:21:15.612  1714  1953 W AiAiEcho: SmartspaceNotificationPredictor no parser can handle this notification or notification is invalid
06-12 17:21:15.622  1125  4426 W ElapsedTimeUtils: getElapsedTime: sSuwFinishedTimeStamp is null
06-12 17:21:15.623  1714  1956 I AiAiTextClassifier: [TcLibModelManagerImpl]: updateModelsInTextClassifierLib: Done executing updateModels() from path: /data/user/0/com.google.android.as/files/superpacks/text-classifier-langid/tc_model_436dc3fd14049b93d75788a8c0cc8eea/model.smfb.
06-12 17:21:15.623  1125  4474 D SettingsSliceProvider: content://com.android.settings.slices/action/alarm_volume loaded from cache
06-12 17:21:15.623   537   546 I system_server: Background young concurrent copying GC freed 1070900(23MB) AllocSpace objects, 0(0B) LOS objects, 47% free, 25MB/49MB, paused 6.086ms,42us total 64.269ms
06-12 17:21:15.626  1125  4426 D SliceBuilder: Creating slice for: com.android.settings.notification.AlarmVolumePreferenceController
06-12 17:21:15.637  1125  4426 D VolumeSliceHelper: Unregistering uri broadcast relay: content://com.android.settings.slices/action/alarm_volume
06-12 17:21:15.692   447  2723 D NuPlayerDriver: NuPlayerDriver(0xb400007d67d05690) created, clientPid(891)
06-12 17:21:15.696   153   153 I hwservicemanager: getTransport: Cannot find entry android.hardware.media.omx@1.0::IOmx/default in either framework or device VINTF manifest.
06-12 17:21:15.696   447  2723 D MediaPlayerService: OMX service is not available
06-12 17:21:15.711  1125  4426 W ElapsedTimeUtils: getElapsedTime: sSuwFinishedTimeStamp is null
06-12 17:21:15.711  1125  4437 D SettingsSliceProvider: content://com.android.settings.slices/action/os_firmware_version loaded from cache
06-12 17:21:15.712  1125  5013 D SliceBuilder: Creating slice for: com.android.settings.deviceinfo.firmwareversion.FirmwareVersionDetailPreferenceController
06-12 17:21:15.747   891   976 D EGL_emulation: app_time_stats: avg=7578.60ms min=7578.60ms max=7578.60ms count=1
06-12 17:21:15.804   447  5161 D GenericSource: FileSource remote
06-12 17:21:15.835   891   973 D LocalImageResolver: Couldn't use ImageDecoder for drawable, falling back to non-resized load.
06-12 17:21:15.844   891   973 D LocalImageResolver: Couldn't use ImageDecoder for drawable, falling back to non-resized load.
06-12 17:21:15.885   537  2351 I MediaFocusControl: requestAudioFocus() from uid/pid 10169/891 AA=USAGE_NOTIFICATION/CONTENT_TYPE_SONIFICATION clientId=android.media.AudioManager@83984a1 callingPack=com.android.systemui req=3 flags=0x0 sdk=34
06-12 17:21:15.891   537  2351 I AudioService.FadeOutManager: unfadeOutUid() uid:10169
06-12 17:21:15.987   537   587 I AppsFilter: interaction: PackageSetting{8823966 com.dazong.sorterpda/10192} -> PackageSetting{337ff6a com.google.android.googlequicksearchbox/10132} BLOCKED
06-12 17:21:15.987   537   587 I AppsFilter: interaction: PackageSetting{7d3b4a7 com.dazong.driver/10193} -> PackageSetting{337ff6a com.google.android.googlequicksearchbox/10132} BLOCKED
06-12 17:21:16.129  1125  5013 W ElapsedTimeUtils: getElapsedTime: sSuwFinishedTimeStamp is null
06-12 17:21:16.130  1125  3351 D SettingsSliceProvider: content://android.settings.slices/action/airplane_mode loaded from cache
06-12 17:21:16.132  1125  4426 D SliceBuilder: Creating slice for: com.android.settings.network.AirplaneModePreferenceController
06-12 17:21:16.160  1125  5013 W ElapsedTimeUtils: getElapsedTime: sSuwFinishedTimeStamp is null
06-12 17:21:16.160  1125  4522 D SettingsSliceProvider: content://android.settings.slices/action/battery_saver loaded from cache
06-12 17:21:16.162  1125  4426 D SliceBuilder: Creating slice for: com.android.settings.fuelgauge.batterysaver.BatterySaverButtonPreferenceController
06-12 17:21:16.166  1125  5013 W ElapsedTimeUtils: getElapsedTime: sSuwFinishedTimeStamp is null
06-12 17:21:16.167  1125  4474 D SlicesIndexer: Slices already indexed - returning.
06-12 17:21:16.168  1125  4437 D SettingsSliceProvider: content://android.settings.slices/action/airplane_mode loaded from cache
06-12 17:21:16.168  1125  4474 D SettingsSliceProvider: Built slice (content://android.settings.slices/action/airplane_mode) in: 1
06-12 17:21:16.169  1125  4426 D SliceBuilder: Creating slice for: com.android.settings.fuelgauge.batterysaver.BatterySaverButtonPreferenceController
06-12 17:21:16.193  1125  4426 W ElapsedTimeUtils: getElapsedTime: sSuwFinishedTimeStamp is null
06-12 17:21:16.194  1125  3351 D SlicesIndexer: Slices already indexed - returning.
06-12 17:21:16.196  1125  3351 D SettingsSliceProvider: Built slice (content://android.settings.slices/action/battery_saver) in: 2
06-12 17:21:16.344  4345  4358 W gs.intelligence: Cleared Reference was only reachable from finalizer (only reported once)
06-12 17:21:16.406   447  5158 I GenericSource: start
06-12 17:21:16.425   447  5166 D CCodec  : allocate(c2.android.vorbis.decoder)
06-12 17:21:16.428   447  5166 I CCodec  : setting up 'default' as default (vendor) store
06-12 17:21:16.442   891   891 D MediaRouter: onRestoreRoute() : route=RouteInfo{ name=Phone, description=null, status=null, category=RouteCategory{ name=System types=ROUTE_TYPE_LIVE_AUDIO ROUTE_TYPE_LIVE_VIDEO  groupable=false }, supportedTypes=ROUTE_TYPE_LIVE_AUDIO ROUTE_TYPE_LIVE_VIDEO , presentationDisplay=null }
06-12 17:21:16.442   891   891 V MediaRouter: Selecting route: RouteInfo{ name=Phone, description=null, status=null, category=RouteCategory{ name=System types=ROUTE_TYPE_LIVE_AUDIO ROUTE_TYPE_LIVE_VIDEO  groupable=false }, supportedTypes=ROUTE_TYPE_LIVE_AUDIO ROUTE_TYPE_LIVE_VIDEO , presentationDisplay=null }
06-12 17:21:16.451   447  5166 I CCodec  : Created component [c2.android.vorbis.decoder]
06-12 17:21:16.452   447  5166 D CCodecConfig: read media type: audio/vorbis
06-12 17:21:16.452   447  5166 D ReflectedParamUpdater: extent() != 1 for single value type: algo.buffers.max-count.values
06-12 17:21:16.452   447  5166 D ReflectedParamUpdater: extent() != 1 for single value type: output.subscribed-indices.values
06-12 17:21:16.452   447  5166 D ReflectedParamUpdater: extent() != 1 for single value type: input.buffers.allocator-ids.values
06-12 17:21:16.452   447  5166 D ReflectedParamUpdater: extent() != 1 for single value type: output.buffers.allocator-ids.values
06-12 17:21:16.452   447  5166 D ReflectedParamUpdater: extent() != 1 for single value type: algo.buffers.allocator-ids.values
06-12 17:21:16.452   447  5166 D ReflectedParamUpdater: extent() != 1 for single value type: output.buffers.pool-ids.values
06-12 17:21:16.452   447  5166 D ReflectedParamUpdater: extent() != 1 for single value type: algo.buffers.pool-ids.values
06-12 17:21:16.454   447  5166 I CCodecConfig: query failed after returning 7 values (BAD_INDEX)
06-12 17:21:16.454   447  5166 D CCodecConfig: c2 config diff is Dict {
06-12 17:21:16.454   447  5166 D CCodecConfig:   c2::u32 coded.bitrate.value = 64000
06-12 17:21:16.454   447  5166 D CCodecConfig:   c2::u32 input.buffers.max-size.value = 32768
06-12 17:21:16.454   447  5166 D CCodecConfig:   c2::u32 input.delay.value = 0
06-12 17:21:16.454   447  5166 D CCodecConfig:   string input.media-type.value = "audio/vorbis"
06-12 17:21:16.454   447  5166 D CCodecConfig:   string output.media-type.value = "audio/raw"
06-12 17:21:16.454   447  5166 D CCodecConfig:   c2::u32 raw.channel-count.value = 1
06-12 17:21:16.454   447  5166 D CCodecConfig:   c2::u32 raw.sample-rate.value = 48000
06-12 17:21:16.454   447  5166 D CCodecConfig: }
06-12 17:21:16.457   447  5166 D MediaCodec: flushMediametrics
06-12 17:21:16.457   447  5166 D CCodec  : [c2.android.vorbis.decoder] buffers are bound to CCodec for this session
06-12 17:21:16.457   447  5166 D CCodecConfig: no c2 equivalents for durationUs
06-12 17:21:16.457   447  5166 D CCodecConfig: no c2 equivalents for csd-1
06-12 17:21:16.457   447  5166 D CCodecConfig: no c2 equivalents for flags
06-12 17:21:16.457   447  5166 D CCodecConfig: c2 config diff is   c2::u32 coded.bitrate.value = 70000
06-12 17:21:16.458   447  5166 W Codec2Client: query -- param skipped: index = 1107298332.
06-12 17:21:16.458   447  5166 D CCodec  : encoding statistics level = 0
06-12 17:21:16.458   447  5166 D CCodec  : setup formats input: AMessage(what = 0x00000000) = {
06-12 17:21:16.458   447  5166 D CCodec  :   int32_t bitrate = 70000
06-12 17:21:16.458   447  5166 D CCodec  :   int32_t channel-count = 1
06-12 17:21:16.458   447  5166 D CCodec  :   int32_t max-input-size = 32768
06-12 17:21:16.458   447  5166 D CCodec  :   string mime = "audio/vorbis"
06-12 17:21:16.458   447  5166 D CCodec  :   int32_t sample-rate = 48000
06-12 17:21:16.458   447  5166 D CCodec  : }
06-12 17:21:16.458   447  5166 D CCodec  : setup formats output: AMessage(what = 0x00000000) = {
06-12 17:21:16.458   447  5166 D CCodec  :   int32_t channel-count = 1
06-12 17:21:16.458   447  5166 D CCodec  :   string mime = "audio/raw"
06-12 17:21:16.458   447  5166 D CCodec  :   int32_t sample-rate = 48000
06-12 17:21:16.458   447  5166 D CCodec  :   int32_t channel-mask = 1
06-12 17:21:16.458   447  5166 D CCodec  :   int32_t android._config-pcm-encoding = 2
06-12 17:21:16.458   447  5166 D CCodec  : }
06-12 17:21:16.458   447  5166 I CCodecConfig: query failed after returning 7 values (BAD_INDEX)
06-12 17:21:16.459   447  5166 I MediaCodec: MediaCodec will operate in async mode
06-12 17:21:16.459   447  5165 D MediaCodec: keep callback message for reclaim
06-12 17:21:16.460   447  5166 W Codec2Client: query -- param skipped: index = 1342179345.
06-12 17:21:16.460   447  5166 W Codec2Client: query -- param skipped: index = 2415921170.
06-12 17:21:16.461   447  5166 D C2Store : Using DMABUF Heaps
06-12 17:21:16.464   447  5166 D CCodecBufferChannel: [c2.android.vorbis.decoder#583] Created input block pool with allocatorID 16 => poolID 17 - OK (0)
06-12 17:21:16.469   537   638 D BufferPoolAccessor2.0: bufferpool2 0xb4000079618e15e8 : 0(0 size) total buffers - 0(0 size) used buffers - 0/7 (recycle/alloc) - 6/18 (fetch/transfer)
06-12 17:21:16.469   537   638 D BufferPoolAccessor2.0: Destruction - bufferpool2 0xb4000079618e15e8 cached: 0/0M, 0/0% in use; allocs: 7, 0% recycled; transfers: 18, 67% unfetched
06-12 17:21:16.469   537   966 D BufferPoolAccessor2.0: bufferpool2 0xb4000079618df7d8 : 0(0 size) total buffers - 0(0 size) used buffers - 2/7 (recycle/alloc) - 5/24 (fetch/transfer)
06-12 17:21:16.469   537   966 D BufferPoolAccessor2.0: Destruction - bufferpool2 0xb4000079618df7d8 cached: 0/0M, 0/0% in use; allocs: 7, 29% recycled; transfers: 24, 79% unfetched
06-12 17:21:16.470   891  1266 D BufferPoolAccessor2.0: bufferpool2 0xb4000079618ab068 : 0(0 size) total buffers - 0(0 size) used buffers - 1/7 (recycle/alloc) - 10/36 (fetch/transfer)
06-12 17:21:16.470   891  1266 D BufferPoolAccessor2.0: Destruction - bufferpool2 0xb4000079618ab068 cached: 0/0M, 0/0% in use; allocs: 7, 14% recycled; transfers: 36, 72% unfetched
06-12 17:21:16.470   447  5166 I CCodecBufferChannel: [c2.android.vorbis.decoder#583] Created output block pool with allocatorID 16 => poolID 26 - OK
06-12 17:21:16.470   447  5166 D CCodecBufferChannel: [c2.android.vorbis.decoder#583] Configured output block pool ids 26 => OK
06-12 17:21:16.470   537   965 D BufferPoolAccessor2.0: bufferpool2 0xb4000079618e7708 : 0(0 size) total buffers - 0(0 size) used buffers - 2/7 (recycle/alloc) - 5/24 (fetch/transfer)
06-12 17:21:16.470   537   965 D BufferPoolAccessor2.0: Destruction - bufferpool2 0xb4000079618e7708 cached: 0/0M, 0/0% in use; allocs: 7, 29% recycled; transfers: 24, 79% unfetched
06-12 17:21:16.470   891  1266 D BufferPoolAccessor2.0: bufferpool2 0xb4000079618ad568 : 0(0 size) total buffers - 0(0 size) used buffers - 1/7 (recycle/alloc) - 6/38 (fetch/transfer)
06-12 17:21:16.470   891  1266 D BufferPoolAccessor2.0: Destruction - bufferpool2 0xb4000079618ad568 cached: 0/0M, 0/0% in use; allocs: 7, 14% recycled; transfers: 38, 84% unfetched
06-12 17:21:16.470   537   969 D BufferPoolAccessor2.0: bufferpool2 0xb4000079618e0368 : 0(0 size) total buffers - 0(0 size) used buffers - 1/7 (recycle/alloc) - 7/26 (fetch/transfer)
06-12 17:21:16.470   537   966 D BufferPoolAccessor2.0: Destruction - bufferpool2 0xb4000079618e0368 cached: 0/0M, 0/0% in use; allocs: 7, 14% recycled; transfers: 26, 73% unfetched
06-12 17:21:16.470   891  1266 D BufferPoolAccessor2.0: bufferpool2 0xb4000079618adea8 : 0(0 size) total buffers - 0(0 size) used buffers - 1/7 (recycle/alloc) - 6/18 (fetch/transfer)
06-12 17:21:16.470   891  1266 D BufferPoolAccessor2.0: Destruction - bufferpool2 0xb4000079618adea8 cached: 0/0M, 0/0% in use; allocs: 7, 14% recycled; transfers: 18, 67% unfetched
06-12 17:21:16.471   447  5166 I DMABUFHEAPS: Using DMA-BUF heap named: system
06-12 17:21:16.471   537   966 D BufferPoolAccessor2.0: bufferpool2 0xb4000079618eeaa8 : 0(0 size) total buffers - 0(0 size) used buffers - 1/7 (recycle/alloc) - 6/34 (fetch/transfer)
06-12 17:21:16.471   537   966 D BufferPoolAccessor2.0: Destruction - bufferpool2 0xb4000079618eeaa8 cached: 0/0M, 0/0% in use; allocs: 7, 14% recycled; transfers: 34, 82% unfetched
06-12 17:21:16.471   537   966 D BufferPoolAccessor2.0: bufferpool2 0xb4000079618eb328 : 0(0 size) total buffers - 0(0 size) used buffers - 1/7 (recycle/alloc) - 6/34 (fetch/transfer)
06-12 17:21:16.472   537   966 D BufferPoolAccessor2.0: Destruction - bufferpool2 0xb4000079618eb328 cached: 0/0M, 0/0% in use; allocs: 7, 14% recycled; transfers: 34, 82% unfetched
06-12 17:21:16.472   452  5170 D SimpleC2Component: Using output block pool with poolID 26 => got 26 - 0
06-12 17:21:16.494   387   474 D AudioFlinger: Client defaulted notificationFrames to 12512 for frameCount 25024
06-12 17:21:16.497   387   474 D AF::TrackHandle: OpPlayAudio: track:55 usage:5 not muted
06-12 17:21:16.510  1714  1953 W AiAiEcho: LyftNotificationParser Ridesharing ETA not enabled
06-12 17:21:16.511  1714  1953 W AiAiEcho: SmartspaceNotificationPredictor no parser can handle this notification or notification is invalid
06-12 17:21:16.513   387   474 D audioserver: FGS Logger Transaction failed
06-12 17:21:16.514   387   474 D audioserver: -129
06-12 17:21:16.546   891   973 D LocalImageResolver: Couldn't use ImageDecoder for drawable, falling back to non-resized load.
06-12 17:21:16.593   891   973 D LocalImageResolver: Couldn't use ImageDecoder for drawable, falling back to non-resized load.
06-12 17:21:16.619   387   492 D AudioFlinger: mixer(0xb4000070277fa930) throttle end: throttle time(30)
06-12 17:21:16.664   537   616 D ActivityManager: sync unfroze 1820 com.google.android.apps.youtube.music for 6
06-12 17:21:16.688   537  1890 D ConnectivityService: requestNetwork for uid/pid:10155/1820 activeRequest: null callbackRequest: 125 [NetworkRequest [ REQUEST id=126, [ Capabilities: INTERNET&NOT_RESTRICTED&TRUSTED&NOT_VCN_MANAGED Uid: 10155 RequestorUid: 10155 RequestorPkg: com.google.android.apps.youtube.music UnderlyingNetworks: Null] ]] callback flags: 0 order: 2147483647
06-12 17:21:16.694   537   812 D WifiNetworkFactory: got request NetworkRequest [ REQUEST id=126, [ Capabilities: INTERNET&NOT_RESTRICTED&TRUSTED&NOT_VCN_MANAGED Uid: 10155 RequestorUid: 10155 RequestorPkg: com.google.android.apps.youtube.music UnderlyingNetworks: Null] ]
06-12 17:21:16.694   537   812 D UntrustedWifiNetworkFactory: got request NetworkRequest [ REQUEST id=126, [ Capabilities: INTERNET&NOT_RESTRICTED&TRUSTED&NOT_VCN_MANAGED Uid: 10155 RequestorUid: 10155 RequestorPkg: com.google.android.apps.youtube.music UnderlyingNetworks: Null] ]
06-12 17:21:16.694   537   812 D OemPaidWifiNetworkFactory: got request NetworkRequest [ REQUEST id=126, [ Capabilities: INTERNET&NOT_RESTRICTED&TRUSTED&NOT_VCN_MANAGED Uid: 10155 RequestorUid: 10155 RequestorPkg: com.google.android.apps.youtube.music UnderlyingNetworks: Null] ]
06-12 17:21:16.694   537   812 D MultiInternetWifiNetworkFactory: got request NetworkRequest [ REQUEST id=126, [ Capabilities: INTERNET&NOT_RESTRICTED&TRUSTED&NOT_VCN_MANAGED Uid: 10155 RequestorUid: 10155 RequestorPkg: com.google.android.apps.youtube.music UnderlyingNetworks: Null] ]
06-12 17:21:16.694   537   819 D ConnectivityService: NetReassign [126 : null → 100] [c 0] [a 4] [i 0]
06-12 17:21:16.805   891   976 D EGL_emulation: app_time_stats: avg=59.67ms min=3.20ms max=203.07ms count=15
06-12 17:21:16.899   387   492 D AudioFlinger: mixer(0xb4000070277fa930) throttle end: throttle time(2)
06-12 17:21:17.001   349  5184 I resolv  : GetAddrInfoHandler::run: {100 100 100 983140 10155 0}
06-12 17:21:17.002   349  5185 I resolv  : res_nmkquery: (QUERY, IN, AAAA)
06-12 17:21:17.005   349  5186 I resolv  : res_nmkquery: (QUERY, IN, A)
06-12 17:21:17.072   387   492 D AudioFlinger: mixer(0xb4000070277fa930) throttle end: throttle time(9)
06-12 17:21:17.150  1869  2339 I A       : getLocaleToModelSpecsMap
06-12 17:21:17.151  1869  2339 I A       : getLocaleToModelSpecsMap
06-12 17:21:17.151  1869  2339 I A       : getLocaleToModelSpecsMap
06-12 17:21:17.151  1869  2339 I A       : getLocaleToModelSpecsMap
06-12 17:21:17.153  1869  2339 I ModelDownloadController: Hotword model update tasks finished.
06-12 17:21:17.153   447  2723 D NuPlayerDriver: stop(0xb400007d67d05690)
06-12 17:21:17.154   537   537 D CompatibilityChangeReporter: Compat change id reported: 175319604; UID 1000; state: ENABLED
06-12 17:21:17.154   537   537 D CompatibilityChangeReporter: Compat change id reported: 195579280; UID 1000; state: ENABLED
06-12 17:21:17.155   891  5187 V MediaPlayer: resetDrmState:  mDrmInfo=null mDrmProvisioningThread=null mPrepareDrmInProgress=false mActiveDrmScheme=false
06-12 17:21:17.157   891  5187 V MediaPlayer: cleanDrmObj: mDrmObj=null mDrmSessionId=null
06-12 17:21:17.158   447  2723 D NuPlayerDriver: reset(0xb400007d67d05690) at state 8
06-12 17:21:17.168   447  5166 D CCodecBuffers: [c2.android.vorbis.decoder#583:1D-Output.Impl[N]] Client returned a buffer it does not own according to our record: 0
06-12 17:21:17.168   447  5166 D CCodecBuffers: [c2.android.vorbis.decoder#583:1D-Output.Impl[N]] Client returned a buffer it does not own according to our record: 1
06-12 17:21:17.168   447  5166 D CCodecBuffers: [c2.android.vorbis.decoder#583:1D-Output.Impl[N]] Client returned a buffer it does not own according to our record: 2
06-12 17:21:17.169  1869  2534 I SodaSilentEnrollment: (REDACTED) Executing HotwordSilentEnrollment, updateOnly: %b
06-12 17:21:17.169  1869  1869 I BgTaskExecutorImpl: (REDACTED) Starting %s background task %s.
06-12 17:21:17.169  1869  2534 I A       : getLocaleToModelSpecsMap
06-12 17:21:17.169  1869  2534 I A       : getLocaleToModelSpecsMap
06-12 17:21:17.169  1869  2534 I A       : getLocaleToModelSpecsMap
06-12 17:21:17.170  1869  2534 I A       : getLocaleToModelSpecsMap
06-12 17:21:17.170  1869  2534 I A       : (REDACTED) Adding from config to map. Locale: %s modelPrefix: %s Location:%s isSpeakerIdSupported: %b
06-12 17:21:17.170  1869  2534 I A       : (REDACTED) Adding from config to map. Locale: %s modelPrefix: %s Location:%s isSpeakerIdSupported: %b
06-12 17:21:17.171  1869  2534 I A       : (REDACTED) Adding from config to map. Locale: %s modelPrefix: %s Location:%s isSpeakerIdSupported: %b
06-12 17:21:17.171  1869  2534 I A       : (REDACTED) Skipping. Expected model: %s Found: %s
06-12 17:21:17.171  1869  2534 I A       : (REDACTED) Adding from config to map. Locale: %s modelPrefix: %s Location:%s isSpeakerIdSupported: %b
06-12 17:21:17.171  1869  2534 I SodaEnrollmentClient: #getSpeakerIdModel
06-12 17:21:17.171  1869  2534 I SodaEnrollmentClient: #initialize
06-12 17:21:17.172  1869  2534 I MicroDetectionWorker: (REDACTED) Initializing MicroDataManager InitializeType-%d, isForced-%b, isActivePhoneEnrollment-%b isActiveGoogleHomeEnrollment-%b
06-12 17:21:17.172  1869  2534 I A       : getLocaleToModelSpecsMap
06-12 17:21:17.173  1869  2534 I A       : getLocaleToModelSpecsMap
06-12 17:21:17.173  1869  2534 I A       : getLocaleToModelSpecsMap
06-12 17:21:17.175  1869  2338 I A       : getLocaleToModelSpecsMap
06-12 17:21:17.175  1869  2338 I A       : (REDACTED) Adding from config to map. Locale: %s modelPrefix: %s Location:%s isSpeakerIdSupported: %b
06-12 17:21:17.175  1869  2338 I A       : (REDACTED) Adding from config to map. Locale: %s modelPrefix: %s Location:%s isSpeakerIdSupported: %b
06-12 17:21:17.175  1869  2338 I A       : (REDACTED) Adding from config to map. Locale: %s modelPrefix: %s Location:%s isSpeakerIdSupported: %b
06-12 17:21:17.175  1869  2338 I A       : (REDACTED) Skipping. Expected model: %s Found: %s
06-12 17:21:17.175  1869  2338 I A       : (REDACTED) Adding from config to map. Locale: %s modelPrefix: %s Location:%s isSpeakerIdSupported: %b
06-12 17:21:17.175  1869  2338 I MicroDataManager: (REDACTED) Location for model with model type: %s and locale: %s, is : %s
06-12 17:21:17.175  1869  2338 I MicroModelsUtil: (REDACTED) #getHotwordModel [locale: %s, modelType: %s]
06-12 17:21:17.178  1869  2534 E A       : Attempt to overwrite completionTime
06-12 17:21:17.179  1869  2340 I A       : getLocaleToModelSpecsMap
06-12 17:21:17.180  1869  2340 I A       : getLocaleToModelSpecsMap
06-12 17:21:17.180  1869  2340 I A       : getLocaleToModelSpecsMap
06-12 17:21:17.180  1869  2340 I A       : getLocaleToModelSpecsMap
06-12 17:21:17.180  1869  2340 I A       : (REDACTED) Adding from config to map. Locale: %s modelPrefix: %s Location:%s isSpeakerIdSupported: %b
06-12 17:21:17.180  1869  2340 I A       : (REDACTED) Adding from config to map. Locale: %s modelPrefix: %s Location:%s isSpeakerIdSupported: %b
06-12 17:21:17.180  1869  2340 I A       : (REDACTED) Adding from config to map. Locale: %s modelPrefix: %s Location:%s isSpeakerIdSupported: %b
06-12 17:21:17.180  1869  2340 I A       : (REDACTED) Skipping. Expected model: %s Found: %s
06-12 17:21:17.180  1869  2341 I MicroModelsUtil: (REDACTED) #getHotwordModelFromMobstore [mobstoreUri: %s]
06-12 17:21:17.181  1869  2534 E A       : Attempt to overwrite workProxyEndState
06-12 17:21:17.181  1869  2340 I A       : (REDACTED) Adding from config to map. Locale: %s modelPrefix: %s Location:%s isSpeakerIdSupported: %b
06-12 17:21:17.182  1869  2534 E A       : Attempt to overwrite delegationTime
06-12 17:21:17.182  1869  2498 I MicroDataManager: (REDACTED) MicroDataManager InitializationTask. googleHotwordData is null: true, hotwordModel is null: %b , sourceLocationOfCurrentHotwordModel %s
06-12 17:21:17.183   447  5166 I hw-BpHwBinder: onLastStrongRef automatically unlinking death recipients
06-12 17:21:17.183   452   939 I hw-BpHwBinder: onLastStrongRef automatically unlinking death recipients
06-12 17:21:17.183   452   939 I hw-BpHwBinder: onLastStrongRef automatically unlinking death recipients
06-12 17:21:17.184   447  5165 D MediaCodec: flushMediametrics
06-12 17:21:17.184  1869  2534 I A       : getLocaleToModelSpecsMap
06-12 17:21:17.184  1869  2534 I A       : (REDACTED) Adding from config to map. Locale: %s modelPrefix: %s Location:%s isSpeakerIdSupported: %b
06-12 17:21:17.184  1869  2534 I A       : (REDACTED) Adding from config to map. Locale: %s modelPrefix: %s Location:%s isSpeakerIdSupported: %b
06-12 17:21:17.184  1869  2534 I A       : (REDACTED) Adding from config to map. Locale: %s modelPrefix: %s Location:%s isSpeakerIdSupported: %b
06-12 17:21:17.184  1869  2534 I A       : (REDACTED) Skipping. Expected model: %s Found: %s
06-12 17:21:17.184  1869  2534 I A       : (REDACTED) Adding from config to map. Locale: %s modelPrefix: %s Location:%s isSpeakerIdSupported: %b
06-12 17:21:17.185  1869  2339 W A       : (REDACTED) Soda metadata file not found inside following path %s 
06-12 17:21:17.188  1869  2534 I A       : getLocaleToModelSpecsMap
06-12 17:21:17.189  1869  2534 I A       : getLocaleToModelSpecsMap
06-12 17:21:17.196   537  2351 W JobScheduler: Job didn't exist in JobStore: 17e2c7 #u0a132/-183 com.google.android.googlequicksearchbox/com.google.android.apps.gsa.tasks.BackgroundTasksJobService
06-12 17:21:17.196  1869  3285 I A       : (REDACTED) Executing HotwordSilentEnrollment for user profile: %s
06-12 17:21:17.201  1869  3285 I A       : getLocaleToModelSpecsMap
06-12 17:21:17.201  1869  3285 I A       : getLocaleToModelSpecsMap
06-12 17:21:17.201  1869  3285 I A       : getLocaleToModelSpecsMap
06-12 17:21:17.207   349  5185 I resolv  : res_nsend: used send_dg 408 terrno: 0
06-12 17:21:17.207   349  5185 I resolv  : doQuery: rcode=0, ancount=4, return value=408
06-12 17:21:17.207   349  5186 I resolv  : res_nsend: used send_dg 360 terrno: 0
06-12 17:21:17.208   349  5186 I resolv  : doQuery: rcode=0, ancount=4, return value=360
06-12 17:21:17.208   447  5158 D NuPlayerDriver: notifyResetComplete(0xb400007d67d05690)
06-12 17:21:17.209   447  2723 W AMessage: failed to post message as target looper for handler 0 is gone.
06-12 17:21:17.209  1869  3285 I A       : getLocaleToModelSpecsMap
06-12 17:21:17.209  1869  3285 I A       : (REDACTED) Adding from config to map. Locale: %s modelPrefix: %s Location:%s isSpeakerIdSupported: %b
06-12 17:21:17.209  1869  3285 I A       : (REDACTED) Adding from config to map. Locale: %s modelPrefix: %s Location:%s isSpeakerIdSupported: %b
06-12 17:21:17.209  1869  3285 I A       : (REDACTED) Adding from config to map. Locale: %s modelPrefix: %s Location:%s isSpeakerIdSupported: %b
06-12 17:21:17.209  1869  3285 I A       : (REDACTED) Skipping. Expected model: %s Found: %s
06-12 17:21:17.209  1869  3285 I A       : (REDACTED) Adding from config to map. Locale: %s modelPrefix: %s Location:%s isSpeakerIdSupported: %b
06-12 17:21:17.210  1869  3285 I A       : getLocaleToModelSpecsMap
06-12 17:21:17.210  1869  3285 I A       : getLocaleToModelSpecsMap
06-12 17:21:17.210  1869  3285 I A       : getLocaleToModelSpecsMap
06-12 17:21:17.211  1869  3285 I A       : getLocaleToModelSpecsMap
06-12 17:21:17.211  1869  3285 I A       : (REDACTED) Adding from config to map. Locale: %s modelPrefix: %s Location:%s isSpeakerIdSupported: %b
06-12 17:21:17.211  1869  3285 I A       : (REDACTED) Adding from config to map. Locale: %s modelPrefix: %s Location:%s isSpeakerIdSupported: %b
06-12 17:21:17.211  1869  3285 I A       : (REDACTED) Adding from config to map. Locale: %s modelPrefix: %s Location:%s isSpeakerIdSupported: %b
06-12 17:21:17.211  1869  3285 I A       : (REDACTED) Skipping. Expected model: %s Found: %s
06-12 17:21:17.211  1869  3285 I A       : (REDACTED) Adding from config to map. Locale: %s modelPrefix: %s Location:%s isSpeakerIdSupported: %b
06-12 17:21:17.211  1869  3285 I A       : getLocaleToModelSpecsMap
06-12 17:21:17.211  1869  3285 I A       : getLocaleToModelSpecsMap
06-12 17:21:17.211  1869  3285 I A       : getLocaleToModelSpecsMap
06-12 17:21:17.211  1869  3285 I A       : getLocaleToModelSpecsMap
06-12 17:21:17.211  1869  3285 I A       : (REDACTED) Adding from config to map. Locale: %s modelPrefix: %s Location:%s isSpeakerIdSupported: %b
06-12 17:21:17.211  1869  3285 I A       : (REDACTED) Adding from config to map. Locale: %s modelPrefix: %s Location:%s isSpeakerIdSupported: %b
06-12 17:21:17.211  1869  3285 I A       : (REDACTED) Adding from config to map. Locale: %s modelPrefix: %s Location:%s isSpeakerIdSupported: %b
06-12 17:21:17.211  1869  3285 I A       : (REDACTED) Skipping. Expected model: %s Found: %s
06-12 17:21:17.212  1869  3285 I A       : (REDACTED) Adding from config to map. Locale: %s modelPrefix: %s Location:%s isSpeakerIdSupported: %b
06-12 17:21:17.213  1869  2339 I MicroDetectionState: (REDACTED) #takeChangeMicroDetectorMode [mIsBargeInEnabled: %b, mCurrentDetectionMode: %s, isHdmEnabled: %b]
06-12 17:21:17.214  1869  2339 I MicroDetectionState: (REDACTED) Should stop hotword detection immediately - %b
06-12 17:21:17.218   537  2351 I MediaFocusControl: abandonAudioFocus() from uid/pid 10169/891 clientId=android.media.AudioManager@83984a1
06-12 17:21:17.224  1869  2340 W A       : No system LP found. Offline SODA ASR is unavailable and SODA init may fail.
06-12 17:21:17.224  1869  2340 I A       : (REDACTED) Resolved SODA resource dir for %s: %s
06-12 17:21:17.229  1869  2340 I A       : getLocaleToModelSpecsMap
06-12 17:21:17.230  1869  2340 I A       : getLocaleToModelSpecsMap
06-12 17:21:17.230  1869  2340 I A       : getLocaleToModelSpecsMap
06-12 17:21:17.232  1869  3285 I MicroModelsUtil: Notified HDM of new hotword model.
06-12 17:21:17.234  1869  2340 I A       : getLocaleToModelSpecsMap
06-12 17:21:17.234  1869  2340 I A       : getLocaleToModelSpecsMap
06-12 17:21:17.234  1869  2340 I A       : getLocaleToModelSpecsMap
06-12 17:21:17.236  1869  3285 I A       : getLocaleToModelSpecsMap
06-12 17:21:17.236  1869  3285 I A       : (REDACTED) Adding from config to map. Locale: %s modelPrefix: %s Location:%s isSpeakerIdSupported: %b
06-12 17:21:17.236  1869  3285 I A       : (REDACTED) Adding from config to map. Locale: %s modelPrefix: %s Location:%s isSpeakerIdSupported: %b
06-12 17:21:17.236  1869  3285 I A       : (REDACTED) Adding from config to map. Locale: %s modelPrefix: %s Location:%s isSpeakerIdSupported: %b
06-12 17:21:17.236  1869  3285 I A       : (REDACTED) Skipping. Expected model: %s Found: %s
06-12 17:21:17.236  1869  3285 I A       : (REDACTED) Adding from config to map. Locale: %s modelPrefix: %s Location:%s isSpeakerIdSupported: %b
06-12 17:21:17.236  1869  3285 I MicroDataManager: (REDACTED) Location for model with model type: %s and locale: %s, is : %s
06-12 17:21:17.236  1869  3285 I A       : getLocaleToModelSpecsMap
06-12 17:21:17.236  1869  3285 I A       : (REDACTED) Adding from config to map. Locale: %s modelPrefix: %s Location:%s isSpeakerIdSupported: %b
06-12 17:21:17.236  1869  3285 I A       : (REDACTED) Adding from config to map. Locale: %s modelPrefix: %s Location:%s isSpeakerIdSupported: %b
06-12 17:21:17.236  1869  3285 I A       : (REDACTED) Adding from config to map. Locale: %s modelPrefix: %s Location:%s isSpeakerIdSupported: %b
06-12 17:21:17.236  1869  3285 I A       : (REDACTED) Skipping. Expected model: %s Found: %s
06-12 17:21:17.236  1869  3285 I A       : (REDACTED) Adding from config to map. Locale: %s modelPrefix: %s Location:%s isSpeakerIdSupported: %b
06-12 17:21:17.236  1869  3285 I MicroDataManager: (REDACTED) Location for model with model type: %s and locale: %s, is : %s
06-12 17:21:17.236  1869  3285 I MicroDataManager: Already initialized, obtaining the hotword data immediately.
06-12 17:21:17.237  1869  3285 I MicroDataManager: (REDACTED) #getGoogleHotwordData desiredModel %s, sourceLocationOfCurrentHotwordModel %s
06-12 17:21:17.237  1869  3285 I MicroDataManager: Obtaining new data for new params.
06-12 17:21:17.254  1729  2254 W A       : Receive an config update when there's no subscriber. Ignore the request!
06-12 17:21:17.298   387   492 D audioserver: FGS Logger Transaction failed
06-12 17:21:17.298   387   492 D audioserver: -129
06-12 17:21:17.317   387   492 D audioserver: FGS Logger Transaction failed
06-12 17:21:17.317   387   492 D audioserver: -129
06-12 17:21:17.334   537   537 I NotificationService: Cannot find enqueued record for key: 0|com.google.android.googlequicksearchbox|-307962363|null|10132
06-12 17:21:17.371   537   537 I NotificationService: Cannot find enqueued record for key: 0|com.google.android.googlequicksearchbox|1585575426|null|10132
06-12 17:21:17.438  4857  5144 E MendelPackageState: Failed to fetch after encountering old config
06-12 17:21:17.438  4857  5144 E MendelPackageState: ctft: Timed out (timeout delayed by 13 ms after scheduled time): ctef@bd34142[status=PENDING, info=[delegate=[ctaz@1e11553[status=PENDING, info=[inputFuture=[byrl@2878e90[status=PENDING, info=[bphe@487c389]]], exceptionType=[class bnmn], fallback=[chaj@582f8e]]]]]]
06-12 17:21:17.438  4857  5144 E MendelPackageState: 	at tk_trace.PhenotypeApi.getConfigurationSnapshot(Unknown Source:0)
06-12 17:21:17.438  4857  5144 E MendelPackageState: 	at tk_trace.Fetching experiments for device(Unknown Source:0)
06-12 17:21:17.438  4857  5144 E MendelPackageState: 	at tk_trace.Application.onCreate(Unknown Source:0)
06-12 17:21:17.438  4857  5144 E MendelPackageState: 	at tk_trace.Application creation(Unknown Source:0)
06-12 17:21:17.438  4857  5144 E MendelPackageState: 	Suppressed: cnqp: 
06-12 17:21:17.438  4857  5144 E MendelPackageState: 		at tk_trace.PhenotypeApi.getConfigurationSnapshot(unfinished)(Unknown Source:0)
06-12 17:21:17.538  1869  2340 I A       : (REDACTED) Loaded SODA Full native library: %s
06-12 17:21:17.549  1869  3285 I tflite  : Initialized TensorFlow Lite runtime.
06-12 17:21:17.550  1869  3285 I MicroDataManager: (REDACTED) Created a new hotword model for:
06-12 17:21:17.550  1869  3285 I MicroDataManager: %s
06-12 17:21:17.551  1869  2536 W NamedFutures: (REDACTED) Timeout future task has been cancelled: %d milliseconds
06-12 17:21:17.552  1869  2339 I A       : (REDACTED) #logAppFlowWithMetadata - successfulUtterances: %d, attemptedUtterances: %d, utteranceAudioType: %s, canGenerateTisidModel: %b
06-12 17:21:17.552  1869  3286 I BgTaskExecutorImpl: (REDACTED) Starting %s background task %s.
06-12 17:21:17.553  1869  1869 E A       : (REDACTED) Task %s failed or timed out. Client %d disconnecting from SearchService!
06-12 17:21:17.553  1869  1869 E A       : java.util.concurrent.CancellationException: Task was cancelled.
06-12 17:21:17.553  1869  1869 E A       : 	at com.google.common.w.a.d.s(PG:3)
06-12 17:21:17.553  1869  1869 E A       : 	at com.google.common.w.a.d.get(PG:4)
06-12 17:21:17.553  1869  1869 E A       : 	at com.google.common.w.a.ee.a(PG:1)
06-12 17:21:17.553  1869  1869 E A       : 	at com.google.common.w.a.cj.r(PG:2)
06-12 17:21:17.553  1869  1869 E A       : 	at com.google.common.w.a.cc.run(PG:4)
06-12 17:21:17.553  1869  1869 E A       : 	at com.google.android.apps.gsa.shared.util.c.a.ba.run(PG:1)
06-12 17:21:17.553  1869  1869 E A       : 	at android.os.Handler.handleCallback(Handler.java:958)
06-12 17:21:17.553  1869  1869 E A       : 	at android.os.Handler.dispatchMessage(Handler.java:99)
06-12 17:21:17.553  1869  1869 E A       : 	at android.os.Looper.loopOnce(Looper.java:205)
06-12 17:21:17.553  1869  1869 E A       : 	at android.os.Looper.loop(Looper.java:294)
06-12 17:21:17.553  1869  1869 E A       : 	at android.app.ActivityThread.main(ActivityThread.java:8177)
06-12 17:21:17.553  1869  1869 E A       : 	at java.lang.reflect.Method.invoke(Native Method)
06-12 17:21:17.553  1869  1869 E A       : 	at com.android.internal.os.RuntimeInit$MethodAndArgsCaller.run(RuntimeInit.java:552)
06-12 17:21:17.553  1869  1869 E A       : 	at com.android.internal.os.ZygoteInit.main(ZygoteInit.java:971)
06-12 17:21:17.566  1869  3284 E BgTaskExecutorImpl: (REDACTED) %s background task %s was cancelled.
06-12 17:21:17.566  1869  3284 E BgTaskExecutorImpl: java.util.concurrent.CancellationException: Task was cancelled.
06-12 17:21:17.566  1869  3284 E BgTaskExecutorImpl: 	at com.google.common.w.a.d.s(PG:3)
06-12 17:21:17.566  1869  3284 E BgTaskExecutorImpl: 	at com.google.common.w.a.d.get(PG:4)
06-12 17:21:17.566  1869  3284 E BgTaskExecutorImpl: 	at com.google.common.w.a.ee.a(PG:1)
06-12 17:21:17.566  1869  3284 E BgTaskExecutorImpl: 	at com.google.common.w.a.cj.r(PG:2)
06-12 17:21:17.566  1869  3284 E BgTaskExecutorImpl: 	at com.google.common.w.a.cc.run(PG:4)
06-12 17:21:17.566  1869  3284 E BgTaskExecutorImpl: 	at com.google.android.apps.gsa.shared.util.c.a.cf.b(PG:1)
06-12 17:21:17.566  1869  3284 E BgTaskExecutorImpl: 	at com.google.android.apps.gsa.shared.util.c.a.ci.run(PG:1)
06-12 17:21:17.566  1869  3284 E BgTaskExecutorImpl: 	at com.google.android.libraries.i.z.run(PG:1)
06-12 17:21:17.566  1869  3284 E BgTaskExecutorImpl: 	at java.util.concurrent.ThreadPoolExecutor.runWorker(ThreadPoolExecutor.java:1145)
06-12 17:21:17.566  1869  3284 E BgTaskExecutorImpl: 	at java.util.concurrent.ThreadPoolExecutor$Worker.run(ThreadPoolExecutor.java:644)
06-12 17:21:17.566  1869  3284 E BgTaskExecutorImpl: 	at com.google.android.libraries.i.d.run(PG:2)
06-12 17:21:17.566  1869  3284 E BgTaskExecutorImpl: 	at java.lang.Thread.run(Thread.java:1012)
06-12 17:21:17.566  1869  3284 E BgTaskExecutorImpl: 	at com.google.android.libraries.i.ai.run(PG:5)
06-12 17:21:17.566   537  1890 W JobScheduler: Job didn't exist in JobStore: a01043b #u0a132/-163 com.google.android.googlequicksearchbox/com.google.android.apps.gsa.tasks.BackgroundTasksJobService
06-12 17:21:17.569  1869  5191 I tflite  : Initialized TensorFlow Lite runtime.
06-12 17:21:17.571  1869  5191 E SpeechMicro: Hotword model is single-channel neuralnet.
06-12 17:21:17.573  1869  5191 I native  : I0000 00:00:1781256077.572930    5191 enrollment_manager_impl.cc:1028] Disabling TI-SID.
06-12 17:21:17.573  1869  5191 W native  : W0000 00:00:1781256077.573122    5191 language_pack_utils.cc:181] Neither language pack directory nor config file path is set.
06-12 17:21:17.573  1869  5191 W native  : W0000 00:00:1781256077.573138    5191 enrollment_manager_impl_utils.cc:85] No standalone TI-SID pipeline config found:INVALID_ARGUMENT: Could not determine LP directory.
06-12 17:21:17.573  1869  5191 W native  : === Source Location Trace: ===
06-12 17:21:17.573  1869  5191 W native  : speech/soda/utils/language_pack_utils.cc:298
06-12 17:21:17.573  1869  5191 W native  : W0000 00:00:1781256077.573150    5191 enrollment_manager_impl.cc:1040] Unable to select ASR config path: INVALID_ARGUMENT: No provided LP directory.
06-12 17:21:17.573  1869  5191 W native  : === Source Location Trace: ===
06-12 17:21:17.573  1869  5191 W native  : speech/soda/utils/language_pack_utils.cc:260
06-12 17:21:17.573  1869  5191 W native  : W0000 00:00:1781256077.573165    5191 enrollment_manager_impl.cc:843] No valid TD-SID models found.
06-12 17:21:17.573  1869  5191 I native  : I0000 00:00:1781256077.573168    5191 enrollment_manager_impl.cc:1085] Updated TDSID models. Speakers requiring re-training:0
06-12 17:21:17.573  1869  5191 I native  : I0000 00:00:1781256077.573182    5191 enrollment_manager_impl.cc:1097] Updated TISID models. Speakers requiring re-training:0
06-12 17:21:17.575  1869  5191 I native  : I0000 00:00:1781256077.575570    5191 enrollment_manager_impl.cc:397] Invoking listeners with updated speaker profiles.
06-12 17:21:17.576  1869  2498 I SodaEnrollmentClient: (REDACTED) Returning SpeakerIdModel bytes: %s
