06-12 17:21:08.664  1537  4707 I ModuleSetMgr: Download of container feature homegraph is disabled.
06-12 17:21:08.664  1537  4707 I ModuleSetMgr: Download of container feature magictether is disabled.
06-12 17:21:08.664  1537  4707 I ModuleSetMgr: Download of container feature maps_core is disabled.
06-12 17:21:08.665  1714  2243 I AstreaHttpConnection: Download completed for url [https://gstatic.com/matchmaker/kg_collections_table/21051103/collections_table_main_21980965fbd997111d89f86c16e9e090.zip].
06-12 17:21:08.665  1537  4707 I ModuleSetMgr: Download of container feature mlkit.docscan.crop is disabled.
06-12 17:21:08.665  1537  4707 I ModuleSetMgr: Download of container feature mlkit.docscan.enhance is disabled.
06-12 17:21:08.665  1537  4707 I ModuleSetMgr: Download of container feature multipackage_debug is disabled.
06-12 17:21:08.665  1537  4707 I ModuleSetMgr: Download of container feature payse is disabled.
06-12 17:21:08.665  1537  4707 I ModuleSetMgr: Download of container feature permissions_debug is disabled.
06-12 17:21:08.665  1537  4707 I ModuleSetMgr: Download of container feature play_cloud_search is disabled.
06-12 17:21:08.665  1537  4707 I ModuleSetMgr: Download of container feature semanticlocation_debug is disabled.
06-12 17:21:08.665  1537  4707 I ModuleSetMgr: Download of container feature tflite_delegate_edgetpu is disabled.
06-12 17:21:08.665  1537  4707 I ModuleSetMgr: Download of container feature tflite_delegate_test is disabled.
06-12 17:21:08.665  1537  4707 I ModuleSetMgr: Download of container feature tflite_gpu_dynamite is disabled.
06-12 17:21:08.666  1537  4707 I ModuleSetMgr: Download of container feature userstatus_impl is disabled.
06-12 17:21:08.666  1537  4707 I ModuleSetMgr: Download of container feature usonia_iam is disabled.
06-12 17:21:08.666  1537  4707 I ModuleSetMgr: Download of container feature vision.face is disabled.
06-12 17:21:08.666  1537  4707 I ModuleSetMgr: Download of container feature vision.ica is disabled.
06-12 17:21:08.666  1537  4707 I ModuleSetMgr: Download of container feature vision.ocr is disabled.
06-12 17:21:08.668  1537  4707 I ModuleSetMgr: Pending container module APKs: []
06-12 17:21:08.668  1537  4707 I ModuleSetMgr: Pending non-container module APKs: []
06-12 17:21:08.686  1537  4707 W PackageParser: Unknown element under <manifest>: queries at /data/user_de/0/com.google.android.gms/app_chimera/m/00000000/AdsDynamite.apk Binary XML file line #15
06-12 17:21:08.687  1537  4990 I Checkin : [EventLogChimeraService] Opted in for usage reporting: false
06-12 17:21:08.700  1537  4990 W GmsTaskScheduler: ScheduledCheckinGmsTaskService is not available. This may cause the task to be lost.
06-12 17:21:08.701  1537  4990 I Checkin : [EventLogChimeraService] Accumulating logs since 1781256054434
06-12 17:21:08.707   159   159 I logd    : logdr: UID=10128 GID=10128 PID=1537 n tail=0 logMask=4 pid=0 start=0ns deadline=0ns
06-12 17:21:08.713  1537  4707 W PackageParser: Unknown element under <manifest>: queries at /data/user_de/0/com.google.android.gms/app_chimera/m/00000004/DynamiteModulesC.apk Binary XML file line #15
06-12 17:21:08.751  1714  1970 I SP.AiAi : Download stopped: kg_collections_table:collections_table_main_21980965fbd997111d89f86c16e9e090, succeeded, size: 613
06-12 17:21:08.763  1966  2294 I HttpGrpcBindableService: Downloading requested for URL 'https://gstatic.com/matchmaker/kg_actions_ranking_table/211005/table_5f787033cc44fc7a8804e0030b2bf848.zip'
06-12 17:21:08.768  5082  5082 W BpBinder: Linking to death on android.gui.ISurfaceComposer but there are no threads (yet?) listening to incoming transactions. See ProcessState::startThreadPool and ProcessState::setThreadPoolMaxThreadCount. Generally you should setup the binder threadpool before other initialization steps.
06-12 17:21:08.777  5082  5082 W ProcessState: Extra binder thread started, but 0 threads requested. Do not use *startThreadPool when zero threads are requested.
06-12 17:21:08.787  1537  4707 I SyncIntentOperation: Handling the intent: Intent { act=com.google.gservices.intent.action.GSERVICES_CHANGED flg=0x1000010 pkg=com.google.android.gms cmp=com.google.android.gms/.chimera.GmsIntentOperationService (has extras) }. [CONTEXT service_id=80 ]
06-12 17:21:08.792  1537  4992 I RecoverableKeyStoreGms: [RecoverableKeyStoreGmsInitOperation] Initializing auth_folsom
06-12 17:21:08.811   390  1384 W ServiceManagerCppClient: Permission failure: android.permission.CAPTURE_BLACKOUT_CONTENT from uid=2000 pid=5082
06-12 17:21:08.811   390  1384 D PermissionCache: checking android.permission.CAPTURE_BLACKOUT_CONTENT for uid=2000 => denied (1300 us)
06-12 17:21:08.813  1537  4992 I RecoverableKeyStoreGms: [RecoverableKeyStoreGmsInitOperation] com.google.android.gms.auth.folsom.service.FolsomPublicKeyUpdateService is already enabled. Ignore.
06-12 17:21:08.815  1537  4992 I RecoverableKeyStoreGms: [RecoverableKeyStoreGmsInitOperation] com.google.android.gms.auth.folsom.service.GcmReceiverService is already enabled. Ignore.
06-12 17:21:08.822  1537  1537 D BoundBrokerSvc: onUnbind: Intent { act=com.google.android.gms.asterism.service.START pkg=com.google.android.gms }
06-12 17:21:08.853   152   152 I servicemanager: Could not find android.hardware.graphics.allocator.IAllocator/default in the VINTF manifest.
06-12 17:21:08.851   537  2337 V RecoverableKeyStoreMgr: Not updating secret types - same as old value.
06-12 17:21:08.854   153   153 I hwservicemanager: getTransport: Cannot find entry android.hardware.graphics.mapper@4.0::IMapper/default in either framework or device VINTF manifest.
06-12 17:21:08.854  5082  5084 I Gralloc4: mapper 4.x is not supported
06-12 17:21:08.859  1537  4992 I RecoverableKeyStoreGms: [RecoverableKeyStoreGmsInitOperation] Setting vault handle
06-12 17:21:08.860   537  2326 V RecoverableKeyStoreMgr: Not updating server params - same as old value.
06-12 17:21:08.861   537   607 I RecoverySnapshotLstnrs: Registered listener for agent with uid 10128
06-12 17:21:08.862  1537  4992 I RecoverableKeyStoreGms: [EnrollmentManager] Returning certificates list from cache [CONTEXT service_id=172 ]
06-12 17:21:08.871  1537  1584 I GmsModuleFndr: Beginning GMS chimera module scan
06-12 17:21:08.871  1537  4707 I MobileDataHub: Scheduling periodic tasks
06-12 17:21:08.872  1537  1584 I ModuleSetMgr: Computing pending module set with APKs: [[AdsFdrDynamite.integ:231004600100000], [Cronetdynamite:231818190400], [Dynamiteloader:231818190000], [Dynamitemodulesa:231818190000], [Dynamitemodulesc:231818190000], [Googlecertificates:231818190000], [Mapsdynamite:231818190000], [Measurementdynamite:231818190000]]
06-12 17:21:08.875  1537  1584 I ModuleSetMgr: Download of container feature antifingerprinting is disabled.
06-12 17:21:08.875  1537  1584 I ModuleSetMgr: Download of container feature appsearch_dynamite_impl is disabled.
06-12 17:21:08.875  1537  1584 I ModuleSetMgr: Download of container feature brella_dynamite is disabled.
06-12 17:21:08.875  1537  1584 I ModuleSetMgr: Download of container feature cameraconnectivity_impl is disabled.
06-12 17:21:08.875  1537  1584 I ModuleSetMgr: Download of container feature dck_management is disabled.
06-12 17:21:08.875  1537  1584 I ModuleSetMgr: Download of container feature easyunlock is disabled.
06-12 17:21:08.875  1537  1584 I ModuleSetMgr: Download of container feature enterprise is disabled.
06-12 17:21:08.875  1537  1584 I ModuleSetMgr: Download of container feature enterprise_zt_mp_complete is disabled.
06-12 17:21:08.875  1537  1584 I ModuleSetMgr: Download of container feature fast_pair is disabled.
06-12 17:21:08.875  1537  1584 I ModuleSetMgr: Download of container feature game_platform is disabled.
06-12 17:21:08.875  1537  1584 I ModuleSetMgr: Download of container feature games is disabled.
06-12 17:21:08.875  1537  1584 I ModuleSetMgr: Download of container feature growth_upgradeparty is disabled.
06-12 17:21:08.875  1537  1584 I ModuleSetMgr: Download of container feature tflite_dynamite is disabled.
06-12 17:21:08.875  1537  1584 I ModuleSetMgr: Download of container feature homegraph is disabled.
06-12 17:21:08.875  1537  1584 I ModuleSetMgr: Download of container feature magictether is disabled.
06-12 17:21:08.875  1537  1584 I ModuleSetMgr: Download of container feature maps_core is disabled.
06-12 17:21:08.875  1537  1584 I ModuleSetMgr: Download of container feature mlkit.docscan.crop is disabled.
06-12 17:21:08.875  1537  1584 I ModuleSetMgr: Download of container feature mlkit.docscan.enhance is disabled.
06-12 17:21:08.876  1537  1584 I ModuleSetMgr: Download of container feature multipackage_debug is disabled.
06-12 17:21:08.876  1537  1584 I ModuleSetMgr: Download of container feature payse is disabled.
06-12 17:21:08.876  1537  1584 I ModuleSetMgr: Download of container feature permissions_debug is disabled.
06-12 17:21:08.876  1537  1584 I ModuleSetMgr: Download of container feature play_cloud_search is disabled.
06-12 17:21:08.876  1537  1584 I ModuleSetMgr: Download of container feature semanticlocation_debug is disabled.
06-12 17:21:08.876  1537  1584 I ModuleSetMgr: Download of container feature tflite_delegate_edgetpu is disabled.
06-12 17:21:08.876  1537  1584 I ModuleSetMgr: Download of container feature tflite_delegate_test is disabled.
06-12 17:21:08.876  1537  1584 I ModuleSetMgr: Download of container feature tflite_gpu_dynamite is disabled.
06-12 17:21:08.876  1537  1584 I ModuleSetMgr: Download of container feature userstatus_impl is disabled.
06-12 17:21:08.876  1537  1584 I ModuleSetMgr: Download of container feature usonia_iam is disabled.
06-12 17:21:08.876  1537  1584 I ModuleSetMgr: Download of container feature vision.face is disabled.
06-12 17:21:08.876  1537  1584 I ModuleSetMgr: Download of container feature vision.ica is disabled.
06-12 17:21:08.876  1537  1584 I ModuleSetMgr: Download of container feature vision.ocr is disabled.
06-12 17:21:08.876  1537  1584 I ModuleSetMgr: Pending container module APKs: []
06-12 17:21:08.876  1537  1584 I ModuleSetMgr: Pending non-container module APKs: []
06-12 17:21:08.878  1537  1584 W PackageParser: Unknown element under <manifest>: queries at /data/user_de/0/com.google.android.gms/app_chimera/m/00000000/AdsDynamite.apk Binary XML file line #15
06-12 17:21:08.879   537  2337 I RecoverableKeyStoreMgr: The cert file serial number is the same, so skip updating.
06-12 17:21:08.879  1537  4992 I RecoverableKeyStoreGms: [EnrollmentManager] Recovery service is initialized. [CONTEXT service_id=172 ]
06-12 17:21:08.885  1537  1584 W PackageParser: Unknown element under <manifest>: queries at /data/user_de/0/com.google.android.gms/app_chimera/m/00000004/DynamiteModulesC.apk Binary XML file line #15
06-12 17:21:08.887   537  2458 E RecoverySnapshotStorage: Error reading snapshot for 10128 from disk
06-12 17:21:08.887   537  2458 E RecoverySnapshotStorage: java.io.FileNotFoundException: /data/system/recoverablekeystore/snapshots/10128.xml: open failed: ENOENT (No such file or directory)
06-12 17:21:08.887   537  2458 E RecoverySnapshotStorage: 	at libcore.io.IoBridge.open(IoBridge.java:574)
06-12 17:21:08.887   537  2458 E RecoverySnapshotStorage: 	at java.io.FileInputStream.<init>(FileInputStream.java:160)
06-12 17:21:08.887   537  2458 E RecoverySnapshotStorage: 	at com.android.server.locksettings.recoverablekeystore.storage.RecoverySnapshotStorage.readFromDisk(RecoverySnapshotStorage.java:152)
06-12 17:21:08.887   537  2458 E RecoverySnapshotStorage: 	at com.android.server.locksettings.recoverablekeystore.storage.RecoverySnapshotStorage.get(RecoverySnapshotStorage.java:104)
06-12 17:21:08.887   537  2458 E RecoverySnapshotStorage: 	at com.android.server.locksettings.recoverablekeystore.RecoverableKeyStoreManager.getKeyChainSnapshot(RecoverableKeyStoreManager.java:369)
06-12 17:21:08.887   537  2458 E RecoverySnapshotStorage: 	at com.android.server.locksettings.LockSettingsService.getKeyChainSnapshot(LockSettingsService.java:2494)
06-12 17:21:08.887   537  2458 E RecoverySnapshotStorage: 	at com.android.internal.widget.ILockSettings$Stub.onTransact(ILockSettings.java:838)
06-12 17:21:08.887   537  2458 E RecoverySnapshotStorage: 	at android.os.Binder.execTransactInternal(Binder.java:1339)
06-12 17:21:08.887   537  2458 E RecoverySnapshotStorage: 	at android.os.Binder.execTransact(Binder.java:1275)
06-12 17:21:08.887   537  2458 E RecoverySnapshotStorage: Caused by: android.system.ErrnoException: open failed: ENOENT (No such file or directory)
06-12 17:21:08.887   537  2458 E RecoverySnapshotStorage: 	at libcore.io.Linux.open(Native Method)
06-12 17:21:08.887   537  2458 E RecoverySnapshotStorage: 	at libcore.io.ForwardingOs.open(ForwardingOs.java:563)
06-12 17:21:08.887   537  2458 E RecoverySnapshotStorage: 	at libcore.io.BlockGuardOs.open(BlockGuardOs.java:274)
06-12 17:21:08.887   537  2458 E RecoverySnapshotStorage: 	at libcore.io.IoBridge.open(IoBridge.java:560)
06-12 17:21:08.887   537  2458 E RecoverySnapshotStorage: 	... 8 more
06-12 17:21:08.890   537  2458 W PlatformKeyManager: Platform generation ID was 0 but no entry was present in AndroidKeyStore. Generating fresh key.
06-12 17:21:08.894   175   186 E keystore2: system/security/keystore2/src/error.rs:180 - system/security/keystore2/src/security_level.rs:684
06-12 17:21:08.894   175   186 E keystore2: 
06-12 17:21:08.894   175   186 E keystore2: Caused by:
06-12 17:21:08.894   175   186 E keystore2:     0: system/security/keystore2/src/security_level.rs:199
06-12 17:21:08.894   175   186 E keystore2:     1: system/security/keystore2/src/security_level.rs:176: Failed to handle super encryption.
06-12 17:21:08.894   175   186 E keystore2:     2: system/security/keystore2/src/super_key.rs:762: User ECDH key missing.
06-12 17:21:08.894   175   186 E keystore2:     3: Error::Rc(r#SYSTEM_ERROR)
06-12 17:21:08.898  1537  4992 W RecoverableKeyStoreGms: [WrappingKeyManager] InternalRecoveryServiceException during wrapping key generation [CONTEXT service_id=172 ]
06-12 17:21:08.898  1537  4992 W RecoverableKeyStoreGms: android.security.keystore.recovery.InternalRecoveryServiceException: Failed to import secret key.
06-12 17:21:08.898  1537  4992 W RecoverableKeyStoreGms: 	at android.security.keystore.recovery.RecoveryController.wrapUnexpectedServiceSpecificException(RecoveryController.java:783)
06-12 17:21:08.898  1537  4992 W RecoverableKeyStoreGms: 	at android.security.keystore.recovery.RecoveryController.generateKey(RecoveryController.java:569)
06-12 17:21:08.898  1537  4992 W RecoverableKeyStoreGms: 	at qiw.f(:com.google.android.gms@231818044@23.18.18 (190400-535401451):3)
06-12 17:21:08.898  1537  4992 W RecoverableKeyStoreGms: 	at qiw.e(:com.google.android.gms@231818044@23.18.18 (190400-535401451):15)
06-12 17:21:08.898  1537  4992 W RecoverableKeyStoreGms: 	at qfw.f(:com.google.android.gms@231818044@23.18.18 (190400-535401451):68)
06-12 17:21:08.898  1537  4992 W RecoverableKeyStoreGms: 	at com.google.android.gms.auth.folsom.operation.GserviceChangeIntentOperation.onHandleIntent(:com.google.android.gms@231818044@23.18.18 (190400-535401451):8)
06-12 17:21:08.898  1537  4992 W RecoverableKeyStoreGms: 	at com.google.android.chimera.IntentOperation.onHandleIntent(:com.google.android.gms@231818044@23.18.18 (190400-535401451):2)
06-12 17:21:08.898  1537  4992 W RecoverableKeyStoreGms: 	at zhv.onHandleIntent(:com.google.android.gms@231818044@23.18.18 (190400-535401451):4)
06-12 17:21:08.898  1537  4992 W RecoverableKeyStoreGms: 	at hjm.run(:com.google.android.gms@231818044@23.18.18 (190400-535401451):3)
06-12 17:21:08.898  1537  4992 W RecoverableKeyStoreGms: 	at hjl.run(:com.google.android.gms@231818044@23.18.18 (190400-535401451):11)
06-12 17:21:08.898  1537  4992 W RecoverableKeyStoreGms: 	at dfhf.run(:com.google.android.gms@231818044@23.18.18 (190400-535401451):2)
06-12 17:21:08.898  1537  4992 W RecoverableKeyStoreGms: 	at java.util.concurrent.ThreadPoolExecutor.runWorker(ThreadPoolExecutor.java:1145)
06-12 17:21:08.898  1537  4992 W RecoverableKeyStoreGms: 	at java.util.concurrent.ThreadPoolExecutor$Worker.run(ThreadPoolExecutor.java:644)
06-12 17:21:08.898  1537  4992 W RecoverableKeyStoreGms: 	at java.lang.Thread.run(Thread.java:1012)
06-12 17:21:08.898  1537  4992 W RecoverableKeyStoreGms: Caused by: android.os.ServiceSpecificException: Failed to import secret key. (code 22)
06-12 17:21:08.898  1537  4992 W RecoverableKeyStoreGms: 	at android.os.Parcel.createExceptionOrNull(Parcel.java:3071)
06-12 17:21:08.898  1537  4992 W RecoverableKeyStoreGms: 	at android.os.Parcel.createException(Parcel.java:3041)
06-12 17:21:08.898  1537  4992 W RecoverableKeyStoreGms: 	at android.os.Parcel.readException(Parcel.java:3024)
06-12 17:21:08.898  1537  4992 W RecoverableKeyStoreGms: 	at android.os.Parcel.readException(Parcel.java:2966)
06-12 17:21:08.898  1537  4992 W RecoverableKeyStoreGms: 	at com.android.internal.widget.ILockSettings$Stub$Proxy.generateKey(ILockSettings.java:1679)
06-12 17:21:08.898  1537  4992 W RecoverableKeyStoreGms: 	at android.security.keystore.recovery.RecoveryController.generateKey(RecoveryController.java:556)
06-12 17:21:08.898  1537  4992 W RecoverableKeyStoreGms: 	... 12 more
06-12 17:21:08.904  1537  4707 W MobileDataHub: [Service] appsupload-periodic periodic task disabled
06-12 17:21:08.905  1714  1970 I SP.AiAi : Scheduling job with delay of 0s for {W:b:I:l, bg}, 1 candidates
06-12 17:21:08.914  1537  4992 I MS_Utils: version of com.google.android.apps.maps = 1066937505
06-12 17:21:08.917  1537  4992 I MdiSyncModule: flag handling is skipping irrelevant intent.
06-12 17:21:08.926  1537  4709 I SystemUpdate: [Installation,ReceiverIntentOperation] Received intent: Intent { act=com.google.gservices.intent.action.GSERVICES_CHANGED flg=0x1000010 pkg=com.google.android.gms cmp=com.google.android.gms/.chimera.GmsIntentOperationService (has extras) }.
06-12 17:21:08.945   537   607 I RemoteProvisionSysSvc: getRegistration(android.hardware.security.keymint.IRemotelyProvisionedComponent/default)
06-12 17:21:08.962   537   537 I RegistrationProxy: onServiceConnected: com.android.rkpdapp.service.RemoteProvisioningService
06-12 17:21:08.972   152   152 I servicemanager: Found android.hardware.security.keymint.IRemotelyProvisionedComponent/default in device VINTF manifest.
06-12 17:21:08.971   537  2458 I RegistrationProxy: IGetRegistrationCallback.onSuccess
06-12 17:21:08.976  1537  4707 I SystemUpdate: [Execution,InstallationEventIntentOperation] Handling event of type 2.
06-12 17:21:08.980   537  1334 I RemoteProvisionSysSvc: Fetching key 10128 for client 187203199
06-12 17:21:08.981   537  1334 I RegistrationProxy: getKeyAsync operation started with callback 201506380
06-12 17:21:08.981  3776  3827 I RkpdRegistrationBinder: Key requested for : android.hardware.security.keymint.IRemotelyProvisionedComponent/default, clientUid: 1017, keyId: 10128, callback: 1265595
06-12 17:21:08.982  3776  3827 I RkpdRegistrationBinder: Key successfully assigned to client
06-12 17:21:08.983   537   537 I RemoteProvisionSysSvc: Successfully fetched key for client 187203199
06-12 17:21:08.993  1537  4992 I OcrModelUpStIntentOp: Downloading text recognizer
06-12 17:21:08.994  1537  4773 I SystemUpdate: [Execution,InstallationIntentOperation] Received intent: Intent { act=com.google.android.gms.update.INSTALL_UPDATE cat=[targeted_intent_op_prefix:.update.execution.InstallationIntentOperation] cmp=com.google.android.gms/.chimera.GmsIntentOperationService }.
06-12 17:21:08.994  1537  4773 I SystemUpdate: [Execution,ExecutionManager] Action finished-execution executed for 0.00 seconds.
06-12 17:21:09.014  1469  3743 W NetworkScheduler: The extras of the task (com.google.android.gms.ocr.service.ModelCleanUpTaskService:type_[4]) are not valid to be persisted so that the task is not persisted [CONTEXT service_id=218 ]
06-12 17:21:09.014  1469  3743 W NetworkScheduler: java.lang.IllegalArgumentException: Only the following extra parameter types are supported: Integer, Long, Double, String, Boolean, and nested Bundles with the same restrictions.
06-12 17:21:09.014  1469  3743 W NetworkScheduler: 	at awaz.e(:com.google.android.gms@231818044@23.18.18 (190400-535401451):10)
06-12 17:21:09.014  1469  3743 W NetworkScheduler: 	at byui.f(:com.google.android.gms@231818044@23.18.18 (190400-535401451):44)
06-12 17:21:09.014  1469  3743 W NetworkScheduler: 	at bytb.n(:com.google.android.gms@231818044@23.18.18 (190400-535401451):3)
06-12 17:21:09.014  1469  3743 W NetworkScheduler: 	at bytb.u(:com.google.android.gms@231818044@23.18.18 (190400-535401451):20)
06-12 17:21:09.014  1469  3743 W NetworkScheduler: 	at bytb.h(:com.google.android.gms@231818044@23.18.18 (190400-535401451):3)
06-12 17:21:09.014  1469  3743 W NetworkScheduler: 	at byot.run(:com.google.android.gms@231818044@23.18.18 (190400-535401451):9)
06-12 17:21:09.014  1469  3743 W NetworkScheduler: 	at aced.c(:com.google.android.gms@231818044@23.18.18 (190400-535401451):6)
06-12 17:21:09.014  1469  3743 W NetworkScheduler: 	at aced.run(:com.google.android.gms@231818044@23.18.18 (190400-535401451):8)
06-12 17:21:09.014  1469  3743 W NetworkScheduler: 	at java.util.concurrent.ThreadPoolExecutor.runWorker(ThreadPoolExecutor.java:1145)
06-12 17:21:09.014  1469  3743 W NetworkScheduler: 	at java.util.concurrent.ThreadPoolExecutor$Worker.run(ThreadPoolExecutor.java:644)
06-12 17:21:09.014  1469  3743 W NetworkScheduler: 	at acjn.run(:com.google.android.gms@231818044@23.18.18 (190400-535401451):0)
06-12 17:21:09.014  1469  3743 W NetworkScheduler: 	at java.lang.Thread.run(Thread.java:1012)
06-12 17:21:09.044  1469  3300 I NetworkScheduler: ignoring stale queue check message
06-12 17:21:09.068  1469  4994 I GCoreUlr: WorldUpdater received intent Intent { act=com.google.android.location.reporting.ACTION_UPDATE_WORLD cmp=com.google.android.gms/com.google.android.location.reporting.service.DispatchingService (has extras) } with receiverAction com.google.gservices.intent.action.GSERVICES_CHANGED
06-12 17:21:09.092  2010  5072 D DownloadManager: [2] Finished with status SUCCESS
06-12 17:21:09.095  1469  4994 I GCoreUlr: WorldUpdater:com.google.gservices.intent.action.GSERVICES_CHANGED: Ensuring that reporting is stopped because of reasons: (no Google accounts)
06-12 17:21:09.112  1469  4994 I GCoreUlr: Unbound from all signal providers.
06-12 17:21:09.127  1714  1970 I SP.AiAi : Scheduling: download stopped, 0 started, 0 paused, 1 scheduled, 5 pending: manifests:spelling_correction-22110320 * {W:b:I:l, bg}, actions-ranking-table:table_5f787033cc44fc7a8804e0030b2bf848 @ {W:b:u:l, bg}, manifests:text-classifier-annotator-272525175 @ {W:b:u:l, bg}, manifests:text-classifier-actions-1140547708 @ {W:b:u:l, bg}, manifests:text-classifier-langid-1941001461 @ {W:b:u:l, bg}
06-12 17:21:09.147  2010  5085 D DownloadManager: [3] Starting
06-12 17:21:09.159  1469  1469 I GCoreUlr: Unbound from all signal providers.
06-12 17:21:09.159  1469  1469 I GCoreUlr: Stopping handler for UlrDispSvcFast
06-12 17:21:09.166  2010  5085 D TrafficStats: tagSocket(78) with statsTag=0xffffff01, statsUid=10118
06-12 17:21:09.179  3168  4806 W SystemServiceRegistry: No service published for: persistent_data_block
06-12 17:21:09.187  1469  3743 W NetworkScheduler: The extras of the task (com.google.android.gms.ocr.service.ModelCleanUpTaskService:type_[4]) are not valid to be persisted so that the task is not persisted [CONTEXT service_id=218 ]
06-12 17:21:09.187  1469  3743 W NetworkScheduler: java.lang.IllegalArgumentException: Only the following extra parameter types are supported: Integer, Long, Double, String, Boolean, and nested Bundles with the same restrictions.
06-12 17:21:09.187  1469  3743 W NetworkScheduler: 	at awaz.e(:com.google.android.gms@231818044@23.18.18 (190400-535401451):10)
06-12 17:21:09.187  1469  3743 W NetworkScheduler: 	at byui.f(:com.google.android.gms@231818044@23.18.18 (190400-535401451):44)
06-12 17:21:09.187  1469  3743 W NetworkScheduler: 	at bytb.n(:com.google.android.gms@231818044@23.18.18 (190400-535401451):3)
06-12 17:21:09.187  1469  3743 W NetworkScheduler: 	at bytb.u(:com.google.android.gms@231818044@23.18.18 (190400-535401451):20)
06-12 17:21:09.187  1469  3743 W NetworkScheduler: 	at bytb.h(:com.google.android.gms@231818044@23.18.18 (190400-535401451):3)
06-12 17:21:09.187  1469  3743 W NetworkScheduler: 	at byot.run(:com.google.android.gms@231818044@23.18.18 (190400-535401451):9)
06-12 17:21:09.187  1469  3743 W NetworkScheduler: 	at aced.c(:com.google.android.gms@231818044@23.18.18 (190400-535401451):6)
06-12 17:21:09.187  1469  3743 W NetworkScheduler: 	at aced.run(:com.google.android.gms@231818044@23.18.18 (190400-535401451):8)
06-12 17:21:09.187  1469  3743 W NetworkScheduler: 	at java.util.concurrent.ThreadPoolExecutor.runWorker(ThreadPoolExecutor.java:1145)
06-12 17:21:09.187  1469  3743 W NetworkScheduler: 	at java.util.concurrent.ThreadPoolExecutor$Worker.run(ThreadPoolExecutor.java:644)
06-12 17:21:09.187  1469  3743 W NetworkScheduler: 	at acjn.run(:com.google.android.gms@231818044@23.18.18 (190400-535401451):0)
06-12 17:21:09.187  1469  3743 W NetworkScheduler: 	at java.lang.Thread.run(Thread.java:1012)
06-12 17:21:09.188  1469  3743 I NetworkScheduler.Stats: Task com.google.android.gms/com.google.android.gms.gass.chimera.SchedulePeriodicTasksService started execution. cause:5 exec_start_elapsed_seconds: 82 [CONTEXT service_id=218 ]
06-12 17:21:09.236  1469  3743 I NetworkScheduler.Stats: Task com.google.android.gms/com.google.android.gms.gass.chimera.SchedulePeriodicTasksService finished executing. cause:5 result: 1 elapsed_millis: 2797 uptime_millis: 2797 exec_start_elapsed_seconds: 82 [CONTEXT service_id=218 ]
06-12 17:21:09.279  1469  3743 W NetworkScheduler: The extras of the task (com.google.android.gms.ocr.service.ModelCleanUpTaskService:type_[4]) are not valid to be persisted so that the task is not persisted [CONTEXT service_id=218 ]
06-12 17:21:09.279  1469  3743 W NetworkScheduler: java.lang.IllegalArgumentException: Only the following extra parameter types are supported: Integer, Long, Double, String, Boolean, and nested Bundles with the same restrictions.
06-12 17:21:09.279  1469  3743 W NetworkScheduler: 	at awaz.e(:com.google.android.gms@231818044@23.18.18 (190400-535401451):10)
06-12 17:21:09.279  1469  3743 W NetworkScheduler: 	at byui.f(:com.google.android.gms@231818044@23.18.18 (190400-535401451):44)
06-12 17:21:09.279  1469  3743 W NetworkScheduler: 	at bytb.n(:com.google.android.gms@231818044@23.18.18 (190400-535401451):3)
06-12 17:21:09.279  1469  3743 W NetworkScheduler: 	at bytb.u(:com.google.android.gms@231818044@23.18.18 (190400-535401451):20)
06-12 17:21:09.279  1469  3743 W NetworkScheduler: 	at bytb.h(:com.google.android.gms@231818044@23.18.18 (190400-535401451):3)
06-12 17:21:09.279  1469  3743 W NetworkScheduler: 	at byot.run(:com.google.android.gms@231818044@23.18.18 (190400-535401451):9)
06-12 17:21:09.279  1469  3743 W NetworkScheduler: 	at aced.c(:com.google.android.gms@231818044@23.18.18 (190400-535401451):6)
06-12 17:21:09.279  1469  3743 W NetworkScheduler: 	at aced.run(:com.google.android.gms@231818044@23.18.18 (190400-535401451):8)
06-12 17:21:09.279  1469  3743 W NetworkScheduler: 	at java.util.concurrent.ThreadPoolExecutor.runWorker(ThreadPoolExecutor.java:1145)
06-12 17:21:09.279  1469  3743 W NetworkScheduler: 	at java.util.concurrent.ThreadPoolExecutor$Worker.run(ThreadPoolExecutor.java:644)
06-12 17:21:09.279  1469  3743 W NetworkScheduler: 	at acjn.run(:com.google.android.gms@231818044@23.18.18 (190400-535401451):0)
06-12 17:21:09.279  1469  3743 W NetworkScheduler: 	at java.lang.Thread.run(Thread.java:1012)
06-12 17:21:09.288   349  5087 I resolv  : GetAddrInfoHandler::run: {100 786532 100 983140 10128 0}
06-12 17:21:09.290  3168  4806 D TrafficStats: tagSocket(125) with statsTag=0x1809, statsUid=-1
06-12 17:21:09.293  3168  4806 D TrafficStats: tagSocket(125) with statsTag=0x1809, statsUid=-1
06-12 17:21:09.296  3168  4806 D TrafficStats: tagSocket(125) with statsTag=0x1809, statsUid=-1
06-12 17:21:09.300  1966  2294 I HttpGrpcBindableService: Responding with header information for URL 'https://gstatic.com/matchmaker/kg_actions_ranking_table/211005/table_5f787033cc44fc7a8804e0030b2bf848.zip'
06-12 17:21:09.302  1714  2243 I AstreaHttpConnection: Started download from url='https://gstatic.com/matchmaker/kg_actions_ranking_table/211005/table_5f787033cc44fc7a8804e0030b2bf848.zip'
06-12 17:21:09.302  1966  3524 I HttpGrpcBindableService: [pfd-write] DOWNLOAD COMPLETE: Downloaded 309 bytes from URL [https://gstatic.com/matchmaker/kg_actions_ranking_table/211005/table_5f787033cc44fc7a8804e0030b2bf848.zip].
06-12 17:21:09.303  1714  2243 I AstreaHttpConnection: Download completed for url [https://gstatic.com/matchmaker/kg_actions_ranking_table/211005/table_5f787033cc44fc7a8804e0030b2bf848.zip].
06-12 17:21:09.304  1714  1970 I SP.AiAi : Download stopped: actions-ranking-table:table_5f787033cc44fc7a8804e0030b2bf848, succeeded, size: 309
06-12 17:21:09.299  3168  3168 W binder:3168_6: type=1400 audit(0.0:46): avc:  denied  { read } for  name="u:object_r:system_adbd_prop:s0" dev="tmpfs" ino=283 scontext=u:r:gmscore_app:s0:c512,c768 tcontext=u:object_r:system_adbd_prop:s0 tclass=file permissive=0 app=com.google.android.gms
06-12 17:21:09.303  3168  3168 W binder:3168_6: type=1400 audit(0.0:47): avc:  denied  { read } for  name="u:object_r:adbd_prop:s0" dev="tmpfs" ino=51 scontext=u:r:gmscore_app:s0:c512,c768 tcontext=u:object_r:adbd_prop:s0 tclass=file permissive=0 app=com.google.android.gms
06-12 17:21:09.307  3168  4806 W libc    : Access denied finding property "persist.adb.tls_server.enable"
06-12 17:21:09.307  3168  4806 W libc    : Access denied finding property "service.adb.tls.port"
06-12 17:21:09.338  1966  2294 I HttpGrpcBindableService: Downloading requested for URL 'https://gstatic.com/matchmaker/tclib_models/annotator/v803/en/superpacks_manifest.zip'
06-12 17:21:09.340  1714  1970 I SP.AiAi : Scheduling job with delay of 0s for {W:b:I:l, bg}, 1 candidates
06-12 17:21:09.359  1469  4994 I NetworkScheduler.Stats: Task com.google.android.gms/com.google.android.gms.pay.gcmtask.PayGcmTaskService started execution. cause:5 exec_start_elapsed_seconds: 85 [CONTEXT service_id=218 ]
06-12 17:21:09.370  1469  3724 W GoogleCertificatesImpl: Source stamp verification failed, package: com.google.android.webview status: CANNOT_VERIFY
06-12 17:21:09.390  1714  1970 I SP.AiAi : Scheduling: download stopped, 0 started, 0 paused, 1 scheduled, 4 pending: manifests:spelling_correction-22110320 * {W:b:I:l, bg}, manifests:text-classifier-annotator-272525175 @ {W:b:u:l, bg}, manifests:text-classifier-actions-1140547708 @ {W:b:u:l, bg}, manifests:text-classifier-langid-1941001461 @ {W:b:u:l, bg}
06-12 17:21:09.439  1469  3743 I NetworkScheduler.Stats: Task com.google.android.gms/com.google.android.gms.pay.gcmtask.PayGcmTaskService finished executing. cause:5 result: 1 elapsed_millis: 117 uptime_millis: 117 exec_start_elapsed_seconds: 85 [CONTEXT service_id=218 ]
06-12 17:21:09.468  1714  1940 I SP.AiAi : Sync for captions_i18n_v0_en-US succeeded in 40495 ms: {added: [asr_en-US_v3003], metadata: false
06-12 17:21:09.507  1469  4994 I NetworkScheduler.Stats: Task com.google.android.gms/com.google.android.gms.pay.gcmtask.PayGcmTaskService started execution. cause:5 exec_start_elapsed_seconds: 85 [CONTEXT service_id=218 ]
06-12 17:21:09.507  1714  1940 I SP.AiAi : GC for 'captions_i18n_v0_en-US' (10) with ttl of 0 ms took 0 ms (0/0/0)
06-12 17:21:09.507  1714  1940 I SP.AiAi : Sync for kg_collections_table succeeded in 43944 ms: {added: [collections_table_main_21980965fbd997111d89f86c16e9e090], metadata: false
06-12 17:21:09.520  1469  3411 I TapAndPay: Disabling TapAndPay HCE service [CONTEXT service_id=79 ]
06-12 17:21:09.521  1714  1940 I AiAiNowPlaying: Superpacks changed. Refreshing FA controller
06-12 17:21:09.523  1714  1940 I SP.AiAi : GC for 'kg_collections_table' (10) with ttl of 0 ms took 0 ms (0/0/0)
06-12 17:21:09.525  1537  4990 I Checkin : [CheckinOperation] Starting Checkin: Default Task Reason : 1 Force : false UserId : 0 Start time : 85823
06-12 17:21:09.529  1537  4737 W Pay     : Active account was null, notification task will be cancelled. [CONTEXT service_id=198 ]
06-12 17:21:09.529  1537  4737 E Pay     : [Migration operation] Active tapandpay account not found! [CONTEXT service_id=198 ]
06-12 17:21:09.532  1537  4990 I CheckinUtil: Classify the device as Phone. [CONTEXT service_id=130 ]
06-12 17:21:09.537  1537  1537 D BoundBrokerSvc: onBind: Intent { act=com.google.android.gms.pay.service.BIND dat=chimera-action:/... cmp=com.google.android.gms/.chimera.GmsApiService }
06-12 17:21:09.538  1537  1537 D BoundBrokerSvc: Loading bound service for intent: Intent { act=com.google.android.gms.pay.service.BIND dat=chimera-action:/... cmp=com.google.android.gms/.chimera.GmsApiService }
06-12 17:21:09.543  1714  1940 I AiAiNowPlaying: Superpacks changed. Refreshing FA controller
06-12 17:21:09.544  1537  4737 I Pay     : Migration flag not enabled. [CONTEXT service_id=198 ]
06-12 17:21:09.546  1714  4231 I AiAiCaptions: downloadSuperpack(): Successfully downloaded superpack 'captions_i18n_v0_en-US' version 20210623.
06-12 17:21:09.555  1714  3807 I AiAiTextClassifier: [ResourceDownloaderImpl]: downloadResource(): Successfully downloaded superpack 'kg_collections_table', download version 21051103.
06-12 17:21:09.555  1714  2476 I AiAiCaptions: ComponentsManagerImpl::update()
06-12 17:21:09.555  1714  2476 I AiAiCaptions: updateBasicComponents::updateBasicComponents()
06-12 17:21:09.558  1714  2476 I AiAiCaptions: Would enable com.google.android.apps.miphone.aiai.captions.settingsui.settingsactivity.CaptionsSettingsActivity but already enabled
06-12 17:21:09.558  1714  2476 I AiAiCaptions: Would enable com.google.android.apps.miphone.aiai.captions.CaptionsSettingsActivity but already enabled
06-12 17:21:09.559  1714  2476 I AiAiCaptions: Would enable com.google.android.apps.miphone.aiai.captions.downloadservice.CaptionsDownloadService but already enabled
06-12 17:21:09.566  1714  2476 I AiAiCaptions: initialize(): bound to superpacks service.
06-12 17:21:09.583  1537  4990 I Checkin : [AndroidCheckinProtoModule] Checkin reason type: 1 attempt count: 1.
06-12 17:21:09.602  1537  1537 D BoundBrokerSvc: onUnbind: Intent { act=com.google.android.mdd.service.START dat=chimera-action:/... cmp=com.google.android.gms/.chimera.GmsBoundBrokerService }
06-12 17:21:09.618  1537  4737 I Pay     : Attempting migration; GP2 not installed. [CONTEXT service_id=198 ]
06-12 17:21:09.626  1714  1940 I SP.AiAi : Sync for actions-ranking-table succeeded in 44062 ms: {added: [table_5f787033cc44fc7a8804e0030b2bf848], metadata: false
06-12 17:21:09.661  1714  1940 I SP.AiAi : GC for 'actions-ranking-table' (10) with ttl of 0 ms took 0 ms (0/0/0)
06-12 17:21:09.661  1714  1940 I AiAiNowPlaying: Superpacks changed. Refreshing FA controller
06-12 17:21:09.661  1714  2476 I AiAiCaptions: Enable com.google.android.apps.miphone.aiai.captions.CaptionsForegroundService
06-12 17:21:09.663   537   963 D PackageManager: Instant App installer not found with android.intent.action.INSTALL_INSTANT_APP_PACKAGE
06-12 17:21:09.663   537   963 D PackageManager: Clear ephemeral installer activity
06-12 17:21:09.668  1714  3807 I AiAiTextClassifier: [ResourceDownloaderImpl]: downloadResource(): Successfully downloaded superpack 'actions-ranking-table', download version 211005.
06-12 17:21:09.672  1714  2476 I AiAiCaptions: initialize(): bound to superpacks service.
06-12 17:21:09.675  1537  4737 I Pay     : Attempting migration; GP2 not installed. [CONTEXT service_id=198 ]
06-12 17:21:09.676  1714  2476 I AiAiCaptions: shouldEnableCaptionsForCalls: isCallCaptioningEnabled is true
06-12 17:21:09.677  1714  2476 I AiAiCaptions: Enable com.google.android.apps.miphone.aiai.captions.tulip.audiosource.impl.CIS
06-12 17:21:09.678   537  2458 D PackageManager: Instant App installer not found with android.intent.action.INSTALL_INSTANT_APP_PACKAGE
06-12 17:21:09.678   537  2458 D PackageManager: Clear ephemeral installer activity
06-12 17:21:09.687   349  5091 I resolv  : GetAddrInfoHandler::run: {100 786532 100 983140 10128 0}
06-12 17:21:09.688   349  5093 I resolv  : res_nmkquery: (QUERY, IN, A)
06-12 17:21:09.688   349  5093 I resolv  : resolv_cache_lookup: FOUND IN CACHE entry=0xb40000792e094e50
06-12 17:21:09.688   349  5093 I resolv  : doQuery: rcode=0, ancount=4, return value=359
06-12 17:21:09.693   349  5092 I resolv  : res_nmkquery: (QUERY, IN, AAAA)
06-12 17:21:09.693  1537  4737 I Pay     : Migration flag not enabled. [CONTEXT service_id=198 ]
06-12 17:21:09.693  1537  4737 I Pay     : Migration flag not enabled. [CONTEXT service_id=198 ]
06-12 17:21:09.693   349  5092 I resolv  : resolv_cache_lookup: FOUND IN CACHE entry=0xb40000792e0950a0
06-12 17:21:09.693   349  5092 I resolv  : doQuery: rcode=0, ancount=4, return value=407
06-12 17:21:09.694   537   546 I system_server: Background concurrent copying GC freed 909412(26MB) AllocSpace objects, 38(1192KB) LOS objects, 48% free, 25MB/49MB, paused 76us,162us total 131.750ms
06-12 17:21:09.694  1714  2476 I AiAiCaptions: initialize(): bound to superpacks service.
06-12 17:21:09.693  1537  4737 I Pay     : Migration flag not enabled. [CONTEXT service_id=198 ]
06-12 17:21:09.695  1537  4737 I Pay     : Migration flag not enabled. [CONTEXT service_id=198 ]
06-12 17:21:09.695  1537  4737 I Pay     : [SeTosMigration] walletJpEligibility is not enabled [CONTEXT service_id=198 ]
06-12 17:21:09.696  1537  4990 D TrafficStats: tagSocket(170) with statsTag=0x30000408, statsUid=-1
06-12 17:21:09.696  1714  2476 I AiAiCaptions: Enable com.google.android.apps.miphone.aiai.captions.CaptionsOnboardingService
06-12 17:21:09.698   537   963 D PackageManager: Instant App installer not found with android.intent.action.INSTALL_INSTANT_APP_PACKAGE
06-12 17:21:09.698   537   963 D PackageManager: Clear ephemeral installer activity
06-12 17:21:09.703  1714  2476 I AiAiCaptions: initialize(): bound to superpacks service.
06-12 17:21:09.704  1537  4737 I Pay     : Wallet install state NOT_INSTALLED [CONTEXT service_id=198 ]
06-12 17:21:09.705  1537  4737 I Pay     : Migration flag not enabled. [CONTEXT service_id=198 ]
06-12 17:21:09.711  1714  1956 I AiAiTextClassifier: [KnowledgeGraphCollectionsTableDownloaderImpl] reading KnowledgeGraphCollectionsTable from path /data/user/0/com.google.android.as/files/superpacks/kg_collections_table/collections_table_main_21980965fbd997111d89f86c16e9e090/collections_table.
06-12 17:21:09.718  1714  2476 I AiAiCaptions: Enable com.google.android.apps.miphone.aiai.captions.notificationbroadcastreceiver.CaptionsNotificationBroadcastReceiver
06-12 17:21:09.719   537  2458 D PackageManager: Instant App installer not found with android.intent.action.INSTALL_INSTANT_APP_PACKAGE
06-12 17:21:09.719   537  2458 D PackageManager: Clear ephemeral installer activity
06-12 17:21:09.726  1714  2476 I AiAiCaptions: initialize(): bound to superpacks service.
06-12 17:21:09.727  1714  2476 I AiAiCaptions: Enable com.google.android.apps.miphone.aiai.captions.quicksetting.CaptionsTileService
06-12 17:21:09.728   537  2458 D PackageManager: Instant App installer not found with android.intent.action.INSTALL_INSTANT_APP_PACKAGE
06-12 17:21:09.728   537  2458 D PackageManager: Clear ephemeral installer activity
06-12 17:21:09.728  1714  2476 I AiAiCaptions: initialize(): bound to superpacks service.
06-12 17:21:09.731  1714  2476 I AiAiCaptions: setVolumeControlEnabled() changing volume control state to enabled because: volume control behavior is: ENABLE
06-12 17:21:09.732  1714  2476 I AiAiCaptions: updateComponents(): Updated components state
06-12 17:21:09.733  1714  2476 I AiAiCaptions: updateTriggerState(): stopping trigger.
06-12 17:21:09.733  1714  2476 I AiAiCaptions: stop(): stop is called but CaptionsTriggerImpl already stopped
06-12 17:21:09.733  1714  4830 I AiAiEcho: Settings changed for uri: content://settings/secure/odi_captions_volume_ui_enabled
06-12 17:21:09.734  1714  1818 I AiAiEcho: Predicting[0]: 
06-12 17:21:09.734  1714  1818 I AiAiEcho: EchoTargets: 
06-12 17:21:09.734  1714  1818 I AiAiEcho: Filtered by AiAi flag check: 
06-12 17:21:09.735  1469  2738 I NetworkScheduler.Stats: Task com.google.android.gms/com.google.android.gms.pay.gcmtask.PayGcmTaskService finished executing. cause:5 result: 1 elapsed_millis: 214 uptime_millis: 214 exec_start_elapsed_seconds: 85 [CONTEXT service_id=218 ]
06-12 17:21:09.735  1714  1818 I AiAiEcho: Ranked targets strategy: SORT, count: 0, ranking metadata: 
06-12 17:21:09.737  1714  1818 I AiAiEcho: Predicting[0]: 
06-12 17:21:09.738  1714  1818 I AiAiEcho: EchoTargets: 
06-12 17:21:09.738  1714  1818 I AiAiEcho: Filtered by AiAi flag check: 
06-12 17:21:09.738  1714  1818 I AiAiEcho: Ranked targets strategy: SORT, count: 0, ranking metadata: 
06-12 17:21:09.740  1714  1818 I AiAiEcho: #postPredictionTargets: Sending updates to UISurface lockscreen with targets# 0 (types=[])
06-12 17:21:09.742  1714  1818 I AiAiEcho: #postPredictionTargets: Sending updates to UISurface home with targets# 0 (types=[])
06-12 17:21:09.742   891   891 W PageIndicator: Total number of pages invalid: 0. Assuming 1 page.
06-12 17:21:09.795  1469  4994 I NetworkScheduler.Stats: Task com.google.android.gms/com.google.android.gms.pay.gcmtask.PayGcmTaskService started execution. cause:5 exec_start_elapsed_seconds: 86 [CONTEXT service_id=218 ]
06-12 17:21:09.799  1469  2738 I NetworkScheduler.Stats: Task com.google.android.gms/com.google.android.gms.pay.gcmtask.PayGcmTaskService finished executing. cause:5 result: 1 elapsed_millis: 13 uptime_millis: 13 exec_start_elapsed_seconds: 86 [CONTEXT service_id=218 ]
06-12 17:21:09.828  1469  4994 I NetworkScheduler.Stats: Task com.google.android.gms/com.google.android.gms.ads.social.GcmSchedulerWakeupService started execution. cause:5 exec_start_elapsed_seconds: 86 [CONTEXT service_id=218 ]
06-12 17:21:09.833  1469  2738 I NetworkScheduler.Stats: Task com.google.android.gms/com.google.android.gms.ads.social.GcmSchedulerWakeupService finished executing. cause:5 result: 1 elapsed_millis: 12 uptime_millis: 12 exec_start_elapsed_seconds: 86 [CONTEXT service_id=218 ]
06-12 17:21:09.860  1469  4994 I NetworkScheduler.Stats: Task com.google.android.gms/com.google.android.gms.checkin.CheckinService started execution. cause:5 exec_start_elapsed_seconds: 86 [CONTEXT service_id=218 ]
06-12 17:21:09.891  1469  2738 I NetworkScheduler.Stats: Task com.google.android.gms/com.google.android.gms.checkin.CheckinService finished executing. cause:5 result: 3 elapsed_millis: 21 uptime_millis: 21 exec_start_elapsed_seconds: 86 [CONTEXT service_id=218 ]
06-12 17:21:09.926  1469  3743 I NetworkScheduler.Stats: Task com.google.android.gms/com.google.android.gms.udc.service.UdcContextInitService started execution. cause:5 exec_start_elapsed_seconds: 86 [CONTEXT service_id=218 ]
06-12 17:21:09.968  1469  2738 I NetworkScheduler.Stats: Task com.google.android.gms/com.google.android.gms.udc.service.UdcContextInitService finished executing. cause:5 result: 1 elapsed_millis: 53 uptime_millis: 53 exec_start_elapsed_seconds: 86 [CONTEXT service_id=218 ]
06-12 17:21:09.973  1537  4990 W Conscrypt: Could not set socket write timeout: java.net.SocketException: Socket closed
06-12 17:21:09.973  1537  4990 W Conscrypt: 	at com.google.android.gms.org.conscrypt.Platform.setSocketWriteTimeout(:com.google.android.gms@231818044@23.18.18 (190400-535401451):2)
06-12 17:21:09.973  1537  4990 W Conscrypt: 	at com.google.android.gms.org.conscrypt.ConscryptFileDescriptorSocket.setSoWriteTimeout(:com.google.android.gms@231818044@23.18.18 (190400-535401451):0)
06-12 17:21:09.973  1966  2294 I HttpGrpcBindableService: Responding with header information for URL 'https://gstatic.com/matchmaker/tclib_models/annotator/v803/en/superpacks_manifest.zip'
06-12 17:21:09.978  1966  3524 I HttpGrpcBindableService: [pfd-write] DOWNLOAD COMPLETE: Downloaded 404 bytes from URL [https://gstatic.com/matchmaker/tclib_models/annotator/v803/en/superpacks_manifest.zip].
06-12 17:21:09.979  1714  2243 I AstreaHttpConnection: Started download from url='https://gstatic.com/matchmaker/tclib_models/annotator/v803/en/superpacks_manifest.zip'
06-12 17:21:09.979  1714  2243 I AstreaHttpConnection: Download completed for url [https://gstatic.com/matchmaker/tclib_models/annotator/v803/en/superpacks_manifest.zip].
06-12 17:21:09.982  1714  1970 I SP.AiAi : Download stopped: manifests:text-classifier-annotator-272525175, succeeded, size: 404
06-12 17:21:09.988  1966  2294 I HttpGrpcBindableService: Downloading requested for URL 'https://gstatic.com/matchmaker/tclib_models/actions/v104/en-us/superpacks_manifest.zip'
06-12 17:21:09.997  1714  1970 I SP.AiAi : Scheduling job with delay of 0s for {W:b:I:l, bg}, 1 candidates
06-12 17:21:10.009  1714  1970 I SP.AiAi : Scheduling: download stopped, 0 started, 0 paused, 1 scheduled, 3 pending: manifests:spelling_correction-22110320 * {W:b:I:l, bg}, manifests:text-classifier-actions-1140547708 @ {W:b:u:l, bg}, manifests:text-classifier-langid-1941001461 @ {W:b:u:l, bg}
06-12 17:21:10.020  1469  3743 I NetworkScheduler.Stats: Task com.google.android.gms/com.google.android.gms.ipa.base.IpaGcmTaskService started execution. cause:5 exec_start_elapsed_seconds: 86 [CONTEXT service_id=218 ]
06-12 17:21:10.040  1469  4994 I NetworkScheduler.Stats: Task com.google.android.gms/com.google.android.gms.ipa.base.IpaGcmTaskService finished executing. cause:5 result: 1 elapsed_millis: 31 uptime_millis: 31 exec_start_elapsed_seconds: 86 [CONTEXT service_id=218 ]
06-12 17:21:10.094  1714  1940 I SP.AiAi : Successfully got manifest for text-classifier-annotator-manifest: manifests:text-classifier-annotator-272525175
06-12 17:21:10.097  1469  3743 I NetworkScheduler.Stats: Task com.google.android.gms/com.google.android.gms.pay.gcmtask.PayGcmTaskService started execution. cause:5 exec_start_elapsed_seconds: 86 [CONTEXT service_id=218 ]
06-12 17:21:10.099  1469  3411 I TapAndPay: Disabling TapAndPay HCE service [CONTEXT service_id=79 ]
06-12 17:21:10.100  1537  4737 W Pay     : Active account was null, notification task will be cancelled. [CONTEXT service_id=198 ]
06-12 17:21:10.100  1537  4737 W Pay     : No account found on the task or the device. Notification task will not be rescheduled. [CONTEXT service_id=198 ]
06-12 17:21:10.103  1469  4994 I NetworkScheduler.Stats: Task com.google.android.gms/com.google.android.gms.pay.gcmtask.PayGcmTaskService finished executing. cause:5 result: 2 elapsed_millis: 17 uptime_millis: 17 exec_start_elapsed_seconds: 86 [CONTEXT service_id=218 ]
06-12 17:21:10.108  1714  3807 I AiAiTextClassifier: [ResourceDownloaderImpl]: downloadResource(): Successfully loaded embedded superpacks manifest for 'text-classifier-annotator' (download version 272525175), starting to download superpack.
06-12 17:21:10.110  1714  1940 I SP.AiAi : Syncing text-classifier-annotator (272525175) with slices: [tc_model_a3d2c1298643d7cc3b5703308fd5b2d0], metadata: false
06-12 17:21:10.147  1469  3743 I NetworkScheduler.Stats: Task com.google.android.gms/com.google.android.gms.pay.gcmtask.PayGcmTaskService started execution. cause:5 exec_start_elapsed_seconds: 86 [CONTEXT service_id=218 ]
06-12 17:21:10.150  1469  3411 I TapAndPay: Disabling TapAndPay HCE service [CONTEXT service_id=79 ]
06-12 17:21:10.158  1469  4994 I NetworkScheduler.Stats: Task com.google.android.gms/com.google.android.gms.pay.gcmtask.PayGcmTaskService finished executing. cause:5 result: 1 elapsed_millis: 20 uptime_millis: 20 exec_start_elapsed_seconds: 86 [CONTEXT service_id=218 ]
06-12 17:21:10.162  1714  1940 I SP.AiAi : Scheduling job with delay of 0s for {W:b:I:l, bg}, 1 candidates
06-12 17:21:10.162  1714  1970 I SP.AiAi : Requesting download of URL https://gstatic.com/matchmaker/tclib_models/annotator/v803/en/tc_model_a3d2c1298643d7cc3b5703308fd5b2d0.zip to tc_model_a3d2c1298643d7cc3b5703308fd5b2d0.zip.fetched (constraints: W:b:u:l)
06-12 17:21:10.171  1714  1940 I SP.AiAi : Scheduling: download registered, 1 started, 0 paused, 1 scheduled, 4 pending: manifests:spelling_correction-22110320 * {W:b:I:l, bg}, manifests:text-classifier-actions-1140547708 @ {W:b:u:l, bg}, manifests:text-classifier-langid-1941001461 @ {W:b:u:l, bg}, text-classifier-annotator:tc_model_a3d2c1298643d7cc3b5703308fd5b2d0 @ * {W:b:u:l, bg}
06-12 17:21:10.184  1537  4990 W Conscrypt: Could not set socket write timeout: java.net.SocketException: Socket closed
06-12 17:21:10.184  1537  4990 W Conscrypt: 	at com.google.android.gms.org.conscrypt.Platform.setSocketWriteTimeout(:com.google.android.gms@231818044@23.18.18 (190400-535401451):2)
06-12 17:21:10.184  1537  4990 W Conscrypt: 	at com.google.android.gms.org.conscrypt.ConscryptFileDescriptorSocket.setSoWriteTimeout(:com.google.android.gms@231818044@23.18.18 (190400-535401451):0)
06-12 17:21:10.203  1469  3743 I NetworkScheduler.Stats: Task com.google.android.gms/com.google.android.gms.gcm.gmsproc.GcmInGmsTaskService started execution. cause:5 exec_start_elapsed_seconds: 86 [CONTEXT service_id=218 ]
06-12 17:21:10.203  1537  4737 I GCM-GMS : Registering GMS for direct boot.
06-12 17:21:10.271  5097  5097 D AndroidRuntime: >>>>>> START com.android.internal.os.RuntimeInit uid 2000 <<<<<<
06-12 17:21:10.283  5097  5097 I AndroidRuntime: Using default boot image
06-12 17:21:10.283  5097  5097 I AndroidRuntime: Leaving lock profiling enabled
06-12 17:21:10.286  5097  5097 I app_process: Core platform API reporting enabled, enforcing=false
06-12 17:21:10.286  5097  5097 I app_process: Using CollectorTypeCC GC.
06-12 17:21:10.350  2010  5085 D DownloadManager: [3] Finished with status SUCCESS
