06-12 17:21:05.710  1125  4474 W SliceData: Highlight menu key res is empty: com.android.settings.deviceinfo.firmwareversion.FirmwareVersionDetailPreferenceController
06-12 17:21:05.717  1125  4474 D SettingsSliceProvider: Built slice (content://com.android.settings.slices/action/os_firmware_version) in: 7
06-12 17:21:05.726  3994  5030 I ConfigUpdater: Update started
06-12 17:21:05.732  1125  5013 D SubscriptionUtil: getSelectableSubscriptionInfoList: [[SubscriptionInfo: id=1 iccId=89860318640220133897 simSlotIndex=0 portIndex=0 isEmbedded=false carrierId=1 displayName=T-Mobile carrierName=T-Mobile isOpportunistic=false groupUuid=null groupOwner= isGroupDisabled=false displayNameSource=CARRIER iconTint=-9033797 number=+15551234567 dataRoaming=0 mcc=310 mnc=260 ehplmns=[] hplmns=[] cardString=89860318640220133897 cardId=0 nativeAccessRules=null carrierConfigAccessRules=[cert: 92B5F8117FBD9BD5738FF168A4FA12CBE284BE834EDE1A7BB44DD8455BA15920 pkg: null access: 0, cert: 3D1A4BEF6EE7AF7D34D120E7B1AAC0DD245585DE6237CF100F68333AFACFF562 pkg: null access: 0, cert: 6892793FC413019D2DF609DFED7AF622D0F2D8FCF96EFA7E3FB87EEA34E10B93 pkg: null access: 0, cert: 7B68FD9D4E7610C9CB35FC0C6CC06EA04C6906E3DFA9F48F9A05460AF36BFFFC pkg: null access: 0] countryIso=us profileClass=-1 mType=LOCAL_SIM areUiccApplicationsEnabled=true usageSetting=DEFAULT]]
06-12 17:21:05.742  1125  5013 D SubscriptionUtil: getSelectableSubscriptionInfoList: [[SubscriptionInfo: id=1 iccId=89860318640220133897 simSlotIndex=0 portIndex=0 isEmbedded=false carrierId=1 displayName=T-Mobile carrierName=T-Mobile isOpportunistic=false groupUuid=null groupOwner= isGroupDisabled=false displayNameSource=CARRIER iconTint=-9033797 number=+15551234567 dataRoaming=0 mcc=310 mnc=260 ehplmns=[] hplmns=[] cardString=89860318640220133897 cardId=0 nativeAccessRules=null carrierConfigAccessRules=[cert: 92B5F8117FBD9BD5738FF168A4FA12CBE284BE834EDE1A7BB44DD8455BA15920 pkg: null access: 0, cert: 3D1A4BEF6EE7AF7D34D120E7B1AAC0DD245585DE6237CF100F68333AFACFF562 pkg: null access: 0, cert: 6892793FC413019D2DF609DFED7AF622D0F2D8FCF96EFA7E3FB87EEA34E10B93 pkg: null access: 0, cert: 7B68FD9D4E7610C9CB35FC0C6CC06EA04C6906E3DFA9F48F9A05460AF36BFFFC pkg: null access: 0] countryIso=us profileClass=-1 mType=LOCAL_SIM areUiccApplicationsEnabled=true usageSetting=DEFAULT]]
06-12 17:21:05.754   537  2274 I RecoverableKeyStoreMgr: The cert file serial number is the same, so skip updating.
06-12 17:21:05.756  1537  4773 I RecoverableKeyStoreGms: [EnrollmentManager] Recovery service is initialized. [CONTEXT service_id=172 ]
06-12 17:21:05.763  1125  5013 D SubscriptionUtil: getSelectableSubscriptionInfoList: [[SubscriptionInfo: id=1 iccId=89860318640220133897 simSlotIndex=0 portIndex=0 isEmbedded=false carrierId=1 displayName=T-Mobile carrierName=T-Mobile isOpportunistic=false groupUuid=null groupOwner= isGroupDisabled=false displayNameSource=CARRIER iconTint=-9033797 number=+15551234567 dataRoaming=0 mcc=310 mnc=260 ehplmns=[] hplmns=[] cardString=89860318640220133897 cardId=0 nativeAccessRules=null carrierConfigAccessRules=[cert: 92B5F8117FBD9BD5738FF168A4FA12CBE284BE834EDE1A7BB44DD8455BA15920 pkg: null access: 0, cert: 3D1A4BEF6EE7AF7D34D120E7B1AAC0DD245585DE6237CF100F68333AFACFF562 pkg: null access: 0, cert: 6892793FC413019D2DF609DFED7AF622D0F2D8FCF96EFA7E3FB87EEA34E10B93 pkg: null access: 0, cert: 7B68FD9D4E7610C9CB35FC0C6CC06EA04C6906E3DFA9F48F9A05460AF36BFFFC pkg: null access: 0] countryIso=us profileClass=-1 mType=LOCAL_SIM areUiccApplicationsEnabled=true usageSetting=DEFAULT]]
06-12 17:21:05.766  1125  5013 D SubscriptionUtil: getSelectableSubscriptionInfoList: [[SubscriptionInfo: id=1 iccId=89860318640220133897 simSlotIndex=0 portIndex=0 isEmbedded=false carrierId=1 displayName=T-Mobile carrierName=T-Mobile isOpportunistic=false groupUuid=null groupOwner= isGroupDisabled=false displayNameSource=CARRIER iconTint=-9033797 number=+15551234567 dataRoaming=0 mcc=310 mnc=260 ehplmns=[] hplmns=[] cardString=89860318640220133897 cardId=0 nativeAccessRules=null carrierConfigAccessRules=[cert: 92B5F8117FBD9BD5738FF168A4FA12CBE284BE834EDE1A7BB44DD8455BA15920 pkg: null access: 0, cert: 3D1A4BEF6EE7AF7D34D120E7B1AAC0DD245585DE6237CF100F68333AFACFF562 pkg: null access: 0, cert: 6892793FC413019D2DF609DFED7AF622D0F2D8FCF96EFA7E3FB87EEA34E10B93 pkg: null access: 0, cert: 7B68FD9D4E7610C9CB35FC0C6CC06EA04C6906E3DFA9F48F9A05460AF36BFFFC pkg: null access: 0] countryIso=us profileClass=-1 mType=LOCAL_SIM areUiccApplicationsEnabled=true usageSetting=DEFAULT]]
06-12 17:21:05.766  1469  3300 W .gms.persistent: Long monitor contention with owner lowpool[11] (3743) at void bytb.n(byps, byps, int)(:com.google.android.gms@231818044@23.18.18 (190400-535401451):6) waiters=0 in int bytb.l(bysm, aphn) for 322ms
06-12 17:21:05.767  1469  3411 E enyj    : *~*~*~ Previous channel {0} was not shutdown properly!!! ~*~*~*
06-12 17:21:05.767  1469  3411 E enyj    :     Make sure to call shutdown()/shutdownNow() and wait until awaitTermination() returns true.
06-12 17:21:05.767  1469  3411 E enyj    : java.lang.RuntimeException: ManagedChannel allocation site
06-12 17:21:05.767  1469  3411 E enyj    : 	at enyi.<init>(:com.google.android.gms@231818044@23.18.18 (190400-535401451):3)
06-12 17:21:05.767  1469  3411 E enyj    : 	at enyj.<init>(:com.google.android.gms@231818044@23.18.18 (190400-535401451):2)
06-12 17:21:05.767  1469  3411 E enyj    : 	at enyh.a(:com.google.android.gms@231818044@23.18.18 (190400-535401451):21)
06-12 17:21:05.767  1469  3411 E enyj    : 	at enqe.a(:com.google.android.gms@231818044@23.18.18 (190400-535401451):0)
06-12 17:21:05.767  1469  3411 E enyj    : 	at abxw.H(:com.google.android.gms@231818044@23.18.18 (190400-535401451):22)
06-12 17:21:05.767  1469  3411 E enyj    : 	at abxw.f(:com.google.android.gms@231818044@23.18.18 (190400-535401451):2)
06-12 17:21:05.767  1469  3411 E enyj    : 	at apld.a(:com.google.android.gms@231818044@23.18.18 (190400-535401451):74)
06-12 17:21:05.767  1469  3411 E enyj    : 	at abxe.call(:com.google.android.gms@231818044@23.18.18 (190400-535401451):2)
06-12 17:21:05.767  1469  3411 E enyj    : 	at java.util.concurrent.FutureTask.run(FutureTask.java:264)
06-12 17:21:05.767  1469  3411 E enyj    : 	at aced.c(:com.google.android.gms@231818044@23.18.18 (190400-535401451):6)
06-12 17:21:05.767  1469  3411 E enyj    : 	at aced.run(:com.google.android.gms@231818044@23.18.18 (190400-535401451):8)
06-12 17:21:05.767  1469  3411 E enyj    : 	at java.util.concurrent.ThreadPoolExecutor.runWorker(ThreadPoolExecutor.java:1145)
06-12 17:21:05.767  1469  3411 E enyj    : 	at java.util.concurrent.ThreadPoolExecutor$Worker.run(ThreadPoolExecutor.java:644)
06-12 17:21:05.767  1469  3411 E enyj    : 	at acjn.run(:com.google.android.gms@231818044@23.18.18 (190400-535401451):0)
06-12 17:21:05.767  1469  3411 E enyj    : 	at java.lang.Thread.run(Thread.java:1012)
06-12 17:21:05.770   349  5051 I resolv  : GetAddrInfoHandler::run: {100 786532 100 983140 10128 0}
06-12 17:21:05.771   349  5052 I resolv  : res_nmkquery: (QUERY, IN, AAAA)
06-12 17:21:05.771   349  5052 I resolv  : resolv_cache_lookup: FOUND IN CACHE entry=0xb40000792e096570
06-12 17:21:05.771   349  5052 I resolv  : doQuery: rcode=0, ancount=4, return value=416
06-12 17:21:05.772   537  2324 E RecoverySnapshotStorage: Error reading snapshot for 10128 from disk
06-12 17:21:05.772   537  2324 E RecoverySnapshotStorage: java.io.FileNotFoundException: /data/system/recoverablekeystore/snapshots/10128.xml: open failed: ENOENT (No such file or directory)
06-12 17:21:05.772   537  2324 E RecoverySnapshotStorage: 	at libcore.io.IoBridge.open(IoBridge.java:574)
06-12 17:21:05.772   537  2324 E RecoverySnapshotStorage: 	at java.io.FileInputStream.<init>(FileInputStream.java:160)
06-12 17:21:05.772   537  2324 E RecoverySnapshotStorage: 	at com.android.server.locksettings.recoverablekeystore.storage.RecoverySnapshotStorage.readFromDisk(RecoverySnapshotStorage.java:152)
06-12 17:21:05.772   537  2324 E RecoverySnapshotStorage: 	at com.android.server.locksettings.recoverablekeystore.storage.RecoverySnapshotStorage.get(RecoverySnapshotStorage.java:104)
06-12 17:21:05.772   537  2324 E RecoverySnapshotStorage: 	at com.android.server.locksettings.recoverablekeystore.RecoverableKeyStoreManager.getKeyChainSnapshot(RecoverableKeyStoreManager.java:369)
06-12 17:21:05.772   537  2324 E RecoverySnapshotStorage: 	at com.android.server.locksettings.LockSettingsService.getKeyChainSnapshot(LockSettingsService.java:2494)
06-12 17:21:05.772   537  2324 E RecoverySnapshotStorage: 	at com.android.internal.widget.ILockSettings$Stub.onTransact(ILockSettings.java:838)
06-12 17:21:05.772   537  2324 E RecoverySnapshotStorage: 	at android.os.Binder.execTransactInternal(Binder.java:1339)
06-12 17:21:05.772   537  2324 E RecoverySnapshotStorage: 	at android.os.Binder.execTransact(Binder.java:1275)
06-12 17:21:05.772   537  2324 E RecoverySnapshotStorage: Caused by: android.system.ErrnoException: open failed: ENOENT (No such file or directory)
06-12 17:21:05.772   537  2324 E RecoverySnapshotStorage: 	at libcore.io.Linux.open(Native Method)
06-12 17:21:05.772   537  2324 E RecoverySnapshotStorage: 	at libcore.io.ForwardingOs.open(ForwardingOs.java:563)
06-12 17:21:05.772   537  2324 E RecoverySnapshotStorage: 	at libcore.io.BlockGuardOs.open(BlockGuardOs.java:274)
06-12 17:21:05.772   537  2324 E RecoverySnapshotStorage: 	at libcore.io.IoBridge.open(IoBridge.java:560)
06-12 17:21:05.772   537  2324 E RecoverySnapshotStorage: 	... 8 more
06-12 17:21:05.783   349  5053 I resolv  : res_nmkquery: (QUERY, IN, A)
06-12 17:21:05.784   349  5053 I resolv  : resolv_cache_lookup: FOUND IN CACHE entry=0xb40000792e096c60
06-12 17:21:05.784   349  5053 I resolv  : doQuery: rcode=0, ancount=4, return value=368
06-12 17:21:05.803  1469  4994 D TrafficStats: tagSocket(92) with statsTag=0x30008100, statsUid=-1
06-12 17:21:05.803  2010  5050 D DownloadManager: [1] Starting
06-12 17:21:05.820  1469  4961 I Fitness : OnPackageChangedOperation got intent: Intent { act=android.intent.action.PACKAGE_CHANGED dat=package: flg=0x45000010 pkg=com.google.android.gms cmp=com.google.android.gms/.chimera.PersistentIntentOperationService (has extras) } [CONTEXT service_id=17 ]
06-12 17:21:05.866  1469  4971 I Fitness : FitCleanupIntentOperation received Intent android.intent.action.PACKAGE_CHANGED [CONTEXT service_id=17 ]
06-12 17:21:05.891   537   805 W PlatformKeyManager: Platform generation ID was 0 but no entry was present in AndroidKeyStore. Generating fresh key.
06-12 17:21:05.904  1469  4961 I Fitness : FitCleanupIntentOperation received Intent android.intent.action.PACKAGE_CHANGED [CONTEXT service_id=17 ]
06-12 17:21:05.905   175   186 E keystore2: system/security/keystore2/src/error.rs:180 - system/security/keystore2/src/security_level.rs:684
06-12 17:21:05.905   175   186 E keystore2: 
06-12 17:21:05.905   175   186 E keystore2: Caused by:
06-12 17:21:05.905   175   186 E keystore2:     0: system/security/keystore2/src/security_level.rs:199
06-12 17:21:05.905   175   186 E keystore2:     1: system/security/keystore2/src/security_level.rs:176: Failed to handle super encryption.
06-12 17:21:05.905   175   186 E keystore2:     2: system/security/keystore2/src/super_key.rs:762: User ECDH key missing.
06-12 17:21:05.905   175   186 E keystore2:     3: Error::Rc(r#SYSTEM_ERROR)
06-12 17:21:05.911  1537  4773 W RecoverableKeyStoreGms: [WrappingKeyManager] InternalRecoveryServiceException during wrapping key generation [CONTEXT service_id=172 ]
06-12 17:21:05.911  1537  4773 W RecoverableKeyStoreGms: android.security.keystore.recovery.InternalRecoveryServiceException: Failed to import secret key.
06-12 17:21:05.911  1537  4773 W RecoverableKeyStoreGms: 	at android.security.keystore.recovery.RecoveryController.wrapUnexpectedServiceSpecificException(RecoveryController.java:783)
06-12 17:21:05.911  1537  4773 W RecoverableKeyStoreGms: 	at android.security.keystore.recovery.RecoveryController.generateKey(RecoveryController.java:569)
06-12 17:21:05.911  1537  4773 W RecoverableKeyStoreGms: 	at qiw.f(:com.google.android.gms@231818044@23.18.18 (190400-535401451):3)
06-12 17:21:05.911  1537  4773 W RecoverableKeyStoreGms: 	at qiw.e(:com.google.android.gms@231818044@23.18.18 (190400-535401451):15)
06-12 17:21:05.911  1537  4773 W RecoverableKeyStoreGms: 	at qfw.f(:com.google.android.gms@231818044@23.18.18 (190400-535401451):68)
06-12 17:21:05.911  1537  4773 W RecoverableKeyStoreGms: 	at com.google.android.gms.auth.folsom.operation.GserviceChangeIntentOperation.onHandleIntent(:com.google.android.gms@231818044@23.18.18 (190400-535401451):8)
06-12 17:21:05.911  1537  4773 W RecoverableKeyStoreGms: 	at com.google.android.chimera.IntentOperation.onHandleIntent(:com.google.android.gms@231818044@23.18.18 (190400-535401451):2)
06-12 17:21:05.911  1537  4773 W RecoverableKeyStoreGms: 	at zhv.onHandleIntent(:com.google.android.gms@231818044@23.18.18 (190400-535401451):4)
06-12 17:21:05.911  1537  4773 W RecoverableKeyStoreGms: 	at hjm.run(:com.google.android.gms@231818044@23.18.18 (190400-535401451):3)
06-12 17:21:05.911  1537  4773 W RecoverableKeyStoreGms: 	at hjl.run(:com.google.android.gms@231818044@23.18.18 (190400-535401451):11)
06-12 17:21:05.911  1537  4773 W RecoverableKeyStoreGms: 	at dfhf.run(:com.google.android.gms@231818044@23.18.18 (190400-535401451):2)
06-12 17:21:05.911  1537  4773 W RecoverableKeyStoreGms: 	at java.util.concurrent.ThreadPoolExecutor.runWorker(ThreadPoolExecutor.java:1145)
06-12 17:21:05.911  1537  4773 W RecoverableKeyStoreGms: 	at java.util.concurrent.ThreadPoolExecutor$Worker.run(ThreadPoolExecutor.java:644)
06-12 17:21:05.911  1537  4773 W RecoverableKeyStoreGms: 	at java.lang.Thread.run(Thread.java:1012)
06-12 17:21:05.911  1537  4773 W RecoverableKeyStoreGms: Caused by: android.os.ServiceSpecificException: Failed to import secret key. (code 22)
06-12 17:21:05.911  1537  4773 W RecoverableKeyStoreGms: 	at android.os.Parcel.createExceptionOrNull(Parcel.java:3071)
06-12 17:21:05.911  1537  4773 W RecoverableKeyStoreGms: 	at android.os.Parcel.createException(Parcel.java:3041)
06-12 17:21:05.911  1537  4773 W RecoverableKeyStoreGms: 	at android.os.Parcel.readException(Parcel.java:3024)
06-12 17:21:05.911  1537  4773 W RecoverableKeyStoreGms: 	at android.os.Parcel.readException(Parcel.java:2966)
06-12 17:21:05.911  1537  4773 W RecoverableKeyStoreGms: 	at com.android.internal.widget.ILockSettings$Stub$Proxy.generateKey(ILockSettings.java:1679)
06-12 17:21:05.911  1537  4773 W RecoverableKeyStoreGms: 	at android.security.keystore.recovery.RecoveryController.generateKey(RecoveryController.java:556)
06-12 17:21:05.911  1537  4773 W RecoverableKeyStoreGms: 	... 12 more
06-12 17:21:05.911  1537  4773 W RecoverableKeyStoreGms: Caused by: android.os.RemoteException: Remote stack trace:
06-12 17:21:05.911  1537  4773 W RecoverableKeyStoreGms: 	at com.android.server.locksettings.recoverablekeystore.RecoverableKeyStoreManager.generateKeyWithMetadata(RecoverableKeyStoreManager.java:752)
06-12 17:21:05.911  1537  4773 W RecoverableKeyStoreGms: 	at com.android.server.locksettings.recoverablekeystore.RecoverableKeyStoreManager.generateKey(RecoverableKeyStoreManager.java:725)
06-12 17:21:05.911  1537  4773 W RecoverableKeyStoreGms: 	at com.android.server.locksettings.LockSettingsService.generateKey(LockSettingsService.java:2562)
06-12 17:21:05.911  1537  4773 W RecoverableKeyStoreGms: 	at com.android.internal.widget.ILockSettings$Stub.onTransact(ILockSettings.java:848)
06-12 17:21:05.911  1537  4773 W RecoverableKeyStoreGms: 	at android.os.Binder.execTransactInternal(Binder.java:1339)
06-12 17:21:05.911  1537  4773 W RecoverableKeyStoreGms: 
06-12 17:21:05.916   537   546 I system_server: Background young concurrent copying GC freed 651168(22MB) AllocSpace objects, 40(988KB) LOS objects, 39% free, 30MB/51MB, paused 3.730ms,920us total 932.648ms
06-12 17:21:05.917  1537  4992 I SystemUpdate: [Execution,InstallationEventIntentOperation] Handling event of type 2.
06-12 17:21:05.955  1469  3743 W .gms.persistent: Long monitor contention with owner netscheduler-queue-handler (3300) at void bytb.o(int)(:com.google.android.gms@231818044@23.18.18 (190400-535401451):4) waiters=0 in void bytb.u(byps, int) for 187ms
06-12 17:21:05.975   349  5056 I resolv  : GetAddrInfoHandler::run: {100 983140 100 983140 10082 0}
06-12 17:21:05.975  1537  4707 I SystemUpdate: [Execution,InstallationIntentOperation] Received intent: Intent { act=com.google.android.gms.update.INSTALL_UPDATE cat=[targeted_intent_op_prefix:.update.execution.InstallationIntentOperation] cmp=com.google.android.gms/.chimera.GmsIntentOperationService }.
06-12 17:21:05.975  1537  4707 I SystemUpdate: [Execution,ExecutionManager] Action finished-execution executed for 0.00 seconds.
06-12 17:21:05.976   349  5058 I resolv  : res_nmkquery: (QUERY, IN, A)
06-12 17:21:05.976   349  5058 I resolv  : resolv_cache_lookup: FOUND IN CACHE entry=0xb40000785e090ef0
06-12 17:21:05.976   349  5058 I resolv  : doQuery: rcode=0, ancount=1, return value=508
06-12 17:21:05.981   349  5057 I resolv  : res_nmkquery: (QUERY, IN, AAAA)
06-12 17:21:05.981   349  5057 I resolv  : resolv_cache_lookup: FOUND IN CACHE entry=0xb40000797e08df90
06-12 17:21:05.981   349  5057 I resolv  : doQuery: rcode=0, ancount=1, return value=316
06-12 17:21:05.984  2010  5050 D TrafficStats: tagSocket(76) with statsTag=0xffffff01, statsUid=10118
06-12 17:21:05.993   537   563 E system_server: No package ID 7f found for resource ID 0x7f0806ce.
06-12 17:21:06.001   537   563 E system_server: No package ID 7f found for resource ID 0x7f140b31.
06-12 17:21:06.001   537   563 E system_server: No package ID 7f found for resource ID 0x7f0806cc.
06-12 17:21:06.001   537   563 E system_server: No package ID 7f found for resource ID 0x7f140af3.
06-12 17:21:06.001   537   563 E system_server: No package ID 7f found for resource ID 0x7f0806d0.
06-12 17:21:06.001   537   563 E system_server: No package ID 7f found for resource ID 0x7f140c3f.
06-12 17:21:06.001   537   563 E system_server: No package ID 7f found for resource ID 0x7f0806ca.
06-12 17:21:06.001   537   563 E system_server: No package ID 7f found for resource ID 0x7f140422.
06-12 17:21:06.006  1469  4972 I Fitness : OnPackageChangedOperation got intent: Intent { act=android.intent.action.PACKAGE_CHANGED dat=package: flg=0x45000010 pkg=com.google.android.gms cmp=com.google.android.gms/.chimera.PersistentIntentOperationService (has extras) } [CONTEXT service_id=17 ]
06-12 17:21:06.038  1125  5013 D WifiCallingSliceHelper: Wifi calling is either not provisioned or not enabled by Platform
06-12 17:21:06.095  1714  1970 I SP.AiAi : Requesting download of URL https://gstatic.com/matchmaker/kg_actions_ranking_table/211005/table_5f787033cc44fc7a8804e0030b2bf848.zip to table_5f787033cc44fc7a8804e0030b2bf848.zip.fetched (constraints: W:b:u:l)
06-12 17:21:06.126   537   963 W system_server: Long monitor contention with owner android.bg (563) at void com.android.server.pm.ShortcutService.injectPostToHandlerDebounced(java.lang.Object, java.lang.Runnable)(ShortcutService.java:1768) waiters=0 in java.util.List com.android.server.pm.ShortcutService$LocalService.getShortcuts(int, java.lang.String, long, java.lang.String, java.util.List, java.util.List, android.content.ComponentName, int, int, int, int) for 664ms
06-12 17:21:06.136   537  1223 W system_server: Long monitor contention with owner android.bg (563) at void com.android.server.pm.ShortcutService.injectPostToHandlerDebounced(java.lang.Object, java.lang.Runnable)(ShortcutService.java:1768) waiters=1 in java.util.List com.android.server.pm.ShortcutService$LocalService.getShortcuts(int, java.lang.String, long, java.lang.String, java.util.List, java.util.List, android.content.ComponentName, int, int, int, int) for 670ms
06-12 17:21:06.141  1125  3351 D SlicesIndexer: Slices already indexed - returning.
06-12 17:21:06.150  1125  3351 D SettingsSliceProvider: Built slice (content://android.settings.slices/action/airplane_mode) in: 9
06-12 17:21:06.152  1125  4522 D SlicesIndexer: Slices already indexed - returning.
06-12 17:21:06.154   537   587 I AppsFilter: interaction: PackageSetting{8823966 com.dazong.sorterpda/10192} -> PackageSetting{50ae494 com.google.android.contacts/10153} BLOCKED
06-12 17:21:06.154   537   587 I AppsFilter: interaction: PackageSetting{7d3b4a7 com.dazong.driver/10193} -> PackageSetting{50ae494 com.google.android.contacts/10153} BLOCKED
06-12 17:21:06.154  1125  4522 D SettingsSliceProvider: Built slice (content://android.settings.slices/action/battery_saver) in: 2
06-12 17:21:06.155  1469  4740 I Fitness : FitCleanupIntentOperation received Intent android.intent.action.PACKAGE_CHANGED [CONTEXT service_id=17 ]
06-12 17:21:06.174  1124  1124 D CarrierSvcBindHelper: onPackageModified: com.google.android.contacts
06-12 17:21:06.175  1714  1970 I SP.AiAi : Requesting download of URL https://gstatic.com/matchmaker/tclib_models/annotator/v803/en/superpacks_manifest.zip to text-classifier-annotator-272525175.zip.fetched (constraints: W:b:u:l)
06-12 17:21:06.184   537   636 I InputReader: Reconfiguring input devices, changes=KEYBOARD_LAYOUTS
06-12 17:21:06.184  1095  1095 V MediaPlayerList: mPackageChangedBroadcastReceiver: action: android.intent.action.PACKAGE_CHANGED
06-12 17:21:06.184  1095  1095 V MediaPlayerList: mPackageChangedBroadcastReceiver: action: android.intent.action.PACKAGE_CHANGED
06-12 17:21:06.186  1124  1124 D CarrierSvcBindHelper: No carrier app for: 0
06-12 17:21:06.191  1714  1970 I SP.AiAi : Requesting download of URL https://gstatic.com/matchmaker/tclib_models/actions/v104/en-us/superpacks_manifest.zip to text-classifier-actions-1140547708.zip.fetched (constraints: W:b:u:l)
06-12 17:21:06.191  1714  1970 I SP.AiAi : Requesting download of URL https://gstatic.com/matchmaker/tclib_models/langid/v1/superpacks_manifest.zip to text-classifier-langid-1941001461.zip.fetched (constraints: W:b:u:l)
06-12 17:21:06.191   894  1094 I PermissionControllerServiceImpl: Updating user sensitive for uid 10153
06-12 17:21:06.191   891   891 D ControlsListingControllerImpl: ServiceConfig reloaded, count: 0
06-12 17:21:06.192   891   973 D StylusManager: Stylus InputDevice changed: 13 virtio_input_multi_touch_11
06-12 17:21:06.192   891   973 D StylusManager: Stylus InputDevice changed: 12 virtio_input_multi_touch_10
06-12 17:21:06.194   891   973 D StylusManager: Stylus InputDevice changed: 11 virtio_input_multi_touch_9
06-12 17:21:06.212  1469  4994 W Conscrypt: Could not set socket write timeout: java.net.SocketException: Socket closed
06-12 17:21:06.212  1469  4994 W Conscrypt: 	at com.google.android.gms.org.conscrypt.Platform.setSocketWriteTimeout(:com.google.android.gms@231818044@23.18.18 (190400-535401451):2)
06-12 17:21:06.212  1469  4994 W Conscrypt: 	at com.google.android.gms.org.conscrypt.ConscryptFileDescriptorSocket.setSoWriteTimeout(:com.google.android.gms@231818044@23.18.18 (190400-535401451):0)
06-12 17:21:06.228  1714  1714 I AiAiEcho: AppFetcherImpl onPackageChanged com.google.android.youtube.
06-12 17:21:06.252   891   973 D StylusManager: Stylus InputDevice changed: 3 virtio_input_multi_touch_1
06-12 17:21:06.253  1537  4015 W Conscrypt: Could not set socket write timeout: java.net.SocketException: Socket closed
06-12 17:21:06.255   891   973 D StylusManager: Stylus InputDevice changed: 9 virtio_input_multi_touch_7
06-12 17:21:06.255  1537  4015 W Conscrypt: 	at com.google.android.gms.org.conscrypt.Platform.setSocketWriteTimeout(:com.google.android.gms@231818044@23.18.18 (190400-535401451):2)
06-12 17:21:06.255  1537  4015 W Conscrypt: 	at com.google.android.gms.org.conscrypt.ConscryptFileDescriptorSocket.setSoWriteTimeout(:com.google.android.gms@231818044@23.18.18 (190400-535401451):0)
06-12 17:21:06.259  1125  5013 D WifiSlice: calling uid name : com.google.android.settings.intelligence
06-12 17:21:06.261   891   973 D StylusManager: Stylus InputDevice changed: 7 virtio_input_multi_touch_5
06-12 17:21:06.269  1714  3596 I AiAiEcho: AppIndexer Package:[com.google.android.youtube] UserProfile:[0] Enabled:[true].
06-12 17:21:06.269  1714  3596 I AiAiEcho: AppFetcherImplV2 updateApps package:[com.google.android.youtube], userId:[0], reason:[package is updated.].
06-12 17:21:06.287   891   973 D StylusManager: Stylus InputDevice changed: 10 virtio_input_multi_touch_8
06-12 17:21:06.288  1124  1433 D ImsResolver: maybeAddedImsService, packageName: com.google.android.contacts
06-12 17:21:06.288   891   973 D StylusManager: Stylus InputDevice changed: 4 virtio_input_multi_touch_2
06-12 17:21:06.295   891   973 D StylusManager: Stylus InputDevice changed: 6 virtio_input_multi_touch_4
06-12 17:21:06.300   891   973 D StylusManager: Stylus InputDevice changed: 8 virtio_input_multi_touch_6
06-12 17:21:06.300   891   973 D StylusManager: Stylus InputDevice changed: 5 virtio_input_multi_touch_3
06-12 17:21:06.325   894  1094 I PermissionControllerServiceImpl: Updating user sensitive for user 0
06-12 17:21:06.359  1966  2294 I HttpGrpcBindableService: Downloading requested for URL 'https://gstatic.com/matchmaker/kg_collections_table/21051103/collections_table_main_21980965fbd997111d89f86c16e9e090.zip'
06-12 17:21:06.511   349  5062 I resolv  : GetAddrInfoHandler::run: {100 100 100 983140 10126 0}
06-12 17:21:06.515   349  5063 I resolv  : res_nmkquery: (QUERY, IN, AAAA)
06-12 17:21:06.516   349  5063 I resolv  : resolv_cache_lookup: FOUND IN CACHE entry=0xb40000785e090590
06-12 17:21:06.516   349  5063 I resolv  : doQuery: rcode=0, ancount=1, return value=512
06-12 17:21:06.525   349  5064 I resolv  : res_nmkquery: (QUERY, IN, A)
06-12 17:21:06.526   349  5064 I resolv  : resolv_cache_lookup: FOUND IN CACHE entry=0xb40000785e0927f0
06-12 17:21:06.526   349  5064 I resolv  : doQuery: rcode=0, ancount=1, return value=500
06-12 17:21:06.529  1966  2294 D TrafficStats: tagSocket(5) with statsTag=0xffffffff, statsUid=-1
06-12 17:21:06.560  1469  1469 D BoundBrokerSvc: onUnbind: Intent { act=com.google.android.gms.tapandpay.service.BIND dat=chimera-action:/... cmp=com.google.android.gms/.chimera.PersistentApiService }
06-12 17:21:06.580   537   563 W WindowMagnificationMgr: requestConnection duplicated request: connect=false, mConnectionState=DISCONNECTED
06-12 17:21:06.612  1714  1714 I AiAiEcho: AppFetcherImpl onPackageChanged com.android.vending.
06-12 17:21:06.612   876   876 I wpa_supplicant: wlan0: CTRL-EVENT-BEACON-LOSS 
06-12 17:21:06.625   537   563 D AppWidgetServiceImpl: Provider info from ComponentInfo{com.google.android.apps.maps/com.google.android.apps.gmm.widget.SearchWidgetProvider} won't be persisted.
06-12 17:21:06.627   537   563 D AppWidgetServiceImpl: Provider info from ComponentInfo{com.google.android.apps.maps/com.google.android.apps.gmm.widget.traffic.TrafficWidgetProvider} won't be persisted.
06-12 17:21:06.627  1714  2744 I AiAiEcho: AppIndexer Package:[com.android.vending] UserProfile:[0] Enabled:[true].
06-12 17:21:06.627  1714  2744 I AiAiEcho: AppFetcherImplV2 updateApps package:[com.android.vending], userId:[0], reason:[package is updated.].
06-12 17:21:06.628   537   563 D AppWidgetServiceImpl: Provider info from ComponentInfo{com.google.android.gm/com.google.android.gm.widget.GmailWidgetProvider} won't be persisted.
06-12 17:21:06.664  1469  1567 W Looper  : Handler (acdu) {2be3800} sendMessageAtTime() called with no mQueue
06-12 17:21:06.664  1469  1567 W Looper  : java.lang.RuntimeException: Handler (acdu) {2be3800} sendMessageAtTime() called with no mQueue
06-12 17:21:06.664  1469  1567 W Looper  : 	at acdu.sendMessageAtTime(:com.google.android.gms@231818044@23.18.18 (190400-535401451):2)
06-12 17:21:06.664  1469  1567 W Looper  : 	at android.os.Handler.sendMessageDelayed(Handler.java:705)
06-12 17:21:06.664  1469  1567 W Looper  : 	at android.os.Handler.post(Handler.java:435)
06-12 17:21:06.664  1469  1567 W Looper  : 	at android.app.LoadedApk$ReceiverDispatcher.performReceive(LoadedApk.java:1893)
06-12 17:21:06.664  1469  1567 W Looper  : 	at android.app.LoadedApk$ReceiverDispatcher$InnerReceiver.performReceive(LoadedApk.java:1709)
06-12 17:21:06.664  1469  1567 W Looper  : 	at android.app.ActivityThread$ApplicationThread.scheduleRegisteredReceiver(ActivityThread.java:1324)
06-12 17:21:06.664  1469  1567 W Looper  : 	at android.app.IApplicationThread$Stub.onTransact(IApplicationThread.java:727)
06-12 17:21:06.664  1469  1567 W Looper  : 	at android.os.Binder.execTransactInternal(Binder.java:1344)
06-12 17:21:06.664  1469  1567 W Looper  : 	at android.os.Binder.execTransact(Binder.java:1275)
06-12 17:21:06.759  1469  4972 I Fitness : OnPackageChangedOperation got intent: Intent { act=android.intent.action.PACKAGE_CHANGED dat=package: flg=0x45000010 pkg=com.google.android.gms cmp=com.google.android.gms/.chimera.PersistentIntentOperationService (has extras) } [CONTEXT service_id=17 ]
06-12 17:21:06.788  1166  2127 D EGL_emulation: app_time_stats: avg=4977.33ms min=4977.33ms max=4977.33ms count=1
06-12 17:21:06.808  1469  4961 I Fitness : FitCleanupIntentOperation received Intent android.intent.action.PACKAGE_CHANGED [CONTEXT service_id=17 ]
06-12 17:21:06.832   537   563 E system_server: No package ID 7f found for resource ID 0x7f08060c.
06-12 17:21:06.832   537   563 E system_server: No package ID 7f found for resource ID 0x7f15043b.
06-12 17:21:06.994  1469  4994 W Conscrypt: Could not set socket write timeout: java.net.SocketException: Socket closed
06-12 17:21:06.994  1469  4994 W Conscrypt: 	at com.google.android.gms.org.conscrypt.Platform.setSocketWriteTimeout(:com.google.android.gms@231818044@23.18.18 (190400-535401451):2)
06-12 17:21:06.994  1469  4994 W Conscrypt: 	at com.google.android.gms.org.conscrypt.ConscryptFileDescriptorSocket.setSoWriteTimeout(:com.google.android.gms@231818044@23.18.18 (190400-535401451):0)
06-12 17:21:07.005  1966  2294 W .android.as.oss: Accessing hidden method Lcom/android/org/conscrypt/ConscryptEngineSocket;->setUseSessionTickets(Z)V (max-target-q,core-platform-api, reflection, denied)
06-12 17:21:07.005  1966  2294 W .android.as.oss: Accessing hidden method Lcom/android/org/conscrypt/OpenSSLSocketImpl;->setUseSessionTickets(Z)V (max-target-q,core-platform-api, reflection, denied)
06-12 17:21:07.005  1966  2294 W .android.as.oss: Accessing hidden method Lcom/android/org/conscrypt/AbstractConscryptSocket;->setUseSessionTickets(Z)V (max-target-q, reflection, denied)
06-12 17:21:07.005  1966  2294 W .android.as.oss: Accessing hidden method Lcom/android/org/conscrypt/ConscryptEngineSocket;->setHostname(Ljava/lang/String;)V (max-target-q,core-platform-api, reflection, denied)
06-12 17:21:07.005  1966  2294 W .android.as.oss: Accessing hidden method Lcom/android/org/conscrypt/OpenSSLSocketImpl;->setHostname(Ljava/lang/String;)V (max-target-q,core-platform-api, reflection, denied)
06-12 17:21:07.005  1966  2294 W .android.as.oss: Accessing hidden method Lcom/android/org/conscrypt/AbstractConscryptSocket;->setHostname(Ljava/lang/String;)V (max-target-q, reflection, denied)
06-12 17:21:07.005  1966  2294 W .android.as.oss: Accessing hidden method Lcom/android/org/conscrypt/OpenSSLSocketImpl;->setAlpnProtocols([B)V (max-target-q,core-platform-api, reflection, denied)
06-12 17:21:07.005  1966  2294 W .android.as.oss: Accessing hidden method Lcom/android/org/conscrypt/AbstractConscryptSocket;->setAlpnProtocols([B)V (max-target-q, reflection, denied)
06-12 17:21:07.014   894  1087 E RoleControllerServiceImpl: Default/fallback role holder package doesn't qualify for the role, package: com.google.android.gms.supervision, role: android.app.role.SYSTEM_SUPERVISION
06-12 17:21:07.016   894  1087 I Role    : com.google.android.gms not qualified for android.app.role.SYSTEM_CALL_STREAMING due to missing RequiredComponent{mIntentFilterData=IntentFilterData{mAction='android.telecom.CallStreamingService', mCategories='[]', mDataScheme='null', mDataType='null'}, mMinTargetSdkVersion=1, mFlags='0', mPermission='android.permission.BIND_CALL_STREAMING_SERVICE', mQueryFlags=0, mMetaData=[]}
06-12 17:21:07.016   894  1087 E RoleControllerServiceImpl: Default/fallback role holder package doesn't qualify for the role, package: com.google.android.gms, role: android.app.role.SYSTEM_CALL_STREAMING
06-12 17:21:07.016  1714  1714 I AiAiEcho: AppFetcherImpl onPackageChanged com.google.android.gm.
06-12 17:21:07.016   894  1087 W Role    : Default holder doesn't have required signing certificate: com.google.android.apps.work.clouddpc:23962F4B43B9857638EA66F4D419518EAE282491ACDA4B94707BD59003C45E58
06-12 17:21:07.017  1714  3596 I AiAiEcho: AppIndexer Package:[com.google.android.gm] UserProfile:[0] Enabled:[true].
06-12 17:21:07.017  1714  3596 I AiAiEcho: AppFetcherImplV2 updateApps package:[com.google.android.gm], userId:[0], reason:[package is updated.].
06-12 17:21:07.045   537   563 W WindowMagnificationMgr: requestConnection duplicated request: connect=false, mConnectionState=DISCONNECTED
06-12 17:21:07.086  1469  3743 W NetworkScheduler: Immediate task was not started com.google.android.gms/.pay.gcmtask.PayGcmTaskService{u=0 tag="passnotification.reschedule.oneoff" trigger=window{start=0s,end=1s,earliest=-15s,latest=-14s} requirements=[NET_ANY,PREFERRED_CHARGING] attributes=[] scheduled=-15s last_run=N/A exec_window_multiplier=1.0000 jid=N/A status=PENDING retries=0 client_lib=GMS_TASK_SCHEDULER-231818000}. Rescheduling immediate tasks can cause excessive battery drain.
06-12 17:21:07.184   537   563 D AppWidgetServiceImpl: Provider info from ComponentInfo{com.google.android.apps.maps/com.google.android.apps.gmm.widget.SearchWidgetProvider} won't be persisted.
06-12 17:21:07.184   537   563 D AppWidgetServiceImpl: Provider info from ComponentInfo{com.google.android.apps.maps/com.google.android.apps.gmm.widget.traffic.TrafficWidgetProvider} won't be persisted.
06-12 17:21:07.184   537   563 D AppWidgetServiceImpl: Provider info from ComponentInfo{com.google.android.gm/com.google.android.gm.widget.GmailWidgetProvider} won't be persisted.
06-12 17:21:07.303   537   563 E system_server: No package ID 7f found for resource ID 0x7f080577.
06-12 17:21:07.304   537   563 E system_server: No package ID 7f found for resource ID 0x7f140ba2.
06-12 17:21:07.304   537   563 E system_server: No package ID 7f found for resource ID 0x7f080606.
06-12 17:21:07.304   537   563 E system_server: No package ID 7f found for resource ID 0x7f141fd7.
06-12 17:21:07.435  1966  2294 W .android.as.oss: Accessing hidden method Lcom/android/org/conscrypt/OpenSSLSocketImpl;->getAlpnSelectedProtocol()[B (max-target-q,core-platform-api, reflection, denied)
06-12 17:21:07.436  1966  2294 W .android.as.oss: Accessing hidden method Lcom/android/org/conscrypt/AbstractConscryptSocket;->getAlpnSelectedProtocol()[B (max-target-q, reflection, denied)
06-12 17:21:07.453  1714  1714 I AiAiEcho: AppFetcherImpl onPackageChanged com.google.android.apps.maps.
06-12 17:21:07.469  1714  2429 I AiAiEcho: AppIndexer Package:[com.google.android.apps.maps] UserProfile:[0] Enabled:[true].
06-12 17:21:07.469  1714  2429 I AiAiEcho: AppFetcherImplV2 updateApps package:[com.google.android.apps.maps], userId:[0], reason:[package is updated.].
06-12 17:21:07.547   537   563 I CredManSysServiceImpl: CredentialManagerServiceImpl constructed for: com.google.android.gms/.auth.api.credentials.credman.service.PasswordAndPasskeyService
06-12 17:21:07.547   537   563 I CredManSysServiceImpl: newServiceInfoLocked, mInfo null, com.google.android.gms/com.google.android.gms.auth.api.credentials.credman.service.PasswordAndPasskeyService
06-12 17:21:07.595  2010  5050 D DownloadManager: [1] Finished with status SUCCESS
06-12 17:21:07.600  1714  1714 I AiAiEcho: AppFetcherImpl onPackageChanged com.google.android.gms.
06-12 17:21:07.601  1714  2745 I AiAiEcho: AppIndexer Package:[com.google.android.gms] UserProfile:[0] Enabled:[true].
06-12 17:21:07.601  1714  2745 I AiAiEcho: AppFetcherImplV2 updateApps package:[com.google.android.gms], userId:[0], reason:[package is updated.].
06-12 17:21:07.612   537   563 I CredManSysServiceImpl: CredentialManagerServiceImpl constructed for: com.google.android.gms/.auth.api.credentials.credman.service.PasswordAndPasskeyService
06-12 17:21:07.614   537   563 I CredManSysServiceImpl: newServiceInfoLocked, mInfo null, com.google.android.gms/com.google.android.gms.auth.api.credentials.credman.service.PasswordAndPasskeyService
06-12 17:21:07.621  1714  1714 I AiAiEcho: AppFetcherImpl onPackageChanged com.google.android.gms.
06-12 17:21:07.632  1469  3743 W NetworkScheduler: Immediate task was not started com.google.android.gms/.pay.gcmtask.PayGcmTaskService{u=0 tag="accountfreshener.oneoff" trigger=window{start=0s,end=1s,earliest=-16s,latest=-15s} requirements=[NET_ANY,PREFERRED_CHARGING] attributes=[] scheduled=-16s last_run=N/A exec_window_multiplier=1.0000 jid=N/A status=PENDING retries=0 client_lib=GMS_TASK_SCHEDULER-231818000}. Rescheduling immediate tasks can cause excessive battery drain.
06-12 17:21:07.658  1714  2744 I AiAiEcho: AppIndexer Package:[com.google.android.gms] UserProfile:[0] Enabled:[true].
06-12 17:21:07.658  1714  2744 I AiAiEcho: AppFetcherImplV2 updateApps package:[com.google.android.gms], userId:[0], reason:[package is updated.].
06-12 17:21:07.761   349  5066 I resolv  : GetAddrInfoHandler::run: {100 100 100 983140 10126 0}
06-12 17:21:07.762   349  5067 I resolv  : res_nmkquery: (QUERY, IN, AAAA)
06-12 17:21:07.762   349  5067 I resolv  : resolv_cache_lookup: FOUND IN CACHE entry=0xb40000797e08df90
06-12 17:21:07.762   349  5067 I resolv  : doQuery: rcode=0, ancount=1, return value=316
06-12 17:21:07.764   349  5068 I resolv  : res_nmkquery: (QUERY, IN, A)
06-12 17:21:07.764   349  5068 I resolv  : resolv_cache_lookup: FOUND IN CACHE entry=0xb40000785e090ef0
06-12 17:21:07.764   349  5068 I resolv  : doQuery: rcode=0, ancount=1, return value=508
06-12 17:21:07.777  1966  2294 D TrafficStats: tagSocket(71) with statsTag=0xffffffff, statsUid=-1
06-12 17:21:07.794   537   563 E system_server: No package ID 7f found for resource ID 0x7f080107.
06-12 17:21:07.794   537   563 E system_server: No package ID 7f found for resource ID 0x7f150560.
06-12 17:21:07.797  1166  2127 D EGL_emulation: app_time_stats: avg=504.25ms min=199.90ms max=808.60ms count=2
06-12 17:21:07.797  1714  1714 I AiAiEcho: AppFetcherImpl onPackageChanged com.google.android.contacts.
06-12 17:21:07.799  1714  3596 I AiAiEcho: AppIndexer Package:[com.google.android.contacts] UserProfile:[0] Enabled:[true].
06-12 17:21:07.799  1714  3596 I AiAiEcho: AppFetcherImplV2 updateApps package:[com.google.android.contacts], userId:[0], reason:[package is updated.].
06-12 17:21:07.969  4550  5034 I cr_CronetUrlRequestContext: destroyNativeStreamLocked org.chromium.net.impl.CronetBidirectionalStream@f096fbd
06-12 17:21:08.029  1469  3300 W .gms.persistent: Long monitor contention with owner lowpool[11] (3743) at void bytb.n(byps, byps, int)(:com.google.android.gms@231818044@23.18.18 (190400-535401451):6) waiters=0 in int bytb.l(bysm, aphn) for 360ms
06-12 17:21:08.047  1966  2294 W .android.as.oss: Accessing hidden method Lcom/android/org/conscrypt/ConscryptEngineSocket;->setUseSessionTickets(Z)V (max-target-q,core-platform-api, reflection, denied)
06-12 17:21:08.047  1966  2294 W .android.as.oss: Accessing hidden method Lcom/android/org/conscrypt/OpenSSLSocketImpl;->setUseSessionTickets(Z)V (max-target-q,core-platform-api, reflection, denied)
06-12 17:21:08.047  1966  2294 W .android.as.oss: Accessing hidden method Lcom/android/org/conscrypt/AbstractConscryptSocket;->setUseSessionTickets(Z)V (max-target-q, reflection, denied)
06-12 17:21:08.048  1966  2294 W .android.as.oss: Accessing hidden method Lcom/android/org/conscrypt/ConscryptEngineSocket;->setHostname(Ljava/lang/String;)V (max-target-q,core-platform-api, reflection, denied)
06-12 17:21:08.048  1966  2294 W .android.as.oss: Accessing hidden method Lcom/android/org/conscrypt/OpenSSLSocketImpl;->setHostname(Ljava/lang/String;)V (max-target-q,core-platform-api, reflection, denied)
06-12 17:21:08.048  1966  2294 W .android.as.oss: Accessing hidden method Lcom/android/org/conscrypt/AbstractConscryptSocket;->setHostname(Ljava/lang/String;)V (max-target-q, reflection, denied)
06-12 17:21:08.048  1966  2294 W .android.as.oss: Accessing hidden method Lcom/android/org/conscrypt/OpenSSLSocketImpl;->setAlpnProtocols([B)V (max-target-q,core-platform-api, reflection, denied)
06-12 17:21:08.048  1966  2294 W .android.as.oss: Accessing hidden method Lcom/android/org/conscrypt/AbstractConscryptSocket;->setAlpnProtocols([B)V (max-target-q, reflection, denied)
06-12 17:21:08.094  4550  4861 I Bugle   : VerifiedSmsEnabledCheckerImpl: VSMS is disabled via Phenotype flag.
06-12 17:21:08.096   537  2267 D OomAdjuster: Not killing cached processes
06-12 17:21:08.108   537   624 D ActivityManager: freezing 4857 com.google.android.apps.messaging:rcs
06-12 17:21:08.119  4550  4630 I Bugle   : VerifiedSmsStartupTask: Checking if Verified SMS tasks should be enqueued. feature supported: false, feature enabled: false, eligible / has registered key: false, C11N: false
06-12 17:21:08.119  4550  4630 I Bugle   : VerifiedSmsStartupTask: Not enqueuing VSMS periodic task, VSMS is disabled or not supported.
06-12 17:21:08.120  4550  4649 I Bugle   : VerifiedSmsStartupTask: Not calling C11N to get phone numbers.
06-12 17:21:08.134   891   891 D StatusBarIconController: ignoring old pipeline callbacks, because the new mobile icons are enabled
06-12 17:21:08.135  2010  5072 D DownloadManager: [2] Starting
06-12 17:21:08.167   891   976 D EGL_emulation: app_time_stats: avg=2681.52ms min=2681.52ms max=2681.52ms count=1
06-12 17:21:08.171   349  5073 I resolv  : GetAddrInfoHandler::run: {100 983140 100 983140 10082 0}
06-12 17:21:08.175   349  5074 I resolv  : res_nmkquery: (QUERY, IN, AAAA)
06-12 17:21:08.175   349  5074 I resolv  : resolv_cache_lookup: FOUND IN CACHE entry=0xb40000797e08df90
06-12 17:21:08.175   349  5074 I resolv  : doQuery: rcode=0, ancount=1, return value=316
06-12 17:21:08.184   349  5075 I resolv  : res_nmkquery: (QUERY, IN, A)
06-12 17:21:08.184   349  5075 I resolv  : resolv_cache_lookup: FOUND IN CACHE entry=0xb40000785e090ef0
06-12 17:21:08.184   349  5075 I resolv  : doQuery: rcode=0, ancount=1, return value=508
06-12 17:21:08.185  2010  5072 D TrafficStats: tagSocket(78) with statsTag=0xffffff01, statsUid=10118
06-12 17:21:08.228  1537  4015 I CheckinResponseProcess: From server: 1487 gservices [full] [CONTEXT service_id=130 ]
06-12 17:21:08.234  1731  3593 D GservicesProvider: Update with URI content://com.google.android.gsf.gservices/main
06-12 17:21:08.387  1966  2294 W .android.as.oss: Accessing hidden method Lcom/android/org/conscrypt/OpenSSLSocketImpl;->getAlpnSelectedProtocol()[B (max-target-q,core-platform-api, reflection, denied)
06-12 17:21:08.387  1966  2294 W .android.as.oss: Accessing hidden method Lcom/android/org/conscrypt/AbstractConscryptSocket;->getAlpnSelectedProtocol()[B (max-target-q, reflection, denied)
06-12 17:21:08.401  1537  1551 W System  : A resource failed to call close. 
06-12 17:21:08.462  1731  3593 I GservicesProvider: main update completed
06-12 17:21:08.463  4550  4631 W Bugle   : TextClassifierLibManagerImpl: Reclaiming memory at level: 40
06-12 17:21:08.464  4550  4644 W Bugle   : TextClassifierLibManagerImpl: Reclaiming memory at level: 40
06-12 17:21:08.467  4550  4686 I Bugle   : BroadcastReceiverAsyncWorkTracker: Acknowledging broadcast of bdxy@4ea4844
06-12 17:21:08.469  4550  4686 I Bugle   : BroadcastReceiverAsyncWorkTracker: Acknowledging broadcast of bdxy@4ea4844
06-12 17:21:08.470  4550  4686 I Bugle   : BroadcastReceiverAsyncWorkTracker: Acknowledging broadcast of bdxy@4ea4844
06-12 17:21:08.474  4550  4954 W BugleRcsEngine: [93] bpxc.w: Unable to send diagnostic log
06-12 17:21:08.475  4550  4686 I Bugle   : BroadcastReceiverAsyncWorkTracker: Acknowledging broadcast of bdxy@4ea4844
06-12 17:21:08.495   537   564 D ActivityManager: sync unfroze 4857 com.google.android.apps.messaging:rcs for 3
06-12 17:21:08.497  1537  4015 I Checkin : [CheckinRequestProcessor] Default Task : Checkin Succeeded: https://android.googleapis.com/checkin (fragment #1).
06-12 17:21:08.500  4857  4876 D CompatibilityChangeReporter: Compat change id reported: 150939131; UID 10130; state: ENABLED
06-12 17:21:08.535  4857  4941 W BugleRcsEngine: [61] bpxc.w: Unable to send diagnostic log
06-12 17:21:08.564  4550  4633 I BugleRcsProvisioning: RcsProvisioningTrigger: onGservicesUpdated
06-12 17:21:08.564  4550  4633 I BugleRcsProvisioning: RcsProvisioningTrigger: updateRcsAvailability : hint = GSERVICE_UPDATE
06-12 17:21:08.568  4550  4633 I Bugle   : RcsAvailabilityUtilForProvisioningEngineV2: updateAvailabilityAsync, hint: GSERVICE_UPDATE
06-12 17:21:08.568  4550  4633 I BugleRcsProvisioning: RcsAvailabilityUpdaterLocal: updateAvailabilityAsync: scheduling updateRcsAvailability call, hint: GSERVICE_UPDATE, enableWelcomePopupWithoutGoogleTos: false, reshowSuccessPopup: false
06-12 17:21:08.587  1537  4015 I Checkin : [CheckinOperation] Checkin Operation finished with result: SUCCESS finish time: 84885.
06-12 17:21:08.588  4550  4861 W BugleRcsEngine: [71] brcu.d: [SR]: Single Registration is disabled. Skipping Single Registration capability check for subId: 1, OS.isAtLeastS:[true], enableSingleRegistrationProvisioning:[false]
06-12 17:21:08.601  1469  4740 I Auth    : [AuthManaged, PasswordComplexityHelperImpl] Updating password complexity components state.
06-12 17:21:08.601  1469  4740 I Auth    : [AuthManaged, PasswordComplexityHelperImpl] Disabling com.google.android.gms.auth.managed.admin.DeviceAdminReceiver
06-12 17:21:08.602  1469  4740 I Auth    : [AuthManaged, PasswordComplexityHelperImpl] Disabling com.google.android.gms.auth.managed.ui.SetNewPasswordActivity
06-12 17:21:08.608  1469  4961 I Herrevad: [333] aqwl.a: updateListenState
06-12 17:21:08.614  1537  4707 I GmsModuleFndr: Beginning GMS chimera module scan
06-12 17:21:08.618  4857  4922 D BugleRcsEngine: log_saver already enabled
06-12 17:21:08.619  4857  4947 I BugleRcsEngine: [66] EventHubProxy.subscribe: Adding event listener brml@e42dd48 for category 8 with key 239263048 for hub ENGINE
06-12 17:21:08.646  4550  4861 I BugleRcsProvisioning: RcsAvailabilityUpdaterLocal: RcsAvailability configuration availability and enabled status: simId: redacted-pii:sim_id[chars:20,last3:897], SipConnectionType: DUAL_REG, isConfigurationAvailableAndEnabled: false
06-12 17:21:08.646  4550  4861 I BugleRcsProvisioning: RcsAvailabilityUpdaterLocal: updateRcsAvailability, currentAvailability: 2, newAvailability: 2, hint: GSERVICE_UPDATE
06-12 17:21:08.647  4550  4641 I BugleRcsProvisioning: RcsProvisioningTrigger: onRcsAvailabilityUpdate : availability is updated to RCS is disabled for this carrier by Google, lastAvailability is RCS is disabled for this carrier by Google, simId hash = 6024372701224550287, simId = redacted-pii:sim_id[chars:20,last3:897], isPev3Enabled = true
06-12 17:21:08.652  4550  4957 D BugleRcsEngine: log_saver already enabled
06-12 17:21:08.653  1537  4707 I ModuleSetMgr: Computing pending module set with APKs: [[AdsFdrDynamite.integ:231004600100000], [Cronetdynamite:231818190400], [Dynamiteloader:231818190000], [Dynamitemodulesa:231818190000], [Dynamitemodulesc:231818190000], [Googlecertificates:231818190000], [Mapsdynamite:231818190000], [Measurementdynamite:231818190000]]
06-12 17:21:08.653  1537  4773 I AccountSeedingPrefetchI: AccountSeedingPrefetchInit intent operation started. [CONTEXT service_id=42 ]
06-12 17:21:08.656  1537  4990 I GCM-GMS : Scheduling task to register GMS
06-12 17:21:08.662  1966  2294 I HttpGrpcBindableService: Responding with header information for URL 'https://gstatic.com/matchmaker/kg_collections_table/21051103/collections_table_main_21980965fbd997111d89f86c16e9e090.zip'
06-12 17:21:08.663  1966  3524 I HttpGrpcBindableService: [pfd-write] DOWNLOAD COMPLETE: Downloaded 613 bytes from URL [https://gstatic.com/matchmaker/kg_collections_table/21051103/collections_table_main_21980965fbd997111d89f86c16e9e090.zip].
06-12 17:21:08.664  1714  2243 I AstreaHttpConnection: Started download from url='https://gstatic.com/matchmaker/kg_collections_table/21051103/collections_table_main_21980965fbd997111d89f86c16e9e090.zip'
06-12 17:21:08.664  1537  4707 I ModuleSetMgr: Download of container feature antifingerprinting is disabled.
06-12 17:21:08.664  1537  4707 I ModuleSetMgr: Download of container feature appsearch_dynamite_impl is disabled.
06-12 17:21:08.664  1537  4707 I ModuleSetMgr: Download of container feature brella_dynamite is disabled.
06-12 17:21:08.664  1537  4707 I ModuleSetMgr: Download of container feature cameraconnectivity_impl is disabled.
06-12 17:21:08.664  1537  4707 I ModuleSetMgr: Download of container feature dck_management is disabled.
06-12 17:21:08.664  1537  4707 I ModuleSetMgr: Download of container feature easyunlock is disabled.
06-12 17:21:08.664  1537  4707 I ModuleSetMgr: Download of container feature enterprise is disabled.
06-12 17:21:08.664  1537  4707 I ModuleSetMgr: Download of container feature enterprise_zt_mp_complete is disabled.
06-12 17:21:08.664  1537  4707 I ModuleSetMgr: Download of container feature fast_pair is disabled.
06-12 17:21:08.664  1537  4707 I ModuleSetMgr: Download of container feature game_platform is disabled.
06-12 17:21:08.664  1537  4707 I ModuleSetMgr: Download of container feature games is disabled.
06-12 17:21:08.664  1537  4707 I ModuleSetMgr: Download of container feature growth_upgradeparty is disabled.
06-12 17:21:08.664  1537  4707 I ModuleSetMgr: Download of container feature tflite_dynamite is disabled.
