--------- beginning of main
06-12 17:20:57.580  4857  4857 I BugleRcsEngine: [2] EventHubProxy.unsubscribe: Removing event listener 25976607 for category 8 for hub ENGINE
06-12 17:20:57.585  4550  4550 I BugleDataModel: ActionExecutorImpl: Timestamp for ACTION_EXECUTE_QUEUED_GenericWorkerQueueAction elapsedRealTime: 73883 currentTimeMillis: 1781256057585
06-12 17:20:57.585  4550  4862 I BugleDataModel: ActionExecutorImpl: Timestamp for ACTION_BACKGROUND_QUEUED_GenericWorkerQueueAction elapsedRealTime: 73883 currentTimeMillis: 1781256057585
06-12 17:20:57.654  4857  4857 W BugleRcsEngine: [2] RcsEngineProxyImpl.f: RcsEngineProxyImpl:[9bba526c-f701]: setting active RCS engine to null
06-12 17:20:57.654  4857  4857 E BugleRcsEngine: [2] JibeService.onDestroy: JibeService: onDestroy() unregister factory exception: java.lang.IllegalArgumentException: Receiver not registered: com.google.android.ims.receiver.sip.DebugOptionsReceiver@84bde3
06-12 17:20:57.654  4857  4857 E BugleRcsEngine: 	at android.app.LoadedApk.forgetReceiverDispatcher(LoadedApk.java:1662)
06-12 17:20:57.654  4857  4857 E BugleRcsEngine: 	at android.app.ContextImpl.unregisterReceiver(ContextImpl.java:1872)
06-12 17:20:57.654  4857  4857 E BugleRcsEngine: 	at android.content.ContextWrapper.unregisterReceiver(ContextWrapper.java:820)
06-12 17:20:57.654  4857  4857 E BugleRcsEngine: 	at com.google.android.ims.receiver.sip.DebugOptionsReceiver.b(PG:1)
06-12 17:20:57.654  4857  4857 E BugleRcsEngine: 	at com.google.android.ims.service.JibeService.onDestroy(PG:10)
06-12 17:20:57.654  4857  4857 E BugleRcsEngine: 	at android.app.ActivityThread.handleStopService(ActivityThread.java:4851)
06-12 17:20:57.654  4857  4857 E BugleRcsEngine: 	at android.app.ActivityThread.-$$Nest$mhandleStopService(Unknown Source:0)
06-12 17:20:57.654  4857  4857 E BugleRcsEngine: 	at android.app.ActivityThread$H.handleMessage(ActivityThread.java:2297)
06-12 17:20:57.654  4857  4857 E BugleRcsEngine: 	at android.os.Handler.dispatchMessage(Handler.java:106)
06-12 17:20:57.654  4857  4857 E BugleRcsEngine: 	at android.os.Looper.loopOnce(Looper.java:205)
06-12 17:20:57.654  4857  4857 E BugleRcsEngine: 	at android.os.Looper.loop(Looper.java:294)
06-12 17:20:57.654  4857  4857 E BugleRcsEngine: 	at android.app.ActivityThread.main(ActivityThread.java:8177)
06-12 17:20:57.654  4857  4857 E BugleRcsEngine: 	at java.lang.reflect.Method.invoke(Native Method)
06-12 17:20:57.654  4857  4857 E BugleRcsEngine: 	at com.android.internal.os.RuntimeInit$MethodAndArgsCaller.run(RuntimeInit.java:552)
06-12 17:20:57.654  4857  4857 E BugleRcsEngine: 	at com.android.internal.os.ZygoteInit.main(ZygoteInit.java:971)
06-12 17:20:57.655  4857  4857 I BugleRcsEngine: [2] bscl.b: Destroying JibeServiceComponent
06-12 17:20:57.667  4550  4657 I BugleRcsProvisioning: RcsAvailabilityUpdaterLocal: RcsAvailability configuration availability and enabled status: simId: redacted-pii:sim_id[chars:20,last3:897], SipConnectionType: DUAL_REG, isConfigurationAvailableAndEnabled: false
06-12 17:20:57.667  4550  4657 I BugleRcsProvisioning: RcsAvailabilityUpdaterLocal: updateRcsAvailability, currentAvailability: 2, newAvailability: 2, hint: GSERVICE_UPDATE
06-12 17:20:57.669  4550  4861 I BugleRcsProvisioning: RcsProvisioningTrigger: onRcsAvailabilityUpdate : availability is updated to RCS is disabled for this carrier by Google, lastAvailability is RCS is disabled for this carrier by Google, simId hash = 6024372701224550287, simId = redacted-pii:sim_id[chars:20,last3:897], isPev3Enabled = true
06-12 17:20:57.669  4550  4687 D BugleRcsEngine: log_saver already enabled
06-12 17:20:57.693  1714  1936 I AiAiEcho: EchoSearch: WidgetFetcherImpl is initialized with [29] widgets [reason=package added for userId: 0]
06-12 17:20:57.704  1469  1469 I GCoreUlr: Unbound from all signal providers.
06-12 17:20:57.704  1469  1469 I GCoreUlr: Stopping handler for UlrDispSvcFast
--------- beginning of system
06-12 17:20:57.705   537   563 W ContentProviderHelper: Slow operation: 118ms so far, now at getContentProviderImpl: after updateOomAdj
06-12 17:20:57.707   537   563 W ContentProviderHelper: Slow operation: 121ms so far, now at getContentProviderImpl: done!
06-12 17:20:57.792  4550  4954 W BugleRcsEngine: [93] bpxc.w: Unable to send diagnostic log
06-12 17:20:57.792  4550  4957 D BugleRcsEngine: log_saver already enabled
06-12 17:20:57.909   537   624 D ActivityManager: freezing 3994 com.google.android.configupdater
06-12 17:20:57.913  4857  4857 E ActivityThread: Service com.google.android.ims.service.JibeService has leaked IntentReceiver com.google.android.ims.receiver.sip.DebugOptionsReceiver@84bde3 that was originally registered here. Are you missing a call to unregisterReceiver()?
06-12 17:20:57.913  4857  4857 E ActivityThread: android.app.IntentReceiverLeaked: Service com.google.android.ims.service.JibeService has leaked IntentReceiver com.google.android.ims.receiver.sip.DebugOptionsReceiver@84bde3 that was originally registered here. Are you missing a call to unregisterReceiver()?
06-12 17:20:57.913  4857  4857 E ActivityThread: 	at android.app.LoadedApk$ReceiverDispatcher.<init>(LoadedApk.java:1839)
06-12 17:20:57.913  4857  4857 E ActivityThread: 	at android.app.LoadedApk.getReceiverDispatcher(LoadedApk.java:1601)
06-12 17:20:57.913  4857  4857 E ActivityThread: 	at android.app.ContextImpl.registerReceiverInternal(ContextImpl.java:1840)
06-12 17:20:57.913  4857  4857 E ActivityThread: 	at android.app.ContextImpl.registerReceiver(ContextImpl.java:1799)
06-12 17:20:57.913  4857  4857 E ActivityThread: 	at android.content.ContextWrapper.registerReceiver(ContextWrapper.java:774)
06-12 17:20:57.913  4857  4857 E ActivityThread: 	at hkn.a(PG:1)
06-12 17:20:57.913  4857  4857 E ActivityThread: 	at hko.e(PG:2)
06-12 17:20:57.913  4857  4857 E ActivityThread: 	at hko.d(PG:1)
06-12 17:20:57.913  4857  4857 E ActivityThread: 	at com.google.android.ims.receiver.sip.DebugOptionsReceiver.a(PG:2)
06-12 17:20:57.913  4857  4857 E ActivityThread: 	at bqcs.a(PG:12)
06-12 17:20:57.913  4857  4857 E ActivityThread: 	at bscr.run(PG:23)
06-12 17:20:57.913  4857  4857 E ActivityThread: 	at android.os.Handler.handleCallback(Handler.java:958)
06-12 17:20:57.913  4857  4857 E ActivityThread: 	at android.os.Handler.dispatchMessage(Handler.java:99)
06-12 17:20:57.913  4857  4857 E ActivityThread: 	at android.os.Looper.loopOnce(Looper.java:205)
06-12 17:20:57.913  4857  4857 E ActivityThread: 	at android.os.Looper.loop(Looper.java:294)
06-12 17:20:57.913  4857  4857 E ActivityThread: 	at android.os.HandlerThread.run(HandlerThread.java:67)
06-12 17:20:57.935  4550  4653 I BugleJobs: GenericWorkerQueueAction: Work found
06-12 17:20:58.028  4188  4256 D CompatibilityChangeReporter: Compat change id reported: 263076149; UID 10149; state: DISABLED
06-12 17:20:58.028   537  2324 D OomAdjuster: Not killing cached processes
06-12 17:20:58.029  1469  3670 W Looper  : Handler (acdu) {602e89} sendMessageAtTime() called with no mQueue
06-12 17:20:58.029  1469  3670 W Looper  : java.lang.RuntimeException: Handler (acdu) {602e89} sendMessageAtTime() called with no mQueue
06-12 17:20:58.029  1469  3670 W Looper  : 	at acdu.sendMessageAtTime(:com.google.android.gms@231818044@23.18.18 (190400-535401451):2)
06-12 17:20:58.029  1469  3670 W Looper  : 	at android.os.Handler.sendMessageDelayed(Handler.java:705)
06-12 17:20:58.029  1469  3670 W Looper  : 	at android.os.Handler.post(Handler.java:435)
06-12 17:20:58.029  1469  3670 W Looper  : 	at android.app.LoadedApk$ReceiverDispatcher.performReceive(LoadedApk.java:1893)
06-12 17:20:58.029  1469  3670 W Looper  : 	at android.app.LoadedApk$ReceiverDispatcher$InnerReceiver.performReceive(LoadedApk.java:1709)
06-12 17:20:58.029  1469  3670 W Looper  : 	at android.app.ActivityThread$ApplicationThread.scheduleRegisteredReceiver(ActivityThread.java:1324)
06-12 17:20:58.029  1469  3670 W Looper  : 	at android.app.IApplicationThread$Stub.onTransact(IApplicationThread.java:727)
06-12 17:20:58.029  1469  3670 W Looper  : 	at android.os.Binder.execTransactInternal(Binder.java:1344)
06-12 17:20:58.029  1469  3670 W Looper  : 	at android.os.Binder.execTransact(Binder.java:1275)
06-12 17:20:58.029  1469  3670 W Looper  : Handler (acdu) {602e89} sendMessageAtTime() called with no mQueue
06-12 17:20:58.029  1469  3670 W Looper  : java.lang.RuntimeException: Handler (acdu) {602e89} sendMessageAtTime() called with no mQueue
06-12 17:20:58.029  1469  3670 W Looper  : 	at acdu.sendMessageAtTime(:com.google.android.gms@231818044@23.18.18 (190400-535401451):2)
06-12 17:20:58.029  1469  3670 W Looper  : 	at android.os.Handler.sendMessageDelayed(Handler.java:705)
06-12 17:20:58.029  1469  3670 W Looper  : 	at android.os.Handler.post(Handler.java:435)
06-12 17:20:58.029  1469  3670 W Looper  : 	at android.app.LoadedApk$ReceiverDispatcher.performReceive(LoadedApk.java:1893)
06-12 17:20:58.029  1469  3670 W Looper  : 	at android.app.LoadedApk$ReceiverDispatcher$InnerReceiver.performReceive(LoadedApk.java:1709)
06-12 17:20:58.029  1469  3670 W Looper  : 	at android.app.ActivityThread$ApplicationThread.scheduleRegisteredReceiver(ActivityThread.java:1324)
06-12 17:20:58.029  1469  3670 W Looper  : 	at android.app.IApplicationThread$Stub.onTransact(IApplicationThread.java:727)
06-12 17:20:58.029  1469  3670 W Looper  : 	at android.os.Binder.execTransactInternal(Binder.java:1344)
06-12 17:20:58.029  1469  3670 W Looper  : 	at android.os.Binder.execTransact(Binder.java:1275)
06-12 17:20:58.029  1469  3670 W Looper  : Handler (acdu) {602e89} sendMessageAtTime() called with no mQueue
06-12 17:20:58.029  1469  3670 W Looper  : java.lang.RuntimeException: Handler (acdu) {602e89} sendMessageAtTime() called with no mQueue
06-12 17:20:58.029  1469  3670 W Looper  : 	at acdu.sendMessageAtTime(:com.google.android.gms@231818044@23.18.18 (190400-535401451):2)
06-12 17:20:58.029  1469  3670 W Looper  : 	at android.os.Handler.sendMessageDelayed(Handler.java:705)
06-12 17:20:58.029  1469  3670 W Looper  : 	at android.os.Handler.post(Handler.java:435)
06-12 17:20:58.029  1469  3670 W Looper  : 	at android.app.LoadedApk$ReceiverDispatcher.performReceive(LoadedApk.java:1893)
06-12 17:20:58.029  1469  3670 W Looper  : 	at android.app.LoadedApk$ReceiverDispatcher$InnerReceiver.performReceive(LoadedApk.java:1709)
06-12 17:20:58.029  1469  3670 W Looper  : 	at android.app.ActivityThread$ApplicationThread.scheduleRegisteredReceiver(ActivityThread.java:1324)
06-12 17:20:58.029  1469  3670 W Looper  : 	at android.app.IApplicationThread$Stub.onTransact(IApplicationThread.java:727)
06-12 17:20:58.029  1469  3670 W Looper  : 	at android.os.Binder.execTransactInternal(Binder.java:1344)
06-12 17:20:58.029  1469  3670 W Looper  : 	at android.os.Binder.execTransact(Binder.java:1275)
06-12 17:20:58.044  4857  4857 E ActivityThread: Service com.google.android.ims.service.JibeService has leaked IntentReceiver bsch@af233e0 that was originally registered here. Are you missing a call to unregisterReceiver()?
06-12 17:20:58.044  4857  4857 E ActivityThread: android.app.IntentReceiverLeaked: Service com.google.android.ims.service.JibeService has leaked IntentReceiver bsch@af233e0 that was originally registered here. Are you missing a call to unregisterReceiver()?
06-12 17:20:58.044  4857  4857 E ActivityThread: 	at android.app.LoadedApk$ReceiverDispatcher.<init>(LoadedApk.java:1839)
06-12 17:20:58.044  4857  4857 E ActivityThread: 	at android.app.LoadedApk.getReceiverDispatcher(LoadedApk.java:1601)
06-12 17:20:58.044  4857  4857 E ActivityThread: 	at android.app.ContextImpl.registerReceiverInternal(ContextImpl.java:1840)
06-12 17:20:58.044  4857  4857 E ActivityThread: 	at android.app.ContextImpl.registerReceiver(ContextImpl.java:1792)
06-12 17:20:58.044  4857  4857 E ActivityThread: 	at android.app.ContextImpl.registerReceiver(ContextImpl.java:1780)
06-12 17:20:58.044  4857  4857 E ActivityThread: 	at android.content.ContextWrapper.registerReceiver(ContextWrapper.java:755)
06-12 17:20:58.044  4857  4857 E ActivityThread: 	at bsch.a(PG:3)
06-12 17:20:58.044  4857  4857 E ActivityThread: 	at bqcs.a(PG:13)
06-12 17:20:58.044  4857  4857 E ActivityThread: 	at bscr.run(PG:23)
06-12 17:20:58.044  4857  4857 E ActivityThread: 	at android.os.Handler.handleCallback(Handler.java:958)
06-12 17:20:58.044  4857  4857 E ActivityThread: 	at android.os.Handler.dispatchMessage(Handler.java:99)
06-12 17:20:58.044  4857  4857 E ActivityThread: 	at android.os.Looper.loopOnce(Looper.java:205)
06-12 17:20:58.044  4857  4857 E ActivityThread: 	at android.os.Looper.loop(Looper.java:294)
06-12 17:20:58.044  4857  4857 E ActivityThread: 	at android.os.HandlerThread.run(HandlerThread.java:67)
06-12 17:20:58.052  4188  4256 I org.webrtc.Logging: EffectsMiniBenchmarkWorkerFactory: Received worker class com.google.android.libraries.hub.workmanager.HubListenableWorker
06-12 17:20:58.067   891   891 D StatusBarIconController: ignoring old pipeline callbacks, because the new mobile icons are enabled
06-12 17:20:58.080  1469  4961 I Herrevad: [333] aqwl.a: updateListenState
06-12 17:20:58.084  1469  3643 I Auth    : [AuthManaged, PasswordComplexityHelperImpl] Updating password complexity components state.
06-12 17:20:58.084  1469  3643 I Auth    : [AuthManaged, PasswordComplexityHelperImpl] Disabling com.google.android.gms.auth.managed.admin.DeviceAdminReceiver
06-12 17:20:58.132  1537  4709 I GmsModuleFndr: Beginning GMS chimera module scan
06-12 17:20:58.211   537   988 I ActivityManager: Force stopping com.dazong.sorterpda appid=10192 user=0: from pid 4966
06-12 17:20:58.211   537   988 E libprocessgroup: No such cgroup attribute: /sys/fs/cgroup/uid_10192/cgroup.freeze
06-12 17:20:58.211   537   988 W libprocessgroup: Failed to apply Frozen process profile: No such file or directory
06-12 17:20:58.213   537   988 E libprocessgroup: No such cgroup attribute: /sys/fs/cgroup/uid_10192/cgroup.freeze
06-12 17:20:58.213   537   988 W libprocessgroup: Failed to apply Unfrozen process profile: No such file or directory
06-12 17:20:58.268  1166  2127 D EGL_emulation: app_time_stats: avg=1512.39ms min=1512.39ms max=1512.39ms count=1
06-12 17:20:58.319  1469  3643 I Auth    : [AuthManaged, PasswordComplexityHelperImpl] Disabling com.google.android.gms.auth.managed.ui.SetNewPasswordActivity
06-12 17:20:58.351   537   988 I AppsFilter: interaction: PackageSetting{7d3b4a7 com.dazong.driver/10193} -> PackageSetting{8823966 com.dazong.sorterpda/10192} BLOCKED
06-12 17:20:58.358   537   564 W system_server: Long monitor contention with owner binder:537_8 (988) at void com.android.server.am.ActivityManagerService.forceStopPackage(java.lang.String, int, int)(ActivityManagerService.java:3853) waiters=0 in boolean com.android.server.am.BroadcastQueueModernImpl.lambda$new$0(android.os.Message) for 146ms
06-12 17:20:58.360   537   563 E system_server: No package ID 7f found for resource ID 0x7f08038b.
06-12 17:20:58.360   537   563 E system_server: No package ID 7f found for resource ID 0x7f150be5.
06-12 17:20:58.360   537   563 E system_server: No package ID 7f found for resource ID 0x7f150be5.
06-12 17:20:58.360   537   563 E system_server: No package ID 7f found for resource ID 0x7f150be4.
06-12 17:20:58.378  1714  1714 I AiAiEcho: AppFetcherImpl onPackageChanged com.google.android.apps.messaging.
06-12 17:20:58.379  4345  4524 W CursorConverter: Cannot get icon, pkg/id :com.android.settings/2130837993
06-12 17:20:58.380  4345  4524 W CursorConverter: Cannot get icon, pkg/id :com.android.settings/2130837988
06-12 17:20:58.380  4345  4524 W CursorConverter: Cannot get icon, pkg/id :com.android.settings/2130837994
06-12 17:20:58.380  4345  4524 W CursorConverter: Cannot get icon, pkg/id :com.android.settings/2130837905
06-12 17:20:58.404  1966  3524 I HttpGrpcBindableService: [pfd-write] DOWNLOAD COMPLETE: Downloaded 38498810 bytes from URL [https://storage.googleapis.com/captions/aiai-en-US-v3003.zip].
06-12 17:20:58.405  1714  2243 I AstreaHttpConnection: Download completed for url [https://storage.googleapis.com/captions/aiai-en-US-v3003.zip].
06-12 17:20:58.407  1714  1970 I SP.AiAi : <==== Finishing job {W:b:u:l, bg}, 30210 ms. elapsed since start
06-12 17:20:58.408  1714  1970 I SP.AiAi : Download stopped: captions_i18n_v0_en-US:asr_en-US_v3003, succeeded, size: 38498810
06-12 17:20:58.414  1537  4709 I ModuleSetMgr: Computing pending module set with APKs: [[AdsFdrDynamite.integ:231004600100000], [Cronetdynamite:231818190400], [Dynamiteloader:231818190000], [Dynamitemodulesa:231818190000], [Dynamitemodulesc:231818190000], [Googlecertificates:231818190000], [Mapsdynamite:231818190000], [Measurementdynamite:231818190000]]
06-12 17:20:58.417  1124  1124 D CarrierSvcBindHelper: onHandleForceStop: [com.dazong.sorterpda]
06-12 17:20:58.418  1124  1124 D CarrierSvcBindHelper: No carrier app for: 0
06-12 17:20:58.442  3193  3358 W DialerVerifiedNumberProvider: com.android.dialer.businessvoice.verifiedcall.impl.constellation.VerifiedNumberProvider.lambda$getConstellationResponse$1:155 Failed to get constellation token.
06-12 17:20:58.442  3193  3358 W DialerVerifiedNumberProvider: nkq: 5005: 
06-12 17:20:58.442  3193  3358 W DialerVerifiedNumberProvider: 	at nov.au(PG:1)
06-12 17:20:58.442  3193  3358 W DialerVerifiedNumberProvider: 	at nnf.g(PG:2)
06-12 17:20:58.442  3193  3358 W DialerVerifiedNumberProvider: 	at npo.a(Unknown Source:2)
06-12 17:20:58.442  3193  3358 W DialerVerifiedNumberProvider: 	at npy.dm(PG:9)
06-12 17:20:58.442  3193  3358 W DialerVerifiedNumberProvider: 	at ncz.onTransact(PG:4)
06-12 17:20:58.442  3193  3358 W DialerVerifiedNumberProvider: 	at android.os.Binder.execTransactInternal(Binder.java:1344)
06-12 17:20:58.442  3193  3358 W DialerVerifiedNumberProvider: 	at android.os.Binder.execTransact(Binder.java:1275)
06-12 17:20:58.445  1714  2745 I AiAiEcho: AppIndexer Package:[com.google.android.apps.messaging] UserProfile:[0] Enabled:[true].
06-12 17:20:58.445  1714  2745 I AiAiEcho: AppFetcherImplV2 updateApps package:[com.google.android.apps.messaging], userId:[0], reason:[package is updated.].
06-12 17:20:58.461   537   563 E system_server: No package ID 7f found for resource ID 0x7f080107.
06-12 17:20:58.461   537   563 E system_server: No package ID 7f found for resource ID 0x7f150560.
06-12 17:20:58.463   349   402 I netd    : tetherGetStats() -> {[]} <0.61ms>
06-12 17:20:58.494  4345  4524 W CursorConverter: Cannot get icon, pkg/id :com.android.settings/2130837916
06-12 17:20:58.494  4345  4524 W CursorConverter: Cannot get icon, pkg/id :com.android.settings/2130837985
06-12 17:20:58.495  4345  4524 W CursorConverter: Cannot get icon, pkg/id :com.android.settings/2130838179
06-12 17:20:58.495  4345  4524 W CursorConverter: Cannot get icon, pkg/id :com.android.settings/2130837907
06-12 17:20:58.495  4345  4524 W CursorConverter: Cannot get icon, pkg/id :com.android.settings/2130838300
06-12 17:20:58.495  4345  4524 W CursorConverter: Cannot get icon, pkg/id :com.android.settings/2130838299
06-12 17:20:58.495  4345  4524 W CursorConverter: Cannot get icon, pkg/id :com.android.settings/2130838322
06-12 17:20:58.495  4345  4524 W CursorConverter: Cannot get icon, pkg/id :com.android.settings/2130838089
06-12 17:20:58.495  4345  4524 W CursorConverter: Cannot get icon, pkg/id :com.android.settings/2130837972
06-12 17:20:58.495  4345  4524 W CursorConverter: Cannot get icon, pkg/id :com.android.settings/2130838186
06-12 17:20:58.495  4345  4524 W CursorConverter: Cannot get icon, pkg/id :com.android.settings/2130837941
06-12 17:20:58.505   537   624 D ActivityManager: freezing 4137 com.google.android.projection.gearhead:shared
06-12 17:20:58.512  1537  4709 I ModuleSetMgr: Download of container feature antifingerprinting is disabled.
06-12 17:20:58.517  1537  4709 I ModuleSetMgr: Download of container feature appsearch_dynamite_impl is disabled.
06-12 17:20:58.517  1537  4709 I ModuleSetMgr: Download of container feature brella_dynamite is disabled.
06-12 17:20:58.517  1537  4709 I ModuleSetMgr: Download of container feature cameraconnectivity_impl is disabled.
06-12 17:20:58.517  1537  4709 I ModuleSetMgr: Download of container feature dck_management is disabled.
06-12 17:20:58.517  1537  4709 I ModuleSetMgr: Download of container feature easyunlock is disabled.
06-12 17:20:58.517  1537  4709 I ModuleSetMgr: Download of container feature enterprise is disabled.
06-12 17:20:58.517  1537  4709 I ModuleSetMgr: Download of container feature enterprise_zt_mp_complete is disabled.
06-12 17:20:58.517  1537  4709 I ModuleSetMgr: Download of container feature fast_pair is disabled.
06-12 17:20:58.517  1537  4709 I ModuleSetMgr: Download of container feature game_platform is disabled.
06-12 17:20:58.517  1537  4709 I ModuleSetMgr: Download of container feature games is disabled.
06-12 17:20:58.517  1537  4709 I ModuleSetMgr: Download of container feature growth_upgradeparty is disabled.
06-12 17:20:58.517  1537  4709 I ModuleSetMgr: Download of container feature tflite_dynamite is disabled.
06-12 17:20:58.517  1537  4709 I ModuleSetMgr: Download of container feature homegraph is disabled.
06-12 17:20:58.517  1537  4709 I ModuleSetMgr: Download of container feature magictether is disabled.
06-12 17:20:58.517  1537  4709 I ModuleSetMgr: Download of container feature maps_core is disabled.
06-12 17:20:58.517  1537  4709 I ModuleSetMgr: Download of container feature mlkit.docscan.crop is disabled.
06-12 17:20:58.517  1537  4709 I ModuleSetMgr: Download of container feature mlkit.docscan.enhance is disabled.
06-12 17:20:58.518  1537  4709 I ModuleSetMgr: Download of container feature multipackage_debug is disabled.
06-12 17:20:58.518  1537  4709 I ModuleSetMgr: Download of container feature payse is disabled.
06-12 17:20:58.518  1537  4709 I ModuleSetMgr: Download of container feature permissions_debug is disabled.
06-12 17:20:58.518  1537  4709 I ModuleSetMgr: Download of container feature play_cloud_search is disabled.
06-12 17:20:58.518  1537  4709 I ModuleSetMgr: Download of container feature semanticlocation_debug is disabled.
06-12 17:20:58.518  1537  4709 I ModuleSetMgr: Download of container feature tflite_delegate_edgetpu is disabled.
06-12 17:20:58.518  1537  4709 I ModuleSetMgr: Download of container feature tflite_delegate_test is disabled.
06-12 17:20:58.518  1537  4709 I ModuleSetMgr: Download of container feature tflite_gpu_dynamite is disabled.
06-12 17:20:58.518  1537  4709 I ModuleSetMgr: Download of container feature userstatus_impl is disabled.
06-12 17:20:58.518  1537  4709 I ModuleSetMgr: Download of container feature usonia_iam is disabled.
06-12 17:20:58.518  1537  4709 I ModuleSetMgr: Download of container feature vision.face is disabled.
06-12 17:20:58.518  1537  4709 I ModuleSetMgr: Download of container feature vision.ica is disabled.
06-12 17:20:58.518  1537  4709 I ModuleSetMgr: Download of container feature vision.ocr is disabled.
06-12 17:20:58.589  1714  1714 I AiAiEcho: AppFetcherImpl onPackageChanged com.google.android.contacts.
06-12 17:20:58.595   537  1842 D CompatibilityChangeReporter: Compat change id reported: 261072174; UID 10130; state: ENABLED
06-12 17:20:58.597   537   624 D ActivityManager: freezing 2771 com.google.android.tts
06-12 17:20:58.615  1714  2744 I AiAiEcho: AppIndexer Package:[com.google.android.contacts] UserProfile:[0] Enabled:[true].
06-12 17:20:58.616  1714  2744 I AiAiEcho: AppFetcherImplV2 updateApps package:[com.google.android.contacts], userId:[0], reason:[package is updated.].
06-12 17:20:58.622   891   932 W Looper  : Slow delivery took 71ms wmshell.main h=android.content.pm.LauncherApps$CallbackMessageHandler c=null m=3
06-12 17:20:58.626  4345  4524 W CursorConverter: Cannot get icon, pkg/id :com.android.settings/2130838032
06-12 17:20:58.627  4345  4524 W CursorConverter: Cannot get icon, pkg/id :com.android.settings/2130838049
06-12 17:20:58.627  4345  4524 W CursorConverter: Cannot get icon, pkg/id :com.android.settings/2130837940
06-12 17:20:58.646   537   537 W Looper  : Slow dispatch took 163ms main h=android.app.ActivityThread$H c=android.app.LoadedApk$ReceiverDispatcher$Args$$ExternalSyntheticLambda0@d72c53a m=0
06-12 17:20:58.694   537   563 I CredManSysServiceImpl: CredentialManagerServiceImpl constructed for: com.google.android.gms/.auth.api.credentials.credman.service.PasswordAndPasskeyService
06-12 17:20:58.694   537   563 I CredManSysServiceImpl: newServiceInfoLocked, mInfo null, com.google.android.gms/com.google.android.gms.auth.api.credentials.credman.service.PasswordAndPasskeyService
06-12 17:20:58.702  1714  1714 I AiAiEcho: AppFetcherImpl onPackageChanged com.google.android.gms.
06-12 17:20:58.711   894  1087 E RoleControllerServiceImpl: Default/fallback role holder package doesn't qualify for the role, package: com.google.android.gms.supervision, role: android.app.role.SYSTEM_SUPERVISION
06-12 17:20:58.712   894  1087 I Role    : com.google.android.gms not qualified for android.app.role.SYSTEM_CALL_STREAMING due to missing RequiredComponent{mIntentFilterData=IntentFilterData{mAction='android.telecom.CallStreamingService', mCategories='[]', mDataScheme='null', mDataType='null'}, mMinTargetSdkVersion=1, mFlags='0', mPermission='android.permission.BIND_CALL_STREAMING_SERVICE', mQueryFlags=0, mMetaData=[]}
06-12 17:20:58.712   894  1087 E RoleControllerServiceImpl: Default/fallback role holder package doesn't qualify for the role, package: com.google.android.gms, role: android.app.role.SYSTEM_CALL_STREAMING
06-12 17:20:58.712   894  1087 W Role    : Default holder doesn't have required signing certificate: com.google.android.apps.work.clouddpc:23962F4B43B9857638EA66F4D419518EAE282491ACDA4B94707BD59003C45E58
06-12 17:20:58.717   891   932 W Looper  : Drained
06-12 17:20:58.738   876   876 I wpa_supplicant: wlan0: CTRL-EVENT-BEACON-LOSS 
06-12 17:20:58.745   349  4975 I resolv  : GetAddrInfoHandler::run: {100 786532 100 983140 10128 0}
06-12 17:20:58.746  1714  2429 I AiAiEcho: AppIndexer Package:[com.google.android.gms] UserProfile:[0] Enabled:[true].
06-12 17:20:58.746  1714  2429 I AiAiEcho: AppFetcherImplV2 updateApps package:[com.google.android.gms], userId:[0], reason:[package is updated.].
06-12 17:20:58.769  3168  3205 D TrafficStats: tagSocket(117) with statsTag=0x1809, statsUid=-1
06-12 17:20:58.776  3168  3205 D TrafficStats: tagSocket(117) with statsTag=0x1809, statsUid=-1
06-12 17:20:58.779  3168  3205 D TrafficStats: tagSocket(117) with statsTag=0x1809, statsUid=-1
06-12 17:20:58.794  4345  4524 W CursorConverter: Cannot get icon, pkg/id :com.android.settings/2130838115
06-12 17:20:58.810  3193  3391 W DialerConstellationSyncWorker: com.android.dialer.businessvoice.control.worker.ConstellationSyncWorker.lambda$syncConstellation$2:110 Constellation api request failed, status code: 5005
06-12 17:20:58.811  3193  3357 I WM-WorkerWrapper: Worker result RETRY for Work [ id=9b4b40d4-74af-4ed1-8001-fc3b24e9c054, tags={ com.google.apps.tiktok.contrib.work.TikTokListenableWorker, TikTokWorker#com.android.dialer.businessvoice.control.worker.ConstellationSyncWorker } ]
06-12 17:20:58.812  1537  4709 I ModuleSetMgr: Pending container module APKs: []
06-12 17:20:58.812  1537  4709 I ModuleSetMgr: Pending non-container module APKs: []
06-12 17:20:58.876   349   405 I netd    : bandwidthRemoveInterfaceQuota(eth0) <4.87ms>
06-12 17:20:58.877   349   402 I netd    : bandwidthSetGlobalAlert(2097152) <1.29ms>
06-12 17:20:58.879   349   402 I netd    : bandwidthSetInterfaceQuota(eth0, 9223372036854775807) <0.39ms>
06-12 17:20:59.204   537   569 W system_server: Long monitor contention with owner binder:537_15 (2324) at boolean android.os.MessageQueue.enqueueMessage(android.os.Message, long)(MessageQueue.java:600) waiters=0 in android.os.Message android.os.MessageQueue.next() for 245ms
06-12 17:20:59.209   537   554 W Looper  : Slow delivery took 248ms android.fg h=android.os.Handler c=android.app.appsearch.AppSearchSession$4$$ExternalSyntheticLambda1@d64516f m=0
06-12 17:20:59.243  3168  3168 W binder:3168_1: type=1400 audit(0.0:39): avc:  denied  { read } for  name="u:object_r:system_adbd_prop:s0" dev="tmpfs" ino=283 scontext=u:r:gmscore_app:s0:c512,c768 tcontext=u:object_r:system_adbd_prop:s0 tclass=file permissive=0 app=com.google.android.gms
06-12 17:20:59.243  3168  3168 W binder:3168_1: type=1400 audit(0.0:40): avc:  denied  { read } for  name="u:object_r:adbd_prop:s0" dev="tmpfs" ino=51 scontext=u:r:gmscore_app:s0:c512,c768 tcontext=u:object_r:adbd_prop:s0 tclass=file permissive=0 app=com.google.android.gms
06-12 17:20:59.212  1469  1556 W GoogleHttpServiceClient: Timeout on service connection
06-12 17:20:59.212  1469  1556 W GoogleHttpServiceClient: java.lang.Throwable
06-12 17:20:59.212  1469  1556 W GoogleHttpServiceClient: 	at aqzs.a(:com.google.android.gms@231818044@23.18.18 (190400-535401451):3)
06-12 17:20:59.212  1469  1556 W GoogleHttpServiceClient: 	at aqzt.c(:com.google.android.gms@231818044@23.18.18 (190400-535401451):3)
06-12 17:20:59.212  1469  1556 W GoogleHttpServiceClient: 	at aqzk.d(:com.google.android.gms@231818044@23.18.18 (190400-535401451):1)
06-12 17:20:59.212  1469  1556 W GoogleHttpServiceClient: 	at aqzp.a(:com.google.android.gms@231818044@23.18.18 (190400-535401451):0)
06-12 17:20:59.212  1469  1556 W GoogleHttpServiceClient: 	at aqzk.b(:com.google.android.gms@231818044@23.18.18 (190400-535401451):5)
06-12 17:20:59.212  1469  1556 W GoogleHttpServiceClient: 	at aqzk.execute(:com.google.android.gms@231818044@23.18.18 (190400-535401451):8)
06-12 17:20:59.212  1469  1556 W GoogleHttpServiceClient: 	at aqzk.execute(:com.google.android.gms@231818044@23.18.18 (190400-535401451):7)
06-12 17:20:59.212  1469  1556 W GoogleHttpServiceClient: 	at apiy.h(:com.google.android.gms@231818044@23.18.18 (190400-535401451):51)
06-12 17:20:59.212  1469  1556 W GoogleHttpServiceClient: 	at apit.run(:com.google.android.gms@231818044@23.18.18 (190400-535401451):3)
06-12 17:20:59.212  1469  1556 W GoogleHttpServiceClient: 	at aced.c(:com.google.android.gms@231818044@23.18.18 (190400-535401451):6)
06-12 17:20:59.212  1469  1556 W GoogleHttpServiceClient: 	at aced.run(:com.google.android.gms@231818044@23.18.18 (190400-535401451):7)
06-12 17:20:59.212  1469  1556 W GoogleHttpServiceClient: 	at java.util.concurrent.ThreadPoolExecutor.runWorker(ThreadPoolExecutor.java:1145)
06-12 17:20:59.212  1469  1556 W GoogleHttpServiceClient: 	at java.util.concurrent.ThreadPoolExecutor$Worker.run(ThreadPoolExecutor.java:644)
06-12 17:20:59.212  1469  1556 W GoogleHttpServiceClient: 	at acjn.run(:com.google.android.gms@231818044@23.18.18 (190400-535401451):0)
06-12 17:20:59.212  1469  1556 W GoogleHttpServiceClient: 	at java.lang.Thread.run(Thread.java:1012)
06-12 17:20:59.217  1469  1556 E GmsConnectionFactory: UID for network attribution might be misset for tag 805307399 [CONTEXT service_id=39 ]
06-12 17:20:59.217  1469  1556 E GmsConnectionFactory: dhwp: FULL
06-12 17:20:59.217  1469  1556 E GmsConnectionFactory: 	at d.N(:com.google.android.gms@231818044@23.18.18 (190400-535401451):0)
06-12 17:20:59.217  1469  1556 E GmsConnectionFactory: 	at aobf.a(:com.google.android.gms@231818044@23.18.18 (190400-535401451):14)
06-12 17:20:59.217  1469  1556 E GmsConnectionFactory: 	at aqzt.c(:com.google.android.gms@231818044@23.18.18 (190400-535401451):8)
06-12 17:20:59.217  1469  1556 E GmsConnectionFactory: 	at aqzk.d(:com.google.android.gms@231818044@23.18.18 (190400-535401451):1)
06-12 17:20:59.217  1469  1556 E GmsConnectionFactory: 	at aqzp.a(:com.google.android.gms@231818044@23.18.18 (190400-535401451):0)
06-12 17:20:59.217  1469  1556 E GmsConnectionFactory: 	at aqzk.b(:com.google.android.gms@231818044@23.18.18 (190400-535401451):5)
06-12 17:20:59.217  1469  1556 E GmsConnectionFactory: 	at aqzk.execute(:com.google.android.gms@231818044@23.18.18 (190400-535401451):8)
06-12 17:20:59.217  1469  1556 E GmsConnectionFactory: 	at aqzk.execute(:com.google.android.gms@231818044@23.18.18 (190400-535401451):7)
06-12 17:20:59.217  1469  1556 E GmsConnectionFactory: 	at apiy.h(:com.google.android.gms@231818044@23.18.18 (190400-535401451):51)
06-12 17:20:59.217  1469  1556 E GmsConnectionFactory: 	at apit.run(:com.google.android.gms@231818044@23.18.18 (190400-535401451):3)
06-12 17:20:59.217  1469  1556 E GmsConnectionFactory: 	at aced.c(:com.google.android.gms@231818044@23.18.18 (190400-535401451):6)
06-12 17:20:59.217  1469  1556 E GmsConnectionFactory: 	at aced.run(:com.google.android.gms@231818044@23.18.18 (190400-535401451):7)
06-12 17:20:59.217  1469  1556 E GmsConnectionFactory: 	at java.util.concurrent.ThreadPoolExecutor.runWorker(ThreadPoolExecutor.java:1145)
06-12 17:20:59.217  1469  1556 E GmsConnectionFactory: 	at java.util.concurrent.ThreadPoolExecutor$Worker.run(ThreadPoolExecutor.java:644)
06-12 17:20:59.217  1469  1556 E GmsConnectionFactory: 	at acjn.run(:com.google.android.gms@231818044@23.18.18 (190400-535401451):0)
06-12 17:20:59.217  1469  1556 E GmsConnectionFactory: 	at java.lang.Thread.run(Thread.java:1012)
06-12 17:20:59.217  1469  2764 W GoogleHttpServiceClient: Timeout on service connection
06-12 17:20:59.217  1469  2764 W GoogleHttpServiceClient: java.lang.Throwable
06-12 17:20:59.217  1469  2764 W GoogleHttpServiceClient: 	at aqzs.a(:com.google.android.gms@231818044@23.18.18 (190400-535401451):3)
06-12 17:20:59.217  1469  2764 W GoogleHttpServiceClient: 	at aqzt.c(:com.google.android.gms@231818044@23.18.18 (190400-535401451):3)
06-12 17:20:59.217  1469  2764 W GoogleHttpServiceClient: 	at aqzk.d(:com.google.android.gms@231818044@23.18.18 (190400-535401451):1)
06-12 17:20:59.217  1469  2764 W GoogleHttpServiceClient: 	at aqzp.a(:com.google.android.gms@231818044@23.18.18 (190400-535401451):0)
06-12 17:20:59.217  1469  2764 W GoogleHttpServiceClient: 	at aqzk.b(:com.google.android.gms@231818044@23.18.18 (190400-535401451):5)
06-12 17:20:59.217  1469  2764 W GoogleHttpServiceClient: 	at aqzk.execute(:com.google.android.gms@231818044@23.18.18 (190400-535401451):8)
06-12 17:20:59.217  1469  2764 W GoogleHttpServiceClient: 	at aqzk.execute(:com.google.android.gms@231818044@23.18.18 (190400-535401451):7)
06-12 17:20:59.217  1469  2764 W GoogleHttpServiceClient: 	at apiy.h(:com.google.android.gms@231818044@23.18.18 (190400-535401451):51)
06-12 17:20:59.217  1469  2764 W GoogleHttpServiceClient: 	at apit.run(:com.google.android.gms@231818044@23.18.18 (190400-535401451):3)
06-12 17:20:59.217  1469  2764 W GoogleHttpServiceClient: 	at aced.c(:com.google.android.gms@231818044@23.18.18 (190400-535401451):6)
06-12 17:20:59.217  1469  2764 W GoogleHttpServiceClient: 	at aced.run(:com.google.android.gms@231818044@23.18.18 (190400-535401451):7)
06-12 17:20:59.217  1469  2764 W GoogleHttpServiceClient: 	at java.util.concurrent.ThreadPoolExecutor.runWorker(ThreadPoolExecutor.java:1145)
06-12 17:20:59.217  1469  2764 W GoogleHttpServiceClient: 	at java.util.concurrent.ThreadPoolExecutor$Worker.run(ThreadPoolExecutor.java:644)
06-12 17:20:59.217  1469  2764 W GoogleHttpServiceClient: 	at acjn.run(:com.google.android.gms@231818044@23.18.18 (190400-535401451):0)
06-12 17:20:59.217  1469  2764 W GoogleHttpServiceClient: 	at java.lang.Thread.run(Thread.java:1012)
06-12 17:20:59.218  1469  2764 E GmsConnectionFactory: UID for network attribution might be misset for tag 805307399 [CONTEXT service_id=39 ]
06-12 17:20:59.218  1469  2764 E GmsConnectionFactory: dhwp: FULL
06-12 17:20:59.218  1469  2764 E GmsConnectionFactory: 	at d.N(:com.google.android.gms@231818044@23.18.18 (190400-535401451):0)
06-12 17:20:59.218  1469  2764 E GmsConnectionFactory: 	at aobf.a(:com.google.android.gms@231818044@23.18.18 (190400-535401451):14)
06-12 17:20:59.218  1469  2764 E GmsConnectionFactory: 	at aqzt.c(:com.google.android.gms@231818044@23.18.18 (190400-535401451):8)
06-12 17:20:59.218  1469  2764 E GmsConnectionFactory: 	at aqzk.d(:com.google.android.gms@231818044@23.18.18 (190400-535401451):1)
06-12 17:20:59.218  1469  2764 E GmsConnectionFactory: 	at aqzp.a(:com.google.android.gms@231818044@23.18.18 (190400-535401451):0)
06-12 17:20:59.218  1469  2764 E GmsConnectionFactory: 	at aqzk.b(:com.google.android.gms@231818044@23.18.18 (190400-535401451):5)
06-12 17:20:59.218  1469  2764 E GmsConnectionFactory: 	at aqzk.execute(:com.google.android.gms@231818044@23.18.18 (190400-535401451):8)
06-12 17:20:59.218  1469  2764 E GmsConnectionFactory: 	at aqzk.execute(:com.google.android.gms@231818044@23.18.18 (190400-535401451):7)
06-12 17:20:59.218  1469  2764 E GmsConnectionFactory: 	at apiy.h(:com.google.android.gms@231818044@23.18.18 (190400-535401451):51)
06-12 17:20:59.218  1469  2764 E GmsConnectionFactory: 	at apit.run(:com.google.android.gms@231818044@23.18.18 (190400-535401451):3)
06-12 17:20:59.218  1469  2764 E GmsConnectionFactory: 	at aced.c(:com.google.android.gms@231818044@23.18.18 (190400-535401451):6)
06-12 17:20:59.218  1469  2764 E GmsConnectionFactory: 	at aced.run(:com.google.android.gms@231818044@23.18.18 (190400-535401451):7)
06-12 17:20:59.218  1469  2764 E GmsConnectionFactory: 	at java.util.concurrent.ThreadPoolExecutor.runWorker(ThreadPoolExecutor.java:1145)
06-12 17:20:59.218  1469  2764 E GmsConnectionFactory: 	at java.util.concurrent.ThreadPoolExecutor$Worker.run(ThreadPoolExecutor.java:644)
06-12 17:20:59.218  1469  2764 E GmsConnectionFactory: 	at acjn.run(:com.google.android.gms@231818044@23.18.18 (190400-535401451):0)
06-12 17:20:59.218  1469  2764 E GmsConnectionFactory: 	at java.lang.Thread.run(Thread.java:1012)
06-12 17:20:59.219  1469  3475 W GoogleHttpServiceClient: Timeout on service connection
06-12 17:20:59.219  1469  3475 W GoogleHttpServiceClient: java.lang.Throwable
06-12 17:20:59.219  1469  3475 W GoogleHttpServiceClient: 	at aqzs.a(:com.google.android.gms@231818044@23.18.18 (190400-535401451):3)
06-12 17:20:59.219  1469  3475 W GoogleHttpServiceClient: 	at aqzt.c(:com.google.android.gms@231818044@23.18.18 (190400-535401451):3)
06-12 17:20:59.219  1469  3475 W GoogleHttpServiceClient: 	at aqzk.d(:com.google.android.gms@231818044@23.18.18 (190400-535401451):1)
06-12 17:20:59.219  1469  3475 W GoogleHttpServiceClient: 	at aqzp.a(:com.google.android.gms@231818044@23.18.18 (190400-535401451):0)
06-12 17:20:59.219  1469  3475 W GoogleHttpServiceClient: 	at aqzk.b(:com.google.android.gms@231818044@23.18.18 (190400-535401451):5)
06-12 17:20:59.219  1469  3475 W GoogleHttpServiceClient: 	at aqzk.execute(:com.google.android.gms@231818044@23.18.18 (190400-535401451):8)
06-12 17:20:59.219  1469  3475 W GoogleHttpServiceClient: 	at aqzk.execute(:com.google.android.gms@231818044@23.18.18 (190400-535401451):7)
06-12 17:20:59.219  1469  3475 W GoogleHttpServiceClient: 	at apiy.h(:com.google.android.gms@231818044@23.18.18 (190400-535401451):51)
06-12 17:20:59.219  1469  3475 W GoogleHttpServiceClient: 	at apit.run(:com.google.android.gms@231818044@23.18.18 (190400-535401451):3)
06-12 17:20:59.219  1469  3475 W GoogleHttpServiceClient: 	at aced.c(:com.google.android.gms@231818044@23.18.18 (190400-535401451):6)
06-12 17:20:59.219  1469  3475 W GoogleHttpServiceClient: 	at aced.run(:com.google.android.gms@231818044@23.18.18 (190400-535401451):7)
06-12 17:20:59.219  1469  3475 W GoogleHttpServiceClient: 	at java.util.concurrent.ThreadPoolExecutor.runWorker(ThreadPoolExecutor.java:1145)
06-12 17:20:59.219  1469  3475 W GoogleHttpServiceClient: 	at java.util.concurrent.ThreadPoolExecutor$Worker.run(ThreadPoolExecutor.java:644)
06-12 17:20:59.219  1469  3475 W GoogleHttpServiceClient: 	at acjn.run(:com.google.android.gms@231818044@23.18.18 (190400-535401451):0)
06-12 17:20:59.219  1469  3475 W GoogleHttpServiceClient: 	at java.lang.Thread.run(Thread.java:1012)
06-12 17:20:59.219  1714  1970 I SP.AiAi : Scheduling job with delay of 0s for {W:b:I:l, bg}, 1 candidates
06-12 17:20:59.219  1469  3475 E GmsConnectionFactory: UID for network attribution might be misset for tag 805307399 [CONTEXT service_id=39 ]
06-12 17:20:59.219  1469  3475 E GmsConnectionFactory: dhwp: FULL
06-12 17:20:59.219  1469  3475 E GmsConnectionFactory: 	at d.N(:com.google.android.gms@231818044@23.18.18 (190400-535401451):0)
06-12 17:20:59.219  1469  3475 E GmsConnectionFactory: 	at aobf.a(:com.google.android.gms@231818044@23.18.18 (190400-535401451):14)
06-12 17:20:59.219  1469  3475 E GmsConnectionFactory: 	at aqzt.c(:com.google.android.gms@231818044@23.18.18 (190400-535401451):8)
06-12 17:20:59.219  1469  3475 E GmsConnectionFactory: 	at aqzk.d(:com.google.android.gms@231818044@23.18.18 (190400-535401451):1)
06-12 17:20:59.219  1469  3475 E GmsConnectionFactory: 	at aqzp.a(:com.google.android.gms@231818044@23.18.18 (190400-535401451):0)
06-12 17:20:59.219  1469  3475 E GmsConnectionFactory: 	at aqzk.b(:com.google.android.gms@231818044@23.18.18 (190400-535401451):5)
06-12 17:20:59.219  1469  3475 E GmsConnectionFactory: 	at aqzk.execute(:com.google.android.gms@231818044@23.18.18 (190400-535401451):8)
06-12 17:20:59.219  1469  3475 E GmsConnectionFactory: 	at aqzk.execute(:com.google.android.gms@231818044@23.18.18 (190400-535401451):7)
06-12 17:20:59.219  1469  3475 E GmsConnectionFactory: 	at apiy.h(:com.google.android.gms@231818044@23.18.18 (190400-535401451):51)
06-12 17:20:59.219  1469  3475 E GmsConnectionFactory: 	at apit.run(:com.google.android.gms@231818044@23.18.18 (190400-535401451):3)
06-12 17:20:59.219  1469  3475 E GmsConnectionFactory: 	at aced.c(:com.google.android.gms@231818044@23.18.18 (190400-535401451):6)
06-12 17:20:59.219  1469  3475 E GmsConnectionFactory: 	at aced.run(:com.google.android.gms@231818044@23.18.18 (190400-535401451):7)
06-12 17:20:59.219  1469  3475 E GmsConnectionFactory: 	at java.util.concurrent.ThreadPoolExecutor.runWorker(ThreadPoolExecutor.java:1145)
06-12 17:20:59.219  1469  3475 E GmsConnectionFactory: 	at java.util.concurrent.ThreadPoolExecutor$Worker.run(ThreadPoolExecutor.java:644)
06-12 17:20:59.219  1469  3475 E GmsConnectionFactory: 	at acjn.run(:com.google.android.gms@231818044@23.18.18 (190400-535401451):0)
06-12 17:20:59.219  1469  3475 E GmsConnectionFactory: 	at java.lang.Thread.run(Thread.java:1012)
06-12 17:20:59.235  1714  1970 I SP.AiAi : Scheduling job with delay of 0s for {W:b:u:l, bg}, 5 candidates
06-12 17:20:59.246  3168  3205 W libc    : Access denied finding property "persist.adb.tls_server.enable"
06-12 17:20:59.246  3168  3205 W libc    : Access denied finding property "service.adb.tls.port"
06-12 17:20:59.311  4188  4238 D SharedPreferencesImpl: Time required to fsync /data/user/0/com.google.android.gm/shared_prefs/Gmail.xml: [<1: 0, <2: 0, <4: 0, <8: 0, <16: 0, <32: 0, <64: 0, <128: 0, <256: 0, <512: 1, <1024: 0, <2048: 0, <4096: 0, <8192: 0, <16384: 0, >=16384: 0]
06-12 17:20:59.356   349  4977 I resolv  : GetAddrInfoHandler::run: {100 786532 100 983140 10128 0}
06-12 17:20:59.360   349  4979 I resolv  : GetAddrInfoHandler::run: {100 786532 100 983140 10128 0}
06-12 17:20:59.392   349  4983 I resolv  : res_nmkquery: (QUERY, IN, A)
06-12 17:20:59.400   537   537 W system_server: Long monitor contention with owner binder:537_15 (2324) at void com.android.server.am.ActivityManagerService.serviceDoneExecuting(android.os.IBinder, int, int, int)(ActivityManagerService.java:13465) waiters=2 in void com.android.server.am.ContentProviderHelper.removeContentProvider(android.os.IBinder, boolean) for 187ms
06-12 17:20:59.400   537   537 W Looper  : Slow delivery took 242ms main h=android.app.ActivityThread$H c=null m=131
06-12 17:20:59.400   537   537 W Looper  : Slow dispatch took 188ms main h=android.app.ActivityThread$H c=null m=131
06-12 17:20:59.403   349  4978 I resolv  : GetAddrInfoHandler::run: {100 786532 100 983140 10128 0}
06-12 17:20:59.403   349  4985 I resolv  : res_nmkquery: (QUERY, IN, A)
06-12 17:20:59.403   349  4985 I resolv  : resolv_cache_lookup: Waiting for previous request
06-12 17:20:59.403   349  4984 I resolv  : res_nmkquery: (QUERY, IN, AAAA)
06-12 17:20:59.404   349  4980 I resolv  : res_nmkquery: (QUERY, IN, AAAA)
06-12 17:20:59.404   349  4980 I resolv  : resolv_cache_lookup: Waiting for previous request
06-12 17:20:59.404   349  4981 I resolv  : res_nmkquery: (QUERY, IN, A)
06-12 17:20:59.404   349  4981 I resolv  : resolv_cache_lookup: Waiting for previous request
06-12 17:20:59.441   349  4982 I resolv  : res_nmkquery: (QUERY, IN, AAAA)
06-12 17:20:59.441   349  4982 I resolv  : resolv_cache_lookup: Waiting for previous request
06-12 17:20:59.447  4550  4861 I BugleJobs: GenericWorkerQueueAction: Rescheduling immediately to continue processing since we didn't yet reach the end.
06-12 17:20:59.469   537   537 W Looper  : Drained
06-12 17:20:59.522  1537  1595 D SharedPreferencesImpl: Time required to fsync /data/user_de/0/com.google.android.gms/shared_prefs/ChimeraConfigService.xml: [<1: 0, <2: 0, <4: 1, <8: 1, <16: 1, <32: 0, <64: 0, <128: 0, <256: 0, <512: 0, <1024: 1, <2048: 0, <4096: 0, <8192: 0, <16384: 0, >=16384: 0]
06-12 17:20:59.574  1537  4709 W PackageParser: Unknown element under <manifest>: queries at /data/user_de/0/com.google.android.gms/app_chimera/m/00000000/AdsDynamite.apk Binary XML file line #15
06-12 17:20:59.670   349  4984 I resolv  : res_nsend: used send_dg 341 terrno: 0
06-12 17:20:59.671   349  4984 I resolv  : doQuery: rcode=0, ancount=2, return value=341
06-12 17:20:59.700   349  4983 I resolv  : res_nsend: used send_dg 329 terrno: 0
06-12 17:20:59.701   349  4983 I resolv  : doQuery: rcode=0, ancount=2, return value=329
06-12 17:20:59.709   537   564 W system_server: Long monitor contention with owner binder:537_1B (2455) at int com.android.server.am.ActivityManagerService.bindServiceInstance(android.app.IApplicationThread, android.os.IBinder, android.content.Intent, java.lang.String, android.app.IServiceConnection, long, java.lang.String, boolean, int, java.lang.String, android.app.IApplicationThread, java.lang.String, int)(ActivityManagerService.java:13404) waiters=3 in void com.android.server.am.BroadcastQueueModernImpl.checkPendingColdStartValidity() for 265ms
06-12 17:20:59.710   537  2274 W system_server: Long monitor contention with owner binder:537_1B (2455) at int com.android.server.am.ActivityManagerService.bindServiceInstance(android.app.IApplicationThread, android.os.IBinder, android.content.Intent, java.lang.String, android.app.IServiceConnection, long, java.lang.String, boolean, int, java.lang.String, android.app.IApplicationThread, java.lang.String, int)(ActivityManagerService.java:13404) waiters=4 in int com.android.server.am.ActivityManagerService.stopService(android.app.IApplicationThread, android.content.Intent, java.lang.String, int, boolean, int, java.lang.String, java.lang.String) for 234ms
06-12 17:20:59.712   537   988 W system_server: Long monitor contention with owner binder:537_1B (2455) at int com.android.server.am.ActivityManagerService.bindServiceInstance(android.app.IApplicationThread, android.os.IBinder, android.content.Intent, java.lang.String, android.app.IServiceConnection, long, java.lang.String, boolean, int, java.lang.String, android.app.IApplicationThread, java.lang.String, int)(ActivityManagerService.java:13404) waiters=6 in void com.android.server.am.ActivityManagerService.publishService(android.os.IBinder, android.content.Intent, android.os.IBinder) for 228ms
06-12 17:20:59.712   537  1842 W system_server: Long monitor contention with owner binder:537_1B (2455) at int com.android.server.am.ActivityManagerService.bindServiceInstance(android.app.IApplicationThread, android.os.IBinder, android.content.Intent, java.lang.String, android.app.IServiceConnection, long, java.lang.String, boolean, int, java.lang.String, android.app.IApplicationThread, java.lang.String, int)(ActivityManagerService.java:13404) waiters=8 in android.app.ContentProviderHolder com.android.server.am.ContentProviderHelper.getContentProviderImpl(android.app.IApplicationThread, java.lang.String, android.os.IBinder, int, java.lang.String, java.lang.String, boolean, int) for 212ms
06-12 17:20:59.716   537  2326 W system_server: Long monitor contention with owner binder:537_1B (2455) at int com.android.server.am.ActivityManagerService.bindServiceInstance(android.app.IApplicationThread, android.os.IBinder, android.content.Intent, java.lang.String, android.app.IServiceConnection, long, java.lang.String, boolean, int, java.lang.String, android.app.IApplicationThread, java.lang.String, int)(ActivityManagerService.java:13404) waiters=12 in android.app.ContentProviderHolder com.android.server.am.ContentProviderHelper.getContentProviderImpl(android.app.IApplicationThread, java.lang.String, android.os.IBinder, int, java.lang.String, java.lang.String, boolean, int) for 176ms
06-12 17:20:59.718   537   624 D ActivityManager: freezing 2947 com.android.chrome
06-12 17:20:59.722  1469  4971 I Fitness : OnPackageChangedOperation got intent: Intent { act=android.intent.action.PACKAGE_CHANGED dat=package: flg=0x45000010 pkg=com.google.android.gms cmp=com.google.android.gms/.chimera.PersistentIntentOperationService (has extras) } [CONTEXT service_id=17 ]
06-12 17:20:59.726   537   616 W system_server: Long monitor contention with owner binder:537_1B (2455) at int com.android.server.job.JobSchedulerService.getUidProcState(int)(JobSchedulerService.java:2305) waiters=0 in void com.android.server.job.controllers.ConnectivityController$CcHandler.handleMessage(android.os.Message) for 489ms
06-12 17:20:59.728   537   993 W system_server: Long monitor contention with owner binder:537_1B (2455) at int com.android.server.job.JobSchedulerService.getUidProcState(int)(JobSchedulerService.java:2305) waiters=1 in int com.android.server.job.JobSchedulerService.scheduleAsPackage(android.app.job.JobInfo, android.app.job.JobWorkItem, int, java.lang.String, int, java.lang.String, java.lang.String) for 418ms
