06-12 17:21:11.684  1469  3742 W NetworkScheduler: 	at bytb.u(:com.google.android.gms@231818044@23.18.18 (190400-535401451):20)
06-12 17:21:11.684  1469  3742 W NetworkScheduler: 	at bytb.h(:com.google.android.gms@231818044@23.18.18 (190400-535401451):3)
06-12 17:21:11.684  1469  3742 W NetworkScheduler: 	at byot.run(:com.google.android.gms@231818044@23.18.18 (190400-535401451):9)
06-12 17:21:11.684  1469  3742 W NetworkScheduler: 	at aced.c(:com.google.android.gms@231818044@23.18.18 (190400-535401451):6)
06-12 17:21:11.684  1469  3742 W NetworkScheduler: 	at aced.run(:com.google.android.gms@231818044@23.18.18 (190400-535401451):7)
06-12 17:21:11.684  1469  3742 W NetworkScheduler: 	at java.util.concurrent.ThreadPoolExecutor.runWorker(ThreadPoolExecutor.java:1145)
06-12 17:21:11.684  1469  3742 W NetworkScheduler: 	at java.util.concurrent.ThreadPoolExecutor$Worker.run(ThreadPoolExecutor.java:644)
06-12 17:21:11.684  1469  3742 W NetworkScheduler: 	at acjn.run(:com.google.android.gms@231818044@23.18.18 (190400-535401451):0)
06-12 17:21:11.684  1469  3742 W NetworkScheduler: 	at java.lang.Thread.run(Thread.java:1012)
06-12 17:21:11.707   537  2326 W JobScheduler: Job didn't exist in JobStore: c250594 #u0a132/-1000005 com.google.android.googlequicksearchbox/com.google.android.apps.gsa.tasks.BackgroundTasksJobService
06-12 17:21:11.708  1696  1974 D CompatibilityChangeReporter: Compat change id reported: 183155436; UID 10185; state: ENABLED
06-12 17:21:11.710   537  1070 D CompatibilityChangeReporter: Compat change id reported: 149924527; UID 2000; state: ENABLED
06-12 17:21:11.711   537   551 D CompatibilityChangeReporter: Compat change id reported: 132649864; UID 2000; state: DISABLED
06-12 17:21:11.711  1869  1869 I BgTaskExecutorImpl: (REDACTED) Starting %s background task %s.
06-12 17:21:11.712  1869  3285 I A       : Updating Gservices keys
06-12 17:21:11.713   349  5133 I resolv  : GetAddrInfoHandler::run: {100 786532 100 983140 10128 0}
06-12 17:21:11.713   349  5134 I resolv  : res_nmkquery: (QUERY, IN, AAAA)
06-12 17:21:11.713   349  5134 I resolv  : resolv_cache_lookup: FOUND IN CACHE entry=0xb40000792e0950a0
06-12 17:21:11.713   349  5134 I resolv  : doQuery: rcode=0, ancount=4, return value=407
06-12 17:21:11.715   349  5135 I resolv  : res_nmkquery: (QUERY, IN, A)
06-12 17:21:11.719   349  5135 I resolv  : resolv_cache_lookup: FOUND IN CACHE entry=0xb40000792e094e50
06-12 17:21:11.719   349  5135 I resolv  : doQuery: rcode=0, ancount=4, return value=359
06-12 17:21:11.721  1469  3411 D TrafficStats: tagSocket(91) with statsTag=0x30000401, statsUid=10128
06-12 17:21:11.729   537  2326 W JobScheduler: Job didn't exist in JobStore: 41f537e #u0a132/-1000004 com.google.android.googlequicksearchbox/com.google.android.apps.gsa.tasks.BackgroundTasksJobService
06-12 17:21:11.731  1696  1974 W MediaProvider: isAppCloneUserPair for user 0: false
06-12 17:21:11.752  5097  5097 I AccessibilityNodeInfoDumper: Skipping invisible child: android.view.accessibility.AccessibilityNodeInfo@29c13; boundsInParent: Rect(0, 0 - 0, 49); boundsInScreen: Rect(99, 378 - 99, 427); boundsInWindow: Rect(99, 378 - 99, 427); packageName: com.google.android.apps.nexuslauncher; className: android.widget.TextView; text: null; error: null; maxTextLength: -1; stateDescription: null; contentDescription: null; tooltipText: null; containerTitle: null; viewIdResName: com.google.android.apps.nexuslauncher:id/subtitle_text; uniqueId: null; checkable: false; checked: false; focusable: true; focused: false; selected: false; clickable: true; longClickable: false; contextClickable: false; enabled: true; password: false; scrollable: false; importantForAccessibility: true; visible: false; actions: [AccessibilityAction: ACTION_FOCUS - null, AccessibilityAction: ACTION_SELECT - null, AccessibilityAction: ACTION_CLEAR_SELECTION - null, AccessibilityAction: ACTION_CLICK - null, AccessibilityAction: ACTION_ACCESSIBILITY_FOCUS - null, AccessibilityAction: ACTION_SHOW_ON_SCREEN - null]; isTextSelectable: false
06-12 17:21:11.759  5097  5097 W AccessibilityNodeInfoDumper: Fetch time: 80ms
06-12 17:21:11.767   537  2691 W WindowMagnificationMgr: requestConnection duplicated request: connect=false, mConnectionState=DISCONNECTED
06-12 17:21:11.767   537  2691 D AccessibilityManagerService: restoreCurrentUserForTestAutomationIfNeededLocked(): ignoring because device doesn't support visible background users
06-12 17:21:11.767  1714  3335 I AiAiEcho: Settings changed for uri: content://settings/secure/accessibility_enabled
06-12 17:21:11.770  1869  2338 I A       : NGA disabled due to not being eligible.
06-12 17:21:11.771  5097  5097 D AndroidRuntime: Shutting down VM
06-12 17:21:11.771   537   537 D BatterySaverPolicy: accessibility changed to false, updating policy.
06-12 17:21:11.774  1714  1818 I AiAiEcho: Predicting[0]: 
06-12 17:21:11.774  1714  1818 I AiAiEcho: EchoTargets: 
06-12 17:21:11.774  1714  1818 I AiAiEcho: Filtered by AiAi flag check: 
06-12 17:21:11.774  1714  1818 I AiAiEcho: Ranked targets strategy: SORT, count: 0, ranking metadata: 
06-12 17:21:11.774  1714  1818 I AiAiEcho: Predicting[0]: 
06-12 17:21:11.774  1714  1818 I AiAiEcho: EchoTargets: 
06-12 17:21:11.774  1714  1818 I AiAiEcho: Filtered by AiAi flag check: 
06-12 17:21:11.774  1714  1818 I AiAiEcho: Ranked targets strategy: SORT, count: 0, ranking metadata: 
06-12 17:21:11.775  1714  1818 I AiAiEcho: #postPredictionTargets: Sending updates to UISurface lockscreen with targets# 0 (types=[])
06-12 17:21:11.775  1714  1818 I AiAiEcho: #postPredictionTargets: Sending updates to UISurface home with targets# 0 (types=[])
06-12 17:21:11.877   891   891 W PageIndicator: Total number of pages invalid: 0. Assuming 1 page.
06-12 17:21:11.912  1469  3411 W Conscrypt: Could not set socket write timeout: java.net.SocketException: Socket closed
06-12 17:21:11.912  1469  3411 W Conscrypt: 	at com.google.android.gms.org.conscrypt.Platform.setSocketWriteTimeout(:com.google.android.gms@231818044@23.18.18 (190400-535401451):2)
06-12 17:21:11.912  1469  3411 W Conscrypt: 	at com.google.android.gms.org.conscrypt.ConscryptFileDescriptorSocket.setSoWriteTimeout(:com.google.android.gms@231818044@23.18.18 (190400-535401451):0)
06-12 17:21:12.188   537  2691 W BatteryExternalStatsWorker: error reading Bluetooth stats: 11
06-12 17:21:12.450  1469  3411 W Conscrypt: Could not set socket write timeout: java.net.SocketException: Socket closed
06-12 17:21:12.452  1469  3411 W Conscrypt: 	at com.google.android.gms.org.conscrypt.Platform.setSocketWriteTimeout(:com.google.android.gms@231818044@23.18.18 (190400-535401451):2)
06-12 17:21:12.452  1469  3411 W Conscrypt: 	at com.google.android.gms.org.conscrypt.ConscryptFileDescriptorSocket.setSoWriteTimeout(:com.google.android.gms@231818044@23.18.18 (190400-535401451):0)
06-12 17:21:12.717   537   551 W ProcessStats: Tracking association SourceState{f452d40 com.google.android.googlequicksearchbox:search/10132 BTop #4334} whose proc state 2 is better than process ProcessState{95091d5 com.google.android.gms.persistent/10128 pkg=com.google.android.gms} proc state 4 (4190 skipped)
06-12 17:21:12.731  1469  3411 W GLSUser : [AppCertManager] Exception while requesting key: 
06-12 17:21:12.731  1469  3411 W GLSUser : java.io.IOException: Invalid device key response.
06-12 17:21:12.731  1469  3411 W GLSUser : 	at oub.b(:com.google.android.gms@231818044@23.18.18 (190400-535401451):40)
06-12 17:21:12.731  1469  3411 W GLSUser : 	at otz.b(:com.google.android.gms@231818044@23.18.18 (190400-535401451):4)
06-12 17:21:12.731  1469  3411 W GLSUser : 	at otu.a(:com.google.android.gms@231818044@23.18.18 (190400-535401451):0)
06-12 17:21:12.731  1469  3411 W GLSUser : 	at otx.a(:com.google.android.gms@231818044@23.18.18 (190400-535401451):6)
06-12 17:21:12.731  1469  3411 W GLSUser : 	at lzq.call(:com.google.android.gms@231818044@23.18.18 (190400-535401451):14)
06-12 17:21:12.731  1469  3411 W GLSUser : 	at java.util.concurrent.FutureTask.run(FutureTask.java:264)
06-12 17:21:12.731  1469  3411 W GLSUser : 	at aced.c(:com.google.android.gms@231818044@23.18.18 (190400-535401451):6)
06-12 17:21:12.731  1469  3411 W GLSUser : 	at aced.run(:com.google.android.gms@231818044@23.18.18 (190400-535401451):7)
06-12 17:21:12.731  1469  3411 W GLSUser : 	at java.util.concurrent.ThreadPoolExecutor.runWorker(ThreadPoolExecutor.java:1145)
06-12 17:21:12.731  1469  3411 W GLSUser : 	at java.util.concurrent.ThreadPoolExecutor$Worker.run(ThreadPoolExecutor.java:644)
06-12 17:21:12.731  1469  3411 W GLSUser : 	at acjn.run(:com.google.android.gms@231818044@23.18.18 (190400-535401451):0)
06-12 17:21:12.731  1469  3411 W GLSUser : 	at java.lang.Thread.run(Thread.java:1012)
06-12 17:21:12.770  1469  3475 I NetworkScheduler.Stats: Task com.google.android.gms/com.google.android.gms.auth.account.be.legacy.AuthCronService finished executing. cause:5 result: 3 elapsed_millis: 1504 uptime_millis: 1504 exec_start_elapsed_seconds: 87 [CONTEXT service_id=218 ]
06-12 17:21:12.830   159   159 I logd    : logdr: UID=2000 GID=2000 PID=5138 n tail=0 logMask=99 pid=0 start=0ns deadline=0ns
06-12 17:21:12.869  1469  2738 I NetworkScheduler.Stats: Task com.google.android.gms/com.google.android.gms.ipa.base.IpaGcmTaskService started execution. cause:5 exec_start_elapsed_seconds: 89 [CONTEXT service_id=218 ]
06-12 17:21:12.891  1469  3743 I NetworkScheduler.Stats: Task com.google.android.gms/com.google.android.gms.ipa.base.IpaGcmTaskService finished executing. cause:5 result: 1 elapsed_millis: 55 uptime_millis: 55 exec_start_elapsed_seconds: 89 [CONTEXT service_id=218 ]
06-12 17:21:12.952  1469  2738 I NetworkScheduler.Stats: Task com.google.android.gms/com.google.android.gms.gcm.gmsproc.GcmInGmsTaskService started execution. cause:5 exec_start_elapsed_seconds: 89 [CONTEXT service_id=218 ]
06-12 17:21:12.953  1537  4737 I GCM-GMS : Registering GMS 745476177629
06-12 17:21:13.036  1966  3524 I HttpGrpcBindableService: [pfd-write] DOWNLOAD COMPLETE: Downloaded 350999 bytes from URL [https://gstatic.com/matchmaker/tclib_models/annotator/v803/en/tc_model_a3d2c1298643d7cc3b5703308fd5b2d0.zip].
06-12 17:21:13.053  1714  1970 I SP.AiAi : Download stopped: text-classifier-annotator:tc_model_a3d2c1298643d7cc3b5703308fd5b2d0, succeeded, size: 350999
06-12 17:21:13.054  1714  2243 E AstreaHttpConnection: Service error while downloading from url='https://gstatic.com/matchmaker/tclib_models/annotator/v803/en/tc_model_a3d2c1298643d7cc3b5703308fd5b2d0.zip'
06-12 17:21:13.054  1714  2243 E AstreaHttpConnection: qhi: CANCELLED: Client cancelled.
06-12 17:21:13.054  1714  2243 E AstreaHttpConnection: 	at qhg.i(Unknown Source:2)
06-12 17:21:13.054  1714  2243 E AstreaHttpConnection: 	at qur.Q(PG:2)
06-12 17:21:13.054  1714  2243 E AstreaHttpConnection: 	at qkv.a(PG:3)
06-12 17:21:13.054  1714  2243 E AstreaHttpConnection: 	at qlo.run(PG:2)
06-12 17:21:13.054  1714  2243 E AstreaHttpConnection: 	at qqt.run(PG:2)
06-12 17:21:13.054  1714  2243 E AstreaHttpConnection: 	at java.util.concurrent.ThreadPoolExecutor.runWorker(ThreadPoolExecutor.java:1145)
06-12 17:21:13.054  1714  2243 E AstreaHttpConnection: 	at java.util.concurrent.ThreadPoolExecutor$Worker.run(ThreadPoolExecutor.java:644)
06-12 17:21:13.054  1714  2243 E AstreaHttpConnection: 	at java.lang.Thread.run(Thread.java:1012)
06-12 17:21:13.066  1966  2294 I HttpGrpcBindableService: Downloading requested for URL 'https://gstatic.com/matchmaker/tclib_models/actions/v104/en-us/tc_model_e202592534082c01f9642f709a627dd9.zip'
06-12 17:21:13.088  1714  1970 I SP.AiAi : Scheduling job with delay of 0s for {W:b:I:l, bg}, 1 candidates
06-12 17:21:13.106  1714  1970 I SP.AiAi : Scheduling: download stopped, 0 started, 0 paused, 1 scheduled, 3 pending: manifests:spelling_correction-22110320 * {W:b:I:l, bg}, text-classifier-actions:tc_model_e202592534082c01f9642f709a627dd9 @ {W:b:u:l, bg}, text-classifier-langid:tc_model_436dc3fd14049b93d75788a8c0cc8eea @ {W:b:u:l, bg}
06-12 17:21:13.147  1714  1940 I SP.AiAi : Sync for text-classifier-annotator succeeded in 3038 ms: {added: [tc_model_a3d2c1298643d7cc3b5703308fd5b2d0], metadata: false
06-12 17:21:13.160  1714  1940 I SP.AiAi : GC for 'text-classifier-annotator' (10) with ttl of 0 ms took 0 ms (0/0/0)
06-12 17:21:13.160  1714  1940 I AiAiNowPlaying: Superpacks changed. Refreshing FA controller
06-12 17:21:13.161  1714  3807 I AiAiTextClassifier: [ResourceDownloaderImpl]: downloadResource(): Successfully downloaded superpack 'text-classifier-annotator', download version 272525175.
06-12 17:21:13.162  1714  1956 I AiAiTextClassifier: [TcLibModelManagerImpl]: downloadNewModelRecursively: packSet downloaded successfully: https://gstatic.com/matchmaker/tclib_models/annotator/v803/en/superpacks_manifest.zip
06-12 17:21:13.176  1714  5142 I tflite  : Initialized TensorFlow Lite runtime.
06-12 17:21:13.192  1714  1956 I AiAiTextClassifier: [TcLibModelManagerImpl]: updateModelsInTextClassifierLib: Done executing updateModels() from path: /data/user/0/com.google.android.as/files/superpacks/text-classifier-annotator/tc_model_a3d2c1298643d7cc3b5703308fd5b2d0/en.fb.
06-12 17:21:13.217   537  2691 D OomAdjuster: Not killing cached processes
06-12 17:21:13.621  1966  2294 I HttpGrpcBindableService: Responding with header information for URL 'https://gstatic.com/matchmaker/tclib_models/actions/v104/en-us/tc_model_e202592534082c01f9642f709a627dd9.zip'
06-12 17:21:13.624  1714  2243 I AstreaHttpConnection: Started download from url='https://gstatic.com/matchmaker/tclib_models/actions/v104/en-us/tc_model_e202592534082c01f9642f709a627dd9.zip'
06-12 17:21:13.858  1469  1539 I HeterodyneSyncScheduler: Scheduling Phenotype for a PhenotypeSyncImmediately(6, com.google.android.platform.statsd_java_boot) one off with window [1, 2] in seconds [CONTEXT service_id=51 ]
06-12 17:21:13.872  1469  1539 E IPCThreadState: Binder transaction failure: 394552/29189/-22
06-12 17:21:13.876  1539  1539 I binder  : 1539:1469 cannot find target node
06-12 17:21:13.876  1539  1539 I binder  : 1469:1539 transaction async to 0:0 failed 394552/29189/-22, size 488-0 line 3210
06-12 17:21:13.878  1469  3653 W .gms.persistent: Long monitor contention with owner [com.google.android.gms.chimera.container.intentoperation.PersistentIntentOperationChimeraService-Executor] processing com.google.android.gms.platformconfigurator.PhenotypeConfigurationUpdateListener for action com.google.android.gms.chimera.container.CONTAINER_UPDATED (3150) at void hjm.run()(:com.google.android.gms@231818044@23.18.18 (190400-535401451):3) waiters=1 in void hjm.run() for 46.269s
06-12 17:21:13.918  1537  4737 I GCM-GMS : Got GMS registration
06-12 17:21:13.937  1469  1469 I GCoreUlr: GCM registration ID changed: Intent { act=com.google.android.gms.gcm.REGISTERED flg=0x10 pkg=com.google.android.gms cmp=com.google.android.gms/com.google.android.location.reporting.service.GcmRegistrationReceiver (has extras) }
06-12 17:21:13.966  1537  5146 I Authzen : [AuthZenEventHandler] Handling event: com.google.android.gms.gcm.REGISTERED
06-12 17:21:13.970  1537  4990 E MDM     : [286] aywf.a: No Google accounts; deferring server state update.
06-12 17:21:13.980  1469  3475 I NetworkScheduler.Stats: Task com.google.android.gms/com.google.android.gms.gcm.gmsproc.GcmInGmsTaskService finished executing. cause:5 result: 1 elapsed_millis: 1039 uptime_millis: 1039 exec_start_elapsed_seconds: 89 [CONTEXT service_id=218 ]
06-12 17:21:13.998  1469  1469 I GCoreUlr: Unbound from all signal providers.
06-12 17:21:13.998  1469  1469 I GCoreUlr: Stopping handler for UlrDispSvcFast
06-12 17:21:14.049  1469  1477 I .gms.persistent: Compiler allocated 5055KB to compile void bwhy.C(java.util.Set, long, dmuh, dmui, java.util.List, java.util.LinkedHashMap, dzew, bwhx, boolean)
06-12 17:21:14.052  1469  3475 I NetworkScheduler.Stats: Task com.google.android.gms/com.google.android.gms.icing.proxy.IcingInternalCorporaUpdateService started execution. cause:5 exec_start_elapsed_seconds: 90 [CONTEXT service_id=218 ]
06-12 17:21:14.053  1469  3475 I NetworkScheduler.Stats: Task com.google.android.gms/com.google.android.gms.icing.proxy.IcingInternalCorporaUpdateService finished executing. cause:5 result: 1 elapsed_millis: 23 uptime_millis: 23 exec_start_elapsed_seconds: 90 [CONTEXT service_id=218 ]
06-12 17:21:14.086  1469  3475 I NetworkScheduler.Stats: Task com.google.android.gms/com.google.android.gms.udc.service.UdcContextInitService started execution. cause:7 exec_start_elapsed_seconds: 90 [CONTEXT service_id=218 ]
06-12 17:21:14.110  1469  3743 I NetworkScheduler.Stats: Task com.google.android.gms/com.google.android.gms.udc.service.UdcContextInitService finished executing. cause:7 result: 1 elapsed_millis: 34 uptime_millis: 34 exec_start_elapsed_seconds: 90 [CONTEXT service_id=218 ]
06-12 17:21:14.137  1469  3475 I NetworkScheduler.Stats: Task com.google.android.gms/com.google.android.gms.pay.gcmtask.PayGcmTaskService started execution. cause:5 exec_start_elapsed_seconds: 90 [CONTEXT service_id=218 ]
06-12 17:21:14.138  1537  4737 I Pay     : Device does not support HCE. [CONTEXT service_id=198 ]
06-12 17:21:14.151  1469  3743 I NetworkScheduler.Stats: Task com.google.android.gms/com.google.android.gms.pay.gcmtask.PayGcmTaskService finished executing. cause:5 result: 2 elapsed_millis: 23 uptime_millis: 23 exec_start_elapsed_seconds: 90 [CONTEXT service_id=218 ]
06-12 17:21:14.217  1469  3475 I NetworkScheduler.Stats: Task com.google.android.gms/com.google.android.gms.gcm.gmsproc.GcmInGmsTaskService started execution. cause:5 exec_start_elapsed_seconds: 90 [CONTEXT service_id=218 ]
06-12 17:21:14.249  1469  3743 I NetworkScheduler.Stats: Task com.google.android.gms/com.google.android.gms.gcm.gmsproc.GcmInGmsTaskService finished executing. cause:5 result: 1 elapsed_millis: 57 uptime_millis: 57 exec_start_elapsed_seconds: 90 [CONTEXT service_id=218 ]
06-12 17:21:14.542  1469  3724 I HeterodyneSyncScheduler: Scheduling Phenotype for a PhenotypeSyncImmediately(6, com.google.android.gms.device_performance#com.google.android.youtube) one off with window [1, 2] in seconds [CONTEXT service_id=51 ]
06-12 17:21:14.546  1469  3724 I HeterodyneSyncer: Removed 0 invalid users [CONTEXT service_id=51 ]
06-12 17:21:14.550   876   876 I wpa_supplicant: wlan0: CTRL-EVENT-BEACON-LOSS 
06-12 17:21:14.551  1469  1539 I HeterodyneSyncer: Removed 0 invalid users [CONTEXT service_id=51 ]
06-12 17:21:14.562  1966  3524 I HttpGrpcBindableService: [pfd-write] DOWNLOAD COMPLETE: Downloaded 2452263 bytes from URL [https://gstatic.com/matchmaker/tclib_models/actions/v104/en-us/tc_model_e202592534082c01f9642f709a627dd9.zip].
06-12 17:21:14.563  1714  2243 I AstreaHttpConnection: Download completed for url [https://gstatic.com/matchmaker/tclib_models/actions/v104/en-us/tc_model_e202592534082c01f9642f709a627dd9.zip].
06-12 17:21:14.564  1714  1970 I SP.AiAi : Download stopped: text-classifier-actions:tc_model_e202592534082c01f9642f709a627dd9, succeeded, size: 2452263
06-12 17:21:14.570  1966  2294 I HttpGrpcBindableService: Downloading requested for URL 'https://gstatic.com/matchmaker/tclib_models/langid/v1/tc_model_436dc3fd14049b93d75788a8c0cc8eea.zip'
06-12 17:21:14.577  1469  1477 I .gms.persistent: Compiler allocated 4924KB to compile void bwhy.D(java.util.Set, java.util.List, dmtw, java.lang.String, boolean, dzew, bwhx, java.util.LinkedHashMap, dhlq, boolean, edam)
06-12 17:21:14.580  1469  3789 D TrafficStats: tagSocket(82) with statsTag=0x1203, statsUid=10128
06-12 17:21:14.588  1714  1970 I SP.AiAi : Scheduling job with delay of 0s for {W:b:I:l, bg}, 1 candidates
06-12 17:21:14.594   537   564 D ActivityManager: sync unfroze 2771 com.google.android.tts for 3
06-12 17:21:14.617   537   616 D ActivityManager: sync unfroze 1893 com.google.android.youtube for 6
06-12 17:21:14.623  1714  1970 I SP.AiAi : Scheduling: download stopped, 0 started, 0 paused, 1 scheduled, 2 pending: manifests:spelling_correction-22110320 * {W:b:I:l, bg}, text-classifier-langid:tc_model_436dc3fd14049b93d75788a8c0cc8eea @ {W:b:u:l, bg}
06-12 17:21:14.632  1869  3285 I PhenotypeBackgroundRecv: Successfully updated snapshot for com.google.android.libraries.consentverifier#com.google.android.googlequicksearchbox
06-12 17:21:14.640  3193  3193 I PhenotypeBackgroundRecv: Skipping com.google.android.dialer.directboot#com.google.android.dialer which doesn't use ProcessStable flags.
06-12 17:21:14.650  2771  2771 I PhenotypeBackgroundRecv: Skipping com.google.android.libraries.search.device#com.google.android.tts which doesn't use ProcessStable flags.
06-12 17:21:14.667  1869  1869 I PhenotypeBackgroundRecv: Skipping assistant_auto_tng_libraries_user#com.google.android.googlequicksearchbox which doesn't use ProcessStable flags.
06-12 17:21:14.677  4857  5079 V ClearcutMetricXmitter: Transmission is done.
06-12 17:21:14.684  1621  1701 W UsageLimitServiceImpl: <DWB> Migrating limits: delete 0 obsolete limits, add 0 new limits
06-12 17:21:14.707  1621  1621 I PhenotypeBackgroundRecv: Skipping com.google.android.apps.wellbeing.device#com.google.android.apps.wellbeing which doesn't use ProcessStable flags.
06-12 17:21:14.745   537  2337 D ConnectivityService: requestNetwork for uid/pid:10156/1893 activeRequest: null callbackRequest: 123 [NetworkRequest [ REQUEST id=124, [ Capabilities: INTERNET&NOT_RESTRICTED&TRUSTED&NOT_VCN_MANAGED Uid: 10156 RequestorUid: 10156 RequestorPkg: com.google.android.youtube UnderlyingNetworks: Null] ]] callback flags: 0 order: 2147483647
06-12 17:21:14.746   537   812 D WifiNetworkFactory: got request NetworkRequest [ REQUEST id=124, [ Capabilities: INTERNET&NOT_RESTRICTED&TRUSTED&NOT_VCN_MANAGED Uid: 10156 RequestorUid: 10156 RequestorPkg: com.google.android.youtube UnderlyingNetworks: Null] ]
06-12 17:21:14.746   537   812 D UntrustedWifiNetworkFactory: got request NetworkRequest [ REQUEST id=124, [ Capabilities: INTERNET&NOT_RESTRICTED&TRUSTED&NOT_VCN_MANAGED Uid: 10156 RequestorUid: 10156 RequestorPkg: com.google.android.youtube UnderlyingNetworks: Null] ]
06-12 17:21:14.746   537   812 D OemPaidWifiNetworkFactory: got request NetworkRequest [ REQUEST id=124, [ Capabilities: INTERNET&NOT_RESTRICTED&TRUSTED&NOT_VCN_MANAGED Uid: 10156 RequestorUid: 10156 RequestorPkg: com.google.android.youtube UnderlyingNetworks: Null] ]
06-12 17:21:14.747   537   812 D MultiInternetWifiNetworkFactory: got request NetworkRequest [ REQUEST id=124, [ Capabilities: INTERNET&NOT_RESTRICTED&TRUSTED&NOT_VCN_MANAGED Uid: 10156 RequestorUid: 10156 RequestorPkg: com.google.android.youtube UnderlyingNetworks: Null] ]
06-12 17:21:14.747   537   819 D ConnectivityService: NetReassign [124 : null → 100] [c 0] [a 0] [i 1]
06-12 17:21:14.753  1469  1558 E IPCThreadState: Binder transaction failure: 397333/29189/-22
06-12 17:21:14.756  1558  1558 I binder  : 1558:1469 cannot find target node
06-12 17:21:14.756  1558  1558 I binder  : 1469:1558 transaction async to 0:0 failed 397333/29189/-22, size 608-0 line 3210
06-12 17:21:14.760  1469  1558 W bwft    : Succeeded but not registered: com.google.android.gms.appintegrity [CONTEXT service_id=51 ]
06-12 17:21:14.760  1469  1558 W bwft    : Succeeded but not registered: com.google.android.gms.tron.metrics [CONTEXT service_id=51 ]
06-12 17:21:14.774  3193  3370 W TimedProcessReaper: Scheduling killing of process to refresh configuration
06-12 17:21:14.788  1869  3291 W A       : (REDACTED) Can't format flag %s to integer.
06-12 17:21:14.788  1869  3291 W A       : (REDACTED) Can't format flag %s to integer.
06-12 17:21:14.788  1869  3291 W A       : (REDACTED) Can't format flag %s to integer.
06-12 17:21:14.788  1869  3291 W A       : (REDACTED) Can't format flag %s to integer.
06-12 17:21:14.788  1869  3291 W A       : (REDACTED) Can't format flag %s to integer.
06-12 17:21:14.788  1869  3291 W A       : (REDACTED) Can't format flag %s to integer.
06-12 17:21:14.788  1869  3291 W A       : (REDACTED) Can't format flag %s to integer.
06-12 17:21:14.788  1869  3291 W A       : (REDACTED) Can't format flag %s to integer.
06-12 17:21:14.788  1869  3291 W A       : (REDACTED) Can't format flag %s to integer.
06-12 17:21:14.788  1869  3291 W A       : (REDACTED) Can't format flag %s to integer.
06-12 17:21:14.788  1869  3291 W A       : (REDACTED) Can't format flag %s to integer.
06-12 17:21:14.788  1869  3291 W A       : (REDACTED) Can't format flag %s to integer.
06-12 17:21:14.788  1869  3291 W A       : (REDACTED) Can't format flag %s to integer.
06-12 17:21:14.788  1869  3291 W A       : (REDACTED) Can't format flag %s to integer.
06-12 17:21:14.788  1869  3291 W A       : (REDACTED) Can't format flag %s to integer.
06-12 17:21:14.788  1869  3291 W A       : (REDACTED) Can't format flag %s to integer.
06-12 17:21:14.788  1869  3291 W A       : (REDACTED) Can't format flag %s to integer.
06-12 17:21:14.788  1869  3291 W A       : (REDACTED) Can't format flag %s to integer.
06-12 17:21:14.789  1869  3291 W A       : (REDACTED) Can't format flag %s to integer.
06-12 17:21:14.789  1869  3291 W A       : (REDACTED) Can't format flag %s to integer.
06-12 17:21:14.789  1869  3291 W A       : (REDACTED) Can't format flag %s to integer.
06-12 17:21:14.789  1869  3291 W A       : (REDACTED) Can't format flag %s to integer.
06-12 17:21:14.803  1714  1940 I SP.AiAi : Sync for text-classifier-actions succeeded in 3923 ms: {added: [tc_model_e202592534082c01f9642f709a627dd9], metadata: false
06-12 17:21:14.819  1714  1940 I SP.AiAi : GC for 'text-classifier-actions' (10) with ttl of 0 ms took 0 ms (0/0/0)
06-12 17:21:14.819  1714  1940 I AiAiNowPlaying: Superpacks changed. Refreshing FA controller
06-12 17:21:14.820  1714  3807 I AiAiTextClassifier: [ResourceDownloaderImpl]: downloadResource(): Successfully downloaded superpack 'text-classifier-actions', download version 1140547708.
06-12 17:21:14.820  1714  1956 I AiAiTextClassifier: [TcLibModelManagerImpl]: downloadNewModelRecursively: packSet downloaded successfully: https://gstatic.com/matchmaker/tclib_models/actions/v104/en-us/superpacks_manifest.zip
06-12 17:21:14.831  1714  1956 I AiAiTextClassifier: [TcLibModelManagerImpl]: updateModelsInTextClassifierLib: Done executing updateModels() from path: /data/user/0/com.google.android.as/files/superpacks/text-classifier-actions/tc_model_e202592534082c01f9642f709a627dd9/en.model.
06-12 17:21:14.911  1869  2339 I A       : (REDACTED) Refusing EXCLUSIVE task %s, it is already pending. Try again in %d seconds.
06-12 17:21:14.914  1869  2341 I FedAssExpListener: Fed-ass not supported for signed out users.
06-12 17:21:14.914  1869  2341 I FedAssExpListener: Successfully processed experiments changed.
06-12 17:21:14.914  1869  2339 I ModelDownloadTrigger: Schedule model download
06-12 17:21:14.921  1869  1869 I BgTaskExecutorImpl: (REDACTED) Starting %s background task %s.
06-12 17:21:14.930  1869  2341 I A       : NGA disabled due to not being eligible.
06-12 17:21:14.943  1869  2536 I A       : #handleFlagUpdate()
06-12 17:21:14.958  1869  3284 I A       : getLocaleToModelSpecsMap
06-12 17:21:14.967  1869  2339 I OpaEligibilityChecker: send OpaEligibilityChange broadcast to CommonBroadcastReceiver
06-12 17:21:14.980   537  1890 D PackageManager: Instant App installer not found with android.intent.action.INSTALL_INSTANT_APP_PACKAGE
06-12 17:21:14.980  1869  2534 I MicroDetectionWorker: Removing hotword detection due to no account being used.
06-12 17:21:14.981  1869  3284 I A       : getLocaleToModelSpecsMap
06-12 17:21:14.982  1869  3284 I A       : getLocaleToModelSpecsMap
06-12 17:21:14.982  1869  3284 I A       : getLocaleToModelSpecsMap
06-12 17:21:14.982  1869  3284 I ModelDownloadController: (REDACTED) requestHotwordModelUpdate modelType-%s modelLocale-%s
06-12 17:21:14.984  1869  2534 I A       : (REDACTED) isOpaHotwordEnabled: %b
06-12 17:21:14.984  1869  2534 I A       : Disabling the hotword detector.
06-12 17:21:14.985   537  1890 D PackageManager: Clear ephemeral installer activity
06-12 17:21:14.988  1729  2254 I A       : (REDACTED) #handleFlagsUpdate: changed %s
06-12 17:21:14.990  1869  3284 I A       : getLocaleToModelSpecsMap
06-12 17:21:14.992  1869  3284 I A       : (REDACTED) Adding from config to map. Locale: %s modelPrefix: %s Location:%s isSpeakerIdSupported: %b
06-12 17:21:14.992  1869  3284 I A       : (REDACTED) Adding from config to map. Locale: %s modelPrefix: %s Location:%s isSpeakerIdSupported: %b
06-12 17:21:14.992  1869  3284 I A       : (REDACTED) Adding from config to map. Locale: %s modelPrefix: %s Location:%s isSpeakerIdSupported: %b
06-12 17:21:14.992  1869  3284 I A       : (REDACTED) Skipping. Expected model: %s Found: %s
06-12 17:21:14.992  1869  3284 I A       : (REDACTED) Adding from config to map. Locale: %s modelPrefix: %s Location:%s isSpeakerIdSupported: %b
06-12 17:21:14.992  1869  3284 I ModelDownloadController: (REDACTED) #maybeDownloadHotwordModelWithMDD with locale: %s, modelType: %s.
06-12 17:21:14.993  1729  2254 I A       : FCF A11y Checker - readyForTngMa
06-12 17:21:14.994  1869  2534 I A       : getLocaleToModelSpecsMap
06-12 17:21:14.995  1729  2254 I A       : (REDACTED) #FCF: Continued Conversation Mode Enabled: %s
06-12 17:21:14.995  1869  2534 I A       : getLocaleToModelSpecsMap
06-12 17:21:14.995   537  2337 D PackageManager: Instant App installer not found with android.intent.action.INSTALL_INSTANT_APP_PACKAGE
06-12 17:21:14.996   537  2337 D PackageManager: Clear ephemeral installer activity
06-12 17:21:14.999  1869  2534 I A       : getLocaleToModelSpecsMap
06-12 17:21:15.001  1729  2189 I A       : (REDACTED) #FCF: Assistant primary locale : %s
06-12 17:21:15.002  1869  3284 I A       : getLocaleToModelSpecsMap
06-12 17:21:15.002  1869  3284 I A       : getLocaleToModelSpecsMap
06-12 17:21:15.002  1869  3284 I A       : getLocaleToModelSpecsMap
06-12 17:21:15.002  1869  3284 I A       : getLocaleToModelSpecsMap
06-12 17:21:15.002  1869  3284 I A       : (REDACTED) Adding from config to map. Locale: %s modelPrefix: %s Location:%s isSpeakerIdSupported: %b
06-12 17:21:15.002  1869  3284 I A       : (REDACTED) Adding from config to map. Locale: %s modelPrefix: %s Location:%s isSpeakerIdSupported: %b
06-12 17:21:15.002  1869  3284 I A       : (REDACTED) Adding from config to map. Locale: %s modelPrefix: %s Location:%s isSpeakerIdSupported: %b
06-12 17:21:15.002  1869  3284 I A       : (REDACTED) Skipping. Expected model: %s Found: %s
06-12 17:21:15.004  1869  3284 I A       : (REDACTED) Adding from config to map. Locale: %s modelPrefix: %s Location:%s isSpeakerIdSupported: %b
06-12 17:21:15.004  1869  3284 I HotwordModelPopulator: (REDACTED) #updateHotwordFileGroup group name: %s, raw locale: %s, locale: %s
06-12 17:21:15.008  1729  2189 I A       : (REDACTED) #FCF: Assistant Primary locale check status : %s
06-12 17:21:15.009  1869  3284 I A       : getLocaleToModelSpecsMap
06-12 17:21:15.010  1729  2254 I A       : (REDACTED) #FCF: Headset Connected Status: %s
06-12 17:21:15.014  1729  2189 W A       : Unable to check for productivity accounts. Assuming there are none.
06-12 17:21:15.014  1729  2189 W A       : com.google.android.libraries.geller.portable.GellerException: Code: INVALID_ARGUMENT, Message: Account name is null.
06-12 17:21:15.014  1729  2189 W A       : 	at com.google.android.libraries.search.h.k.a(PG:6)
06-12 17:21:15.014  1729  2189 W A       : 	at com.google.apps.tiktok.tracing.es.a(PG:3)
06-12 17:21:15.014  1729  2189 W A       : 	at com.google.common.w.a.bc.a(PG:1)
06-12 17:21:15.014  1729  2189 W A       : 	at com.google.common.w.a.cw.run(PG:4)
06-12 17:21:15.014  1729  2189 W A       : 	at com.google.android.libraries.i.z.run(PG:1)
06-12 17:21:15.014  1729  2189 W A       : 	at java.util.concurrent.ThreadPoolExecutor.runWorker(ThreadPoolExecutor.java:1145)
06-12 17:21:15.014  1729  2189 W A       : 	at java.util.concurrent.ThreadPoolExecutor$Worker.run(ThreadPoolExecutor.java:644)
06-12 17:21:15.014  1729  2189 W A       : 	at com.google.android.libraries.i.h.run(PG:2)
06-12 17:21:15.014  1729  2189 W A       : 	at java.lang.Thread.run(Thread.java:1012)
06-12 17:21:15.014  1729  2189 W A       : 	at com.google.android.libraries.i.ai.run(PG:5)
06-12 17:21:15.017  1729  2254 I A       : (REDACTED) #FCF evaluate: %s
06-12 17:21:15.018  1729  2254 I A       : (REDACTED) TngMaStatusChecker#evaluateInternal completed in %s millis
06-12 17:21:15.018  1729  2254 I Ma-Entry-Triggering: (REDACTED) TNG:MA status updated: %s
06-12 17:21:15.018  1729  2254 I Ma-Entry-Triggering: TNG:MA became ineligible, client should disconnect
06-12 17:21:15.019  1729  2254 I Ma-Entry-Triggering: #disconnectAndStop - preventing double stop
06-12 17:21:15.019  1869  2534 I A       : getLocaleToModelSpecsMap
06-12 17:21:15.019  1869  2534 I A       : getLocaleToModelSpecsMap
06-12 17:21:15.020  1869  2338 I MicroDetectionState: (REDACTED) #takeChangeMicroDetectorMode [mIsBargeInEnabled: %b, mCurrentDetectionMode: %s, isHdmEnabled: %b]
06-12 17:21:15.021  1729  2254 I A       : #invalidationSource: adding headset checker
06-12 17:21:15.022  1729  2254 I A       : #invalidationSource : adding a11y checker
06-12 17:21:15.029  1869  2341 I MicroDetectionState: (REDACTED) #takeChangeMicroDetectorMode [mIsBargeInEnabled: %b, mCurrentDetectionMode: %s, isHdmEnabled: %b]
06-12 17:21:15.030  1869  3284 I A       : getLocaleToModelSpecsMap
06-12 17:21:15.030  1869  3284 I A       : (REDACTED) Adding from config to map. Locale: %s modelPrefix: %s Location:%s isSpeakerIdSupported: %b
06-12 17:21:15.030  1869  3284 I A       : (REDACTED) Adding from config to map. Locale: %s modelPrefix: %s Location:%s isSpeakerIdSupported: %b
06-12 17:21:15.030  1869  3284 I A       : (REDACTED) Adding from config to map. Locale: %s modelPrefix: %s Location:%s isSpeakerIdSupported: %b
06-12 17:21:15.030  1869  3284 I A       : (REDACTED) Skipping. Expected model: %s Found: %s
06-12 17:21:15.030  1869  3284 I A       : (REDACTED) Adding from config to map. Locale: %s modelPrefix: %s Location:%s isSpeakerIdSupported: %b
06-12 17:21:15.030  1869  3284 I HotwordModelPopulator: (REDACTED) #updateHotwordFileGroup group name: %s, raw locale: %s, locale: %s
06-12 17:21:15.030  1869  2341 I MicroDetectionState: (REDACTED) Should stop hotword detection immediately - %b
06-12 17:21:15.032  1869  3284 I A       : getLocaleToModelSpecsMap
06-12 17:21:15.033  1869  3284 I A       : (REDACTED) Adding from config to map. Locale: %s modelPrefix: %s Location:%s isSpeakerIdSupported: %b
06-12 17:21:15.033  1869  3284 I A       : (REDACTED) Adding from config to map. Locale: %s modelPrefix: %s Location:%s isSpeakerIdSupported: %b
06-12 17:21:15.033  1869  3284 I A       : (REDACTED) Adding from config to map. Locale: %s modelPrefix: %s Location:%s isSpeakerIdSupported: %b
06-12 17:21:15.033  1869  3284 I A       : (REDACTED) Skipping. Expected model: %s Found: %s
06-12 17:21:15.033  1869  3284 I A       : (REDACTED) Adding from config to map. Locale: %s modelPrefix: %s Location:%s isSpeakerIdSupported: %b
06-12 17:21:15.033  1869  3284 I HotwordModelPopulator: (REDACTED) #updateHotwordFileGroup group name: %s, raw locale: %s, locale: %s
06-12 17:21:15.033  1729  2254 I Ma-Fcf-HeadsetConnNotifier: #subscribe
06-12 17:21:15.037  1729  2254 I Ma-Fcf-A11yChangeNotifier: #FCF: subscribe
06-12 17:21:15.038  1869  2536 I ModelDownloadController: (REDACTED) Hotword models associated with downloaded MDD filegroups: %s, pending groups: %s
06-12 17:21:15.038  1729  2254 I A11yListener: #register: Start listening
06-12 17:21:15.039  1729  2254 I A       : FCF A11y Checker - readyForTngMa
06-12 17:21:15.040  1729  2254 I A       : (REDACTED) #FCF: Continued Conversation Mode Enabled: %s
06-12 17:21:15.041  1729  2189 I A       : (REDACTED) #FCF: Headset Connected Status: %s
06-12 17:21:15.041  1869  2338 I MicroDetectionState: (REDACTED) Should stop hotword detection immediately - %b
06-12 17:21:15.043  1729  2189 I A       : (REDACTED) #FCF: Assistant primary locale : %s
06-12 17:21:15.043  1729  2189 I A       : (REDACTED) #FCF: Assistant Primary locale check status : %s
06-12 17:21:15.044  1729  2189 W A       : Unable to check for productivity accounts. Assuming there are none.
06-12 17:21:15.044  1729  2189 W A       : com.google.android.libraries.geller.portable.GellerException: Code: INVALID_ARGUMENT, Message: Account name is null.
06-12 17:21:15.044  1729  2189 W A       : 	at com.google.android.libraries.search.h.k.a(PG:6)
06-12 17:21:15.044  1729  2189 W A       : 	at com.google.apps.tiktok.tracing.es.a(PG:3)
06-12 17:21:15.044  1729  2189 W A       : 	at com.google.common.w.a.bc.a(PG:1)
06-12 17:21:15.044  1729  2189 W A       : 	at com.google.common.w.a.cw.run(PG:4)
06-12 17:21:15.044  1729  2189 W A       : 	at com.google.android.libraries.i.z.run(PG:1)
06-12 17:21:15.044  1729  2189 W A       : 	at java.util.concurrent.ThreadPoolExecutor.runWorker(ThreadPoolExecutor.java:1145)
06-12 17:21:15.044  1729  2189 W A       : 	at java.util.concurrent.ThreadPoolExecutor$Worker.run(ThreadPoolExecutor.java:644)
06-12 17:21:15.044  1729  2189 W A       : 	at com.google.android.libraries.i.h.run(PG:2)
06-12 17:21:15.044  1729  2189 W A       : 	at java.lang.Thread.run(Thread.java:1012)
06-12 17:21:15.044  1729  2189 W A       : 	at com.google.android.libraries.i.ai.run(PG:5)
06-12 17:21:15.061  1869  2498 I SettingsDataLayer.AE: Set isHotwordOpaEligible
06-12 17:21:15.062  1869  2498 I SettingsDataLayer.AE: Set Assistant eligibility status
06-12 17:21:15.064  1729  2098 I HeadsetConnListener: (REDACTED) #onAudioDevicesAdded count: %s
06-12 17:21:15.066  1729  2254 I A       : (REDACTED) #FCF evaluate: %s
06-12 17:21:15.066  1729  2254 I A       : (REDACTED) TngMaStatusChecker#evaluateInternal completed in %s millis
06-12 17:21:15.066  1729  2254 I A       : #invalidationSource: adding headset checker
06-12 17:21:15.066  1729  2254 I A       : #invalidationSource : adding a11y checker
06-12 17:21:15.067  1729  2189 I A       : FCF A11y Checker - readyForTngMa
06-12 17:21:15.067  1729  2254 I A       : (REDACTED) #FCF: Continued Conversation Mode Enabled: %s
06-12 17:21:15.067  1729  2254 I A       : (REDACTED) #FCF: Headset Connected Status: %s
06-12 17:21:15.067  1729  2254 I A       : (REDACTED) #FCF: Assistant primary locale : %s
06-12 17:21:15.067  1729  2254 I A       : (REDACTED) #FCF: Assistant Primary locale check status : %s
06-12 17:21:15.068  1729  2254 W A       : Unable to check for productivity accounts. Assuming there are none.
06-12 17:21:15.068  1729  2254 W A       : com.google.android.libraries.geller.portable.GellerException: Code: INVALID_ARGUMENT, Message: Account name is null.
06-12 17:21:15.068  1729  2254 W A       : 	at com.google.android.libraries.search.h.k.a(PG:6)
06-12 17:21:15.068  1729  2254 W A       : 	at com.google.apps.tiktok.tracing.es.a(PG:3)
06-12 17:21:15.068  1729  2254 W A       : 	at com.google.common.w.a.bc.a(PG:1)
06-12 17:21:15.068  1729  2254 W A       : 	at com.google.common.w.a.cw.run(PG:4)
06-12 17:21:15.068  1729  2254 W A       : 	at com.google.android.libraries.i.z.run(PG:1)
06-12 17:21:15.068  1729  2254 W A       : 	at java.util.concurrent.ThreadPoolExecutor.runWorker(ThreadPoolExecutor.java:1145)
06-12 17:21:15.068  1729  2254 W A       : 	at java.util.concurrent.ThreadPoolExecutor$Worker.run(ThreadPoolExecutor.java:644)
06-12 17:21:15.068  1729  2254 W A       : 	at com.google.android.libraries.i.h.run(PG:2)
06-12 17:21:15.068  1729  2254 W A       : 	at java.lang.Thread.run(Thread.java:1012)
06-12 17:21:15.068  1729  2254 W A       : 	at com.google.android.libraries.i.ai.run(PG:5)
06-12 17:21:15.070  1729  2189 I A       : (REDACTED) #FCF evaluate: %s
06-12 17:21:15.070  1729  2189 I A       : (REDACTED) TngMaStatusChecker#evaluateInternal completed in %s millis
06-12 17:21:15.070  1729  2189 I A       : #invalidationSource: adding headset checker
06-12 17:21:15.070  1729  2189 I A       : #invalidationSource : adding a11y checker
06-12 17:21:15.070  1729  2189 I A       : FCF A11y Checker - readyForTngMa
06-12 17:21:15.070  1729  2189 I A       : (REDACTED) #FCF: Continued Conversation Mode Enabled: %s
06-12 17:21:15.071  1729  2254 I A       : (REDACTED) #FCF: Headset Connected Status: %s
06-12 17:21:15.071  1729  2254 I A       : (REDACTED) #FCF: Assistant primary locale : %s
06-12 17:21:15.071  1729  2254 I A       : (REDACTED) #FCF: Assistant Primary locale check status : %s
06-12 17:21:15.075  1125  1387 D SettingsSliceProvider: onSlicePinned: content://com.android.settings.slices/action/gesture_double_tap_power
06-12 17:21:15.075  1869  2339 W CorpusConfigHelper: Invalid input from icing corpus JSON flag.
06-12 17:21:15.075  1869  2339 W CorpusConfigHelper: android.util.MalformedJsonException: Use JsonReader.setLenient(true) to accept malformed JSON at line 123 column 2
06-12 17:21:15.075  1869  2339 W CorpusConfigHelper: 	at android.util.JsonReader.syntaxError(JsonReader.java:1162)
06-12 17:21:15.075  1869  2339 W CorpusConfigHelper: 	at android.util.JsonReader.checkLenient(JsonReader.java:840)
06-12 17:21:15.075  1869  2339 W CorpusConfigHelper: 	at android.util.JsonReader.nextInArray(JsonReader.java:615)
06-12 17:21:15.075  1869  2339 W CorpusConfigHelper: 	at android.util.JsonReader.peek(JsonReader.java:345)
06-12 17:21:15.075  1869  2339 W CorpusConfigHelper: 	at android.util.JsonReader.hasNext(JsonReader.java:321)
06-12 17:21:15.075  1869  2339 W CorpusConfigHelper: 	at com.google.android.apps.gsa.searchbox.c.b.b.k.c(PG:7)
06-12 17:21:15.075  1869  2339 W CorpusConfigHelper: 	at com.google.android.apps.gsa.searchbox.c.b.b.j.a(Unknown Source:2)
06-12 17:21:15.075  1869  2339 W CorpusConfigHelper: 	at com.google.android.apps.gsa.search.core.i.s.run(PG:5)
06-12 17:21:15.075  1869  2339 W CorpusConfigHelper: 	at com.google.android.libraries.gsa.k.a.h.run(PG:2)
06-12 17:21:15.075  1869  2339 W CorpusConfigHelper: 	at com.google.android.apps.gsa.shared.util.c.a.cf.b(PG:1)
06-12 17:21:15.075  1869  2339 W CorpusConfigHelper: 	at com.google.android.apps.gsa.shared.util.c.a.ci.run(PG:1)
06-12 17:21:15.075  1869  2339 W CorpusConfigHelper: 	at com.google.android.libraries.i.z.run(PG:1)
06-12 17:21:15.075  1869  2339 W CorpusConfigHelper: 	at java.util.concurrent.ThreadPoolExecutor.runWorker(ThreadPoolExecutor.java:1145)
06-12 17:21:15.075  1869  2339 W CorpusConfigHelper: 	at java.util.concurrent.ThreadPoolExecutor$Worker.run(ThreadPoolExecutor.java:644)
06-12 17:21:15.075  1869  2339 W CorpusConfigHelper: 	at com.google.android.libraries.i.h.run(PG:2)
06-12 17:21:15.075  1869  2339 W CorpusConfigHelper: 	at java.lang.Thread.run(Thread.java:1012)
06-12 17:21:15.075  1869  2339 W CorpusConfigHelper: 	at com.google.android.libraries.i.ai.run(PG:5)
06-12 17:21:15.075  1729  2254 W A       : Unable to check for productivity accounts. Assuming there are none.
06-12 17:21:15.075  1729  2254 W A       : com.google.android.libraries.geller.portable.GellerException: Code: INVALID_ARGUMENT, Message: Account name is null.
06-12 17:21:15.075  1729  2254 W A       : 	at com.google.android.libraries.search.h.k.a(PG:6)
06-12 17:21:15.075  1729  2254 W A       : 	at com.google.apps.tiktok.tracing.es.a(PG:3)
06-12 17:21:15.075  1729  2254 W A       : 	at com.google.common.w.a.bc.a(PG:1)
06-12 17:21:15.075  1729  2254 W A       : 	at com.google.common.w.a.cw.run(PG:4)
06-12 17:21:15.075  1729  2254 W A       : 	at com.google.android.libraries.i.z.run(PG:1)
06-12 17:21:15.075  1729  2254 W A       : 	at java.util.concurrent.ThreadPoolExecutor.runWorker(ThreadPoolExecutor.java:1145)
06-12 17:21:15.075  1729  2254 W A       : 	at java.util.concurrent.ThreadPoolExecutor$Worker.run(ThreadPoolExecutor.java:644)
06-12 17:21:15.075  1729  2254 W A       : 	at com.google.android.libraries.i.h.run(PG:2)
06-12 17:21:15.075  1729  2254 W A       : 	at java.lang.Thread.run(Thread.java:1012)
06-12 17:21:15.075  1729  2254 W A       : 	at com.google.android.libraries.i.ai.run(PG:5)
06-12 17:21:15.075  1729  2189 I A       : (REDACTED) #FCF evaluate: %s
06-12 17:21:15.075  1729  2189 I A       : (REDACTED) TngMaStatusChecker#evaluateInternal completed in %s millis
06-12 17:21:15.075  1125  1387 W ElapsedTimeUtils: getElapsedTime: sSuwFinishedTimeStamp is null
06-12 17:21:15.075  1729  2189 I A       : #invalidationSource: adding headset checker
06-12 17:21:15.075  1729  2189 I A       : #invalidationSource : adding a11y checker
06-12 17:21:15.076  1729  2189 I A       : FCF A11y Checker - readyForTngMa
06-12 17:21:15.076  1729  2189 I A       : (REDACTED) #FCF: Continued Conversation Mode Enabled: %s
06-12 17:21:15.076  1729  2254 I A       : (REDACTED) #FCF: Headset Connected Status: %s
06-12 17:21:15.076  1729  2254 I A       : (REDACTED) #FCF: Assistant primary locale : %s
06-12 17:21:15.076  1729  2254 I A       : (REDACTED) #FCF: Assistant Primary locale check status : %s
06-12 17:21:15.077  1729  2254 W A       : Unable to check for productivity accounts. Assuming there are none.
06-12 17:21:15.077  1729  2254 W A       : com.google.android.libraries.geller.portable.GellerException: Code: INVALID_ARGUMENT, Message: Account name is null.
06-12 17:21:15.077  1729  2254 W A       : 	at com.google.android.libraries.search.h.k.a(PG:6)
06-12 17:21:15.077  1729  2254 W A       : 	at com.google.apps.tiktok.tracing.es.a(PG:3)
06-12 17:21:15.077  1729  2254 W A       : 	at com.google.common.w.a.bc.a(PG:1)
06-12 17:21:15.077  1729  2254 W A       : 	at com.google.common.w.a.cw.run(PG:4)
06-12 17:21:15.077  1729  2254 W A       : 	at com.google.android.libraries.i.z.run(PG:1)
06-12 17:21:15.077  1729  2254 W A       : 	at java.util.concurrent.ThreadPoolExecutor.runWorker(ThreadPoolExecutor.java:1145)
06-12 17:21:15.077  1729  2254 W A       : 	at java.util.concurrent.ThreadPoolExecutor$Worker.run(ThreadPoolExecutor.java:644)
06-12 17:21:15.077  1729  2254 W A       : 	at com.google.android.libraries.i.h.run(PG:2)
06-12 17:21:15.077  1729  2254 W A       : 	at java.lang.Thread.run(Thread.java:1012)
06-12 17:21:15.077  1729  2254 W A       : 	at com.google.android.libraries.i.ai.run(PG:5)
06-12 17:21:15.078  1729  2189 I A       : (REDACTED) #FCF evaluate: %s
06-12 17:21:15.078  1729  2189 I A       : (REDACTED) TngMaStatusChecker#evaluateInternal completed in %s millis
06-12 17:21:15.078  1729  2189 I A       : #invalidationSource: adding headset checker
06-12 17:21:15.078  1729  2189 I A       : #invalidationSource : adding a11y checker
06-12 17:21:15.078  1729  2189 I A       : FCF A11y Checker - readyForTngMa
06-12 17:21:15.078  1729  2189 I A       : (REDACTED) #FCF: Continued Conversation Mode Enabled: %s
06-12 17:21:15.079  1729  2254 I A       : (REDACTED) #FCF: Headset Connected Status: %s
06-12 17:21:15.079  1729  2254 I A       : (REDACTED) #FCF: Assistant primary locale : %s
06-12 17:21:15.079  1729  2254 I A       : (REDACTED) #FCF: Assistant Primary locale check status : %s
06-12 17:21:15.079  1729  2254 W A       : Unable to check for productivity accounts. Assuming there are none.
06-12 17:21:15.079  1729  2254 W A       : com.google.android.libraries.geller.portable.GellerException: Code: INVALID_ARGUMENT, Message: Account name is null.
06-12 17:21:15.079  1729  2254 W A       : 	at com.google.android.libraries.search.h.k.a(PG:6)
06-12 17:21:15.079  1729  2254 W A       : 	at com.google.apps.tiktok.tracing.es.a(PG:3)
06-12 17:21:15.079  1729  2254 W A       : 	at com.google.common.w.a.bc.a(PG:1)
06-12 17:21:15.079  1729  2254 W A       : 	at com.google.common.w.a.cw.run(PG:4)
06-12 17:21:15.079  1729  2254 W A       : 	at com.google.android.libraries.i.z.run(PG:1)
06-12 17:21:15.079  1729  2254 W A       : 	at java.util.concurrent.ThreadPoolExecutor.runWorker(ThreadPoolExecutor.java:1145)
06-12 17:21:15.079  1729  2254 W A       : 	at java.util.concurrent.ThreadPoolExecutor$Worker.run(ThreadPoolExecutor.java:644)
06-12 17:21:15.079  1729  2254 W A       : 	at com.google.android.libraries.i.h.run(PG:2)
06-12 17:21:15.079  1729  2254 W A       : 	at java.lang.Thread.run(Thread.java:1012)
06-12 17:21:15.079  1729  2254 W A       : 	at com.google.android.libraries.i.ai.run(PG:5)
06-12 17:21:15.080  1125  4437 D SettingsSliceProvider: content://com.android.settings.slices/action/gesture_double_tap_power loaded from cache
06-12 17:21:15.086  1125  1387 D SliceBuilder: Creating slice for: com.android.settings.gestures.DoubleTapPowerPreferenceController
06-12 17:21:15.086  1729  2189 I A       : (REDACTED) #FCF evaluate: %s
06-12 17:21:15.086  1729  2189 I A       : (REDACTED) TngMaStatusChecker#evaluateInternal completed in %s millis
06-12 17:21:15.086  1729  2189 I A       : #invalidationSource: adding headset checker
06-12 17:21:15.087  1729  2189 I A       : #invalidationSource : adding a11y checker
06-12 17:21:15.087  1729  2189 I A       : #handleFlagsUpdate: listeners notified
06-12 17:21:15.100  1966  2294 I HttpGrpcBindableService: Responding with header information for URL 'https://gstatic.com/matchmaker/tclib_models/langid/v1/tc_model_436dc3fd14049b93d75788a8c0cc8eea.zip'
06-12 17:21:15.100  1714  2243 I AstreaHttpConnection: Started download from url='https://gstatic.com/matchmaker/tclib_models/langid/v1/tc_model_436dc3fd14049b93d75788a8c0cc8eea.zip'
06-12 17:21:15.111  1869  3285 I ModelDownloadController: (REDACTED) Fetching and maybe downloading FileGroup with name: %s, locale: %s
06-12 17:21:15.112  1869  3285 I A       : getLocaleToModelSpecsMap
06-12 17:21:15.112  1869  3285 I A       : getLocaleToModelSpecsMap
06-12 17:21:15.112  1869  3285 I A       : getLocaleToModelSpecsMap
06-12 17:21:15.113  1869  3285 I A       : getLocaleToModelSpecsMap
06-12 17:21:15.113  1869  3285 I A       : (REDACTED) Adding from config to map. Locale: %s modelPrefix: %s Location:%s isSpeakerIdSupported: %b
